Archive member included because of file (symbol)

/usr/local/CrossPack-AVR-20131216/lib/gcc/avr/4.8.1/avr6/libgcc.a(_divmodhi4.o)
                              ../seven_segment/seven_segment.o (__divmodhi4)
/usr/local/CrossPack-AVR-20131216/lib/gcc/avr/4.8.1/avr6/libgcc.a(_exit.o)
                              /usr/local/CrossPack-AVR-20131216/lib/gcc/avr/4.8.1/../../../../avr/lib/avr6/crtm2560.o (exit)
/usr/local/CrossPack-AVR-20131216/lib/gcc/avr/4.8.1/avr6/libgcc.a(_copy_data.o)
                              timer.o (__do_copy_data)
/usr/local/CrossPack-AVR-20131216/lib/gcc/avr/4.8.1/avr6/libgcc.a(_clear_bss.o)
                              timer.o (__do_clear_bss)
/usr/local/CrossPack-AVR-20131216/lib/gcc/avr/4.8.1/avr6/libgcc.a(_umulhisi3.o)
                              ../lcd/lcd.o (__umulhisi3)
/usr/local/CrossPack-AVR-20131216/lib/gcc/avr/4.8.1/avr6/libgcc.a(_udivmodhi4.o)
                              /usr/local/CrossPack-AVR-20131216/lib/gcc/avr/4.8.1/avr6/libgcc.a(_divmodhi4.o) (__udivmodhi4)
/usr/local/CrossPack-AVR-20131216/lib/gcc/avr/4.8.1/../../../../avr/lib/avr6/libc.a(vsnprintf.o)
                              ../lcd/lcd.o (vsnprintf)
/usr/local/CrossPack-AVR-20131216/lib/gcc/avr/4.8.1/../../../../avr/lib/avr6/libc.a(vfprintf_std.o)
                              /usr/local/CrossPack-AVR-20131216/lib/gcc/avr/4.8.1/../../../../avr/lib/avr6/libc.a(vsnprintf.o) (vfprintf)
/usr/local/CrossPack-AVR-20131216/lib/gcc/avr/4.8.1/../../../../avr/lib/avr6/libc.a(strnlen_P.o)
                              /usr/local/CrossPack-AVR-20131216/lib/gcc/avr/4.8.1/../../../../avr/lib/avr6/libc.a(vfprintf_std.o) (strnlen_P)
/usr/local/CrossPack-AVR-20131216/lib/gcc/avr/4.8.1/../../../../avr/lib/avr6/libc.a(strnlen.o)
                              /usr/local/CrossPack-AVR-20131216/lib/gcc/avr/4.8.1/../../../../avr/lib/avr6/libc.a(vfprintf_std.o) (strnlen)
/usr/local/CrossPack-AVR-20131216/lib/gcc/avr/4.8.1/../../../../avr/lib/avr6/libc.a(fputc.o)
                              /usr/local/CrossPack-AVR-20131216/lib/gcc/avr/4.8.1/../../../../avr/lib/avr6/libc.a(vfprintf_std.o) (fputc)
/usr/local/CrossPack-AVR-20131216/lib/gcc/avr/4.8.1/../../../../avr/lib/avr6/libc.a(ultoa_invert.o)
                              /usr/local/CrossPack-AVR-20131216/lib/gcc/avr/4.8.1/../../../../avr/lib/avr6/libc.a(vfprintf_std.o) (__ultoa_invert)

Allocating common symbols
Common symbol       size              file

million             0x2               ../lcd/lcd.o
temp                0x2               ../lcd/lcd.o
tens                0x2               ../lcd/lcd.o
hundred             0x2               ../lcd/lcd.o
unit                0x2               ../lcd/lcd.o
callback            0x2               timer.o
thousand            0x2               ../lcd/lcd.o

Memory Configuration

Name             Origin             Length             Attributes
text             0x00000000         0x00100000         xr
data             0x00800200         0x0000fe00         rw !x
eeprom           0x00810000         0x00010000         rw !x
fuse             0x00820000         0x00000400         rw !x
lock             0x00830000         0x00000400         rw !x
signature        0x00840000         0x00000400         rw !x
user_signatures  0x00850000         0x00000400         rw !x
*default*        0x00000000         0xffffffff

Linker script and memory map

Address of section .data set to 0x800200
LOAD /usr/local/CrossPack-AVR-20131216/lib/gcc/avr/4.8.1/../../../../avr/lib/avr6/crtm2560.o
LOAD timer.o
LOAD app.o
LOAD ../buzzer/buzzer.o
LOAD ../seven_segment/seven_segment.o
LOAD ../custom_delay/custom_delay.o
LOAD ../lcd/lcd.o
START GROUP
LOAD /usr/local/CrossPack-AVR-20131216/lib/gcc/avr/4.8.1/avr6/libgcc.a
LOAD /usr/local/CrossPack-AVR-20131216/lib/gcc/avr/4.8.1/../../../../avr/lib/avr6/libm.a
LOAD /usr/local/CrossPack-AVR-20131216/lib/gcc/avr/4.8.1/../../../../avr/lib/avr6/libc.a
END GROUP

.hash
 *(.hash)

.dynsym
 *(.dynsym)

.dynstr
 *(.dynstr)

.gnu.version
 *(.gnu.version)

.gnu.version_d
 *(.gnu.version_d)

.gnu.version_r
 *(.gnu.version_r)

.rel.init
 *(.rel.init)

.rela.init
 *(.rela.init)

.rel.text
 *(.rel.text)
 *(.rel.text.*)
 *(.rel.gnu.linkonce.t*)

.rela.text
 *(.rela.text)
 *(.rela.text.*)
 *(.rela.gnu.linkonce.t*)

.rel.fini
 *(.rel.fini)

.rela.fini
 *(.rela.fini)

.rel.rodata
 *(.rel.rodata)
 *(.rel.rodata.*)
 *(.rel.gnu.linkonce.r*)

.rela.rodata
 *(.rela.rodata)
 *(.rela.rodata.*)
 *(.rela.gnu.linkonce.r*)

.rel.data
 *(.rel.data)
 *(.rel.data.*)
 *(.rel.gnu.linkonce.d*)

.rela.data
 *(.rela.data)
 *(.rela.data.*)
 *(.rela.gnu.linkonce.d*)

.rel.ctors
 *(.rel.ctors)

.rela.ctors
 *(.rela.ctors)

.rel.dtors
 *(.rel.dtors)

.rela.dtors
 *(.rela.dtors)

.rel.got
 *(.rel.got)

.rela.got
 *(.rela.got)

.rel.bss
 *(.rel.bss)

.rela.bss
 *(.rela.bss)

.rel.plt
 *(.rel.plt)

.rela.plt
 *(.rela.plt)

.text           0x00000000     0x1458
 *(.vectors)
 .vectors       0x00000000       0xe4 /usr/local/CrossPack-AVR-20131216/lib/gcc/avr/4.8.1/../../../../avr/lib/avr6/crtm2560.o
                0x00000000                __vectors
                0x00000000                __vector_default
 *(.vectors)
 *(.progmem.gcc*)
                0x000000e4                . = ALIGN (0x2)
                0x000000e4                __trampolines_start = .
 *(.trampolines)
 .trampolines   0x000000e4        0x4 linker stubs
 *(.trampolines*)
                0x000000e8                __trampolines_end = .
 *(.progmem*)
                0x000000e8                . = ALIGN (0x2)
 *(.jumptables)
 *(.jumptables*)
 *(.lowtext)
 *(.lowtext*)
                0x000000e8                __ctors_start = .
 *(.ctors)
                0x000000e8                __ctors_end = .
                0x000000e8                __dtors_start = .
 *(.dtors)
                0x000000e8                __dtors_end = .
 SORT(*)(.ctors)
 SORT(*)(.dtors)
 *(.init0)
 .init0         0x000000e8        0x0 /usr/local/CrossPack-AVR-20131216/lib/gcc/avr/4.8.1/../../../../avr/lib/avr6/crtm2560.o
                0x000000e8                __init
 *(.init0)
 *(.init1)
 *(.init1)
 *(.init2)
 .init2         0x000000e8       0x10 /usr/local/CrossPack-AVR-20131216/lib/gcc/avr/4.8.1/../../../../avr/lib/avr6/crtm2560.o
 *(.init2)
 *(.init3)
 *(.init3)
 *(.init4)
 .init4         0x000000f8       0x1a /usr/local/CrossPack-AVR-20131216/lib/gcc/avr/4.8.1/avr6/libgcc.a(_copy_data.o)
                0x000000f8                __do_copy_data
 .init4         0x00000112       0x10 /usr/local/CrossPack-AVR-20131216/lib/gcc/avr/4.8.1/avr6/libgcc.a(_clear_bss.o)
                0x00000112                __do_clear_bss
 *(.init4)
 *(.init5)
 *(.init5)
 *(.init6)
 *(.init6)
 *(.init7)
 *(.init7)
 *(.init8)
 *(.init8)
 *(.init9)
 .init9         0x00000122        0x8 /usr/local/CrossPack-AVR-20131216/lib/gcc/avr/4.8.1/../../../../avr/lib/avr6/crtm2560.o
 *(.init9)
 *(.text)
 .text          0x0000012a        0x4 /usr/local/CrossPack-AVR-20131216/lib/gcc/avr/4.8.1/../../../../avr/lib/avr6/crtm2560.o
                0x0000012a                __vector_42
                0x0000012a                __vector_22
                0x0000012a                __vector_28
                0x0000012a                __vector_1
                0x0000012a                __vector_32
                0x0000012a                __vector_34
                0x0000012a                __vector_24
                0x0000012a                __vector_12
                0x0000012a                __vector_55
                0x0000012a                __vector_46
                0x0000012a                __bad_interrupt
                0x0000012a                __vector_6
                0x0000012a                __vector_31
                0x0000012a                __vector_39
                0x0000012a                __vector_3
                0x0000012a                __vector_23
                0x0000012a                __vector_30
                0x0000012a                __vector_45
                0x0000012a                __vector_25
                0x0000012a                __vector_11
                0x0000012a                __vector_54
                0x0000012a                __vector_13
                0x0000012a                __vector_17
                0x0000012a                __vector_19
                0x0000012a                __vector_56
                0x0000012a                __vector_7
                0x0000012a                __vector_49
                0x0000012a                __vector_41
                0x0000012a                __vector_43
                0x0000012a                __vector_27
                0x0000012a                __vector_5
                0x0000012a                __vector_33
                0x0000012a                __vector_47
                0x0000012a                __vector_52
                0x0000012a                __vector_37
                0x0000012a                __vector_4
                0x0000012a                __vector_44
                0x0000012a                __vector_51
                0x0000012a                __vector_9
                0x0000012a                __vector_2
                0x0000012a                __vector_21
                0x0000012a                __vector_15
                0x0000012a                __vector_36
                0x0000012a                __vector_29
                0x0000012a                __vector_40
                0x0000012a                __vector_8
                0x0000012a                __vector_26
                0x0000012a                __vector_48
                0x0000012a                __vector_14
                0x0000012a                __vector_53
                0x0000012a                __vector_10
                0x0000012a                __vector_16
                0x0000012a                __vector_18
                0x0000012a                __vector_20
                0x0000012a                __vector_38
 .text          0x0000012e      0x1e4 timer.o
                0x0000012e                Timer3Init
                0x0000016e                UpdateDisplay
                0x00000190                __vector_35
                0x000001d2                Timer5Init
                0x00000212                __vector_50
                0x0000029e                GetCallbackTime
                0x000002a8                VictoryTime
                0x000002b0                FreezeDisplay
                0x000002c2                RegisterCallback
                0x000002e6                GetCurrentTime
                0x000002f0                ResetTime
                0x000002fa                InitTimer
 .text          0x00000312        0x0 app.o
 .text          0x00000312       0x48 ../buzzer/buzzer.o
                0x00000312                BuzzerPinConfig
                0x00000318                BuzzerPortInit
                0x0000031e                BuzzerOn
                0x00000326                BuzzerOff
                0x0000032e                BuzzerBeep
                0x00000350                BuzzerInitDevices
 .text          0x0000035a      0x176 ../seven_segment/seven_segment.o
                0x0000035a                SevenSegmentPinConfig
                0x0000036c                SevenPortInit
                0x0000037e                SevenInitDevices
                0x00000394                SevenConvertToHex
                0x00000424                SevenDisplayNum
 .text          0x000004d0       0x18 ../custom_delay/custom_delay.o
                0x000004d0                CustomDelay
 .text          0x000004e8      0x8b8 ../lcd/lcd.o
                0x000004e8                LcdPortConfig
                0x000004f6                LcdPortInit
                0x00000504                LcdInitDevices
                0x00000516                LcdSet4Bit
                0x0000059e                LcdInit
                0x000006e6                LcdWrCommand
                0x00000730                LcdWrChar
                0x0000077a                LcdHome
                0x000007b6                LcdPrintf
                0x00000896                LcdString
                0x0000092a                LcdCursor
                0x00000998                LcdPrint
 .text          0x00000da0        0x0 /usr/local/CrossPack-AVR-20131216/lib/gcc/avr/4.8.1/avr6/libgcc.a(_divmodhi4.o)
 .text          0x00000da0        0x0 /usr/local/CrossPack-AVR-20131216/lib/gcc/avr/4.8.1/avr6/libgcc.a(_exit.o)
 .text          0x00000da0        0x0 /usr/local/CrossPack-AVR-20131216/lib/gcc/avr/4.8.1/avr6/libgcc.a(_copy_data.o)
 .text          0x00000da0        0x0 /usr/local/CrossPack-AVR-20131216/lib/gcc/avr/4.8.1/avr6/libgcc.a(_clear_bss.o)
 .text          0x00000da0        0x0 /usr/local/CrossPack-AVR-20131216/lib/gcc/avr/4.8.1/avr6/libgcc.a(_umulhisi3.o)
 .text          0x00000da0        0x0 /usr/local/CrossPack-AVR-20131216/lib/gcc/avr/4.8.1/avr6/libgcc.a(_udivmodhi4.o)
 .text          0x00000da0        0x0 /usr/local/CrossPack-AVR-20131216/lib/gcc/avr/4.8.1/../../../../avr/lib/avr6/libc.a(vsnprintf.o)
 .text          0x00000da0        0x0 /usr/local/CrossPack-AVR-20131216/lib/gcc/avr/4.8.1/../../../../avr/lib/avr6/libc.a(vfprintf_std.o)
 .text          0x00000da0        0x0 /usr/local/CrossPack-AVR-20131216/lib/gcc/avr/4.8.1/../../../../avr/lib/avr6/libc.a(strnlen_P.o)
 .text          0x00000da0        0x0 /usr/local/CrossPack-AVR-20131216/lib/gcc/avr/4.8.1/../../../../avr/lib/avr6/libc.a(strnlen.o)
 .text          0x00000da0        0x0 /usr/local/CrossPack-AVR-20131216/lib/gcc/avr/4.8.1/../../../../avr/lib/avr6/libc.a(fputc.o)
 .text          0x00000da0        0x0 /usr/local/CrossPack-AVR-20131216/lib/gcc/avr/4.8.1/../../../../avr/lib/avr6/libc.a(ultoa_invert.o)
                0x00000da0                . = ALIGN (0x2)
 *(.text.*)
 .text.startup  0x00000da0       0x92 app.o
                0x00000da0                main
 .text.libgcc.mul
                0x00000e32        0x0 /usr/local/CrossPack-AVR-20131216/lib/gcc/avr/4.8.1/avr6/libgcc.a(_divmodhi4.o)
 .text.libgcc.div
                0x00000e32       0x28 /usr/local/CrossPack-AVR-20131216/lib/gcc/avr/4.8.1/avr6/libgcc.a(_divmodhi4.o)
                0x00000e32                __divmodhi4
                0x00000e32                _div
 .text.libgcc   0x00000e5a        0x0 /usr/local/CrossPack-AVR-20131216/lib/gcc/avr/4.8.1/avr6/libgcc.a(_divmodhi4.o)
 .text.libgcc.prologue
                0x00000e5a        0x0 /usr/local/CrossPack-AVR-20131216/lib/gcc/avr/4.8.1/avr6/libgcc.a(_divmodhi4.o)
 .text.libgcc.builtins
                0x00000e5a        0x0 /usr/local/CrossPack-AVR-20131216/lib/gcc/avr/4.8.1/avr6/libgcc.a(_divmodhi4.o)
 .text.libgcc.fmul
                0x00000e5a        0x0 /usr/local/CrossPack-AVR-20131216/lib/gcc/avr/4.8.1/avr6/libgcc.a(_divmodhi4.o)
 .text.libgcc.fixed
                0x00000e5a        0x0 /usr/local/CrossPack-AVR-20131216/lib/gcc/avr/4.8.1/avr6/libgcc.a(_divmodhi4.o)
 .text.libgcc.mul
                0x00000e5a        0x0 /usr/local/CrossPack-AVR-20131216/lib/gcc/avr/4.8.1/avr6/libgcc.a(_exit.o)
 .text.libgcc.div
                0x00000e5a        0x0 /usr/local/CrossPack-AVR-20131216/lib/gcc/avr/4.8.1/avr6/libgcc.a(_exit.o)
 .text.libgcc   0x00000e5a        0x0 /usr/local/CrossPack-AVR-20131216/lib/gcc/avr/4.8.1/avr6/libgcc.a(_exit.o)
 .text.libgcc.prologue
                0x00000e5a        0x0 /usr/local/CrossPack-AVR-20131216/lib/gcc/avr/4.8.1/avr6/libgcc.a(_exit.o)
 .text.libgcc.builtins
                0x00000e5a        0x0 /usr/local/CrossPack-AVR-20131216/lib/gcc/avr/4.8.1/avr6/libgcc.a(_exit.o)
 .text.libgcc.fmul
                0x00000e5a        0x0 /usr/local/CrossPack-AVR-20131216/lib/gcc/avr/4.8.1/avr6/libgcc.a(_exit.o)
 .text.libgcc.fixed
                0x00000e5a        0x0 /usr/local/CrossPack-AVR-20131216/lib/gcc/avr/4.8.1/avr6/libgcc.a(_exit.o)
 .text.libgcc.mul
                0x00000e5a        0x0 /usr/local/CrossPack-AVR-20131216/lib/gcc/avr/4.8.1/avr6/libgcc.a(_copy_data.o)
 .text.libgcc.div
                0x00000e5a        0x0 /usr/local/CrossPack-AVR-20131216/lib/gcc/avr/4.8.1/avr6/libgcc.a(_copy_data.o)
 .text.libgcc   0x00000e5a        0x0 /usr/local/CrossPack-AVR-20131216/lib/gcc/avr/4.8.1/avr6/libgcc.a(_copy_data.o)
 .text.libgcc.prologue
                0x00000e5a        0x0 /usr/local/CrossPack-AVR-20131216/lib/gcc/avr/4.8.1/avr6/libgcc.a(_copy_data.o)
 .text.libgcc.builtins
                0x00000e5a        0x0 /usr/local/CrossPack-AVR-20131216/lib/gcc/avr/4.8.1/avr6/libgcc.a(_copy_data.o)
 .text.libgcc.fmul
                0x00000e5a        0x0 /usr/local/CrossPack-AVR-20131216/lib/gcc/avr/4.8.1/avr6/libgcc.a(_copy_data.o)
 .text.libgcc.fixed
                0x00000e5a        0x0 /usr/local/CrossPack-AVR-20131216/lib/gcc/avr/4.8.1/avr6/libgcc.a(_copy_data.o)
 .text.libgcc.mul
                0x00000e5a        0x0 /usr/local/CrossPack-AVR-20131216/lib/gcc/avr/4.8.1/avr6/libgcc.a(_clear_bss.o)
 .text.libgcc.div
                0x00000e5a        0x0 /usr/local/CrossPack-AVR-20131216/lib/gcc/avr/4.8.1/avr6/libgcc.a(_clear_bss.o)
 .text.libgcc   0x00000e5a        0x0 /usr/local/CrossPack-AVR-20131216/lib/gcc/avr/4.8.1/avr6/libgcc.a(_clear_bss.o)
 .text.libgcc.prologue
                0x00000e5a        0x0 /usr/local/CrossPack-AVR-20131216/lib/gcc/avr/4.8.1/avr6/libgcc.a(_clear_bss.o)
 .text.libgcc.builtins
                0x00000e5a        0x0 /usr/local/CrossPack-AVR-20131216/lib/gcc/avr/4.8.1/avr6/libgcc.a(_clear_bss.o)
 .text.libgcc.fmul
                0x00000e5a        0x0 /usr/local/CrossPack-AVR-20131216/lib/gcc/avr/4.8.1/avr6/libgcc.a(_clear_bss.o)
 .text.libgcc.fixed
                0x00000e5a        0x0 /usr/local/CrossPack-AVR-20131216/lib/gcc/avr/4.8.1/avr6/libgcc.a(_clear_bss.o)
 .text.libgcc.mul
                0x00000e5a       0x1e /usr/local/CrossPack-AVR-20131216/lib/gcc/avr/4.8.1/avr6/libgcc.a(_umulhisi3.o)
                0x00000e5a                __umulhisi3
 .text.libgcc.div
                0x00000e78        0x0 /usr/local/CrossPack-AVR-20131216/lib/gcc/avr/4.8.1/avr6/libgcc.a(_umulhisi3.o)
 .text.libgcc   0x00000e78        0x0 /usr/local/CrossPack-AVR-20131216/lib/gcc/avr/4.8.1/avr6/libgcc.a(_umulhisi3.o)
 .text.libgcc.prologue
                0x00000e78        0x0 /usr/local/CrossPack-AVR-20131216/lib/gcc/avr/4.8.1/avr6/libgcc.a(_umulhisi3.o)
 .text.libgcc.builtins
                0x00000e78        0x0 /usr/local/CrossPack-AVR-20131216/lib/gcc/avr/4.8.1/avr6/libgcc.a(_umulhisi3.o)
 .text.libgcc.fmul
                0x00000e78        0x0 /usr/local/CrossPack-AVR-20131216/lib/gcc/avr/4.8.1/avr6/libgcc.a(_umulhisi3.o)
 .text.libgcc.fixed
                0x00000e78        0x0 /usr/local/CrossPack-AVR-20131216/lib/gcc/avr/4.8.1/avr6/libgcc.a(_umulhisi3.o)
 .text.libgcc.mul
                0x00000e78        0x0 /usr/local/CrossPack-AVR-20131216/lib/gcc/avr/4.8.1/avr6/libgcc.a(_udivmodhi4.o)
 .text.libgcc.div
                0x00000e78       0x28 /usr/local/CrossPack-AVR-20131216/lib/gcc/avr/4.8.1/avr6/libgcc.a(_udivmodhi4.o)
                0x00000e78                __udivmodhi4
 .text.libgcc   0x00000ea0        0x0 /usr/local/CrossPack-AVR-20131216/lib/gcc/avr/4.8.1/avr6/libgcc.a(_udivmodhi4.o)
 .text.libgcc.prologue
                0x00000ea0        0x0 /usr/local/CrossPack-AVR-20131216/lib/gcc/avr/4.8.1/avr6/libgcc.a(_udivmodhi4.o)
 .text.libgcc.builtins
                0x00000ea0        0x0 /usr/local/CrossPack-AVR-20131216/lib/gcc/avr/4.8.1/avr6/libgcc.a(_udivmodhi4.o)
 .text.libgcc.fmul
                0x00000ea0        0x0 /usr/local/CrossPack-AVR-20131216/lib/gcc/avr/4.8.1/avr6/libgcc.a(_udivmodhi4.o)
 .text.libgcc.fixed
                0x00000ea0        0x0 /usr/local/CrossPack-AVR-20131216/lib/gcc/avr/4.8.1/avr6/libgcc.a(_udivmodhi4.o)
 .text.avr-libc
                0x00000ea0       0x72 /usr/local/CrossPack-AVR-20131216/lib/gcc/avr/4.8.1/../../../../avr/lib/avr6/libc.a(vsnprintf.o)
                0x00000ea0                vsnprintf
 .text.avr-libc
                0x00000f12      0x3f6 /usr/local/CrossPack-AVR-20131216/lib/gcc/avr/4.8.1/../../../../avr/lib/avr6/libc.a(vfprintf_std.o)
                0x00000f12                vfprintf
 .text.avr-libc
                0x00001308       0x16 /usr/local/CrossPack-AVR-20131216/lib/gcc/avr/4.8.1/../../../../avr/lib/avr6/libc.a(strnlen_P.o)
                0x00001308                strnlen_P
 .text.avr-libc
                0x0000131e       0x16 /usr/local/CrossPack-AVR-20131216/lib/gcc/avr/4.8.1/../../../../avr/lib/avr6/libc.a(strnlen.o)
                0x0000131e                strnlen
 .text.avr-libc
                0x00001334       0x64 /usr/local/CrossPack-AVR-20131216/lib/gcc/avr/4.8.1/../../../../avr/lib/avr6/libc.a(fputc.o)
                0x00001334                fputc
 .text.avr-libc
                0x00001398       0xbc /usr/local/CrossPack-AVR-20131216/lib/gcc/avr/4.8.1/../../../../avr/lib/avr6/libc.a(ultoa_invert.o)
                0x00001398                __ultoa_invert
                0x00001454                . = ALIGN (0x2)
 *(.fini9)
 .fini9         0x00001454        0x0 /usr/local/CrossPack-AVR-20131216/lib/gcc/avr/4.8.1/avr6/libgcc.a(_exit.o)
                0x00001454                exit
                0x00001454                _exit
 *(.fini9)
 *(.fini8)
 *(.fini8)
 *(.fini7)
 *(.fini7)
 *(.fini6)
 *(.fini6)
 *(.fini5)
 *(.fini5)
 *(.fini4)
 *(.fini4)
 *(.fini3)
 *(.fini3)
 *(.fini2)
 *(.fini2)
 *(.fini1)
 *(.fini1)
 *(.fini0)
 .fini0         0x00001454        0x4 /usr/local/CrossPack-AVR-20131216/lib/gcc/avr/4.8.1/avr6/libgcc.a(_exit.o)
 *(.fini0)
                0x00001458                _etext = .

.data           0x00800200       0x10 load address 0x00001458
                0x00800200                PROVIDE (__data_start, .)
 *(.data)
 .data          0x00800200        0x0 /usr/local/CrossPack-AVR-20131216/lib/gcc/avr/4.8.1/../../../../avr/lib/avr6/crtm2560.o
 .data          0x00800200        0x2 timer.o
                0x00800200                frozen_time
 .data          0x00800202        0x0 app.o
 .data          0x00800202        0x0 ../buzzer/buzzer.o
 .data          0x00800202        0x0 ../seven_segment/seven_segment.o
 .data          0x00800202        0x0 ../custom_delay/custom_delay.o
 .data          0x00800202        0x0 ../lcd/lcd.o
 .data          0x00800202        0x0 /usr/local/CrossPack-AVR-20131216/lib/gcc/avr/4.8.1/avr6/libgcc.a(_divmodhi4.o)
 .data          0x00800202        0x0 /usr/local/CrossPack-AVR-20131216/lib/gcc/avr/4.8.1/avr6/libgcc.a(_exit.o)
 .data          0x00800202        0x0 /usr/local/CrossPack-AVR-20131216/lib/gcc/avr/4.8.1/avr6/libgcc.a(_copy_data.o)
 .data          0x00800202        0x0 /usr/local/CrossPack-AVR-20131216/lib/gcc/avr/4.8.1/avr6/libgcc.a(_clear_bss.o)
 .data          0x00800202        0x0 /usr/local/CrossPack-AVR-20131216/lib/gcc/avr/4.8.1/avr6/libgcc.a(_umulhisi3.o)
 .data          0x00800202        0x0 /usr/local/CrossPack-AVR-20131216/lib/gcc/avr/4.8.1/avr6/libgcc.a(_udivmodhi4.o)
 .data          0x00800202        0x0 /usr/local/CrossPack-AVR-20131216/lib/gcc/avr/4.8.1/../../../../avr/lib/avr6/libc.a(vsnprintf.o)
 .data          0x00800202        0x0 /usr/local/CrossPack-AVR-20131216/lib/gcc/avr/4.8.1/../../../../avr/lib/avr6/libc.a(vfprintf_std.o)
 .data          0x00800202        0x0 /usr/local/CrossPack-AVR-20131216/lib/gcc/avr/4.8.1/../../../../avr/lib/avr6/libc.a(strnlen_P.o)
 .data          0x00800202        0x0 /usr/local/CrossPack-AVR-20131216/lib/gcc/avr/4.8.1/../../../../avr/lib/avr6/libc.a(strnlen.o)
 .data          0x00800202        0x0 /usr/local/CrossPack-AVR-20131216/lib/gcc/avr/4.8.1/../../../../avr/lib/avr6/libc.a(fputc.o)
 .data          0x00800202        0x0 /usr/local/CrossPack-AVR-20131216/lib/gcc/avr/4.8.1/../../../../avr/lib/avr6/libc.a(ultoa_invert.o)
 *(.data*)
 *(.rodata)
 .rodata        0x00800202        0x2 timer.o
                0x00800202                FREEZE_TIME
 *(.rodata*)
 .rodata.str1.1
                0x00800204        0xc app.o
 *(.gnu.linkonce.d*)
                0x00800210                . = ALIGN (0x2)
                0x00800210                _edata = .
                0x00800210                PROVIDE (__data_end, .)

.bss            0x00800210       0x13
                0x00800210                PROVIDE (__bss_start, .)
 *(.bss)
 .bss           0x00800210        0x0 /usr/local/CrossPack-AVR-20131216/lib/gcc/avr/4.8.1/../../../../avr/lib/avr6/crtm2560.o
 .bss           0x00800210        0x5 timer.o
                0x00800210                all_delivered
                0x00800211                callback_delay
                0x00800213                time_count
 .bss           0x00800215        0x0 app.o
 .bss           0x00800215        0x0 ../buzzer/buzzer.o
 .bss           0x00800215        0x0 ../seven_segment/seven_segment.o
 .bss           0x00800215        0x0 ../custom_delay/custom_delay.o
 .bss           0x00800215        0x0 ../lcd/lcd.o
 .bss           0x00800215        0x0 /usr/local/CrossPack-AVR-20131216/lib/gcc/avr/4.8.1/avr6/libgcc.a(_divmodhi4.o)
 .bss           0x00800215        0x0 /usr/local/CrossPack-AVR-20131216/lib/gcc/avr/4.8.1/avr6/libgcc.a(_exit.o)
 .bss           0x00800215        0x0 /usr/local/CrossPack-AVR-20131216/lib/gcc/avr/4.8.1/avr6/libgcc.a(_copy_data.o)
 .bss           0x00800215        0x0 /usr/local/CrossPack-AVR-20131216/lib/gcc/avr/4.8.1/avr6/libgcc.a(_clear_bss.o)
 .bss           0x00800215        0x0 /usr/local/CrossPack-AVR-20131216/lib/gcc/avr/4.8.1/avr6/libgcc.a(_umulhisi3.o)
 .bss           0x00800215        0x0 /usr/local/CrossPack-AVR-20131216/lib/gcc/avr/4.8.1/avr6/libgcc.a(_udivmodhi4.o)
 .bss           0x00800215        0x0 /usr/local/CrossPack-AVR-20131216/lib/gcc/avr/4.8.1/../../../../avr/lib/avr6/libc.a(vsnprintf.o)
 .bss           0x00800215        0x0 /usr/local/CrossPack-AVR-20131216/lib/gcc/avr/4.8.1/../../../../avr/lib/avr6/libc.a(vfprintf_std.o)
 .bss           0x00800215        0x0 /usr/local/CrossPack-AVR-20131216/lib/gcc/avr/4.8.1/../../../../avr/lib/avr6/libc.a(strnlen_P.o)
 .bss           0x00800215        0x0 /usr/local/CrossPack-AVR-20131216/lib/gcc/avr/4.8.1/../../../../avr/lib/avr6/libc.a(strnlen.o)
 .bss           0x00800215        0x0 /usr/local/CrossPack-AVR-20131216/lib/gcc/avr/4.8.1/../../../../avr/lib/avr6/libc.a(fputc.o)
 .bss           0x00800215        0x0 /usr/local/CrossPack-AVR-20131216/lib/gcc/avr/4.8.1/../../../../avr/lib/avr6/libc.a(ultoa_invert.o)
 *(.bss*)
 *(COMMON)
 COMMON         0x00800215        0x2 timer.o
                0x00800215                callback
 COMMON         0x00800217        0xc ../lcd/lcd.o
                0x00800217                million
                0x00800219                temp
                0x0080021b                tens
                0x0080021d                hundred
                0x0080021f                unit
                0x00800221                thousand
                0x00800223                PROVIDE (__bss_end, .)
                0x00001458                __data_load_start = LOADADDR (.data)
                0x00001468                __data_load_end = (__data_load_start + SIZEOF (.data))

.noinit         0x00800223        0x0
                0x00800223                PROVIDE (__noinit_start, .)
 *(.noinit*)
                0x00800223                PROVIDE (__noinit_end, .)
                0x00800223                _end = .
                0x00800223                PROVIDE (__heap_start, .)

.eeprom         0x00810000        0x0
 *(.eeprom*)
                0x00810000                __eeprom_end = .

.fuse
 *(.fuse)
 *(.lfuse)
 *(.hfuse)
 *(.efuse)

.lock
 *(.lock*)

.signature
 *(.signature*)

.user_signatures
 *(.user_signatures*)

.stab
 *(.stab)

.stabstr
 *(.stabstr)

.stab.excl
 *(.stab.excl)

.stab.exclstr
 *(.stab.exclstr)

.stab.index
 *(.stab.index)

.stab.indexstr
 *(.stab.indexstr)

.comment        0x00000000       0x11
 *(.comment)
 .comment       0x00000000       0x11 timer.o
                                 0x12 (size before relaxing)
 .comment       0x00000000       0x12 app.o
 .comment       0x00000000       0x12 ../buzzer/buzzer.o
 .comment       0x00000000       0x12 ../seven_segment/seven_segment.o
 .comment       0x00000000       0x12 ../custom_delay/custom_delay.o
 .comment       0x00000000       0x12 ../lcd/lcd.o
 .comment       0x00000000       0x12 /usr/local/CrossPack-AVR-20131216/lib/gcc/avr/4.8.1/../../../../avr/lib/avr6/libc.a(vsnprintf.o)
 .comment       0x00000000       0x12 /usr/local/CrossPack-AVR-20131216/lib/gcc/avr/4.8.1/../../../../avr/lib/avr6/libc.a(vfprintf_std.o)
 .comment       0x00000000       0x12 /usr/local/CrossPack-AVR-20131216/lib/gcc/avr/4.8.1/../../../../avr/lib/avr6/libc.a(fputc.o)

.debug
 *(.debug)

.line
 *(.line)

.debug_srcinfo
 *(.debug_srcinfo)

.debug_sfnames
 *(.debug_sfnames)

.debug_aranges  0x00000000      0x180
 *(.debug_aranges)
 .debug_aranges
                0x00000000       0x20 timer.o
 .debug_aranges
                0x00000020       0x20 app.o
 .debug_aranges
                0x00000040       0x20 ../buzzer/buzzer.o
 .debug_aranges
                0x00000060       0x20 ../seven_segment/seven_segment.o
 .debug_aranges
                0x00000080       0x20 ../custom_delay/custom_delay.o
 .debug_aranges
                0x000000a0       0x20 ../lcd/lcd.o
 .debug_aranges
                0x000000c0       0x20 /usr/local/CrossPack-AVR-20131216/lib/gcc/avr/4.8.1/avr6/libgcc.a(_divmodhi4.o)
 .debug_aranges
                0x000000e0       0x20 /usr/local/CrossPack-AVR-20131216/lib/gcc/avr/4.8.1/avr6/libgcc.a(_exit.o)
 .debug_aranges
                0x00000100       0x20 /usr/local/CrossPack-AVR-20131216/lib/gcc/avr/4.8.1/avr6/libgcc.a(_copy_data.o)
 .debug_aranges
                0x00000120       0x20 /usr/local/CrossPack-AVR-20131216/lib/gcc/avr/4.8.1/avr6/libgcc.a(_clear_bss.o)
 .debug_aranges
                0x00000140       0x20 /usr/local/CrossPack-AVR-20131216/lib/gcc/avr/4.8.1/avr6/libgcc.a(_umulhisi3.o)
 .debug_aranges
                0x00000160       0x20 /usr/local/CrossPack-AVR-20131216/lib/gcc/avr/4.8.1/avr6/libgcc.a(_udivmodhi4.o)

.debug_pubnames
 *(.debug_pubnames)

.debug_info     0x00000000     0x22eb
 *(.debug_info)
 .debug_info    0x00000000      0x269 timer.o
 .debug_info    0x00000269      0x2c7 app.o
 .debug_info    0x00000530      0x215 ../buzzer/buzzer.o
 .debug_info    0x00000745      0x278 ../seven_segment/seven_segment.o
 .debug_info    0x000009bd      0x103 ../custom_delay/custom_delay.o
 .debug_info    0x00000ac0     0x13b7 ../lcd/lcd.o
 .debug_info    0x00001e77       0xbe /usr/local/CrossPack-AVR-20131216/lib/gcc/avr/4.8.1/avr6/libgcc.a(_divmodhi4.o)
 .debug_info    0x00001f35       0xbe /usr/local/CrossPack-AVR-20131216/lib/gcc/avr/4.8.1/avr6/libgcc.a(_exit.o)
 .debug_info    0x00001ff3       0xbe /usr/local/CrossPack-AVR-20131216/lib/gcc/avr/4.8.1/avr6/libgcc.a(_copy_data.o)
 .debug_info    0x000020b1       0xbe /usr/local/CrossPack-AVR-20131216/lib/gcc/avr/4.8.1/avr6/libgcc.a(_clear_bss.o)
 .debug_info    0x0000216f       0xbe /usr/local/CrossPack-AVR-20131216/lib/gcc/avr/4.8.1/avr6/libgcc.a(_umulhisi3.o)
 .debug_info    0x0000222d       0xbe /usr/local/CrossPack-AVR-20131216/lib/gcc/avr/4.8.1/avr6/libgcc.a(_udivmodhi4.o)
 *(.gnu.linkonce.wi.*)

.debug_abbrev   0x00000000      0x96c
 *(.debug_abbrev)
 .debug_abbrev  0x00000000      0x147 timer.o
 .debug_abbrev  0x00000147      0x159 app.o
 .debug_abbrev  0x000002a0      0x147 ../buzzer/buzzer.o
 .debug_abbrev  0x000003e7      0x1ae ../seven_segment/seven_segment.o
 .debug_abbrev  0x00000595       0xc4 ../custom_delay/custom_delay.o
 .debug_abbrev  0x00000659      0x29b ../lcd/lcd.o
 .debug_abbrev  0x000008f4       0x14 /usr/local/CrossPack-AVR-20131216/lib/gcc/avr/4.8.1/avr6/libgcc.a(_divmodhi4.o)
 .debug_abbrev  0x00000908       0x14 /usr/local/CrossPack-AVR-20131216/lib/gcc/avr/4.8.1/avr6/libgcc.a(_exit.o)
 .debug_abbrev  0x0000091c       0x14 /usr/local/CrossPack-AVR-20131216/lib/gcc/avr/4.8.1/avr6/libgcc.a(_copy_data.o)
 .debug_abbrev  0x00000930       0x14 /usr/local/CrossPack-AVR-20131216/lib/gcc/avr/4.8.1/avr6/libgcc.a(_clear_bss.o)
 .debug_abbrev  0x00000944       0x14 /usr/local/CrossPack-AVR-20131216/lib/gcc/avr/4.8.1/avr6/libgcc.a(_umulhisi3.o)
 .debug_abbrev  0x00000958       0x14 /usr/local/CrossPack-AVR-20131216/lib/gcc/avr/4.8.1/avr6/libgcc.a(_udivmodhi4.o)

.debug_line     0x00000000      0xb75
 *(.debug_line)
 .debug_line    0x00000000       0xdf timer.o
 .debug_line    0x000000df      0x126 app.o
 .debug_line    0x00000205       0xcc ../buzzer/buzzer.o
 .debug_line    0x000002d1      0x108 ../seven_segment/seven_segment.o
 .debug_line    0x000003d9       0xcf ../custom_delay/custom_delay.o
 .debug_line    0x000004a8      0x47c ../lcd/lcd.o
 .debug_line    0x00000924       0x69 /usr/local/CrossPack-AVR-20131216/lib/gcc/avr/4.8.1/avr6/libgcc.a(_divmodhi4.o)
 .debug_line    0x0000098d       0x58 /usr/local/CrossPack-AVR-20131216/lib/gcc/avr/4.8.1/avr6/libgcc.a(_exit.o)
 .debug_line    0x000009e5       0x63 /usr/local/CrossPack-AVR-20131216/lib/gcc/avr/4.8.1/avr6/libgcc.a(_copy_data.o)
 .debug_line    0x00000a48       0x5e /usr/local/CrossPack-AVR-20131216/lib/gcc/avr/4.8.1/avr6/libgcc.a(_clear_bss.o)
 .debug_line    0x00000aa6       0x65 /usr/local/CrossPack-AVR-20131216/lib/gcc/avr/4.8.1/avr6/libgcc.a(_umulhisi3.o)
 .debug_line    0x00000b0b       0x6a /usr/local/CrossPack-AVR-20131216/lib/gcc/avr/4.8.1/avr6/libgcc.a(_udivmodhi4.o)

.debug_frame    0x00000000      0x384
 *(.debug_frame)
 .debug_frame   0x00000000      0x130 timer.o
 .debug_frame   0x00000130       0x3c app.o
 .debug_frame   0x0000016c       0x80 ../buzzer/buzzer.o
 .debug_frame   0x000001ec       0x84 ../seven_segment/seven_segment.o
 .debug_frame   0x00000270       0x24 ../custom_delay/custom_delay.o
 .debug_frame   0x00000294       0xf0 ../lcd/lcd.o

.debug_str      0x00000000      0x495
 *(.debug_str)
 .debug_str     0x00000000      0x18d timer.o
                                0x1cc (size before relaxing)
 .debug_str     0x0000018d       0x8d app.o
                                0x198 (size before relaxing)
 .debug_str     0x0000021a       0xbb ../buzzer/buzzer.o
                                0x13e (size before relaxing)
 .debug_str     0x000002d5       0x9c ../seven_segment/seven_segment.o
                                0x1cb (size before relaxing)
 .debug_str     0x00000371       0x1f ../custom_delay/custom_delay.o
                                0x131 (size before relaxing)
 .debug_str     0x00000390      0x105 ../lcd/lcd.o
                                0x241 (size before relaxing)

.debug_loc      0x00000000     0x1682
 *(.debug_loc)
 .debug_loc     0x00000000      0x159 timer.o
 .debug_loc     0x00000159       0x70 app.o
 .debug_loc     0x000001c9      0x109 ../buzzer/buzzer.o
 .debug_loc     0x000002d2      0x23c ../seven_segment/seven_segment.o
 .debug_loc     0x0000050e       0x6e ../custom_delay/custom_delay.o
 .debug_loc     0x0000057c     0x1106 ../lcd/lcd.o

.debug_macinfo
 *(.debug_macinfo)

.debug_pubtypes
 *(.debug_pubtypes)

.debug_ranges   0x00000000       0x58
 *(.debug_ranges)
 .debug_ranges  0x00000000       0x10 app.o
 .debug_ranges  0x00000010       0x18 ../seven_segment/seven_segment.o
 .debug_ranges  0x00000028       0x30 ../lcd/lcd.o

.debug_macro
 *(.debug_macro)
OUTPUT(app.out elf32-avr)
LOAD linker stubs
