Archive member included because of file (symbol)

/usr/lib/gcc/avr/4.8.2/../../../avr/lib/avr6/libm.a(addsf3.o)
                              ../map/map.o (__subsf3)
/usr/lib/gcc/avr/4.8.2/../../../avr/lib/avr6/libm.a(addsf3x.o)
                              /usr/lib/gcc/avr/4.8.2/../../../avr/lib/avr6/libm.a(addsf3.o) (__addsf3x)
/usr/lib/gcc/avr/4.8.2/../../../avr/lib/avr6/libm.a(atan2.o)
                              ../map/map.o (atan2)
/usr/lib/gcc/avr/4.8.2/../../../avr/lib/avr6/libm.a(atan.o)
                              /usr/lib/gcc/avr/4.8.2/../../../avr/lib/avr6/libm.a(atan2.o) (atan)
/usr/lib/gcc/avr/4.8.2/../../../avr/lib/avr6/libm.a(cmpsf2.o)
                              ../move_bot/move_bot.o (__eqsf2)
/usr/lib/gcc/avr/4.8.2/../../../avr/lib/avr6/libm.a(divsf3.o)
                              ../map/map.o (__divsf3)
/usr/lib/gcc/avr/4.8.2/../../../avr/lib/avr6/libm.a(divsf3x.o)
                              /usr/lib/gcc/avr/4.8.2/../../../avr/lib/avr6/libm.a(divsf3.o) (__divsf3x)
/usr/lib/gcc/avr/4.8.2/../../../avr/lib/avr6/libm.a(fixsfsi.o)
                              timeline.o (__fixsfsi)
/usr/lib/gcc/avr/4.8.2/../../../avr/lib/avr6/libm.a(fixunssfsi.o)
                              ../move_bot/move_bot.o (__fixunssfsi)
/usr/lib/gcc/avr/4.8.2/../../../avr/lib/avr6/libm.a(floatsisf.o)
                              ../move_bot/move_bot.o (__floatunsisf)
/usr/lib/gcc/avr/4.8.2/../../../avr/lib/avr6/libm.a(fmod.o)
                              ../map/map.o (fmod)
/usr/lib/gcc/avr/4.8.2/../../../avr/lib/avr6/libm.a(fp_cmp.o)
                              /usr/lib/gcc/avr/4.8.2/../../../avr/lib/avr6/libm.a(cmpsf2.o) (__fp_cmp)
/usr/lib/gcc/avr/4.8.2/../../../avr/lib/avr6/libm.a(fp_inf.o)
                              /usr/lib/gcc/avr/4.8.2/../../../avr/lib/avr6/libm.a(addsf3x.o) (__fp_inf)
/usr/lib/gcc/avr/4.8.2/../../../avr/lib/avr6/libm.a(fp_mpack.o)
                              /usr/lib/gcc/avr/4.8.2/../../../avr/lib/avr6/libm.a(fmod.o) (__fp_mpack)
/usr/lib/gcc/avr/4.8.2/../../../avr/lib/avr6/libm.a(fp_nan.o)
                              /usr/lib/gcc/avr/4.8.2/../../../avr/lib/avr6/libm.a(addsf3x.o) (__fp_nan)
/usr/lib/gcc/avr/4.8.2/../../../avr/lib/avr6/libm.a(fp_powser.o)
                              /usr/lib/gcc/avr/4.8.2/../../../avr/lib/avr6/libm.a(atan.o) (__fp_powser)
/usr/lib/gcc/avr/4.8.2/../../../avr/lib/avr6/libm.a(fp_pscA.o)
                              /usr/lib/gcc/avr/4.8.2/../../../avr/lib/avr6/libm.a(addsf3x.o) (__fp_pscA)
/usr/lib/gcc/avr/4.8.2/../../../avr/lib/avr6/libm.a(fp_pscB.o)
                              /usr/lib/gcc/avr/4.8.2/../../../avr/lib/avr6/libm.a(addsf3x.o) (__fp_pscB)
/usr/lib/gcc/avr/4.8.2/../../../avr/lib/avr6/libm.a(fp_round.o)
                              /usr/lib/gcc/avr/4.8.2/../../../avr/lib/avr6/libm.a(addsf3.o) (__fp_round)
/usr/lib/gcc/avr/4.8.2/../../../avr/lib/avr6/libm.a(fp_split3.o)
                              /usr/lib/gcc/avr/4.8.2/../../../avr/lib/avr6/libm.a(addsf3x.o) (__fp_split3)
/usr/lib/gcc/avr/4.8.2/../../../avr/lib/avr6/libm.a(fp_zero.o)
                              /usr/lib/gcc/avr/4.8.2/../../../avr/lib/avr6/libm.a(addsf3x.o) (__fp_zero)
/usr/lib/gcc/avr/4.8.2/../../../avr/lib/avr6/libm.a(gesf2.o)
                              timeline.o (__gesf2)
/usr/lib/gcc/avr/4.8.2/../../../avr/lib/avr6/libm.a(inverse.o)
                              /usr/lib/gcc/avr/4.8.2/../../../avr/lib/avr6/libm.a(atan.o) (inverse)
/usr/lib/gcc/avr/4.8.2/../../../avr/lib/avr6/libm.a(mulsf3.o)
                              ../map/map.o (__mulsf3)
/usr/lib/gcc/avr/4.8.2/../../../avr/lib/avr6/libm.a(mulsf3x.o)
                              /usr/lib/gcc/avr/4.8.2/../../../avr/lib/avr6/libm.a(atan.o) (__mulsf3x)
/usr/lib/gcc/avr/4.8.2/../../../avr/lib/avr6/libm.a(square.o)
                              /usr/lib/gcc/avr/4.8.2/../../../avr/lib/avr6/libm.a(atan.o) (square)
/usr/lib/gcc/avr/4.8.2/avr6/libgcc.a(_udivmodhi4.o)
                              ../lcd/lcd.o (__udivmodhi4)
/usr/lib/gcc/avr/4.8.2/avr6/libgcc.a(_exit.o)
                              /usr/lib/gcc/avr/4.8.2/../../../avr/lib/avr6/crtm2560.o (exit)
/usr/lib/gcc/avr/4.8.2/avr6/libgcc.a(_copy_data.o)
                              timeline.o (__do_copy_data)
/usr/lib/gcc/avr/4.8.2/avr6/libgcc.a(_clear_bss.o)
                              timeline.o (__do_clear_bss)
/usr/lib/gcc/avr/4.8.2/../../../avr/lib/avr6/libc.a(malloc.o)
                              timeline.o (malloc)
/usr/lib/gcc/avr/4.8.2/../../../avr/lib/avr6/libc.a(strcmp.o)
                              ../map/map.o (strcmp)
/usr/lib/gcc/avr/4.8.2/../../../avr/lib/avr6/libc.a(puts.o)
                              ../dijkstra/dijkstra.o (puts)
/usr/lib/gcc/avr/4.8.2/../../../avr/lib/avr6/libc.a(vsnprintf.o)
                              ../lcd/lcd.o (vsnprintf)
/usr/lib/gcc/avr/4.8.2/../../../avr/lib/avr6/libc.a(vfprintf_std.o)
                              /usr/lib/gcc/avr/4.8.2/../../../avr/lib/avr6/libc.a(vsnprintf.o) (vfprintf)
/usr/lib/gcc/avr/4.8.2/../../../avr/lib/avr6/libc.a(strnlen_P.o)
                              /usr/lib/gcc/avr/4.8.2/../../../avr/lib/avr6/libc.a(vfprintf_std.o) (strnlen_P)
/usr/lib/gcc/avr/4.8.2/../../../avr/lib/avr6/libc.a(strnlen.o)
                              /usr/lib/gcc/avr/4.8.2/../../../avr/lib/avr6/libc.a(vfprintf_std.o) (strnlen)
/usr/lib/gcc/avr/4.8.2/../../../avr/lib/avr6/libc.a(fputc.o)
                              /usr/lib/gcc/avr/4.8.2/../../../avr/lib/avr6/libc.a(vfprintf_std.o) (fputc)
/usr/lib/gcc/avr/4.8.2/../../../avr/lib/avr6/libc.a(iob.o)
                              /usr/lib/gcc/avr/4.8.2/../../../avr/lib/avr6/libc.a(puts.o) (__iob)
/usr/lib/gcc/avr/4.8.2/../../../avr/lib/avr6/libc.a(ultoa_invert.o)
                              /usr/lib/gcc/avr/4.8.2/../../../avr/lib/avr6/libc.a(vfprintf_std.o) (__ultoa_invert)

Allocating common symbols
Common symbol       size              file

control             0x4               ../move_bot/move_bot.o
Degrees             0x2               ../pos_encoder/pos_encoder.o
our_pizzas          0x2               timeline.o
degrees             0x2               ../move_bot/move_bot.o
million             0x2               ../lcd/lcd.o
curve_info          0x2               ../map/map.o
next_extra_order    0x2               timeline.o
temp                0x2               ../lcd/lcd.o
PIZZA_COUNTER_NODE  0x2               timeline.o
__brkval            0x2               /usr/lib/gcc/avr/4.8.2/../../../avr/lib/avr6/libc.a(malloc.o)
ADC_value           0x1               ../move_bot/move_bot.o
ADC_Value           0x1               ../bl_sensor/bl_sensor.o
found_node          0x2               ../map/map.o
current_search_name
                    0x2               ../map/map.o
tens                0x2               ../lcd/lcd.o
our_bot             0x2               ../bot_memory/bot_memory.o
our_graph           0x2               ../map/map.o
prev_sensor         0x4               ../move_bot/move_bot.o
bot_info            0x2               ../map/map.o
hundred             0x2               ../lcd/lcd.o
sensor              0x4               ../move_bot/move_bot.o
next_required_period
                    0x2               timeline.o
__flp               0x2               /usr/lib/gcc/avr/4.8.2/../../../avr/lib/avr6/libc.a(malloc.o)
unit                0x2               ../lcd/lcd.o
thousand            0x2               ../lcd/lcd.o
__iob               0x6               /usr/lib/gcc/avr/4.8.2/../../../avr/lib/avr6/libc.a(iob.o)
our_timeline        0x2               timeline.o

Memory Configuration

Name             Origin             Length             Attributes
text             0x0000000000000000 0x0000000000100000 xr
data             0x0000000000800200 0x000000000000fe00 rw !x
eeprom           0x0000000000810000 0x0000000000010000 rw !x
fuse             0x0000000000820000 0x0000000000000400 rw !x
lock             0x0000000000830000 0x0000000000000400 rw !x
signature        0x0000000000840000 0x0000000000000400 rw !x
user_signatures  0x0000000000850000 0x0000000000000400 rw !x
*default*        0x0000000000000000 0xffffffffffffffff

Linker script and memory map

Address of section .data set to 0x800200
LOAD /usr/lib/gcc/avr/4.8.2/../../../avr/lib/avr6/crtm2560.o
LOAD timeline.o
LOAD app.o
LOAD helpers.o
LOAD ../map/map.o
LOAD ../dijkstra/dijkstra.o
LOAD ../bot_memory/bot_memory.o
LOAD ../timer/timer.o
LOAD ../hardware_control/hardware_control.o
LOAD ../lcd/lcd.o
LOAD ../move_bot/move_bot.o
LOAD ../pos_encoder/pos_encoder.o
LOAD ../bl_sensor/bl_sensor.o
LOAD ../fake_gcc_fns/fake_gcc_fns.o
LOAD ../custom_delay/custom_delay.o
LOAD /usr/lib/gcc/avr/4.8.2/../../../avr/lib/avr6/libm.a
START GROUP
LOAD /usr/lib/gcc/avr/4.8.2/avr6/libgcc.a
LOAD /usr/lib/gcc/avr/4.8.2/../../../avr/lib/avr6/libm.a
LOAD /usr/lib/gcc/avr/4.8.2/../../../avr/lib/avr6/libc.a
END GROUP

.hash
 *(.hash)

.dynsym
 *(.dynsym)

.dynstr
 *(.dynstr)

.gnu.version
 *(.gnu.version)

.gnu.version_d
 *(.gnu.version_d)

.gnu.version_r
 *(.gnu.version_r)

.rel.init
 *(.rel.init)

.rela.init
 *(.rela.init)

.rel.text
 *(.rel.text)
 *(.rel.text.*)
 *(.rel.gnu.linkonce.t*)

.rela.text
 *(.rela.text)
 *(.rela.text.*)
 *(.rela.gnu.linkonce.t*)

.rel.fini
 *(.rel.fini)

.rela.fini
 *(.rela.fini)

.rel.rodata
 *(.rel.rodata)
 *(.rel.rodata.*)
 *(.rel.gnu.linkonce.r*)

.rela.rodata
 *(.rela.rodata)
 *(.rela.rodata.*)
 *(.rela.gnu.linkonce.r*)

.rel.data
 *(.rel.data)
 *(.rel.data.*)
 *(.rel.gnu.linkonce.d*)

.rela.data
 *(.rela.data)
 *(.rela.data.*)
 *(.rela.gnu.linkonce.d*)

.rel.ctors
 *(.rel.ctors)

.rela.ctors
 *(.rela.ctors)

.rel.dtors
 *(.rel.dtors)

.rela.dtors
 *(.rela.dtors)

.rel.got
 *(.rel.got)

.rela.got
 *(.rela.got)

.rel.bss
 *(.rel.bss)

.rela.bss
 *(.rela.bss)

.rel.plt
 *(.rel.plt)

.rela.plt
 *(.rela.plt)

.text           0x0000000000000000     0x5874
 *(.vectors)
 .vectors       0x0000000000000000       0xe4 /usr/lib/gcc/avr/4.8.2/../../../avr/lib/avr6/crtm2560.o
                0x0000000000000000                __vectors
                0x0000000000000000                __vector_default
 *(.vectors)
 *(.progmem.gcc*)
 .progmem.gcc_fplib
                0x00000000000000e4       0x2d /usr/lib/gcc/avr/4.8.2/../../../avr/lib/avr6/libm.a(atan.o)
 *(.progmem*)
                0x0000000000000112                . = ALIGN (0x2)
 *fill*         0x0000000000000111        0x1 
                0x0000000000000112                __trampolines_start = .
 *(.trampolines)
 .trampolines   0x0000000000000112        0x8 linker stubs
 *(.trampolines*)
                0x000000000000011a                __trampolines_end = .
 *(.jumptables)
 *(.jumptables*)
 *(.lowtext)
 *(.lowtext*)
                0x000000000000011a                __ctors_start = .
 *(.ctors)
                0x000000000000011a                __ctors_end = .
                0x000000000000011a                __dtors_start = .
 *(.dtors)
                0x000000000000011a                __dtors_end = .
 SORT(*)(.ctors)
 SORT(*)(.dtors)
 *(.init0)
 .init0         0x000000000000011a        0x0 /usr/lib/gcc/avr/4.8.2/../../../avr/lib/avr6/crtm2560.o
                0x000000000000011a                __init
 *(.init0)
 *(.init1)
 *(.init1)
 *(.init2)
 .init2         0x000000000000011a       0x10 /usr/lib/gcc/avr/4.8.2/../../../avr/lib/avr6/crtm2560.o
 *(.init2)
 *(.init3)
 *(.init3)
 *(.init4)
 .init4         0x000000000000012a       0x1a /usr/lib/gcc/avr/4.8.2/avr6/libgcc.a(_copy_data.o)
                0x000000000000012a                __do_copy_data
 .init4         0x0000000000000144       0x10 /usr/lib/gcc/avr/4.8.2/avr6/libgcc.a(_clear_bss.o)
                0x0000000000000144                __do_clear_bss
 *(.init4)
 *(.init5)
 *(.init5)
 *(.init6)
 *(.init6)
 *(.init7)
 *(.init7)
 *(.init8)
 *(.init8)
 *(.init9)
 .init9         0x0000000000000154        0x8 /usr/lib/gcc/avr/4.8.2/../../../avr/lib/avr6/crtm2560.o
 *(.init9)
 *(.text)
 .text          0x000000000000015c        0x4 /usr/lib/gcc/avr/4.8.2/../../../avr/lib/avr6/crtm2560.o
                0x000000000000015c                __vector_38
                0x000000000000015c                __vector_22
                0x000000000000015c                __vector_28
                0x000000000000015c                __vector_1
                0x000000000000015c                __vector_32
                0x000000000000015c                __vector_34
                0x000000000000015c                __vector_24
                0x000000000000015c                __vector_12
                0x000000000000015c                __vector_55
                0x000000000000015c                __vector_46
                0x000000000000015c                __bad_interrupt
                0x000000000000015c                __vector_31
                0x000000000000015c                __vector_35
                0x000000000000015c                __vector_39
                0x000000000000015c                __vector_3
                0x000000000000015c                __vector_23
                0x000000000000015c                __vector_30
                0x000000000000015c                __vector_25
                0x000000000000015c                __vector_11
                0x000000000000015c                __vector_54
                0x000000000000015c                __vector_13
                0x000000000000015c                __vector_17
                0x000000000000015c                __vector_19
                0x000000000000015c                __vector_56
                0x000000000000015c                __vector_7
                0x000000000000015c                __vector_49
                0x000000000000015c                __vector_41
                0x000000000000015c                __vector_43
                0x000000000000015c                __vector_27
                0x000000000000015c                __vector_33
                0x000000000000015c                __vector_47
                0x000000000000015c                __vector_52
                0x000000000000015c                __vector_37
                0x000000000000015c                __vector_4
                0x000000000000015c                __vector_44
                0x000000000000015c                __vector_51
                0x000000000000015c                __vector_9
                0x000000000000015c                __vector_2
                0x000000000000015c                __vector_21
                0x000000000000015c                __vector_15
                0x000000000000015c                __vector_36
                0x000000000000015c                __vector_29
                0x000000000000015c                __vector_40
                0x000000000000015c                __vector_8
                0x000000000000015c                __vector_26
                0x000000000000015c                __vector_48
                0x000000000000015c                __vector_14
                0x000000000000015c                __vector_53
                0x000000000000015c                __vector_10
                0x000000000000015c                __vector_50
                0x000000000000015c                __vector_16
                0x000000000000015c                __vector_18
                0x000000000000015c                __vector_20
                0x000000000000015c                __vector_42
 .text          0x0000000000000160     0x1c04 timeline.o
                0x0000000000000160                GetState
                0x0000000000000166                SetState
                0x0000000000000172                GetPizzaCounter
                0x000000000000017c                InsertOrder
                0x000000000000024c                InsertPizza
                0x000000000000026c                CreatePizza
                0x00000000000002d8                CreateOrder
                0x00000000000003ca                InitTimeline
                0x0000000000000508                GetTimeline
                0x0000000000000512                GetPizzas
                0x000000000000051c                FindNextDefiniteNeed
                0x00000000000006ec                GetNextOrder
                0x0000000000000744                GetPizzaForOrder
                0x00000000000007aa                GetNumDelayed
                0x00000000000009a4                ConsiderCancel
                0x000000000000108e                GetOrderForPizza
                0x00000000000010fa                GetPizzaAtNode
                0x0000000000001148                GetAvailablePizzas
                0x00000000000012ee                DetectPizza
                0x000000000000145a                IsPizzaAt
                0x00000000000014c2                FindPizzas
                0x00000000000016cc                GetTimeReqForOrders
                0x00000000000016e8                FreeTimeDecision
                0x00000000000018b2                DeliverPizzas
                0x0000000000001ac8                Display
                0x0000000000001b7e                NormalOperation
                0x0000000000001c72                TimelineControl
 .text          0x0000000000001d64        0x0 app.o
 .text          0x0000000000001d64      0x2fa helpers.o
                0x0000000000001d64                GetNodeToRight
                0x0000000000001de4                GetNodeToLeft
                0x0000000000001e64                GetFirstPToRight
                0x0000000000001e96                GetFirstPToLeft
                0x0000000000001ec8                GetFurthestPizzaNode
                0x0000000000001ffa                CheckOverlap
                0x000000000000205a                GetCurrentTimeBlock
 .text          0x000000000000205e     0x1350 ../map/map.o
                0x000000000000205e                CheckNodeName
                0x0000000000002090                CreateNode
                0x000000000000216a                ConnectNodes
                0x0000000000002206                InitGraph
                0x0000000000003074                GetCurrentNode
                0x0000000000003098                DFSEval
                0x0000000000003116                GetNodeByName
                0x0000000000003182                IndexOfNode
                0x00000000000031a2                UpdateNodeInArray
                0x00000000000031f0                GetCurveInfo
                0x00000000000031fa                GetGraph
                0x0000000000003204                GetRotationCost
                0x0000000000003214                RadToDeg
                0x000000000000322e                MakePositiveDeg
                0x000000000000326a                MakePositiveRad
                0x00000000000032b0                GetAngularVelocity
                0x0000000000003390                GetCurveDirection
 .text          0x00000000000033ae      0x484 ../dijkstra/dijkstra.o
                0x00000000000033ae                InitNodesDijkstra
                0x00000000000033ca                GetLowestUndone
                0x000000000000346c                Dijkstra
 .text          0x0000000000003832       0x5a ../bot_memory/bot_memory.o
                0x0000000000003832                InitBotInfo
                0x0000000000003882                GetBotInfo
 .text          0x000000000000388c       0x9e ../timer/timer.o
                0x000000000000388c                Timer4Init
                0x00000000000038cc                __vector_45
                0x0000000000003906                GetCurrentTime
                0x0000000000003910                ResetTime
                0x000000000000391a                InitTimer
 .text          0x000000000000392a      0x216 ../hardware_control/hardware_control.o
                0x000000000000392a                CurveTowards
                0x000000000000395a                MoveBotToNode
 .text          0x0000000000003b40      0x33e ../lcd/lcd.o
                0x0000000000003b40                LcdPortConfig
                0x0000000000003b4e                LcdPortInit
                0x0000000000003b52                LcdInitDevices
                0x0000000000003b5c                LcdSet4Bit
                0x0000000000003be4                LcdWrCommand
                0x0000000000003c2e                LcdInit
                0x0000000000003c5e                LcdWrChar
                0x0000000000003ca8                LcdHome
                0x0000000000003cae                LcdString
                0x0000000000003cec                LcdPrintf
                0x0000000000003d42                LcdCursor
                0x0000000000003d6e                LcdPrint
 .text          0x0000000000003e7e      0x600 ../move_bot/move_bot.o
                0x0000000000003e7e                MoveBotInitDevices
                0x0000000000003e8a                PidControl
                0x0000000000003fac                IsBlack
                0x0000000000003fbc                ReadSensors
                0x00000000000040a2                AngleRotate
                0x0000000000004194                RotateBot
                0x00000000000041e0                MoveBot
                0x0000000000004424                MoveBotForward
                0x000000000000445a                MoveBotReverse
 .text          0x000000000000447e      0x3e2 ../pos_encoder/pos_encoder.o
                0x000000000000447e                PosEncoderMotionPinConfig
                0x00000000000044a0                LeftEncoderPinConfig
                0x00000000000044a6                RightEncoderPinConfig
                0x00000000000044ac                PosEncoderPortInit
                0x00000000000044b8                LeftPositionEncoderInterruptInit
                0x00000000000044ca                RightPositionEncoderInterruptInit
                0x00000000000044dc                PosEncoderTimer5Init
                0x0000000000004512                __vector_6
                0x000000000000455c                __vector_5
                0x00000000000045a6                PosEncoderMotionSet
                0x00000000000045b2                PosEncoderVelocity
                0x00000000000045bc                PosEncoderForward
                0x00000000000045c2                PosEncoderBack
                0x00000000000045c8                PosEncoderLeft
                0x00000000000045ce                PosEncoderRight
                0x00000000000045d4                PosEncoderSoftLeft
                0x00000000000045da                PosEncoderSoftRight
                0x00000000000045e0                PosEncoderSoftLeft2
                0x00000000000045e6                PosEncoderSoftRight2
                0x00000000000045ec                PosEncoderStop
                0x00000000000045f2                PosEncoderAngleRotate
                0x0000000000004672                PosEncoderLinearDistanceMm
                0x00000000000046fc                PosEncoderForwardMm
                0x0000000000004720                PosEncoderBackMm
                0x0000000000004744                PosEncoderLeftDegrees
                0x0000000000004768                PosEncoderRightDegrees
                0x000000000000478c                PosEncoderSoftLeftDegrees
                0x00000000000047a4                PosEncoderSoftRightDegrees
                0x00000000000047bc                PosEncoderSoftLeft2Degrees
                0x00000000000047d4                PosEncoderSoftRight2Degrees
                0x00000000000047ec                PosEncoderInitDevices
                0x00000000000047fe                PosEncoderRotateBot
                0x0000000000004818                ResetRightShaft
                0x000000000000482a                ResetLeftShaft
                0x000000000000483c                GetShaftCountRight
                0x000000000000484e                GetShaftCountLeft
 .text          0x0000000000004860       0xb0 ../bl_sensor/bl_sensor.o
                0x0000000000004860                BlSensorAdcPinConfig
                0x000000000000486e                BlSensorPortInit
                0x0000000000004872                BlSensorTimer5Init
                0x00000000000048a8                BlSensorAdcInit
                0x00000000000048c2                BlSensorAdcConversion
                0x00000000000048fa                BlSensorGet
                0x00000000000048fe                BlSensorInitDevices
 .text          0x0000000000004910       0x58 ../fake_gcc_fns/fake_gcc_fns.o
                0x0000000000004910                printf
                0x0000000000004966                sleep
 .text          0x0000000000004968       0x16 ../custom_delay/custom_delay.o
                0x0000000000004968                CustomDelay
 .text          0x000000000000497e        0x0 /usr/lib/gcc/avr/4.8.2/../../../avr/lib/avr6/libm.a(addsf3.o)
 .text          0x000000000000497e        0x0 /usr/lib/gcc/avr/4.8.2/../../../avr/lib/avr6/libm.a(addsf3x.o)
 .text          0x000000000000497e        0x0 /usr/lib/gcc/avr/4.8.2/../../../avr/lib/avr6/libm.a(atan2.o)
 .text          0x000000000000497e        0x0 /usr/lib/gcc/avr/4.8.2/../../../avr/lib/avr6/libm.a(atan.o)
 .text          0x000000000000497e        0x0 /usr/lib/gcc/avr/4.8.2/../../../avr/lib/avr6/libm.a(cmpsf2.o)
 .text          0x000000000000497e        0x0 /usr/lib/gcc/avr/4.8.2/../../../avr/lib/avr6/libm.a(divsf3.o)
 .text          0x000000000000497e        0x0 /usr/lib/gcc/avr/4.8.2/../../../avr/lib/avr6/libm.a(divsf3x.o)
 .text          0x000000000000497e        0x0 /usr/lib/gcc/avr/4.8.2/../../../avr/lib/avr6/libm.a(fixsfsi.o)
 .text          0x000000000000497e        0x0 /usr/lib/gcc/avr/4.8.2/../../../avr/lib/avr6/libm.a(fixunssfsi.o)
 .text          0x000000000000497e        0x0 /usr/lib/gcc/avr/4.8.2/../../../avr/lib/avr6/libm.a(floatsisf.o)
 .text          0x000000000000497e        0x0 /usr/lib/gcc/avr/4.8.2/../../../avr/lib/avr6/libm.a(fmod.o)
 .text          0x000000000000497e        0x0 /usr/lib/gcc/avr/4.8.2/../../../avr/lib/avr6/libm.a(fp_cmp.o)
 .text          0x000000000000497e        0x0 /usr/lib/gcc/avr/4.8.2/../../../avr/lib/avr6/libm.a(fp_inf.o)
 .text          0x000000000000497e        0x0 /usr/lib/gcc/avr/4.8.2/../../../avr/lib/avr6/libm.a(fp_mpack.o)
 .text          0x000000000000497e        0x0 /usr/lib/gcc/avr/4.8.2/../../../avr/lib/avr6/libm.a(fp_nan.o)
 .text          0x000000000000497e        0x0 /usr/lib/gcc/avr/4.8.2/../../../avr/lib/avr6/libm.a(fp_powser.o)
 .text          0x000000000000497e        0x0 /usr/lib/gcc/avr/4.8.2/../../../avr/lib/avr6/libm.a(fp_pscA.o)
 .text          0x000000000000497e        0x0 /usr/lib/gcc/avr/4.8.2/../../../avr/lib/avr6/libm.a(fp_pscB.o)
 .text          0x000000000000497e        0x0 /usr/lib/gcc/avr/4.8.2/../../../avr/lib/avr6/libm.a(fp_round.o)
 .text          0x000000000000497e        0x0 /usr/lib/gcc/avr/4.8.2/../../../avr/lib/avr6/libm.a(fp_split3.o)
 .text          0x000000000000497e        0x0 /usr/lib/gcc/avr/4.8.2/../../../avr/lib/avr6/libm.a(fp_zero.o)
 .text          0x000000000000497e        0x0 /usr/lib/gcc/avr/4.8.2/../../../avr/lib/avr6/libm.a(gesf2.o)
 .text          0x000000000000497e        0x0 /usr/lib/gcc/avr/4.8.2/../../../avr/lib/avr6/libm.a(inverse.o)
 .text          0x000000000000497e        0x0 /usr/lib/gcc/avr/4.8.2/../../../avr/lib/avr6/libm.a(mulsf3.o)
 .text          0x000000000000497e        0x0 /usr/lib/gcc/avr/4.8.2/../../../avr/lib/avr6/libm.a(mulsf3x.o)
 .text          0x000000000000497e        0x0 /usr/lib/gcc/avr/4.8.2/../../../avr/lib/avr6/libm.a(square.o)
 .text          0x000000000000497e        0x0 /usr/lib/gcc/avr/4.8.2/avr6/libgcc.a(_udivmodhi4.o)
 .text          0x000000000000497e        0x0 /usr/lib/gcc/avr/4.8.2/avr6/libgcc.a(_exit.o)
 .text          0x000000000000497e        0x0 /usr/lib/gcc/avr/4.8.2/avr6/libgcc.a(_copy_data.o)
 .text          0x000000000000497e        0x0 /usr/lib/gcc/avr/4.8.2/avr6/libgcc.a(_clear_bss.o)
 .text          0x000000000000497e        0x0 /usr/lib/gcc/avr/4.8.2/../../../avr/lib/avr6/libc.a(malloc.o)
 .text          0x000000000000497e        0x0 /usr/lib/gcc/avr/4.8.2/../../../avr/lib/avr6/libc.a(strcmp.o)
 .text          0x000000000000497e        0x0 /usr/lib/gcc/avr/4.8.2/../../../avr/lib/avr6/libc.a(puts.o)
 .text          0x000000000000497e        0x0 /usr/lib/gcc/avr/4.8.2/../../../avr/lib/avr6/libc.a(vsnprintf.o)
 .text          0x000000000000497e        0x0 /usr/lib/gcc/avr/4.8.2/../../../avr/lib/avr6/libc.a(vfprintf_std.o)
 .text          0x000000000000497e        0x0 /usr/lib/gcc/avr/4.8.2/../../../avr/lib/avr6/libc.a(strnlen_P.o)
 .text          0x000000000000497e        0x0 /usr/lib/gcc/avr/4.8.2/../../../avr/lib/avr6/libc.a(strnlen.o)
 .text          0x000000000000497e        0x0 /usr/lib/gcc/avr/4.8.2/../../../avr/lib/avr6/libc.a(fputc.o)
 .text          0x000000000000497e        0x0 /usr/lib/gcc/avr/4.8.2/../../../avr/lib/avr6/libc.a(iob.o)
 .text          0x000000000000497e        0x0 /usr/lib/gcc/avr/4.8.2/../../../avr/lib/avr6/libc.a(ultoa_invert.o)
                0x000000000000497e                . = ALIGN (0x2)
 *(.text.*)
 .text.startup  0x000000000000497e       0x4c app.o
                0x000000000000497e                main
 .text.avr-libc.fplib
                0x00000000000049ca        0xa /usr/lib/gcc/avr/4.8.2/../../../avr/lib/avr6/libm.a(addsf3.o)
                0x00000000000049ca                __subsf3
                0x00000000000049cc                __addsf3
 .text.avr-libc.fplib
                0x00000000000049d4       0xc0 /usr/lib/gcc/avr/4.8.2/../../../avr/lib/avr6/libm.a(addsf3x.o)
                0x00000000000049ee                __addsf3x
 .text.avr-libc.fplib
                0x0000000000004a94       0x74 /usr/lib/gcc/avr/4.8.2/../../../avr/lib/avr6/libm.a(atan2.o)
                0x0000000000004ab2                atan2
 .text.avr-libc.fplib
                0x0000000000004b08       0x50 /usr/lib/gcc/avr/4.8.2/../../../avr/lib/avr6/libm.a(atan.o)
                0x0000000000004b08                atan
 .text.avr-libc.fplib
                0x0000000000004b58        0x8 /usr/lib/gcc/avr/4.8.2/../../../avr/lib/avr6/libm.a(cmpsf2.o)
                0x0000000000004b58                __lesf2
                0x0000000000004b58                __nesf2
                0x0000000000004b58                __eqsf2
                0x0000000000004b58                __cmpsf2
                0x0000000000004b58                __ltsf2
 .text.avr-libc.fplib
                0x0000000000004b60        0x4 /usr/lib/gcc/avr/4.8.2/../../../avr/lib/avr6/libm.a(divsf3.o)
                0x0000000000004b60                __divsf3
 .text.avr-libc.fplib
                0x0000000000004b64       0xcc /usr/lib/gcc/avr/4.8.2/../../../avr/lib/avr6/libm.a(divsf3x.o)
                0x0000000000004b7a                __divsf3x
                0x0000000000004b7e                __divsf3_pse
 .text.avr-libc.fplib
                0x0000000000004c30        0xa /usr/lib/gcc/avr/4.8.2/../../../avr/lib/avr6/libm.a(fixsfsi.o)
                0x0000000000004c30                __fixsfsi
 .text.avr-libc.fplib
                0x0000000000004c3a       0x58 /usr/lib/gcc/avr/4.8.2/../../../avr/lib/avr6/libm.a(fixunssfsi.o)
                0x0000000000004c3a                __fixunssfsi
 .text.avr-libc.fplib
                0x0000000000004c92       0x7a /usr/lib/gcc/avr/4.8.2/../../../avr/lib/avr6/libm.a(floatsisf.o)
                0x0000000000004c92                __floatunsisf
                0x0000000000004c96                __floatsisf
 .text.avr-libc.fplib
                0x0000000000004d0c       0x9c /usr/lib/gcc/avr/4.8.2/../../../avr/lib/avr6/libm.a(fmod.o)
                0x0000000000004d1a                fmod
 .text.avr-libc.fplib
                0x0000000000004da8       0x48 /usr/lib/gcc/avr/4.8.2/../../../avr/lib/avr6/libm.a(fp_cmp.o)
                0x0000000000004da8                __fp_cmp
 .text.avr-libc.fplib
                0x0000000000004df0        0xc /usr/lib/gcc/avr/4.8.2/../../../avr/lib/avr6/libm.a(fp_inf.o)
                0x0000000000004df0                __fp_inf
 .text.avr-libc.fplib
                0x0000000000004dfc       0x1c /usr/lib/gcc/avr/4.8.2/../../../avr/lib/avr6/libm.a(fp_mpack.o)
                0x0000000000004dfc                __fp_mpack
                0x0000000000004e00                __fp_mpack_finite
 .text.avr-libc.fplib
                0x0000000000004e18        0x6 /usr/lib/gcc/avr/4.8.2/../../../avr/lib/avr6/libm.a(fp_nan.o)
                0x0000000000004e18                __fp_nan
 .text.avr-libc.fplib
                0x0000000000004e1e       0x4a /usr/lib/gcc/avr/4.8.2/../../../avr/lib/avr6/libm.a(fp_powser.o)
                0x0000000000004e1e                __fp_powser
 .text.avr-libc.fplib
                0x0000000000004e68        0xe /usr/lib/gcc/avr/4.8.2/../../../avr/lib/avr6/libm.a(fp_pscA.o)
                0x0000000000004e68                __fp_pscA
 .text.avr-libc.fplib
                0x0000000000004e76        0xe /usr/lib/gcc/avr/4.8.2/../../../avr/lib/avr6/libm.a(fp_pscB.o)
                0x0000000000004e76                __fp_pscB
 .text.avr-libc.fplib
                0x0000000000004e84       0x22 /usr/lib/gcc/avr/4.8.2/../../../avr/lib/avr6/libm.a(fp_round.o)
                0x0000000000004e84                __fp_round
 .text.avr-libc.fplib
                0x0000000000004ea6       0x44 /usr/lib/gcc/avr/4.8.2/../../../avr/lib/avr6/libm.a(fp_split3.o)
                0x0000000000004ea6                __fp_split3
                0x0000000000004eb6                __fp_splitA
 .text.avr-libc.fplib
                0x0000000000004eea        0xe /usr/lib/gcc/avr/4.8.2/../../../avr/lib/avr6/libm.a(fp_zero.o)
                0x0000000000004eea                __fp_zero
                0x0000000000004eec                __fp_szero
 .text.avr-libc.fplib
                0x0000000000004ef8        0x8 /usr/lib/gcc/avr/4.8.2/../../../avr/lib/avr6/libm.a(gesf2.o)
                0x0000000000004ef8                __gtsf2
                0x0000000000004ef8                __gesf2
 .text.avr-libc.fplib
                0x0000000000004f00        0xe /usr/lib/gcc/avr/4.8.2/../../../avr/lib/avr6/libm.a(inverse.o)
                0x0000000000004f00                inverse
 .text.avr-libc.fplib
                0x0000000000004f0e        0x4 /usr/lib/gcc/avr/4.8.2/../../../avr/lib/avr6/libm.a(mulsf3.o)
                0x0000000000004f0e                __mulsf3
 .text.avr-libc.fplib
                0x0000000000004f12       0xc2 /usr/lib/gcc/avr/4.8.2/../../../avr/lib/avr6/libm.a(mulsf3x.o)
                0x0000000000004f26                __mulsf3x
                0x0000000000004f2a                __mulsf3_pse
 .text.avr-libc.fplib
                0x0000000000004fd4        0x6 /usr/lib/gcc/avr/4.8.2/../../../avr/lib/avr6/libm.a(square.o)
                0x0000000000004fd4                square
 .text.libgcc.mul
                0x0000000000004fda        0x0 /usr/lib/gcc/avr/4.8.2/avr6/libgcc.a(_udivmodhi4.o)
 .text.libgcc.div
                0x0000000000004fda       0x28 /usr/lib/gcc/avr/4.8.2/avr6/libgcc.a(_udivmodhi4.o)
                0x0000000000004fda                __udivmodhi4
 .text.libgcc   0x0000000000005002        0x0 /usr/lib/gcc/avr/4.8.2/avr6/libgcc.a(_udivmodhi4.o)
 .text.libgcc.prologue
                0x0000000000005002        0x0 /usr/lib/gcc/avr/4.8.2/avr6/libgcc.a(_udivmodhi4.o)
 .text.libgcc.builtins
                0x0000000000005002        0x0 /usr/lib/gcc/avr/4.8.2/avr6/libgcc.a(_udivmodhi4.o)
 .text.libgcc.fmul
                0x0000000000005002        0x0 /usr/lib/gcc/avr/4.8.2/avr6/libgcc.a(_udivmodhi4.o)
 .text.libgcc.fixed
                0x0000000000005002        0x0 /usr/lib/gcc/avr/4.8.2/avr6/libgcc.a(_udivmodhi4.o)
 .text.libgcc.mul
                0x0000000000005002        0x0 /usr/lib/gcc/avr/4.8.2/avr6/libgcc.a(_exit.o)
 .text.libgcc.div
                0x0000000000005002        0x0 /usr/lib/gcc/avr/4.8.2/avr6/libgcc.a(_exit.o)
 .text.libgcc   0x0000000000005002        0x0 /usr/lib/gcc/avr/4.8.2/avr6/libgcc.a(_exit.o)
 .text.libgcc.prologue
                0x0000000000005002        0x0 /usr/lib/gcc/avr/4.8.2/avr6/libgcc.a(_exit.o)
 .text.libgcc.builtins
                0x0000000000005002        0x0 /usr/lib/gcc/avr/4.8.2/avr6/libgcc.a(_exit.o)
 .text.libgcc.fmul
                0x0000000000005002        0x0 /usr/lib/gcc/avr/4.8.2/avr6/libgcc.a(_exit.o)
 .text.libgcc.fixed
                0x0000000000005002        0x0 /usr/lib/gcc/avr/4.8.2/avr6/libgcc.a(_exit.o)
 .text.libgcc.mul
                0x0000000000005002        0x0 /usr/lib/gcc/avr/4.8.2/avr6/libgcc.a(_copy_data.o)
 .text.libgcc.div
                0x0000000000005002        0x0 /usr/lib/gcc/avr/4.8.2/avr6/libgcc.a(_copy_data.o)
 .text.libgcc   0x0000000000005002        0x0 /usr/lib/gcc/avr/4.8.2/avr6/libgcc.a(_copy_data.o)
 .text.libgcc.prologue
                0x0000000000005002        0x0 /usr/lib/gcc/avr/4.8.2/avr6/libgcc.a(_copy_data.o)
 .text.libgcc.builtins
                0x0000000000005002        0x0 /usr/lib/gcc/avr/4.8.2/avr6/libgcc.a(_copy_data.o)
 .text.libgcc.fmul
                0x0000000000005002        0x0 /usr/lib/gcc/avr/4.8.2/avr6/libgcc.a(_copy_data.o)
 .text.libgcc.fixed
                0x0000000000005002        0x0 /usr/lib/gcc/avr/4.8.2/avr6/libgcc.a(_copy_data.o)
 .text.libgcc.mul
                0x0000000000005002        0x0 /usr/lib/gcc/avr/4.8.2/avr6/libgcc.a(_clear_bss.o)
 .text.libgcc.div
                0x0000000000005002        0x0 /usr/lib/gcc/avr/4.8.2/avr6/libgcc.a(_clear_bss.o)
 .text.libgcc   0x0000000000005002        0x0 /usr/lib/gcc/avr/4.8.2/avr6/libgcc.a(_clear_bss.o)
 .text.libgcc.prologue
                0x0000000000005002        0x0 /usr/lib/gcc/avr/4.8.2/avr6/libgcc.a(_clear_bss.o)
 .text.libgcc.builtins
                0x0000000000005002        0x0 /usr/lib/gcc/avr/4.8.2/avr6/libgcc.a(_clear_bss.o)
 .text.libgcc.fmul
                0x0000000000005002        0x0 /usr/lib/gcc/avr/4.8.2/avr6/libgcc.a(_clear_bss.o)
 .text.libgcc.fixed
                0x0000000000005002        0x0 /usr/lib/gcc/avr/4.8.2/avr6/libgcc.a(_clear_bss.o)
 .text.avr-libc
                0x0000000000005002      0x24e /usr/lib/gcc/avr/4.8.2/../../../avr/lib/avr6/libc.a(malloc.o)
                0x0000000000005002                malloc
                0x0000000000005132                free
 .text.avr-libc
                0x0000000000005250       0x12 /usr/lib/gcc/avr/4.8.2/../../../avr/lib/avr6/libc.a(strcmp.o)
                0x0000000000005250                strcmp
 .text.avr-libc
                0x0000000000005262       0x5a /usr/lib/gcc/avr/4.8.2/../../../avr/lib/avr6/libc.a(puts.o)
                0x0000000000005262                puts
 .text.avr-libc
                0x00000000000052bc       0x72 /usr/lib/gcc/avr/4.8.2/../../../avr/lib/avr6/libc.a(vsnprintf.o)
                0x00000000000052bc                vsnprintf
 .text.avr-libc
                0x000000000000532e      0x3f6 /usr/lib/gcc/avr/4.8.2/../../../avr/lib/avr6/libc.a(vfprintf_std.o)
                0x000000000000532e                vfprintf
 .text.avr-libc
                0x0000000000005724       0x16 /usr/lib/gcc/avr/4.8.2/../../../avr/lib/avr6/libc.a(strnlen_P.o)
                0x0000000000005724                strnlen_P
 .text.avr-libc
                0x000000000000573a       0x16 /usr/lib/gcc/avr/4.8.2/../../../avr/lib/avr6/libc.a(strnlen.o)
                0x000000000000573a                strnlen
 .text.avr-libc
                0x0000000000005750       0x64 /usr/lib/gcc/avr/4.8.2/../../../avr/lib/avr6/libc.a(fputc.o)
                0x0000000000005750                fputc
 .text.avr-libc
                0x00000000000057b4       0xbc /usr/lib/gcc/avr/4.8.2/../../../avr/lib/avr6/libc.a(ultoa_invert.o)
                0x00000000000057b4                __ultoa_invert
                0x0000000000005870                . = ALIGN (0x2)
 *(.fini9)
 .fini9         0x0000000000005870        0x0 /usr/lib/gcc/avr/4.8.2/avr6/libgcc.a(_exit.o)
                0x0000000000005870                exit
                0x0000000000005870                _exit
 *(.fini9)
 *(.fini8)
 *(.fini8)
 *(.fini7)
 *(.fini7)
 *(.fini6)
 *(.fini6)
 *(.fini5)
 *(.fini5)
 *(.fini4)
 *(.fini4)
 *(.fini3)
 *(.fini3)
 *(.fini2)
 *(.fini2)
 *(.fini1)
 *(.fini1)
 *(.fini0)
 .fini0         0x0000000000005870        0x4 /usr/lib/gcc/avr/4.8.2/avr6/libgcc.a(_exit.o)
 *(.fini0)
                0x0000000000005874                _etext = .

.data           0x0000000000800200      0x416 load address 0x0000000000005874
                0x0000000000800200                PROVIDE (__data_start, .)
 *(.data)
 .data          0x0000000000800200        0x0 /usr/lib/gcc/avr/4.8.2/../../../avr/lib/avr6/crtm2560.o
 .data          0x0000000000800200       0x17 timeline.o
                0x0000000000800200                fake_len
                0x0000000000800202                fake_colours
                0x000000000080020c                fake_block_sizes
                0x0000000000800216                cur_state
 .data          0x0000000000800217        0x0 app.o
 .data          0x0000000000800217        0x0 helpers.o
 .data          0x0000000000800217        0x0 ../map/map.o
 .data          0x0000000000800217        0x0 ../dijkstra/dijkstra.o
 .data          0x0000000000800217        0x0 ../bot_memory/bot_memory.o
 .data          0x0000000000800217        0x0 ../timer/timer.o
 .data          0x0000000000800217        0x0 ../hardware_control/hardware_control.o
 .data          0x0000000000800217        0x0 ../lcd/lcd.o
 .data          0x0000000000800217        0xe ../move_bot/move_bot.o
                0x0000000000800217                d_gain
                0x000000000080021b                i_gain
                0x000000000080021f                p_gain
                0x0000000000800223                low_velocity
                0x0000000000800224                high_velocity
 .data          0x0000000000800225        0x0 ../pos_encoder/pos_encoder.o
 .data          0x0000000000800225        0x0 ../bl_sensor/bl_sensor.o
 .data          0x0000000000800225        0x0 ../fake_gcc_fns/fake_gcc_fns.o
 .data          0x0000000000800225        0x0 ../custom_delay/custom_delay.o
 .data          0x0000000000800225        0x0 /usr/lib/gcc/avr/4.8.2/../../../avr/lib/avr6/libm.a(addsf3.o)
 .data          0x0000000000800225        0x0 /usr/lib/gcc/avr/4.8.2/../../../avr/lib/avr6/libm.a(addsf3x.o)
 .data          0x0000000000800225        0x0 /usr/lib/gcc/avr/4.8.2/../../../avr/lib/avr6/libm.a(atan2.o)
 .data          0x0000000000800225        0x0 /usr/lib/gcc/avr/4.8.2/../../../avr/lib/avr6/libm.a(atan.o)
 .data          0x0000000000800225        0x0 /usr/lib/gcc/avr/4.8.2/../../../avr/lib/avr6/libm.a(cmpsf2.o)
 .data          0x0000000000800225        0x0 /usr/lib/gcc/avr/4.8.2/../../../avr/lib/avr6/libm.a(divsf3.o)
 .data          0x0000000000800225        0x0 /usr/lib/gcc/avr/4.8.2/../../../avr/lib/avr6/libm.a(divsf3x.o)
 .data          0x0000000000800225        0x0 /usr/lib/gcc/avr/4.8.2/../../../avr/lib/avr6/libm.a(fixsfsi.o)
 .data          0x0000000000800225        0x0 /usr/lib/gcc/avr/4.8.2/../../../avr/lib/avr6/libm.a(fixunssfsi.o)
 .data          0x0000000000800225        0x0 /usr/lib/gcc/avr/4.8.2/../../../avr/lib/avr6/libm.a(floatsisf.o)
 .data          0x0000000000800225        0x0 /usr/lib/gcc/avr/4.8.2/../../../avr/lib/avr6/libm.a(fmod.o)
 .data          0x0000000000800225        0x0 /usr/lib/gcc/avr/4.8.2/../../../avr/lib/avr6/libm.a(fp_cmp.o)
 .data          0x0000000000800225        0x0 /usr/lib/gcc/avr/4.8.2/../../../avr/lib/avr6/libm.a(fp_inf.o)
 .data          0x0000000000800225        0x0 /usr/lib/gcc/avr/4.8.2/../../../avr/lib/avr6/libm.a(fp_mpack.o)
 .data          0x0000000000800225        0x0 /usr/lib/gcc/avr/4.8.2/../../../avr/lib/avr6/libm.a(fp_nan.o)
 .data          0x0000000000800225        0x0 /usr/lib/gcc/avr/4.8.2/../../../avr/lib/avr6/libm.a(fp_powser.o)
 .data          0x0000000000800225        0x0 /usr/lib/gcc/avr/4.8.2/../../../avr/lib/avr6/libm.a(fp_pscA.o)
 .data          0x0000000000800225        0x0 /usr/lib/gcc/avr/4.8.2/../../../avr/lib/avr6/libm.a(fp_pscB.o)
 .data          0x0000000000800225        0x0 /usr/lib/gcc/avr/4.8.2/../../../avr/lib/avr6/libm.a(fp_round.o)
 .data          0x0000000000800225        0x0 /usr/lib/gcc/avr/4.8.2/../../../avr/lib/avr6/libm.a(fp_split3.o)
 .data          0x0000000000800225        0x0 /usr/lib/gcc/avr/4.8.2/../../../avr/lib/avr6/libm.a(fp_zero.o)
 .data          0x0000000000800225        0x0 /usr/lib/gcc/avr/4.8.2/../../../avr/lib/avr6/libm.a(gesf2.o)
 .data          0x0000000000800225        0x0 /usr/lib/gcc/avr/4.8.2/../../../avr/lib/avr6/libm.a(inverse.o)
 .data          0x0000000000800225        0x0 /usr/lib/gcc/avr/4.8.2/../../../avr/lib/avr6/libm.a(mulsf3.o)
 .data          0x0000000000800225        0x0 /usr/lib/gcc/avr/4.8.2/../../../avr/lib/avr6/libm.a(mulsf3x.o)
 .data          0x0000000000800225        0x0 /usr/lib/gcc/avr/4.8.2/../../../avr/lib/avr6/libm.a(square.o)
 .data          0x0000000000800225        0x0 /usr/lib/gcc/avr/4.8.2/avr6/libgcc.a(_udivmodhi4.o)
 .data          0x0000000000800225        0x0 /usr/lib/gcc/avr/4.8.2/avr6/libgcc.a(_exit.o)
 .data          0x0000000000800225        0x0 /usr/lib/gcc/avr/4.8.2/avr6/libgcc.a(_copy_data.o)
 .data          0x0000000000800225        0x0 /usr/lib/gcc/avr/4.8.2/avr6/libgcc.a(_clear_bss.o)
 .data          0x0000000000800225        0x6 /usr/lib/gcc/avr/4.8.2/../../../avr/lib/avr6/libc.a(malloc.o)
                0x0000000000800225                __malloc_heap_end
                0x0000000000800227                __malloc_heap_start
                0x0000000000800229                __malloc_margin
 .data          0x000000000080022b        0x0 /usr/lib/gcc/avr/4.8.2/../../../avr/lib/avr6/libc.a(strcmp.o)
 .data          0x000000000080022b        0x0 /usr/lib/gcc/avr/4.8.2/../../../avr/lib/avr6/libc.a(puts.o)
 .data          0x000000000080022b        0x0 /usr/lib/gcc/avr/4.8.2/../../../avr/lib/avr6/libc.a(vsnprintf.o)
 .data          0x000000000080022b        0x0 /usr/lib/gcc/avr/4.8.2/../../../avr/lib/avr6/libc.a(vfprintf_std.o)
 .data          0x000000000080022b        0x0 /usr/lib/gcc/avr/4.8.2/../../../avr/lib/avr6/libc.a(strnlen_P.o)
 .data          0x000000000080022b        0x0 /usr/lib/gcc/avr/4.8.2/../../../avr/lib/avr6/libc.a(strnlen.o)
 .data          0x000000000080022b        0x0 /usr/lib/gcc/avr/4.8.2/../../../avr/lib/avr6/libc.a(fputc.o)
 .data          0x000000000080022b        0x0 /usr/lib/gcc/avr/4.8.2/../../../avr/lib/avr6/libc.a(iob.o)
 .data          0x000000000080022b        0x0 /usr/lib/gcc/avr/4.8.2/../../../avr/lib/avr6/libc.a(ultoa_invert.o)
 *(.data*)
 *(.rodata)
 .rodata        0x000000000080022b        0x4 timeline.o
                0x000000000080022b                GUARANTEED_PERIOD
                0x000000000080022d                MAX_ORDERS
 .rodata        0x000000000080022f        0x2 ../move_bot/move_bot.o
                0x000000000080022f                rotation_threshold
 *(.rodata*)
 .rodata.str1.1
                0x0000000000800231      0x24c timeline.o
                                        0x254 (size before relaxing)
 .rodata.str1.1
                0x000000000080047d        0xc app.o
 .rodata.str1.1
                0x0000000000800489      0x117 ../map/map.o
                                        0x127 (size before relaxing)
 .rodata.str1.1
                0x00000000008005a0       0x4d ../dijkstra/dijkstra.o
 .rodata.str1.1
                0x00000000008005ed       0x28 ../hardware_control/hardware_control.o
 *(.gnu.linkonce.d*)
                0x0000000000800616                . = ALIGN (0x2)
 *fill*         0x0000000000800615        0x1 
                0x0000000000800616                _edata = .
                0x0000000000800616                PROVIDE (__data_end, .)

.bss            0x0000000000800616       0x5f
                0x0000000000800616                PROVIDE (__bss_start, .)
 *(.bss)
 .bss           0x0000000000800616        0x0 /usr/lib/gcc/avr/4.8.2/../../../avr/lib/avr6/crtm2560.o
 .bss           0x0000000000800616        0x8 timeline.o
                0x0000000000800616                fake_i
                0x0000000000800618                orders_completed
                0x000000000080061a                total_orders
                0x000000000080061c                total_pizzas
 .bss           0x000000000080061e        0x0 app.o
 .bss           0x000000000080061e        0x0 helpers.o
 .bss           0x000000000080061e        0x0 ../map/map.o
 .bss           0x000000000080061e        0x0 ../dijkstra/dijkstra.o
 .bss           0x000000000080061e        0x0 ../bot_memory/bot_memory.o
 .bss           0x000000000080061e        0x2 ../timer/timer.o
                0x000000000080061e                time_count
 .bss           0x0000000000800620        0x0 ../hardware_control/hardware_control.o
 .bss           0x0000000000800620        0x0 ../lcd/lcd.o
 .bss           0x0000000000800620        0xb ../move_bot/move_bot.o
                0x0000000000800620                prev_error
                0x0000000000800624                integral_error
                0x0000000000800628                right_black_line
                0x0000000000800629                center_black_line
                0x000000000080062a                left_black_line
 .bss           0x000000000080062b        0x8 ../pos_encoder/pos_encoder.o
                0x000000000080062b                ShaftCountRight
                0x000000000080062f                ShaftCountLeft
 .bss           0x0000000000800633        0x4 ../bl_sensor/bl_sensor.o
                0x0000000000800633                Right_black_line
                0x0000000000800634                Center_black_line
                0x0000000000800635                Left_black_line
                0x0000000000800636                flag
 .bss           0x0000000000800637        0x0 ../fake_gcc_fns/fake_gcc_fns.o
 .bss           0x0000000000800637        0x0 ../custom_delay/custom_delay.o
 .bss           0x0000000000800637        0x0 /usr/lib/gcc/avr/4.8.2/../../../avr/lib/avr6/libm.a(addsf3.o)
 .bss           0x0000000000800637        0x0 /usr/lib/gcc/avr/4.8.2/../../../avr/lib/avr6/libm.a(addsf3x.o)
 .bss           0x0000000000800637        0x0 /usr/lib/gcc/avr/4.8.2/../../../avr/lib/avr6/libm.a(atan2.o)
 .bss           0x0000000000800637        0x0 /usr/lib/gcc/avr/4.8.2/../../../avr/lib/avr6/libm.a(atan.o)
 .bss           0x0000000000800637        0x0 /usr/lib/gcc/avr/4.8.2/../../../avr/lib/avr6/libm.a(cmpsf2.o)
 .bss           0x0000000000800637        0x0 /usr/lib/gcc/avr/4.8.2/../../../avr/lib/avr6/libm.a(divsf3.o)
 .bss           0x0000000000800637        0x0 /usr/lib/gcc/avr/4.8.2/../../../avr/lib/avr6/libm.a(divsf3x.o)
 .bss           0x0000000000800637        0x0 /usr/lib/gcc/avr/4.8.2/../../../avr/lib/avr6/libm.a(fixsfsi.o)
 .bss           0x0000000000800637        0x0 /usr/lib/gcc/avr/4.8.2/../../../avr/lib/avr6/libm.a(fixunssfsi.o)
 .bss           0x0000000000800637        0x0 /usr/lib/gcc/avr/4.8.2/../../../avr/lib/avr6/libm.a(floatsisf.o)
 .bss           0x0000000000800637        0x0 /usr/lib/gcc/avr/4.8.2/../../../avr/lib/avr6/libm.a(fmod.o)
 .bss           0x0000000000800637        0x0 /usr/lib/gcc/avr/4.8.2/../../../avr/lib/avr6/libm.a(fp_cmp.o)
 .bss           0x0000000000800637        0x0 /usr/lib/gcc/avr/4.8.2/../../../avr/lib/avr6/libm.a(fp_inf.o)
 .bss           0x0000000000800637        0x0 /usr/lib/gcc/avr/4.8.2/../../../avr/lib/avr6/libm.a(fp_mpack.o)
 .bss           0x0000000000800637        0x0 /usr/lib/gcc/avr/4.8.2/../../../avr/lib/avr6/libm.a(fp_nan.o)
 .bss           0x0000000000800637        0x0 /usr/lib/gcc/avr/4.8.2/../../../avr/lib/avr6/libm.a(fp_powser.o)
 .bss           0x0000000000800637        0x0 /usr/lib/gcc/avr/4.8.2/../../../avr/lib/avr6/libm.a(fp_pscA.o)
 .bss           0x0000000000800637        0x0 /usr/lib/gcc/avr/4.8.2/../../../avr/lib/avr6/libm.a(fp_pscB.o)
 .bss           0x0000000000800637        0x0 /usr/lib/gcc/avr/4.8.2/../../../avr/lib/avr6/libm.a(fp_round.o)
 .bss           0x0000000000800637        0x0 /usr/lib/gcc/avr/4.8.2/../../../avr/lib/avr6/libm.a(fp_split3.o)
 .bss           0x0000000000800637        0x0 /usr/lib/gcc/avr/4.8.2/../../../avr/lib/avr6/libm.a(fp_zero.o)
 .bss           0x0000000000800637        0x0 /usr/lib/gcc/avr/4.8.2/../../../avr/lib/avr6/libm.a(gesf2.o)
 .bss           0x0000000000800637        0x0 /usr/lib/gcc/avr/4.8.2/../../../avr/lib/avr6/libm.a(inverse.o)
 .bss           0x0000000000800637        0x0 /usr/lib/gcc/avr/4.8.2/../../../avr/lib/avr6/libm.a(mulsf3.o)
 .bss           0x0000000000800637        0x0 /usr/lib/gcc/avr/4.8.2/../../../avr/lib/avr6/libm.a(mulsf3x.o)
 .bss           0x0000000000800637        0x0 /usr/lib/gcc/avr/4.8.2/../../../avr/lib/avr6/libm.a(square.o)
 .bss           0x0000000000800637        0x0 /usr/lib/gcc/avr/4.8.2/avr6/libgcc.a(_udivmodhi4.o)
 .bss           0x0000000000800637        0x0 /usr/lib/gcc/avr/4.8.2/avr6/libgcc.a(_exit.o)
 .bss           0x0000000000800637        0x0 /usr/lib/gcc/avr/4.8.2/avr6/libgcc.a(_copy_data.o)
 .bss           0x0000000000800637        0x0 /usr/lib/gcc/avr/4.8.2/avr6/libgcc.a(_clear_bss.o)
 .bss           0x0000000000800637        0x0 /usr/lib/gcc/avr/4.8.2/../../../avr/lib/avr6/libc.a(malloc.o)
 .bss           0x0000000000800637        0x0 /usr/lib/gcc/avr/4.8.2/../../../avr/lib/avr6/libc.a(strcmp.o)
 .bss           0x0000000000800637        0x0 /usr/lib/gcc/avr/4.8.2/../../../avr/lib/avr6/libc.a(puts.o)
 .bss           0x0000000000800637        0x0 /usr/lib/gcc/avr/4.8.2/../../../avr/lib/avr6/libc.a(vsnprintf.o)
 .bss           0x0000000000800637        0x0 /usr/lib/gcc/avr/4.8.2/../../../avr/lib/avr6/libc.a(vfprintf_std.o)
 .bss           0x0000000000800637        0x0 /usr/lib/gcc/avr/4.8.2/../../../avr/lib/avr6/libc.a(strnlen_P.o)
 .bss           0x0000000000800637        0x0 /usr/lib/gcc/avr/4.8.2/../../../avr/lib/avr6/libc.a(strnlen.o)
 .bss           0x0000000000800637        0x0 /usr/lib/gcc/avr/4.8.2/../../../avr/lib/avr6/libc.a(fputc.o)
 .bss           0x0000000000800637        0x0 /usr/lib/gcc/avr/4.8.2/../../../avr/lib/avr6/libc.a(iob.o)
 .bss           0x0000000000800637        0x0 /usr/lib/gcc/avr/4.8.2/../../../avr/lib/avr6/libc.a(ultoa_invert.o)
 *(.bss*)
 *(COMMON)
 COMMON         0x0000000000800637        0xa timeline.o
                0x0000000000800637                our_pizzas
                0x0000000000800639                next_extra_order
                0x000000000080063b                PIZZA_COUNTER_NODE
                0x000000000080063d                next_required_period
                0x000000000080063f                our_timeline
 COMMON         0x0000000000800641        0xa ../map/map.o
                0x0000000000800641                curve_info
                0x0000000000800643                found_node
                0x0000000000800645                current_search_name
                0x0000000000800647                our_graph
                0x0000000000800649                bot_info
 COMMON         0x000000000080064b        0x2 ../bot_memory/bot_memory.o
                0x000000000080064b                our_bot
 COMMON         0x000000000080064d        0xc ../lcd/lcd.o
                0x000000000080064d                million
                0x000000000080064f                temp
                0x0000000000800651                tens
                0x0000000000800653                hundred
                0x0000000000800655                unit
                0x0000000000800657                thousand
 COMMON         0x0000000000800659        0xf ../move_bot/move_bot.o
                0x0000000000800659                control
                0x000000000080065d                degrees
                0x000000000080065f                ADC_value
                0x0000000000800660                prev_sensor
                0x0000000000800664                sensor
 COMMON         0x0000000000800668        0x2 ../pos_encoder/pos_encoder.o
                0x0000000000800668                Degrees
 COMMON         0x000000000080066a        0x1 ../bl_sensor/bl_sensor.o
                0x000000000080066a                ADC_Value
 COMMON         0x000000000080066b        0x4 /usr/lib/gcc/avr/4.8.2/../../../avr/lib/avr6/libc.a(malloc.o)
                0x000000000080066b                __brkval
                0x000000000080066d                __flp
 COMMON         0x000000000080066f        0x6 /usr/lib/gcc/avr/4.8.2/../../../avr/lib/avr6/libc.a(iob.o)
                0x000000000080066f                __iob
                0x0000000000800675                PROVIDE (__bss_end, .)
                0x0000000000005874                __data_load_start = LOADADDR (.data)
                0x0000000000005c8a                __data_load_end = (__data_load_start + SIZEOF (.data))

.noinit         0x0000000000800675        0x0
                0x0000000000800675                PROVIDE (__noinit_start, .)
 *(.noinit*)
                0x0000000000800675                PROVIDE (__noinit_end, .)
                0x0000000000800675                _end = .
                0x0000000000800675                PROVIDE (__heap_start, .)

.eeprom         0x0000000000810000        0x0
 *(.eeprom*)
                0x0000000000810000                __eeprom_end = .

.fuse
 *(.fuse)
 *(.lfuse)
 *(.hfuse)
 *(.efuse)

.lock
 *(.lock*)

.signature
 *(.signature*)

.user_signatures
 *(.user_signatures*)

.stab           0x0000000000000000     0xf438
 *(.stab)
 .stab          0x0000000000000000      0x6e4 /usr/lib/gcc/avr/4.8.2/../../../avr/lib/avr6/crtm2560.o
 .stab          0x00000000000006e4     0x282c timeline.o
                                       0x2838 (size before relaxing)
 .stab          0x0000000000002f10      0x438 app.o
                                        0x7ec (size before relaxing)
 .stab          0x0000000000003348      0x804 helpers.o
                                        0xbb8 (size before relaxing)
 .stab          0x0000000000003b4c     0x17f4 ../map/map.o
                                       0x1a94 (size before relaxing)
 .stab          0x0000000000005340      0x828 ../dijkstra/dijkstra.o
                                        0xa80 (size before relaxing)
 .stab          0x0000000000005b68      0x4c8 ../bot_memory/bot_memory.o
                                        0x750 (size before relaxing)
 .stab          0x0000000000006030      0x510 ../timer/timer.o
                                        0x6d8 (size before relaxing)
 .stab          0x0000000000006540      0x6b4 ../hardware_control/hardware_control.o
                                        0x8e8 (size before relaxing)
 .stab          0x0000000000006bf4      0xd20 ../lcd/lcd.o
                                        0xf0c (size before relaxing)
 .stab          0x0000000000007914      0xabc ../move_bot/move_bot.o
                                        0xc84 (size before relaxing)
 .stab          0x00000000000083d0     0x1164 ../pos_encoder/pos_encoder.o
                                       0x132c (size before relaxing)
 .stab          0x0000000000009534      0x684 ../bl_sensor/bl_sensor.o
                                        0x84c (size before relaxing)
 .stab          0x0000000000009bb8      0x39c ../fake_gcc_fns/fake_gcc_fns.o
                                        0x588 (size before relaxing)
 .stab          0x0000000000009f54      0x33c ../custom_delay/custom_delay.o
                                        0x504 (size before relaxing)
 .stab          0x000000000000a290       0x78 /usr/lib/gcc/avr/4.8.2/../../../avr/lib/avr6/libm.a(addsf3.o)
                                         0x84 (size before relaxing)
 .stab          0x000000000000a308      0x4bc /usr/lib/gcc/avr/4.8.2/../../../avr/lib/avr6/libm.a(addsf3x.o)
                                        0x4c8 (size before relaxing)
 .stab          0x000000000000a7c4      0x2f4 /usr/lib/gcc/avr/4.8.2/../../../avr/lib/avr6/libm.a(atan2.o)
                                        0x300 (size before relaxing)
 .stab          0x000000000000aab8      0x210 /usr/lib/gcc/avr/4.8.2/../../../avr/lib/avr6/libm.a(atan.o)
                                        0x21c (size before relaxing)
 .stab          0x000000000000acc8       0x90 /usr/lib/gcc/avr/4.8.2/../../../avr/lib/avr6/libm.a(cmpsf2.o)
                                         0x9c (size before relaxing)
 .stab          0x000000000000ad58       0x48 /usr/lib/gcc/avr/4.8.2/../../../avr/lib/avr6/libm.a(divsf3.o)
                                         0x54 (size before relaxing)
 .stab          0x000000000000ada0      0x510 /usr/lib/gcc/avr/4.8.2/../../../avr/lib/avr6/libm.a(divsf3x.o)
                                        0x51c (size before relaxing)
 .stab          0x000000000000b2b0       0x6c /usr/lib/gcc/avr/4.8.2/../../../avr/lib/avr6/libm.a(fixsfsi.o)
                                         0x78 (size before relaxing)
 .stab          0x000000000000b31c      0x240 /usr/lib/gcc/avr/4.8.2/../../../avr/lib/avr6/libm.a(fixunssfsi.o)
                                        0x24c (size before relaxing)
 .stab          0x000000000000b55c      0x318 /usr/lib/gcc/avr/4.8.2/../../../avr/lib/avr6/libm.a(floatsisf.o)
                                        0x324 (size before relaxing)
 .stab          0x000000000000b874      0x3e4 /usr/lib/gcc/avr/4.8.2/../../../avr/lib/avr6/libm.a(fmod.o)
                                        0x3f0 (size before relaxing)
 .stab          0x000000000000bc58      0x1e0 /usr/lib/gcc/avr/4.8.2/../../../avr/lib/avr6/libm.a(fp_cmp.o)
                                        0x1ec (size before relaxing)
 .stab          0x000000000000be38       0x78 /usr/lib/gcc/avr/4.8.2/../../../avr/lib/avr6/libm.a(fp_inf.o)
                                         0x84 (size before relaxing)
 .stab          0x000000000000beb0       0xe4 /usr/lib/gcc/avr/4.8.2/../../../avr/lib/avr6/libm.a(fp_mpack.o)
                                         0xf0 (size before relaxing)
 .stab          0x000000000000bf94       0x54 /usr/lib/gcc/avr/4.8.2/../../../avr/lib/avr6/libm.a(fp_nan.o)
                                         0x60 (size before relaxing)
 .stab          0x000000000000bfe8      0x1ec /usr/lib/gcc/avr/4.8.2/../../../avr/lib/avr6/libm.a(fp_powser.o)
                                        0x1f8 (size before relaxing)
 .stab          0x000000000000c1d4       0x84 /usr/lib/gcc/avr/4.8.2/../../../avr/lib/avr6/libm.a(fp_pscA.o)
                                         0x90 (size before relaxing)
 .stab          0x000000000000c258       0x84 /usr/lib/gcc/avr/4.8.2/../../../avr/lib/avr6/libm.a(fp_pscB.o)
                                         0x90 (size before relaxing)
 .stab          0x000000000000c2dc       0xfc /usr/lib/gcc/avr/4.8.2/../../../avr/lib/avr6/libm.a(fp_round.o)
                                        0x108 (size before relaxing)
 .stab          0x000000000000c3d8      0x1d4 /usr/lib/gcc/avr/4.8.2/../../../avr/lib/avr6/libm.a(fp_split3.o)
                                        0x1e0 (size before relaxing)
 .stab          0x000000000000c5ac       0x90 /usr/lib/gcc/avr/4.8.2/../../../avr/lib/avr6/libm.a(fp_zero.o)
                                         0x9c (size before relaxing)
 .stab          0x000000000000c63c       0x6c /usr/lib/gcc/avr/4.8.2/../../../avr/lib/avr6/libm.a(gesf2.o)
                                         0x78 (size before relaxing)
 .stab          0x000000000000c6a8       0x84 /usr/lib/gcc/avr/4.8.2/../../../avr/lib/avr6/libm.a(inverse.o)
                                         0x90 (size before relaxing)
 .stab          0x000000000000c72c       0x48 /usr/lib/gcc/avr/4.8.2/../../../avr/lib/avr6/libm.a(mulsf3.o)
                                         0x54 (size before relaxing)
 .stab          0x000000000000c774      0x4d4 /usr/lib/gcc/avr/4.8.2/../../../avr/lib/avr6/libm.a(mulsf3x.o)
                                        0x4e0 (size before relaxing)
 .stab          0x000000000000cc48       0x54 /usr/lib/gcc/avr/4.8.2/../../../avr/lib/avr6/libm.a(square.o)
                                         0x60 (size before relaxing)
 .stab          0x000000000000cc9c      0x8dc /usr/lib/gcc/avr/4.8.2/../../../avr/lib/avr6/libc.a(malloc.o)
                                        0x8e8 (size before relaxing)
 .stab          0x000000000000d578       0x84 /usr/lib/gcc/avr/4.8.2/../../../avr/lib/avr6/libc.a(strcmp.o)
                                         0x90 (size before relaxing)
 .stab          0x000000000000d5fc      0x384 /usr/lib/gcc/avr/4.8.2/../../../avr/lib/avr6/libc.a(puts.o)
                                        0x54c (size before relaxing)
 .stab          0x000000000000d980      0x3a8 /usr/lib/gcc/avr/4.8.2/../../../avr/lib/avr6/libc.a(vsnprintf.o)
                                        0x588 (size before relaxing)
 .stab          0x000000000000dd28      0xb58 /usr/lib/gcc/avr/4.8.2/../../../avr/lib/avr6/libc.a(vfprintf_std.o)
                                        0xd80 (size before relaxing)
 .stab          0x000000000000e880       0x9c /usr/lib/gcc/avr/4.8.2/../../../avr/lib/avr6/libc.a(strnlen_P.o)
                                         0xa8 (size before relaxing)
 .stab          0x000000000000e91c       0x9c /usr/lib/gcc/avr/4.8.2/../../../avr/lib/avr6/libc.a(strnlen.o)
                                         0xa8 (size before relaxing)
 .stab          0x000000000000e9b8      0x354 /usr/lib/gcc/avr/4.8.2/../../../avr/lib/avr6/libc.a(fputc.o)
                                        0x534 (size before relaxing)
 .stab          0x000000000000ed0c      0x2ac /usr/lib/gcc/avr/4.8.2/../../../avr/lib/avr6/libc.a(iob.o)
                                        0x48c (size before relaxing)
 .stab          0x000000000000efb8      0x480 /usr/lib/gcc/avr/4.8.2/../../../avr/lib/avr6/libc.a(ultoa_invert.o)
                                        0x48c (size before relaxing)

.stabstr        0x0000000000000000     0x5312
 *(.stabstr)
 .stabstr       0x0000000000000000     0x5312 /usr/lib/gcc/avr/4.8.2/../../../avr/lib/avr6/crtm2560.o

.stab.excl
 *(.stab.excl)

.stab.exclstr
 *(.stab.exclstr)

.stab.index
 *(.stab.index)

.stab.indexstr
 *(.stab.indexstr)

.comment        0x0000000000000000       0x11
 *(.comment)
 .comment       0x0000000000000000       0x11 timeline.o
                                         0x12 (size before relaxing)
 .comment       0x0000000000000000       0x12 app.o
 .comment       0x0000000000000000       0x12 helpers.o
 .comment       0x0000000000000000       0x12 ../map/map.o
 .comment       0x0000000000000000       0x12 ../dijkstra/dijkstra.o
 .comment       0x0000000000000000       0x12 ../bot_memory/bot_memory.o
 .comment       0x0000000000000000       0x12 ../timer/timer.o
 .comment       0x0000000000000000       0x12 ../hardware_control/hardware_control.o
 .comment       0x0000000000000000       0x12 ../lcd/lcd.o
 .comment       0x0000000000000000       0x12 ../move_bot/move_bot.o
 .comment       0x0000000000000000       0x12 ../pos_encoder/pos_encoder.o
 .comment       0x0000000000000000       0x12 ../bl_sensor/bl_sensor.o
 .comment       0x0000000000000000       0x12 ../fake_gcc_fns/fake_gcc_fns.o
 .comment       0x0000000000000000       0x12 ../custom_delay/custom_delay.o
 .comment       0x0000000000000000       0x12 /usr/lib/gcc/avr/4.8.2/../../../avr/lib/avr6/libc.a(malloc.o)
 .comment       0x0000000000000000       0x12 /usr/lib/gcc/avr/4.8.2/../../../avr/lib/avr6/libc.a(puts.o)
 .comment       0x0000000000000000       0x12 /usr/lib/gcc/avr/4.8.2/../../../avr/lib/avr6/libc.a(vsnprintf.o)
 .comment       0x0000000000000000       0x12 /usr/lib/gcc/avr/4.8.2/../../../avr/lib/avr6/libc.a(vfprintf_std.o)
 .comment       0x0000000000000000       0x12 /usr/lib/gcc/avr/4.8.2/../../../avr/lib/avr6/libc.a(fputc.o)
 .comment       0x0000000000000000       0x12 /usr/lib/gcc/avr/4.8.2/../../../avr/lib/avr6/libc.a(iob.o)

.debug
 *(.debug)

.line
 *(.line)

.debug_srcinfo
 *(.debug_srcinfo)

.debug_sfnames
 *(.debug_sfnames)

.debug_aranges
 *(.debug_aranges)

.debug_pubnames
 *(.debug_pubnames)

.debug_info
 *(.debug_info)
 *(.gnu.linkonce.wi.*)

.debug_abbrev
 *(.debug_abbrev)

.debug_line
 *(.debug_line)

.debug_frame
 *(.debug_frame)

.debug_str
 *(.debug_str)

.debug_loc
 *(.debug_loc)

.debug_macinfo
 *(.debug_macinfo)

.debug_pubtypes
 *(.debug_pubtypes)

.debug_ranges
 *(.debug_ranges)

.debug_macro
 *(.debug_macro)
OUTPUT(app.out elf32-avr)
LOAD linker stubs
