Archive member included because of file (symbol)

/usr/local/CrossPack-AVR-20131216/lib/gcc/avr/4.8.1/../../../../avr/lib/avr6/libm.a(addsf3.o)
                              timeline.o (__subsf3)
/usr/local/CrossPack-AVR-20131216/lib/gcc/avr/4.8.1/../../../../avr/lib/avr6/libm.a(addsf3x.o)
                              /usr/local/CrossPack-AVR-20131216/lib/gcc/avr/4.8.1/../../../../avr/lib/avr6/libm.a(addsf3.o) (__addsf3x)
/usr/local/CrossPack-AVR-20131216/lib/gcc/avr/4.8.1/../../../../avr/lib/avr6/libm.a(atan2.o)
                              ../map/map.o (atan2)
/usr/local/CrossPack-AVR-20131216/lib/gcc/avr/4.8.1/../../../../avr/lib/avr6/libm.a(atan.o)
                              /usr/local/CrossPack-AVR-20131216/lib/gcc/avr/4.8.1/../../../../avr/lib/avr6/libm.a(atan2.o) (atan)
/usr/local/CrossPack-AVR-20131216/lib/gcc/avr/4.8.1/../../../../avr/lib/avr6/libm.a(cmpsf2.o)
                              timeline.o (__ltsf2)
/usr/local/CrossPack-AVR-20131216/lib/gcc/avr/4.8.1/../../../../avr/lib/avr6/libm.a(divsf3.o)
                              ../map/map.o (__divsf3)
/usr/local/CrossPack-AVR-20131216/lib/gcc/avr/4.8.1/../../../../avr/lib/avr6/libm.a(divsf3x.o)
                              /usr/local/CrossPack-AVR-20131216/lib/gcc/avr/4.8.1/../../../../avr/lib/avr6/libm.a(divsf3.o) (__divsf3x)
/usr/local/CrossPack-AVR-20131216/lib/gcc/avr/4.8.1/../../../../avr/lib/avr6/libm.a(fixsfsi.o)
                              timeline.o (__fixsfsi)
/usr/local/CrossPack-AVR-20131216/lib/gcc/avr/4.8.1/../../../../avr/lib/avr6/libm.a(fixunssfsi.o)
                              ../hardware_control-avr/hardware_control.o (__fixunssfsi)
/usr/local/CrossPack-AVR-20131216/lib/gcc/avr/4.8.1/../../../../avr/lib/avr6/libm.a(floatsisf.o)
                              ../move_bot/move_bot.o (__floatunsisf)
/usr/local/CrossPack-AVR-20131216/lib/gcc/avr/4.8.1/../../../../avr/lib/avr6/libm.a(fmod.o)
                              ../map/map.o (fmod)
/usr/local/CrossPack-AVR-20131216/lib/gcc/avr/4.8.1/../../../../avr/lib/avr6/libm.a(fp_cmp.o)
                              /usr/local/CrossPack-AVR-20131216/lib/gcc/avr/4.8.1/../../../../avr/lib/avr6/libm.a(cmpsf2.o) (__fp_cmp)
/usr/local/CrossPack-AVR-20131216/lib/gcc/avr/4.8.1/../../../../avr/lib/avr6/libm.a(fp_inf.o)
                              /usr/local/CrossPack-AVR-20131216/lib/gcc/avr/4.8.1/../../../../avr/lib/avr6/libm.a(addsf3x.o) (__fp_inf)
/usr/local/CrossPack-AVR-20131216/lib/gcc/avr/4.8.1/../../../../avr/lib/avr6/libm.a(fp_mpack.o)
                              /usr/local/CrossPack-AVR-20131216/lib/gcc/avr/4.8.1/../../../../avr/lib/avr6/libm.a(fmod.o) (__fp_mpack)
/usr/local/CrossPack-AVR-20131216/lib/gcc/avr/4.8.1/../../../../avr/lib/avr6/libm.a(fp_nan.o)
                              /usr/local/CrossPack-AVR-20131216/lib/gcc/avr/4.8.1/../../../../avr/lib/avr6/libm.a(addsf3x.o) (__fp_nan)
/usr/local/CrossPack-AVR-20131216/lib/gcc/avr/4.8.1/../../../../avr/lib/avr6/libm.a(fp_powser.o)
                              /usr/local/CrossPack-AVR-20131216/lib/gcc/avr/4.8.1/../../../../avr/lib/avr6/libm.a(atan.o) (__fp_powser)
/usr/local/CrossPack-AVR-20131216/lib/gcc/avr/4.8.1/../../../../avr/lib/avr6/libm.a(fp_pscA.o)
                              /usr/local/CrossPack-AVR-20131216/lib/gcc/avr/4.8.1/../../../../avr/lib/avr6/libm.a(addsf3x.o) (__fp_pscA)
/usr/local/CrossPack-AVR-20131216/lib/gcc/avr/4.8.1/../../../../avr/lib/avr6/libm.a(fp_pscB.o)
                              /usr/local/CrossPack-AVR-20131216/lib/gcc/avr/4.8.1/../../../../avr/lib/avr6/libm.a(addsf3x.o) (__fp_pscB)
/usr/local/CrossPack-AVR-20131216/lib/gcc/avr/4.8.1/../../../../avr/lib/avr6/libm.a(fp_round.o)
                              /usr/local/CrossPack-AVR-20131216/lib/gcc/avr/4.8.1/../../../../avr/lib/avr6/libm.a(addsf3.o) (__fp_round)
/usr/local/CrossPack-AVR-20131216/lib/gcc/avr/4.8.1/../../../../avr/lib/avr6/libm.a(fp_split3.o)
                              /usr/local/CrossPack-AVR-20131216/lib/gcc/avr/4.8.1/../../../../avr/lib/avr6/libm.a(addsf3x.o) (__fp_split3)
/usr/local/CrossPack-AVR-20131216/lib/gcc/avr/4.8.1/../../../../avr/lib/avr6/libm.a(fp_zero.o)
                              /usr/local/CrossPack-AVR-20131216/lib/gcc/avr/4.8.1/../../../../avr/lib/avr6/libm.a(addsf3x.o) (__fp_zero)
/usr/local/CrossPack-AVR-20131216/lib/gcc/avr/4.8.1/../../../../avr/lib/avr6/libm.a(gesf2.o)
                              timeline.o (__gesf2)
/usr/local/CrossPack-AVR-20131216/lib/gcc/avr/4.8.1/../../../../avr/lib/avr6/libm.a(inverse.o)
                              /usr/local/CrossPack-AVR-20131216/lib/gcc/avr/4.8.1/../../../../avr/lib/avr6/libm.a(atan.o) (inverse)
/usr/local/CrossPack-AVR-20131216/lib/gcc/avr/4.8.1/../../../../avr/lib/avr6/libm.a(mulsf3.o)
                              timeline.o (__mulsf3)
/usr/local/CrossPack-AVR-20131216/lib/gcc/avr/4.8.1/../../../../avr/lib/avr6/libm.a(mulsf3x.o)
                              /usr/local/CrossPack-AVR-20131216/lib/gcc/avr/4.8.1/../../../../avr/lib/avr6/libm.a(atan.o) (__mulsf3x)
/usr/local/CrossPack-AVR-20131216/lib/gcc/avr/4.8.1/../../../../avr/lib/avr6/libm.a(sqrt.o)
                              ../hardware_control-avr/hardware_control.o (sqrt)
/usr/local/CrossPack-AVR-20131216/lib/gcc/avr/4.8.1/../../../../avr/lib/avr6/libm.a(square.o)
                              /usr/local/CrossPack-AVR-20131216/lib/gcc/avr/4.8.1/../../../../avr/lib/avr6/libm.a(atan.o) (square)
/usr/local/CrossPack-AVR-20131216/lib/gcc/avr/4.8.1/../../../../avr/lib/avr6/libm.a(fp_norm2.o)
                              /usr/local/CrossPack-AVR-20131216/lib/gcc/avr/4.8.1/../../../../avr/lib/avr6/libm.a(sqrt.o) (__fp_norm2)
/usr/local/CrossPack-AVR-20131216/lib/gcc/avr/4.8.1/avr6/libgcc.a(_udivmodqi4.o)
                              ../hardware_control-avr/hardware_control.o (__udivmodqi4)
/usr/local/CrossPack-AVR-20131216/lib/gcc/avr/4.8.1/avr6/libgcc.a(_exit.o)
                              /usr/local/CrossPack-AVR-20131216/lib/gcc/avr/4.8.1/../../../../avr/lib/avr6/crtm2560.o (exit)
/usr/local/CrossPack-AVR-20131216/lib/gcc/avr/4.8.1/avr6/libgcc.a(_copy_data.o)
                              timeline.o (__do_copy_data)
/usr/local/CrossPack-AVR-20131216/lib/gcc/avr/4.8.1/avr6/libgcc.a(_clear_bss.o)
                              timeline.o (__do_clear_bss)
/usr/local/CrossPack-AVR-20131216/lib/gcc/avr/4.8.1/avr6/libgcc.a(_umulhisi3.o)
                              ../lcd/lcd.o (__umulhisi3)
/usr/local/CrossPack-AVR-20131216/lib/gcc/avr/4.8.1/../../../../avr/lib/avr6/libc.a(malloc.o)
                              timeline.o (malloc)
/usr/local/CrossPack-AVR-20131216/lib/gcc/avr/4.8.1/../../../../avr/lib/avr6/libc.a(strcmp.o)
                              ../map/map.o (strcmp)
/usr/local/CrossPack-AVR-20131216/lib/gcc/avr/4.8.1/../../../../avr/lib/avr6/libc.a(puts.o)
                              timeline.o (puts)
/usr/local/CrossPack-AVR-20131216/lib/gcc/avr/4.8.1/../../../../avr/lib/avr6/libc.a(vsnprintf.o)
                              ../lcd/lcd.o (vsnprintf)
/usr/local/CrossPack-AVR-20131216/lib/gcc/avr/4.8.1/../../../../avr/lib/avr6/libc.a(vfprintf_std.o)
                              /usr/local/CrossPack-AVR-20131216/lib/gcc/avr/4.8.1/../../../../avr/lib/avr6/libc.a(vsnprintf.o) (vfprintf)
/usr/local/CrossPack-AVR-20131216/lib/gcc/avr/4.8.1/../../../../avr/lib/avr6/libc.a(strnlen_P.o)
                              /usr/local/CrossPack-AVR-20131216/lib/gcc/avr/4.8.1/../../../../avr/lib/avr6/libc.a(vfprintf_std.o) (strnlen_P)
/usr/local/CrossPack-AVR-20131216/lib/gcc/avr/4.8.1/../../../../avr/lib/avr6/libc.a(strnlen.o)
                              /usr/local/CrossPack-AVR-20131216/lib/gcc/avr/4.8.1/../../../../avr/lib/avr6/libc.a(vfprintf_std.o) (strnlen)
/usr/local/CrossPack-AVR-20131216/lib/gcc/avr/4.8.1/../../../../avr/lib/avr6/libc.a(fputc.o)
                              /usr/local/CrossPack-AVR-20131216/lib/gcc/avr/4.8.1/../../../../avr/lib/avr6/libc.a(vfprintf_std.o) (fputc)
/usr/local/CrossPack-AVR-20131216/lib/gcc/avr/4.8.1/../../../../avr/lib/avr6/libc.a(iob.o)
                              /usr/local/CrossPack-AVR-20131216/lib/gcc/avr/4.8.1/../../../../avr/lib/avr6/libc.a(puts.o) (__iob)
/usr/local/CrossPack-AVR-20131216/lib/gcc/avr/4.8.1/../../../../avr/lib/avr6/libc.a(ultoa_invert.o)
                              /usr/local/CrossPack-AVR-20131216/lib/gcc/avr/4.8.1/../../../../avr/lib/avr6/libc.a(vfprintf_std.o) (__ultoa_invert)

Allocating common symbols
Common symbol       size              file

Degrees             0x2               ../pos_encoder/pos_encoder.o
our_pizzas          0x2               timeline.o
degrees             0x2               ../move_bot/move_bot.o
million             0x2               ../lcd/lcd.o
curve_info          0x2               ../map/map.o
next_extra_order    0x2               timeline.o
temp                0x2               ../lcd/lcd.o
PIZZA_COUNTER_NODE  0x2               timeline.o
__brkval            0x2               /usr/local/CrossPack-AVR-20131216/lib/gcc/avr/4.8.1/../../../../avr/lib/avr6/libc.a(malloc.o)
ADC_value           0x1               ../move_bot/move_bot.o
ADC_Value           0x1               ../bl_sensor/bl_sensor.o
found_node          0x2               ../map/map.o
current_search_name
                    0x2               ../map/map.o
tens                0x2               ../lcd/lcd.o
our_bot             0x2               ../bot_memory/bot_memory.o
our_graph           0x2               ../map/map.o
bot_info            0x2               ../map/map.o
hundred             0x2               ../lcd/lcd.o
next_required_period
                    0x2               timeline.o
__flp               0x2               /usr/local/CrossPack-AVR-20131216/lib/gcc/avr/4.8.1/../../../../avr/lib/avr6/libc.a(malloc.o)
unit                0x2               ../lcd/lcd.o
thousand            0x2               ../lcd/lcd.o
__iob               0x6               /usr/local/CrossPack-AVR-20131216/lib/gcc/avr/4.8.1/../../../../avr/lib/avr6/libc.a(iob.o)
our_timeline        0x2               timeline.o

Memory Configuration

Name             Origin             Length             Attributes
text             0x00000000         0x00100000         xr
data             0x00800200         0x0000fe00         rw !x
eeprom           0x00810000         0x00010000         rw !x
fuse             0x00820000         0x00000400         rw !x
lock             0x00830000         0x00000400         rw !x
signature        0x00840000         0x00000400         rw !x
user_signatures  0x00850000         0x00000400         rw !x
*default*        0x00000000         0xffffffff

Linker script and memory map

Address of section .data set to 0x800200
LOAD /usr/local/CrossPack-AVR-20131216/lib/gcc/avr/4.8.1/../../../../avr/lib/avr6/crtm2560.o
LOAD timeline.o
LOAD app.o
LOAD helpers.o
LOAD ../map/map.o
LOAD ../hardware_control-avr/hardware_control.o
LOAD ../dijkstra/dijkstra.o
LOAD ../bot_memory/bot_memory.o
LOAD ../timer/timer.o
LOAD ../custom_delay/custom_delay.o
LOAD ../lcd/lcd.o
LOAD ../move_bot/move_bot.o
LOAD ../pos_encoder/pos_encoder.o
LOAD ../bl_sensor/bl_sensor.o
LOAD ../fake_gcc_fns/fake_gcc_fns.o
LOAD /usr/local/CrossPack-AVR-20131216/lib/gcc/avr/4.8.1/../../../../avr/lib/avr6/libm.a
START GROUP
LOAD /usr/local/CrossPack-AVR-20131216/lib/gcc/avr/4.8.1/avr6/libgcc.a
LOAD /usr/local/CrossPack-AVR-20131216/lib/gcc/avr/4.8.1/../../../../avr/lib/avr6/libm.a
LOAD /usr/local/CrossPack-AVR-20131216/lib/gcc/avr/4.8.1/../../../../avr/lib/avr6/libc.a
END GROUP

.hash
 *(.hash)

.dynsym
 *(.dynsym)

.dynstr
 *(.dynstr)

.gnu.version
 *(.gnu.version)

.gnu.version_d
 *(.gnu.version_d)

.gnu.version_r
 *(.gnu.version_r)

.rel.init
 *(.rel.init)

.rela.init
 *(.rela.init)

.rel.text
 *(.rel.text)
 *(.rel.text.*)
 *(.rel.gnu.linkonce.t*)

.rela.text
 *(.rela.text)
 *(.rela.text.*)
 *(.rela.gnu.linkonce.t*)

.rel.fini
 *(.rel.fini)

.rela.fini
 *(.rela.fini)

.rel.rodata
 *(.rel.rodata)
 *(.rel.rodata.*)
 *(.rel.gnu.linkonce.r*)

.rela.rodata
 *(.rela.rodata)
 *(.rela.rodata.*)
 *(.rela.gnu.linkonce.r*)

.rel.data
 *(.rel.data)
 *(.rel.data.*)
 *(.rel.gnu.linkonce.d*)

.rela.data
 *(.rela.data)
 *(.rela.data.*)
 *(.rela.gnu.linkonce.d*)

.rel.ctors
 *(.rel.ctors)

.rela.ctors
 *(.rela.ctors)

.rel.dtors
 *(.rel.dtors)

.rela.dtors
 *(.rela.dtors)

.rel.got
 *(.rel.got)

.rela.got
 *(.rela.got)

.rel.bss
 *(.rel.bss)

.rela.bss
 *(.rela.bss)

.rel.plt
 *(.rel.plt)

.rela.plt
 *(.rela.plt)

.text           0x00000000     0xb4e6
 *(.vectors)
 .vectors       0x00000000       0xe4 /usr/local/CrossPack-AVR-20131216/lib/gcc/avr/4.8.1/../../../../avr/lib/avr6/crtm2560.o
                0x00000000                __vectors
                0x00000000                __vector_default
 *(.vectors)
 *(.progmem.gcc*)
 .progmem.gcc_fplib
                0x000000e4       0x2d /usr/local/CrossPack-AVR-20131216/lib/gcc/avr/4.8.1/../../../../avr/lib/avr6/libm.a(atan.o)
                0x00000112                . = ALIGN (0x2)
 *fill*         0x00000111        0x1 
                0x00000112                __trampolines_start = .
 *(.trampolines)
 .trampolines   0x00000112        0x4 linker stubs
 *(.trampolines*)
                0x00000116                __trampolines_end = .
 *(.progmem*)
                0x00000116                . = ALIGN (0x2)
 *(.jumptables)
 *(.jumptables*)
 *(.lowtext)
 *(.lowtext*)
                0x00000116                __ctors_start = .
 *(.ctors)
                0x00000116                __ctors_end = .
                0x00000116                __dtors_start = .
 *(.dtors)
                0x00000116                __dtors_end = .
 SORT(*)(.ctors)
 SORT(*)(.dtors)
 *(.init0)
 .init0         0x00000116        0x0 /usr/local/CrossPack-AVR-20131216/lib/gcc/avr/4.8.1/../../../../avr/lib/avr6/crtm2560.o
                0x00000116                __init
 *(.init0)
 *(.init1)
 *(.init1)
 *(.init2)
 .init2         0x00000116       0x10 /usr/local/CrossPack-AVR-20131216/lib/gcc/avr/4.8.1/../../../../avr/lib/avr6/crtm2560.o
 *(.init2)
 *(.init3)
 *(.init3)
 *(.init4)
 .init4         0x00000126       0x1a /usr/local/CrossPack-AVR-20131216/lib/gcc/avr/4.8.1/avr6/libgcc.a(_copy_data.o)
                0x00000126                __do_copy_data
 .init4         0x00000140       0x10 /usr/local/CrossPack-AVR-20131216/lib/gcc/avr/4.8.1/avr6/libgcc.a(_clear_bss.o)
                0x00000140                __do_clear_bss
 *(.init4)
 *(.init5)
 *(.init5)
 *(.init6)
 *(.init6)
 *(.init7)
 *(.init7)
 *(.init8)
 *(.init8)
 *(.init9)
 .init9         0x00000150        0x8 /usr/local/CrossPack-AVR-20131216/lib/gcc/avr/4.8.1/../../../../avr/lib/avr6/crtm2560.o
 *(.init9)
 *(.text)
 .text          0x00000158        0x4 /usr/local/CrossPack-AVR-20131216/lib/gcc/avr/4.8.1/../../../../avr/lib/avr6/crtm2560.o
                0x00000158                __vector_42
                0x00000158                __vector_22
                0x00000158                __vector_28
                0x00000158                __vector_1
                0x00000158                __vector_32
                0x00000158                __vector_34
                0x00000158                __vector_24
                0x00000158                __vector_12
                0x00000158                __vector_55
                0x00000158                __vector_46
                0x00000158                __bad_interrupt
                0x00000158                __vector_31
                0x00000158                __vector_35
                0x00000158                __vector_39
                0x00000158                __vector_3
                0x00000158                __vector_23
                0x00000158                __vector_30
                0x00000158                __vector_25
                0x00000158                __vector_11
                0x00000158                __vector_54
                0x00000158                __vector_13
                0x00000158                __vector_17
                0x00000158                __vector_19
                0x00000158                __vector_56
                0x00000158                __vector_7
                0x00000158                __vector_49
                0x00000158                __vector_41
                0x00000158                __vector_43
                0x00000158                __vector_27
                0x00000158                __vector_33
                0x00000158                __vector_47
                0x00000158                __vector_52
                0x00000158                __vector_37
                0x00000158                __vector_4
                0x00000158                __vector_44
                0x00000158                __vector_51
                0x00000158                __vector_9
                0x00000158                __vector_2
                0x00000158                __vector_21
                0x00000158                __vector_15
                0x00000158                __vector_36
                0x00000158                __vector_29
                0x00000158                __vector_40
                0x00000158                __vector_8
                0x00000158                __vector_26
                0x00000158                __vector_48
                0x00000158                __vector_14
                0x00000158                __vector_53
                0x00000158                __vector_10
                0x00000158                __vector_50
                0x00000158                __vector_16
                0x00000158                __vector_18
                0x00000158                __vector_20
                0x00000158                __vector_38
 .text          0x0000015c     0x29b4 timeline.o
                0x00000382                GetState
                0x00000388                SetState
                0x00000394                GetPizzaCounter
                0x0000039e                InsertOrder
                0x000004de                InsertPizza
                0x000004fe                CreatePizza
                0x00000586                CreateOrder
                0x000007de                InitTimeline
                0x00000922                GetTimeline
                0x0000092c                GetPizzas
                0x00000936                MissingOrderBeep
                0x00000948                GetNumDelayed
                0x00000d24                ConsiderCancel
                0x0000162a                GetNextOrder
                0x00001676                GetPizzaForOrder
                0x000016de                GetOrderForPizza
                0x0000174a                GetPizzaAtNode
                0x000017a8                GetAvailablePizzas
                0x00001a9a                DetectPizza
                0x00001d5c                IsPizzaAt
                0x00001dc4                FindPizzas
                0x00001f46                FreeTimeDecision
                0x00002242                DeliverPizzas
                0x00002730                NormalOperation
                0x00002990                TimelineControl
                0x00002a5a                Display
 .text          0x00002b10        0x0 app.o
 .text          0x00002b10      0x7d2 helpers.o
                0x00002b10                GetNodeToRight
                0x00002bb2                GetNodeToLeft
                0x00002c54                GetFirstPToRight
                0x00002d98                GetFirstPToLeft
                0x00002eda                GetFurthestPizzaNode
                0x00003232                CheckOverlap
                0x0000329e                GetCurrentTimeBlock
 .text          0x000032e2     0x4dce ../map/map.o
                0x000032e2                CheckNodeName
                0x000039d0                CreateNode
                0x00003aac                ConnectNodes
                0x00003b48                InitGraph
                0x000075f8                GetCurrentNode
                0x0000760c                DFSEval
                0x00007b36                GetNodeByName
                0x00007c48                IndexOfNode
                0x00007c80                UpdateNodeInArray
                0x00007ce4                GetCurveInfo
                0x00007cee                GetGraph
                0x00007cf8                GetRotationCost
                0x00007d08                RadToDeg
                0x00007d22                MakePositiveDeg
                0x00007d5e                MakePositiveRad
                0x00007db4                GetAngularVelocity
                0x00007f26                GetCurveDirection
 .text          0x000080b0      0x4fc ../hardware_control-avr/hardware_control.o
                0x000080b0                CurveTowards
                0x00008224                MoveBotToNode
 .text          0x000085ac      0x532 ../dijkstra/dijkstra.o
                0x000085ac                InitNodesDijkstra
                0x000085c8                GetLowestUndone
                0x00008668                Dijkstra
 .text          0x00008ade       0xaa ../bot_memory/bot_memory.o
                0x00008ade                InitBotInfo
                0x00008b7e                GetBotInfo
 .text          0x00008b88       0xd6 ../timer/timer.o
                0x00008b88                Timer4Init
                0x00008bc8                __vector_45
                0x00008c02                GetCurrentTime
                0x00008c0c                ResetTime
                0x00008c16                InitTimer
 .text          0x00008c5e       0x18 ../custom_delay/custom_delay.o
                0x00008c5e                CustomDelay
 .text          0x00008c76      0x8b8 ../lcd/lcd.o
                0x00008c76                LcdPortConfig
                0x00008c84                LcdPortInit
                0x00008c92                LcdInitDevices
                0x00008ca4                LcdSet4Bit
                0x00008d2c                LcdInit
                0x00008e74                LcdWrCommand
                0x00008ebe                LcdWrChar
                0x00008f08                LcdHome
                0x00008f44                LcdPrintf
                0x00009024                LcdString
                0x000090b8                LcdCursor
                0x00009126                LcdPrint
 .text          0x0000952e      0x4b4 ../move_bot/move_bot.o
                0x0000952e                MoveBotInitDevices
                0x0000953a                IsBlack
                0x0000954e                AngleRotate
                0x00009644                RotateBot
                0x0000982e                MoveBot
                0x000099ae                MoveBotForward
                0x000099de                MoveBotReverse
 .text          0x000099e2      0x98c ../pos_encoder/pos_encoder.o
                0x000099e2                PosEncoderMotionPinConfig
                0x00009a04                LeftEncoderPinConfig
                0x00009a0a                RightEncoderPinConfig
                0x00009a10                PosEncoderPortInit
                0x00009a3a                LeftPositionEncoderInterruptInit
                0x00009a4c                RightPositionEncoderInterruptInit
                0x00009a5e                PosEncoderTimer5Init
                0x00009a94                __vector_6
                0x00009ade                __vector_5
                0x00009b28                PosEncoderMotionSet
                0x00009b34                PosEncoderVelocity
                0x00009b3e                PosEncoderForward
                0x00009b48                PosEncoderBack
                0x00009b52                PosEncoderLeft
                0x00009b5c                PosEncoderRight
                0x00009b66                PosEncoderSoftLeft
                0x00009b70                PosEncoderSoftRight
                0x00009b7a                PosEncoderSoftLeft2
                0x00009b84                PosEncoderSoftRight2
                0x00009b8e                PosEncoderStop
                0x00009b96                PosEncoderAngleRotate
                0x00009c2c                PosEncoderLinearDistanceMm
                0x00009cbc                PosEncoderForwardMm
                0x00009d54                PosEncoderBackMm
                0x00009dec                PosEncoderLeftDegrees
                0x00009e8a                PosEncoderRightDegrees
                0x00009f28                PosEncoderSoftLeftDegrees
                0x00009fca                PosEncoderSoftRightDegrees
                0x0000a06c                PosEncoderSoftLeft2Degrees
                0x0000a10e                PosEncoderSoftRight2Degrees
                0x0000a1b0                PosEncoderInitDevices
                0x0000a1fa                PosEncoderRotateBot
                0x0000a326                ResetRightShaft
                0x0000a338                ResetLeftShaft
                0x0000a34a                GetShaftCountRight
                0x0000a35c                GetShaftCountLeft
 .text          0x0000a36e      0x13a ../bl_sensor/bl_sensor.o
                0x0000a36e                BlSensorAdcPinConfig
                0x0000a37c                BlSensorPortInit
                0x0000a38a                BlSensorTimer5Init
                0x0000a3c0                BlSensorAdcInit
                0x0000a3da                BlSensorAdcConversion
                0x0000a412                BlSensorGet
                0x0000a44a                BlSensorInitDevices
 .text          0x0000a4a8       0x5c ../fake_gcc_fns/fake_gcc_fns.o
                0x0000a4a8                printf
                0x0000a502                sleep
 .text          0x0000a504        0x0 /usr/local/CrossPack-AVR-20131216/lib/gcc/avr/4.8.1/../../../../avr/lib/avr6/libm.a(addsf3.o)
 .text          0x0000a504        0x0 /usr/local/CrossPack-AVR-20131216/lib/gcc/avr/4.8.1/../../../../avr/lib/avr6/libm.a(addsf3x.o)
 .text          0x0000a504        0x0 /usr/local/CrossPack-AVR-20131216/lib/gcc/avr/4.8.1/../../../../avr/lib/avr6/libm.a(atan2.o)
 .text          0x0000a504        0x0 /usr/local/CrossPack-AVR-20131216/lib/gcc/avr/4.8.1/../../../../avr/lib/avr6/libm.a(atan.o)
 .text          0x0000a504        0x0 /usr/local/CrossPack-AVR-20131216/lib/gcc/avr/4.8.1/../../../../avr/lib/avr6/libm.a(cmpsf2.o)
 .text          0x0000a504        0x0 /usr/local/CrossPack-AVR-20131216/lib/gcc/avr/4.8.1/../../../../avr/lib/avr6/libm.a(divsf3.o)
 .text          0x0000a504        0x0 /usr/local/CrossPack-AVR-20131216/lib/gcc/avr/4.8.1/../../../../avr/lib/avr6/libm.a(divsf3x.o)
 .text          0x0000a504        0x0 /usr/local/CrossPack-AVR-20131216/lib/gcc/avr/4.8.1/../../../../avr/lib/avr6/libm.a(fixsfsi.o)
 .text          0x0000a504        0x0 /usr/local/CrossPack-AVR-20131216/lib/gcc/avr/4.8.1/../../../../avr/lib/avr6/libm.a(fixunssfsi.o)
 .text          0x0000a504        0x0 /usr/local/CrossPack-AVR-20131216/lib/gcc/avr/4.8.1/../../../../avr/lib/avr6/libm.a(floatsisf.o)
 .text          0x0000a504        0x0 /usr/local/CrossPack-AVR-20131216/lib/gcc/avr/4.8.1/../../../../avr/lib/avr6/libm.a(fmod.o)
 .text          0x0000a504        0x0 /usr/local/CrossPack-AVR-20131216/lib/gcc/avr/4.8.1/../../../../avr/lib/avr6/libm.a(fp_cmp.o)
 .text          0x0000a504        0x0 /usr/local/CrossPack-AVR-20131216/lib/gcc/avr/4.8.1/../../../../avr/lib/avr6/libm.a(fp_inf.o)
 .text          0x0000a504        0x0 /usr/local/CrossPack-AVR-20131216/lib/gcc/avr/4.8.1/../../../../avr/lib/avr6/libm.a(fp_mpack.o)
 .text          0x0000a504        0x0 /usr/local/CrossPack-AVR-20131216/lib/gcc/avr/4.8.1/../../../../avr/lib/avr6/libm.a(fp_nan.o)
 .text          0x0000a504        0x0 /usr/local/CrossPack-AVR-20131216/lib/gcc/avr/4.8.1/../../../../avr/lib/avr6/libm.a(fp_powser.o)
 .text          0x0000a504        0x0 /usr/local/CrossPack-AVR-20131216/lib/gcc/avr/4.8.1/../../../../avr/lib/avr6/libm.a(fp_pscA.o)
 .text          0x0000a504        0x0 /usr/local/CrossPack-AVR-20131216/lib/gcc/avr/4.8.1/../../../../avr/lib/avr6/libm.a(fp_pscB.o)
 .text          0x0000a504        0x0 /usr/local/CrossPack-AVR-20131216/lib/gcc/avr/4.8.1/../../../../avr/lib/avr6/libm.a(fp_round.o)
 .text          0x0000a504        0x0 /usr/local/CrossPack-AVR-20131216/lib/gcc/avr/4.8.1/../../../../avr/lib/avr6/libm.a(fp_split3.o)
 .text          0x0000a504        0x0 /usr/local/CrossPack-AVR-20131216/lib/gcc/avr/4.8.1/../../../../avr/lib/avr6/libm.a(fp_zero.o)
 .text          0x0000a504        0x0 /usr/local/CrossPack-AVR-20131216/lib/gcc/avr/4.8.1/../../../../avr/lib/avr6/libm.a(gesf2.o)
 .text          0x0000a504        0x0 /usr/local/CrossPack-AVR-20131216/lib/gcc/avr/4.8.1/../../../../avr/lib/avr6/libm.a(inverse.o)
 .text          0x0000a504        0x0 /usr/local/CrossPack-AVR-20131216/lib/gcc/avr/4.8.1/../../../../avr/lib/avr6/libm.a(mulsf3.o)
 .text          0x0000a504        0x0 /usr/local/CrossPack-AVR-20131216/lib/gcc/avr/4.8.1/../../../../avr/lib/avr6/libm.a(mulsf3x.o)
 .text          0x0000a504        0x0 /usr/local/CrossPack-AVR-20131216/lib/gcc/avr/4.8.1/../../../../avr/lib/avr6/libm.a(sqrt.o)
 .text          0x0000a504        0x0 /usr/local/CrossPack-AVR-20131216/lib/gcc/avr/4.8.1/../../../../avr/lib/avr6/libm.a(square.o)
 .text          0x0000a504        0x0 /usr/local/CrossPack-AVR-20131216/lib/gcc/avr/4.8.1/../../../../avr/lib/avr6/libm.a(fp_norm2.o)
 .text          0x0000a504        0x0 /usr/local/CrossPack-AVR-20131216/lib/gcc/avr/4.8.1/avr6/libgcc.a(_udivmodqi4.o)
 .text          0x0000a504        0x0 /usr/local/CrossPack-AVR-20131216/lib/gcc/avr/4.8.1/avr6/libgcc.a(_exit.o)
 .text          0x0000a504        0x0 /usr/local/CrossPack-AVR-20131216/lib/gcc/avr/4.8.1/avr6/libgcc.a(_copy_data.o)
 .text          0x0000a504        0x0 /usr/local/CrossPack-AVR-20131216/lib/gcc/avr/4.8.1/avr6/libgcc.a(_clear_bss.o)
 .text          0x0000a504        0x0 /usr/local/CrossPack-AVR-20131216/lib/gcc/avr/4.8.1/avr6/libgcc.a(_umulhisi3.o)
 .text          0x0000a504        0x0 /usr/local/CrossPack-AVR-20131216/lib/gcc/avr/4.8.1/../../../../avr/lib/avr6/libc.a(malloc.o)
 .text          0x0000a504        0x0 /usr/local/CrossPack-AVR-20131216/lib/gcc/avr/4.8.1/../../../../avr/lib/avr6/libc.a(strcmp.o)
 .text          0x0000a504        0x0 /usr/local/CrossPack-AVR-20131216/lib/gcc/avr/4.8.1/../../../../avr/lib/avr6/libc.a(puts.o)
 .text          0x0000a504        0x0 /usr/local/CrossPack-AVR-20131216/lib/gcc/avr/4.8.1/../../../../avr/lib/avr6/libc.a(vsnprintf.o)
 .text          0x0000a504        0x0 /usr/local/CrossPack-AVR-20131216/lib/gcc/avr/4.8.1/../../../../avr/lib/avr6/libc.a(vfprintf_std.o)
 .text          0x0000a504        0x0 /usr/local/CrossPack-AVR-20131216/lib/gcc/avr/4.8.1/../../../../avr/lib/avr6/libc.a(strnlen_P.o)
 .text          0x0000a504        0x0 /usr/local/CrossPack-AVR-20131216/lib/gcc/avr/4.8.1/../../../../avr/lib/avr6/libc.a(strnlen.o)
 .text          0x0000a504        0x0 /usr/local/CrossPack-AVR-20131216/lib/gcc/avr/4.8.1/../../../../avr/lib/avr6/libc.a(fputc.o)
 .text          0x0000a504        0x0 /usr/local/CrossPack-AVR-20131216/lib/gcc/avr/4.8.1/../../../../avr/lib/avr6/libc.a(iob.o)
 .text          0x0000a504        0x0 /usr/local/CrossPack-AVR-20131216/lib/gcc/avr/4.8.1/../../../../avr/lib/avr6/libc.a(ultoa_invert.o)
                0x0000a504                . = ALIGN (0x2)
 *(.text.*)
 .text.startup  0x0000a504       0x98 app.o
                0x0000a504                main
 .text.avr-libc.fplib
                0x0000a59c        0xa /usr/local/CrossPack-AVR-20131216/lib/gcc/avr/4.8.1/../../../../avr/lib/avr6/libm.a(addsf3.o)
                0x0000a59c                __subsf3
                0x0000a59e                __addsf3
 .text.avr-libc.fplib
                0x0000a5a6       0xc0 /usr/local/CrossPack-AVR-20131216/lib/gcc/avr/4.8.1/../../../../avr/lib/avr6/libm.a(addsf3x.o)
                0x0000a5c0                __addsf3x
 .text.avr-libc.fplib
                0x0000a666       0x74 /usr/local/CrossPack-AVR-20131216/lib/gcc/avr/4.8.1/../../../../avr/lib/avr6/libm.a(atan2.o)
                0x0000a684                atan2
 .text.avr-libc.fplib
                0x0000a6da       0x50 /usr/local/CrossPack-AVR-20131216/lib/gcc/avr/4.8.1/../../../../avr/lib/avr6/libm.a(atan.o)
                0x0000a6da                atan
 .text.avr-libc.fplib
                0x0000a72a        0x8 /usr/local/CrossPack-AVR-20131216/lib/gcc/avr/4.8.1/../../../../avr/lib/avr6/libm.a(cmpsf2.o)
                0x0000a72a                __lesf2
                0x0000a72a                __nesf2
                0x0000a72a                __eqsf2
                0x0000a72a                __cmpsf2
                0x0000a72a                __ltsf2
 .text.avr-libc.fplib
                0x0000a732        0x4 /usr/local/CrossPack-AVR-20131216/lib/gcc/avr/4.8.1/../../../../avr/lib/avr6/libm.a(divsf3.o)
                0x0000a732                __divsf3
 .text.avr-libc.fplib
                0x0000a736       0xcc /usr/local/CrossPack-AVR-20131216/lib/gcc/avr/4.8.1/../../../../avr/lib/avr6/libm.a(divsf3x.o)
                0x0000a74c                __divsf3x
                0x0000a750                __divsf3_pse
 .text.avr-libc.fplib
                0x0000a802        0xa /usr/local/CrossPack-AVR-20131216/lib/gcc/avr/4.8.1/../../../../avr/lib/avr6/libm.a(fixsfsi.o)
                0x0000a802                __fixsfsi
 .text.avr-libc.fplib
                0x0000a80c       0x58 /usr/local/CrossPack-AVR-20131216/lib/gcc/avr/4.8.1/../../../../avr/lib/avr6/libm.a(fixunssfsi.o)
                0x0000a80c                __fixunssfsi
 .text.avr-libc.fplib
                0x0000a864       0x7a /usr/local/CrossPack-AVR-20131216/lib/gcc/avr/4.8.1/../../../../avr/lib/avr6/libm.a(floatsisf.o)
                0x0000a864                __floatunsisf
                0x0000a868                __floatsisf
 .text.avr-libc.fplib
                0x0000a8de       0x9c /usr/local/CrossPack-AVR-20131216/lib/gcc/avr/4.8.1/../../../../avr/lib/avr6/libm.a(fmod.o)
                0x0000a8ec                fmod
 .text.avr-libc.fplib
                0x0000a97a       0x48 /usr/local/CrossPack-AVR-20131216/lib/gcc/avr/4.8.1/../../../../avr/lib/avr6/libm.a(fp_cmp.o)
                0x0000a97a                __fp_cmp
 .text.avr-libc.fplib
                0x0000a9c2        0xc /usr/local/CrossPack-AVR-20131216/lib/gcc/avr/4.8.1/../../../../avr/lib/avr6/libm.a(fp_inf.o)
                0x0000a9c2                __fp_inf
 .text.avr-libc.fplib
                0x0000a9ce       0x1c /usr/local/CrossPack-AVR-20131216/lib/gcc/avr/4.8.1/../../../../avr/lib/avr6/libm.a(fp_mpack.o)
                0x0000a9ce                __fp_mpack
                0x0000a9d2                __fp_mpack_finite
 .text.avr-libc.fplib
                0x0000a9ea        0x6 /usr/local/CrossPack-AVR-20131216/lib/gcc/avr/4.8.1/../../../../avr/lib/avr6/libm.a(fp_nan.o)
                0x0000a9ea                __fp_nan
 .text.avr-libc.fplib
                0x0000a9f0       0x4a /usr/local/CrossPack-AVR-20131216/lib/gcc/avr/4.8.1/../../../../avr/lib/avr6/libm.a(fp_powser.o)
                0x0000a9f0                __fp_powser
 .text.avr-libc.fplib
                0x0000aa3a        0xe /usr/local/CrossPack-AVR-20131216/lib/gcc/avr/4.8.1/../../../../avr/lib/avr6/libm.a(fp_pscA.o)
                0x0000aa3a                __fp_pscA
 .text.avr-libc.fplib
                0x0000aa48        0xe /usr/local/CrossPack-AVR-20131216/lib/gcc/avr/4.8.1/../../../../avr/lib/avr6/libm.a(fp_pscB.o)
                0x0000aa48                __fp_pscB
 .text.avr-libc.fplib
                0x0000aa56       0x22 /usr/local/CrossPack-AVR-20131216/lib/gcc/avr/4.8.1/../../../../avr/lib/avr6/libm.a(fp_round.o)
                0x0000aa56                __fp_round
 .text.avr-libc.fplib
                0x0000aa78       0x44 /usr/local/CrossPack-AVR-20131216/lib/gcc/avr/4.8.1/../../../../avr/lib/avr6/libm.a(fp_split3.o)
                0x0000aa78                __fp_split3
                0x0000aa88                __fp_splitA
 .text.avr-libc.fplib
                0x0000aabc        0xe /usr/local/CrossPack-AVR-20131216/lib/gcc/avr/4.8.1/../../../../avr/lib/avr6/libm.a(fp_zero.o)
                0x0000aabc                __fp_zero
                0x0000aabe                __fp_szero
 .text.avr-libc.fplib
                0x0000aaca        0x8 /usr/local/CrossPack-AVR-20131216/lib/gcc/avr/4.8.1/../../../../avr/lib/avr6/libm.a(gesf2.o)
                0x0000aaca                __gtsf2
                0x0000aaca                __gesf2
 .text.avr-libc.fplib
                0x0000aad2        0xe /usr/local/CrossPack-AVR-20131216/lib/gcc/avr/4.8.1/../../../../avr/lib/avr6/libm.a(inverse.o)
                0x0000aad2                inverse
 .text.avr-libc.fplib
                0x0000aae0        0x4 /usr/local/CrossPack-AVR-20131216/lib/gcc/avr/4.8.1/../../../../avr/lib/avr6/libm.a(mulsf3.o)
                0x0000aae0                __mulsf3
 .text.avr-libc.fplib
                0x0000aae4       0xc2 /usr/local/CrossPack-AVR-20131216/lib/gcc/avr/4.8.1/../../../../avr/lib/avr6/libm.a(mulsf3x.o)
                0x0000aaf8                __mulsf3x
                0x0000aafc                __mulsf3_pse
 .text.avr-libc.fplib
                0x0000aba6       0x84 /usr/local/CrossPack-AVR-20131216/lib/gcc/avr/4.8.1/../../../../avr/lib/avr6/libm.a(sqrt.o)
                0x0000abae                sqrt
 .text.avr-libc.fplib
                0x0000ac2a        0x6 /usr/local/CrossPack-AVR-20131216/lib/gcc/avr/4.8.1/../../../../avr/lib/avr6/libm.a(square.o)
                0x0000ac2a                square
 .text.avr-libc.fplib
                0x0000ac30        0xe /usr/local/CrossPack-AVR-20131216/lib/gcc/avr/4.8.1/../../../../avr/lib/avr6/libm.a(fp_norm2.o)
                0x0000ac30                __fp_norm2
 .text.libgcc.mul
                0x0000ac3e        0x0 /usr/local/CrossPack-AVR-20131216/lib/gcc/avr/4.8.1/avr6/libgcc.a(_udivmodqi4.o)
 .text.libgcc.div
                0x0000ac3e       0x18 /usr/local/CrossPack-AVR-20131216/lib/gcc/avr/4.8.1/avr6/libgcc.a(_udivmodqi4.o)
                0x0000ac3e                __udivmodqi4
 .text.libgcc   0x0000ac56        0x0 /usr/local/CrossPack-AVR-20131216/lib/gcc/avr/4.8.1/avr6/libgcc.a(_udivmodqi4.o)
 .text.libgcc.prologue
                0x0000ac56        0x0 /usr/local/CrossPack-AVR-20131216/lib/gcc/avr/4.8.1/avr6/libgcc.a(_udivmodqi4.o)
 .text.libgcc.builtins
                0x0000ac56        0x0 /usr/local/CrossPack-AVR-20131216/lib/gcc/avr/4.8.1/avr6/libgcc.a(_udivmodqi4.o)
 .text.libgcc.fmul
                0x0000ac56        0x0 /usr/local/CrossPack-AVR-20131216/lib/gcc/avr/4.8.1/avr6/libgcc.a(_udivmodqi4.o)
 .text.libgcc.fixed
                0x0000ac56        0x0 /usr/local/CrossPack-AVR-20131216/lib/gcc/avr/4.8.1/avr6/libgcc.a(_udivmodqi4.o)
 .text.libgcc.mul
                0x0000ac56        0x0 /usr/local/CrossPack-AVR-20131216/lib/gcc/avr/4.8.1/avr6/libgcc.a(_exit.o)
 .text.libgcc.div
                0x0000ac56        0x0 /usr/local/CrossPack-AVR-20131216/lib/gcc/avr/4.8.1/avr6/libgcc.a(_exit.o)
 .text.libgcc   0x0000ac56        0x0 /usr/local/CrossPack-AVR-20131216/lib/gcc/avr/4.8.1/avr6/libgcc.a(_exit.o)
 .text.libgcc.prologue
                0x0000ac56        0x0 /usr/local/CrossPack-AVR-20131216/lib/gcc/avr/4.8.1/avr6/libgcc.a(_exit.o)
 .text.libgcc.builtins
                0x0000ac56        0x0 /usr/local/CrossPack-AVR-20131216/lib/gcc/avr/4.8.1/avr6/libgcc.a(_exit.o)
 .text.libgcc.fmul
                0x0000ac56        0x0 /usr/local/CrossPack-AVR-20131216/lib/gcc/avr/4.8.1/avr6/libgcc.a(_exit.o)
 .text.libgcc.fixed
                0x0000ac56        0x0 /usr/local/CrossPack-AVR-20131216/lib/gcc/avr/4.8.1/avr6/libgcc.a(_exit.o)
 .text.libgcc.mul
                0x0000ac56        0x0 /usr/local/CrossPack-AVR-20131216/lib/gcc/avr/4.8.1/avr6/libgcc.a(_copy_data.o)
 .text.libgcc.div
                0x0000ac56        0x0 /usr/local/CrossPack-AVR-20131216/lib/gcc/avr/4.8.1/avr6/libgcc.a(_copy_data.o)
 .text.libgcc   0x0000ac56        0x0 /usr/local/CrossPack-AVR-20131216/lib/gcc/avr/4.8.1/avr6/libgcc.a(_copy_data.o)
 .text.libgcc.prologue
                0x0000ac56        0x0 /usr/local/CrossPack-AVR-20131216/lib/gcc/avr/4.8.1/avr6/libgcc.a(_copy_data.o)
 .text.libgcc.builtins
                0x0000ac56        0x0 /usr/local/CrossPack-AVR-20131216/lib/gcc/avr/4.8.1/avr6/libgcc.a(_copy_data.o)
 .text.libgcc.fmul
                0x0000ac56        0x0 /usr/local/CrossPack-AVR-20131216/lib/gcc/avr/4.8.1/avr6/libgcc.a(_copy_data.o)
 .text.libgcc.fixed
                0x0000ac56        0x0 /usr/local/CrossPack-AVR-20131216/lib/gcc/avr/4.8.1/avr6/libgcc.a(_copy_data.o)
 .text.libgcc.mul
                0x0000ac56        0x0 /usr/local/CrossPack-AVR-20131216/lib/gcc/avr/4.8.1/avr6/libgcc.a(_clear_bss.o)
 .text.libgcc.div
                0x0000ac56        0x0 /usr/local/CrossPack-AVR-20131216/lib/gcc/avr/4.8.1/avr6/libgcc.a(_clear_bss.o)
 .text.libgcc   0x0000ac56        0x0 /usr/local/CrossPack-AVR-20131216/lib/gcc/avr/4.8.1/avr6/libgcc.a(_clear_bss.o)
 .text.libgcc.prologue
                0x0000ac56        0x0 /usr/local/CrossPack-AVR-20131216/lib/gcc/avr/4.8.1/avr6/libgcc.a(_clear_bss.o)
 .text.libgcc.builtins
                0x0000ac56        0x0 /usr/local/CrossPack-AVR-20131216/lib/gcc/avr/4.8.1/avr6/libgcc.a(_clear_bss.o)
 .text.libgcc.fmul
                0x0000ac56        0x0 /usr/local/CrossPack-AVR-20131216/lib/gcc/avr/4.8.1/avr6/libgcc.a(_clear_bss.o)
 .text.libgcc.fixed
                0x0000ac56        0x0 /usr/local/CrossPack-AVR-20131216/lib/gcc/avr/4.8.1/avr6/libgcc.a(_clear_bss.o)
 .text.libgcc.mul
                0x0000ac56       0x1e /usr/local/CrossPack-AVR-20131216/lib/gcc/avr/4.8.1/avr6/libgcc.a(_umulhisi3.o)
                0x0000ac56                __umulhisi3
 .text.libgcc.div
                0x0000ac74        0x0 /usr/local/CrossPack-AVR-20131216/lib/gcc/avr/4.8.1/avr6/libgcc.a(_umulhisi3.o)
 .text.libgcc   0x0000ac74        0x0 /usr/local/CrossPack-AVR-20131216/lib/gcc/avr/4.8.1/avr6/libgcc.a(_umulhisi3.o)
 .text.libgcc.prologue
                0x0000ac74        0x0 /usr/local/CrossPack-AVR-20131216/lib/gcc/avr/4.8.1/avr6/libgcc.a(_umulhisi3.o)
 .text.libgcc.builtins
                0x0000ac74        0x0 /usr/local/CrossPack-AVR-20131216/lib/gcc/avr/4.8.1/avr6/libgcc.a(_umulhisi3.o)
 .text.libgcc.fmul
                0x0000ac74        0x0 /usr/local/CrossPack-AVR-20131216/lib/gcc/avr/4.8.1/avr6/libgcc.a(_umulhisi3.o)
 .text.libgcc.fixed
                0x0000ac74        0x0 /usr/local/CrossPack-AVR-20131216/lib/gcc/avr/4.8.1/avr6/libgcc.a(_umulhisi3.o)
 .text.avr-libc
                0x0000ac74      0x24e /usr/local/CrossPack-AVR-20131216/lib/gcc/avr/4.8.1/../../../../avr/lib/avr6/libc.a(malloc.o)
                0x0000ac74                malloc
                0x0000ada4                free
 .text.avr-libc
                0x0000aec2       0x12 /usr/local/CrossPack-AVR-20131216/lib/gcc/avr/4.8.1/../../../../avr/lib/avr6/libc.a(strcmp.o)
                0x0000aec2                strcmp
 .text.avr-libc
                0x0000aed4       0x5a /usr/local/CrossPack-AVR-20131216/lib/gcc/avr/4.8.1/../../../../avr/lib/avr6/libc.a(puts.o)
                0x0000aed4                puts
 .text.avr-libc
                0x0000af2e       0x72 /usr/local/CrossPack-AVR-20131216/lib/gcc/avr/4.8.1/../../../../avr/lib/avr6/libc.a(vsnprintf.o)
                0x0000af2e                vsnprintf
 .text.avr-libc
                0x0000afa0      0x3f6 /usr/local/CrossPack-AVR-20131216/lib/gcc/avr/4.8.1/../../../../avr/lib/avr6/libc.a(vfprintf_std.o)
                0x0000afa0                vfprintf
 .text.avr-libc
                0x0000b396       0x16 /usr/local/CrossPack-AVR-20131216/lib/gcc/avr/4.8.1/../../../../avr/lib/avr6/libc.a(strnlen_P.o)
                0x0000b396                strnlen_P
 .text.avr-libc
                0x0000b3ac       0x16 /usr/local/CrossPack-AVR-20131216/lib/gcc/avr/4.8.1/../../../../avr/lib/avr6/libc.a(strnlen.o)
                0x0000b3ac                strnlen
 .text.avr-libc
                0x0000b3c2       0x64 /usr/local/CrossPack-AVR-20131216/lib/gcc/avr/4.8.1/../../../../avr/lib/avr6/libc.a(fputc.o)
                0x0000b3c2                fputc
 .text.avr-libc
                0x0000b426       0xbc /usr/local/CrossPack-AVR-20131216/lib/gcc/avr/4.8.1/../../../../avr/lib/avr6/libc.a(ultoa_invert.o)
                0x0000b426                __ultoa_invert
                0x0000b4e2                . = ALIGN (0x2)
 *(.fini9)
 .fini9         0x0000b4e2        0x0 /usr/local/CrossPack-AVR-20131216/lib/gcc/avr/4.8.1/avr6/libgcc.a(_exit.o)
                0x0000b4e2                exit
                0x0000b4e2                _exit
 *(.fini9)
 *(.fini8)
 *(.fini8)
 *(.fini7)
 *(.fini7)
 *(.fini6)
 *(.fini6)
 *(.fini5)
 *(.fini5)
 *(.fini4)
 *(.fini4)
 *(.fini3)
 *(.fini3)
 *(.fini2)
 *(.fini2)
 *(.fini1)
 *(.fini1)
 *(.fini0)
 .fini0         0x0000b4e2        0x4 /usr/local/CrossPack-AVR-20131216/lib/gcc/avr/4.8.1/avr6/libgcc.a(_exit.o)
 *(.fini0)
                0x0000b4e6                _etext = .

.data           0x00800200      0x3fc load address 0x0000b4e6
                0x00800200                PROVIDE (__data_start, .)
 *(.data)
 .data          0x00800200        0x0 /usr/local/CrossPack-AVR-20131216/lib/gcc/avr/4.8.1/../../../../avr/lib/avr6/crtm2560.o
 .data          0x00800200       0x17 timeline.o
                0x00800200                fake_len
                0x00800202                fake_block_sizes
                0x0080020c                fake_colours
                0x00800216                cur_state
 .data          0x00800217        0x0 app.o
 .data          0x00800217        0x0 helpers.o
 .data          0x00800217        0x0 ../map/map.o
 .data          0x00800217        0x0 ../hardware_control-avr/hardware_control.o
 .data          0x00800217        0x0 ../dijkstra/dijkstra.o
 .data          0x00800217        0x0 ../bot_memory/bot_memory.o
 .data          0x00800217        0x0 ../timer/timer.o
 .data          0x00800217        0x0 ../custom_delay/custom_delay.o
 .data          0x00800217        0x0 ../lcd/lcd.o
 .data          0x00800217        0x1 ../move_bot/move_bot.o
                0x00800217                correction_val
 .data          0x00800218        0x0 ../pos_encoder/pos_encoder.o
 .data          0x00800218        0x0 ../bl_sensor/bl_sensor.o
 .data          0x00800218        0x0 ../fake_gcc_fns/fake_gcc_fns.o
 .data          0x00800218        0x0 /usr/local/CrossPack-AVR-20131216/lib/gcc/avr/4.8.1/../../../../avr/lib/avr6/libm.a(addsf3.o)
 .data          0x00800218        0x0 /usr/local/CrossPack-AVR-20131216/lib/gcc/avr/4.8.1/../../../../avr/lib/avr6/libm.a(addsf3x.o)
 .data          0x00800218        0x0 /usr/local/CrossPack-AVR-20131216/lib/gcc/avr/4.8.1/../../../../avr/lib/avr6/libm.a(atan2.o)
 .data          0x00800218        0x0 /usr/local/CrossPack-AVR-20131216/lib/gcc/avr/4.8.1/../../../../avr/lib/avr6/libm.a(atan.o)
 .data          0x00800218        0x0 /usr/local/CrossPack-AVR-20131216/lib/gcc/avr/4.8.1/../../../../avr/lib/avr6/libm.a(cmpsf2.o)
 .data          0x00800218        0x0 /usr/local/CrossPack-AVR-20131216/lib/gcc/avr/4.8.1/../../../../avr/lib/avr6/libm.a(divsf3.o)
 .data          0x00800218        0x0 /usr/local/CrossPack-AVR-20131216/lib/gcc/avr/4.8.1/../../../../avr/lib/avr6/libm.a(divsf3x.o)
 .data          0x00800218        0x0 /usr/local/CrossPack-AVR-20131216/lib/gcc/avr/4.8.1/../../../../avr/lib/avr6/libm.a(fixsfsi.o)
 .data          0x00800218        0x0 /usr/local/CrossPack-AVR-20131216/lib/gcc/avr/4.8.1/../../../../avr/lib/avr6/libm.a(fixunssfsi.o)
 .data          0x00800218        0x0 /usr/local/CrossPack-AVR-20131216/lib/gcc/avr/4.8.1/../../../../avr/lib/avr6/libm.a(floatsisf.o)
 .data          0x00800218        0x0 /usr/local/CrossPack-AVR-20131216/lib/gcc/avr/4.8.1/../../../../avr/lib/avr6/libm.a(fmod.o)
 .data          0x00800218        0x0 /usr/local/CrossPack-AVR-20131216/lib/gcc/avr/4.8.1/../../../../avr/lib/avr6/libm.a(fp_cmp.o)
 .data          0x00800218        0x0 /usr/local/CrossPack-AVR-20131216/lib/gcc/avr/4.8.1/../../../../avr/lib/avr6/libm.a(fp_inf.o)
 .data          0x00800218        0x0 /usr/local/CrossPack-AVR-20131216/lib/gcc/avr/4.8.1/../../../../avr/lib/avr6/libm.a(fp_mpack.o)
 .data          0x00800218        0x0 /usr/local/CrossPack-AVR-20131216/lib/gcc/avr/4.8.1/../../../../avr/lib/avr6/libm.a(fp_nan.o)
 .data          0x00800218        0x0 /usr/local/CrossPack-AVR-20131216/lib/gcc/avr/4.8.1/../../../../avr/lib/avr6/libm.a(fp_powser.o)
 .data          0x00800218        0x0 /usr/local/CrossPack-AVR-20131216/lib/gcc/avr/4.8.1/../../../../avr/lib/avr6/libm.a(fp_pscA.o)
 .data          0x00800218        0x0 /usr/local/CrossPack-AVR-20131216/lib/gcc/avr/4.8.1/../../../../avr/lib/avr6/libm.a(fp_pscB.o)
 .data          0x00800218        0x0 /usr/local/CrossPack-AVR-20131216/lib/gcc/avr/4.8.1/../../../../avr/lib/avr6/libm.a(fp_round.o)
 .data          0x00800218        0x0 /usr/local/CrossPack-AVR-20131216/lib/gcc/avr/4.8.1/../../../../avr/lib/avr6/libm.a(fp_split3.o)
 .data          0x00800218        0x0 /usr/local/CrossPack-AVR-20131216/lib/gcc/avr/4.8.1/../../../../avr/lib/avr6/libm.a(fp_zero.o)
 .data          0x00800218        0x0 /usr/local/CrossPack-AVR-20131216/lib/gcc/avr/4.8.1/../../../../avr/lib/avr6/libm.a(gesf2.o)
 .data          0x00800218        0x0 /usr/local/CrossPack-AVR-20131216/lib/gcc/avr/4.8.1/../../../../avr/lib/avr6/libm.a(inverse.o)
 .data          0x00800218        0x0 /usr/local/CrossPack-AVR-20131216/lib/gcc/avr/4.8.1/../../../../avr/lib/avr6/libm.a(mulsf3.o)
 .data          0x00800218        0x0 /usr/local/CrossPack-AVR-20131216/lib/gcc/avr/4.8.1/../../../../avr/lib/avr6/libm.a(mulsf3x.o)
 .data          0x00800218        0x0 /usr/local/CrossPack-AVR-20131216/lib/gcc/avr/4.8.1/../../../../avr/lib/avr6/libm.a(sqrt.o)
 .data          0x00800218        0x0 /usr/local/CrossPack-AVR-20131216/lib/gcc/avr/4.8.1/../../../../avr/lib/avr6/libm.a(square.o)
 .data          0x00800218        0x0 /usr/local/CrossPack-AVR-20131216/lib/gcc/avr/4.8.1/../../../../avr/lib/avr6/libm.a(fp_norm2.o)
 .data          0x00800218        0x0 /usr/local/CrossPack-AVR-20131216/lib/gcc/avr/4.8.1/avr6/libgcc.a(_udivmodqi4.o)
 .data          0x00800218        0x0 /usr/local/CrossPack-AVR-20131216/lib/gcc/avr/4.8.1/avr6/libgcc.a(_exit.o)
 .data          0x00800218        0x0 /usr/local/CrossPack-AVR-20131216/lib/gcc/avr/4.8.1/avr6/libgcc.a(_copy_data.o)
 .data          0x00800218        0x0 /usr/local/CrossPack-AVR-20131216/lib/gcc/avr/4.8.1/avr6/libgcc.a(_clear_bss.o)
 .data          0x00800218        0x0 /usr/local/CrossPack-AVR-20131216/lib/gcc/avr/4.8.1/avr6/libgcc.a(_umulhisi3.o)
 .data          0x00800218        0x6 /usr/local/CrossPack-AVR-20131216/lib/gcc/avr/4.8.1/../../../../avr/lib/avr6/libc.a(malloc.o)
                0x00800218                __malloc_heap_end
                0x0080021a                __malloc_heap_start
                0x0080021c                __malloc_margin
 .data          0x0080021e        0x0 /usr/local/CrossPack-AVR-20131216/lib/gcc/avr/4.8.1/../../../../avr/lib/avr6/libc.a(strcmp.o)
 .data          0x0080021e        0x0 /usr/local/CrossPack-AVR-20131216/lib/gcc/avr/4.8.1/../../../../avr/lib/avr6/libc.a(puts.o)
 .data          0x0080021e        0x0 /usr/local/CrossPack-AVR-20131216/lib/gcc/avr/4.8.1/../../../../avr/lib/avr6/libc.a(vsnprintf.o)
 .data          0x0080021e        0x0 /usr/local/CrossPack-AVR-20131216/lib/gcc/avr/4.8.1/../../../../avr/lib/avr6/libc.a(vfprintf_std.o)
 .data          0x0080021e        0x0 /usr/local/CrossPack-AVR-20131216/lib/gcc/avr/4.8.1/../../../../avr/lib/avr6/libc.a(strnlen_P.o)
 .data          0x0080021e        0x0 /usr/local/CrossPack-AVR-20131216/lib/gcc/avr/4.8.1/../../../../avr/lib/avr6/libc.a(strnlen.o)
 .data          0x0080021e        0x0 /usr/local/CrossPack-AVR-20131216/lib/gcc/avr/4.8.1/../../../../avr/lib/avr6/libc.a(fputc.o)
 .data          0x0080021e        0x0 /usr/local/CrossPack-AVR-20131216/lib/gcc/avr/4.8.1/../../../../avr/lib/avr6/libc.a(iob.o)
 .data          0x0080021e        0x0 /usr/local/CrossPack-AVR-20131216/lib/gcc/avr/4.8.1/../../../../avr/lib/avr6/libc.a(ultoa_invert.o)
 *(.data*)
 *(.rodata)
 .rodata        0x0080021e        0x4 timeline.o
                0x0080021e                GUARANTEED_PERIOD
                0x00800220                MAX_ORDERS
 .rodata        0x00800222        0x2 ../move_bot/move_bot.o
                0x00800222                rotation_threshold
 *(.rodata*)
 .rodata.str1.1
                0x00800224      0x275 timeline.o
 .rodata.str1.1
                0x00800499        0xd app.o
 .rodata.str1.1
                0x008004a6      0x103 ../map/map.o
                                0x11a (size before relaxing)
 .rodata.str1.1
                0x008005a9        0x6 ../hardware_control-avr/hardware_control.o
 .rodata.str1.1
                0x008005af       0x4d ../dijkstra/dijkstra.o
 *(.gnu.linkonce.d*)
                0x008005fc                . = ALIGN (0x2)
                0x008005fc                _edata = .
                0x008005fc                PROVIDE (__data_end, .)

.bss            0x008005fc       0x51
                0x008005fc                PROVIDE (__bss_start, .)
 *(.bss)
 .bss           0x008005fc        0x0 /usr/local/CrossPack-AVR-20131216/lib/gcc/avr/4.8.1/../../../../avr/lib/avr6/crtm2560.o
 .bss           0x008005fc        0x8 timeline.o
                0x008005fc                fake_i
                0x008005fe                orders_completed
                0x00800600                total_orders
                0x00800602                total_pizzas
 .bss           0x00800604        0x0 app.o
 .bss           0x00800604        0x0 helpers.o
 .bss           0x00800604        0x0 ../map/map.o
 .bss           0x00800604        0x0 ../hardware_control-avr/hardware_control.o
 .bss           0x00800604        0x0 ../dijkstra/dijkstra.o
 .bss           0x00800604        0x0 ../bot_memory/bot_memory.o
 .bss           0x00800604        0x2 ../timer/timer.o
                0x00800604                time_count
 .bss           0x00800606        0x0 ../custom_delay/custom_delay.o
 .bss           0x00800606        0x0 ../lcd/lcd.o
 .bss           0x00800606        0x9 ../move_bot/move_bot.o
                0x00800606                last_right
                0x00800608                last_center
                0x0080060a                last_left
                0x0080060c                right_black_line
                0x0080060d                center_black_line
                0x0080060e                left_black_line
 .bss           0x0080060f        0x8 ../pos_encoder/pos_encoder.o
                0x0080060f                ShaftCountRight
                0x00800613                ShaftCountLeft
 .bss           0x00800617        0x4 ../bl_sensor/bl_sensor.o
                0x00800617                Right_black_line
                0x00800618                Center_black_line
                0x00800619                Left_black_line
                0x0080061a                flag
 .bss           0x0080061b        0x0 ../fake_gcc_fns/fake_gcc_fns.o
 .bss           0x0080061b        0x0 /usr/local/CrossPack-AVR-20131216/lib/gcc/avr/4.8.1/../../../../avr/lib/avr6/libm.a(addsf3.o)
 .bss           0x0080061b        0x0 /usr/local/CrossPack-AVR-20131216/lib/gcc/avr/4.8.1/../../../../avr/lib/avr6/libm.a(addsf3x.o)
 .bss           0x0080061b        0x0 /usr/local/CrossPack-AVR-20131216/lib/gcc/avr/4.8.1/../../../../avr/lib/avr6/libm.a(atan2.o)
 .bss           0x0080061b        0x0 /usr/local/CrossPack-AVR-20131216/lib/gcc/avr/4.8.1/../../../../avr/lib/avr6/libm.a(atan.o)
 .bss           0x0080061b        0x0 /usr/local/CrossPack-AVR-20131216/lib/gcc/avr/4.8.1/../../../../avr/lib/avr6/libm.a(cmpsf2.o)
 .bss           0x0080061b        0x0 /usr/local/CrossPack-AVR-20131216/lib/gcc/avr/4.8.1/../../../../avr/lib/avr6/libm.a(divsf3.o)
 .bss           0x0080061b        0x0 /usr/local/CrossPack-AVR-20131216/lib/gcc/avr/4.8.1/../../../../avr/lib/avr6/libm.a(divsf3x.o)
 .bss           0x0080061b        0x0 /usr/local/CrossPack-AVR-20131216/lib/gcc/avr/4.8.1/../../../../avr/lib/avr6/libm.a(fixsfsi.o)
 .bss           0x0080061b        0x0 /usr/local/CrossPack-AVR-20131216/lib/gcc/avr/4.8.1/../../../../avr/lib/avr6/libm.a(fixunssfsi.o)
 .bss           0x0080061b        0x0 /usr/local/CrossPack-AVR-20131216/lib/gcc/avr/4.8.1/../../../../avr/lib/avr6/libm.a(floatsisf.o)
 .bss           0x0080061b        0x0 /usr/local/CrossPack-AVR-20131216/lib/gcc/avr/4.8.1/../../../../avr/lib/avr6/libm.a(fmod.o)
 .bss           0x0080061b        0x0 /usr/local/CrossPack-AVR-20131216/lib/gcc/avr/4.8.1/../../../../avr/lib/avr6/libm.a(fp_cmp.o)
 .bss           0x0080061b        0x0 /usr/local/CrossPack-AVR-20131216/lib/gcc/avr/4.8.1/../../../../avr/lib/avr6/libm.a(fp_inf.o)
 .bss           0x0080061b        0x0 /usr/local/CrossPack-AVR-20131216/lib/gcc/avr/4.8.1/../../../../avr/lib/avr6/libm.a(fp_mpack.o)
 .bss           0x0080061b        0x0 /usr/local/CrossPack-AVR-20131216/lib/gcc/avr/4.8.1/../../../../avr/lib/avr6/libm.a(fp_nan.o)
 .bss           0x0080061b        0x0 /usr/local/CrossPack-AVR-20131216/lib/gcc/avr/4.8.1/../../../../avr/lib/avr6/libm.a(fp_powser.o)
 .bss           0x0080061b        0x0 /usr/local/CrossPack-AVR-20131216/lib/gcc/avr/4.8.1/../../../../avr/lib/avr6/libm.a(fp_pscA.o)
 .bss           0x0080061b        0x0 /usr/local/CrossPack-AVR-20131216/lib/gcc/avr/4.8.1/../../../../avr/lib/avr6/libm.a(fp_pscB.o)
 .bss           0x0080061b        0x0 /usr/local/CrossPack-AVR-20131216/lib/gcc/avr/4.8.1/../../../../avr/lib/avr6/libm.a(fp_round.o)
 .bss           0x0080061b        0x0 /usr/local/CrossPack-AVR-20131216/lib/gcc/avr/4.8.1/../../../../avr/lib/avr6/libm.a(fp_split3.o)
 .bss           0x0080061b        0x0 /usr/local/CrossPack-AVR-20131216/lib/gcc/avr/4.8.1/../../../../avr/lib/avr6/libm.a(fp_zero.o)
 .bss           0x0080061b        0x0 /usr/local/CrossPack-AVR-20131216/lib/gcc/avr/4.8.1/../../../../avr/lib/avr6/libm.a(gesf2.o)
 .bss           0x0080061b        0x0 /usr/local/CrossPack-AVR-20131216/lib/gcc/avr/4.8.1/../../../../avr/lib/avr6/libm.a(inverse.o)
 .bss           0x0080061b        0x0 /usr/local/CrossPack-AVR-20131216/lib/gcc/avr/4.8.1/../../../../avr/lib/avr6/libm.a(mulsf3.o)
 .bss           0x0080061b        0x0 /usr/local/CrossPack-AVR-20131216/lib/gcc/avr/4.8.1/../../../../avr/lib/avr6/libm.a(mulsf3x.o)
 .bss           0x0080061b        0x0 /usr/local/CrossPack-AVR-20131216/lib/gcc/avr/4.8.1/../../../../avr/lib/avr6/libm.a(sqrt.o)
 .bss           0x0080061b        0x0 /usr/local/CrossPack-AVR-20131216/lib/gcc/avr/4.8.1/../../../../avr/lib/avr6/libm.a(square.o)
 .bss           0x0080061b        0x0 /usr/local/CrossPack-AVR-20131216/lib/gcc/avr/4.8.1/../../../../avr/lib/avr6/libm.a(fp_norm2.o)
 .bss           0x0080061b        0x0 /usr/local/CrossPack-AVR-20131216/lib/gcc/avr/4.8.1/avr6/libgcc.a(_udivmodqi4.o)
 .bss           0x0080061b        0x0 /usr/local/CrossPack-AVR-20131216/lib/gcc/avr/4.8.1/avr6/libgcc.a(_exit.o)
 .bss           0x0080061b        0x0 /usr/local/CrossPack-AVR-20131216/lib/gcc/avr/4.8.1/avr6/libgcc.a(_copy_data.o)
 .bss           0x0080061b        0x0 /usr/local/CrossPack-AVR-20131216/lib/gcc/avr/4.8.1/avr6/libgcc.a(_clear_bss.o)
 .bss           0x0080061b        0x0 /usr/local/CrossPack-AVR-20131216/lib/gcc/avr/4.8.1/avr6/libgcc.a(_umulhisi3.o)
 .bss           0x0080061b        0x0 /usr/local/CrossPack-AVR-20131216/lib/gcc/avr/4.8.1/../../../../avr/lib/avr6/libc.a(malloc.o)
 .bss           0x0080061b        0x0 /usr/local/CrossPack-AVR-20131216/lib/gcc/avr/4.8.1/../../../../avr/lib/avr6/libc.a(strcmp.o)
 .bss           0x0080061b        0x0 /usr/local/CrossPack-AVR-20131216/lib/gcc/avr/4.8.1/../../../../avr/lib/avr6/libc.a(puts.o)
 .bss           0x0080061b        0x0 /usr/local/CrossPack-AVR-20131216/lib/gcc/avr/4.8.1/../../../../avr/lib/avr6/libc.a(vsnprintf.o)
 .bss           0x0080061b        0x0 /usr/local/CrossPack-AVR-20131216/lib/gcc/avr/4.8.1/../../../../avr/lib/avr6/libc.a(vfprintf_std.o)
 .bss           0x0080061b        0x0 /usr/local/CrossPack-AVR-20131216/lib/gcc/avr/4.8.1/../../../../avr/lib/avr6/libc.a(strnlen_P.o)
 .bss           0x0080061b        0x0 /usr/local/CrossPack-AVR-20131216/lib/gcc/avr/4.8.1/../../../../avr/lib/avr6/libc.a(strnlen.o)
 .bss           0x0080061b        0x0 /usr/local/CrossPack-AVR-20131216/lib/gcc/avr/4.8.1/../../../../avr/lib/avr6/libc.a(fputc.o)
 .bss           0x0080061b        0x0 /usr/local/CrossPack-AVR-20131216/lib/gcc/avr/4.8.1/../../../../avr/lib/avr6/libc.a(iob.o)
 .bss           0x0080061b        0x0 /usr/local/CrossPack-AVR-20131216/lib/gcc/avr/4.8.1/../../../../avr/lib/avr6/libc.a(ultoa_invert.o)
 *(.bss*)
 *(COMMON)
 COMMON         0x0080061b        0xa timeline.o
                0x0080061b                our_pizzas
                0x0080061d                next_extra_order
                0x0080061f                PIZZA_COUNTER_NODE
                0x00800621                next_required_period
                0x00800623                our_timeline
 COMMON         0x00800625        0xa ../map/map.o
                0x00800625                curve_info
                0x00800627                found_node
                0x00800629                current_search_name
                0x0080062b                our_graph
                0x0080062d                bot_info
 COMMON         0x0080062f        0x2 ../bot_memory/bot_memory.o
                0x0080062f                our_bot
 COMMON         0x00800631        0xc ../lcd/lcd.o
                0x00800631                million
                0x00800633                temp
                0x00800635                tens
                0x00800637                hundred
                0x00800639                unit
                0x0080063b                thousand
 COMMON         0x0080063d        0x3 ../move_bot/move_bot.o
                0x0080063d                degrees
                0x0080063f                ADC_value
 COMMON         0x00800640        0x2 ../pos_encoder/pos_encoder.o
                0x00800640                Degrees
 COMMON         0x00800642        0x1 ../bl_sensor/bl_sensor.o
                0x00800642                ADC_Value
 COMMON         0x00800643        0x4 /usr/local/CrossPack-AVR-20131216/lib/gcc/avr/4.8.1/../../../../avr/lib/avr6/libc.a(malloc.o)
                0x00800643                __brkval
                0x00800645                __flp
 COMMON         0x00800647        0x6 /usr/local/CrossPack-AVR-20131216/lib/gcc/avr/4.8.1/../../../../avr/lib/avr6/libc.a(iob.o)
                0x00800647                __iob
                0x0080064d                PROVIDE (__bss_end, .)
                0x0000b4e6                __data_load_start = LOADADDR (.data)
                0x0000b8e2                __data_load_end = (__data_load_start + SIZEOF (.data))

.noinit         0x0080064d        0x0
                0x0080064d                PROVIDE (__noinit_start, .)
 *(.noinit*)
                0x0080064d                PROVIDE (__noinit_end, .)
                0x0080064d                _end = .
                0x0080064d                PROVIDE (__heap_start, .)

.eeprom         0x00810000        0x0
 *(.eeprom*)
                0x00810000                __eeprom_end = .

.fuse
 *(.fuse)
 *(.lfuse)
 *(.hfuse)
 *(.efuse)

.lock
 *(.lock*)

.signature
 *(.signature*)

.user_signatures
 *(.user_signatures*)

.stab
 *(.stab)

.stabstr
 *(.stabstr)

.stab.excl
 *(.stab.excl)

.stab.exclstr
 *(.stab.exclstr)

.stab.index
 *(.stab.index)

.stab.indexstr
 *(.stab.indexstr)

.comment        0x00000000       0x11
 *(.comment)
 .comment       0x00000000       0x11 timeline.o
                                 0x12 (size before relaxing)
 .comment       0x00000000       0x12 app.o
 .comment       0x00000000       0x12 helpers.o
 .comment       0x00000000       0x12 ../map/map.o
 .comment       0x00000000       0x12 ../hardware_control-avr/hardware_control.o
 .comment       0x00000000       0x12 ../dijkstra/dijkstra.o
 .comment       0x00000000       0x12 ../bot_memory/bot_memory.o
 .comment       0x00000000       0x12 ../timer/timer.o
 .comment       0x00000000       0x12 ../custom_delay/custom_delay.o
 .comment       0x00000000       0x12 ../lcd/lcd.o
 .comment       0x00000000       0x12 ../move_bot/move_bot.o
 .comment       0x00000000       0x12 ../pos_encoder/pos_encoder.o
 .comment       0x00000000       0x12 ../bl_sensor/bl_sensor.o
 .comment       0x00000000       0x12 ../fake_gcc_fns/fake_gcc_fns.o
 .comment       0x00000000       0x12 /usr/local/CrossPack-AVR-20131216/lib/gcc/avr/4.8.1/../../../../avr/lib/avr6/libc.a(malloc.o)
 .comment       0x00000000       0x12 /usr/local/CrossPack-AVR-20131216/lib/gcc/avr/4.8.1/../../../../avr/lib/avr6/libc.a(puts.o)
 .comment       0x00000000       0x12 /usr/local/CrossPack-AVR-20131216/lib/gcc/avr/4.8.1/../../../../avr/lib/avr6/libc.a(vsnprintf.o)
 .comment       0x00000000       0x12 /usr/local/CrossPack-AVR-20131216/lib/gcc/avr/4.8.1/../../../../avr/lib/avr6/libc.a(vfprintf_std.o)
 .comment       0x00000000       0x12 /usr/local/CrossPack-AVR-20131216/lib/gcc/avr/4.8.1/../../../../avr/lib/avr6/libc.a(fputc.o)
 .comment       0x00000000       0x12 /usr/local/CrossPack-AVR-20131216/lib/gcc/avr/4.8.1/../../../../avr/lib/avr6/libc.a(iob.o)

.debug
 *(.debug)

.line
 *(.line)

.debug_srcinfo
 *(.debug_srcinfo)

.debug_sfnames
 *(.debug_sfnames)

.debug_aranges  0x00000000      0x260
 *(.debug_aranges)
 .debug_aranges
                0x00000000       0x20 timeline.o
 .debug_aranges
                0x00000020       0x20 app.o
 .debug_aranges
                0x00000040       0x20 helpers.o
 .debug_aranges
                0x00000060       0x20 ../map/map.o
 .debug_aranges
                0x00000080       0x20 ../hardware_control-avr/hardware_control.o
 .debug_aranges
                0x000000a0       0x20 ../dijkstra/dijkstra.o
 .debug_aranges
                0x000000c0       0x20 ../bot_memory/bot_memory.o
 .debug_aranges
                0x000000e0       0x20 ../timer/timer.o
 .debug_aranges
                0x00000100       0x20 ../custom_delay/custom_delay.o
 .debug_aranges
                0x00000120       0x20 ../lcd/lcd.o
 .debug_aranges
                0x00000140       0x20 ../move_bot/move_bot.o
 .debug_aranges
                0x00000160       0x20 ../pos_encoder/pos_encoder.o
 .debug_aranges
                0x00000180       0x20 ../bl_sensor/bl_sensor.o
 .debug_aranges
                0x000001a0       0x20 ../fake_gcc_fns/fake_gcc_fns.o
 .debug_aranges
                0x000001c0       0x20 /usr/local/CrossPack-AVR-20131216/lib/gcc/avr/4.8.1/avr6/libgcc.a(_udivmodqi4.o)
 .debug_aranges
                0x000001e0       0x20 /usr/local/CrossPack-AVR-20131216/lib/gcc/avr/4.8.1/avr6/libgcc.a(_exit.o)
 .debug_aranges
                0x00000200       0x20 /usr/local/CrossPack-AVR-20131216/lib/gcc/avr/4.8.1/avr6/libgcc.a(_copy_data.o)
 .debug_aranges
                0x00000220       0x20 /usr/local/CrossPack-AVR-20131216/lib/gcc/avr/4.8.1/avr6/libgcc.a(_clear_bss.o)
 .debug_aranges
                0x00000240       0x20 /usr/local/CrossPack-AVR-20131216/lib/gcc/avr/4.8.1/avr6/libgcc.a(_umulhisi3.o)

.debug_pubnames
 *(.debug_pubnames)

.debug_info     0x00000000     0xc223
 *(.debug_info)
 .debug_info    0x00000000     0x2393 timeline.o
 .debug_info    0x00002393      0x356 app.o
 .debug_info    0x000026e9      0x784 helpers.o
 .debug_info    0x00002e6d     0x49ec ../map/map.o
 .debug_info    0x00007859      0x908 ../hardware_control-avr/hardware_control.o
 .debug_info    0x00008161      0x785 ../dijkstra/dijkstra.o
 .debug_info    0x000088e6      0x387 ../bot_memory/bot_memory.o
 .debug_info    0x00008c6d      0x103 ../timer/timer.o
 .debug_info    0x00008d70      0x103 ../custom_delay/custom_delay.o
 .debug_info    0x00008e73     0x13b7 ../lcd/lcd.o
 .debug_info    0x0000a22a      0x84e ../move_bot/move_bot.o
 .debug_info    0x0000aa78      0xf62 ../pos_encoder/pos_encoder.o
 .debug_info    0x0000b9da      0x245 ../bl_sensor/bl_sensor.o
 .debug_info    0x0000bc1f      0x24e ../fake_gcc_fns/fake_gcc_fns.o
 .debug_info    0x0000be6d       0xbe /usr/local/CrossPack-AVR-20131216/lib/gcc/avr/4.8.1/avr6/libgcc.a(_udivmodqi4.o)
 .debug_info    0x0000bf2b       0xbe /usr/local/CrossPack-AVR-20131216/lib/gcc/avr/4.8.1/avr6/libgcc.a(_exit.o)
 .debug_info    0x0000bfe9       0xbe /usr/local/CrossPack-AVR-20131216/lib/gcc/avr/4.8.1/avr6/libgcc.a(_copy_data.o)
 .debug_info    0x0000c0a7       0xbe /usr/local/CrossPack-AVR-20131216/lib/gcc/avr/4.8.1/avr6/libgcc.a(_clear_bss.o)
 .debug_info    0x0000c165       0xbe /usr/local/CrossPack-AVR-20131216/lib/gcc/avr/4.8.1/avr6/libgcc.a(_umulhisi3.o)
 *(.gnu.linkonce.wi.*)

.debug_abbrev   0x00000000     0x1cb1
 *(.debug_abbrev)
 .debug_abbrev  0x00000000      0x489 timeline.o
 .debug_abbrev  0x00000489      0x10d app.o
 .debug_abbrev  0x00000596      0x1f9 helpers.o
 .debug_abbrev  0x0000078f      0x429 ../map/map.o
 .debug_abbrev  0x00000bb8      0x214 ../hardware_control-avr/hardware_control.o
 .debug_abbrev  0x00000dcc      0x244 ../dijkstra/dijkstra.o
 .debug_abbrev  0x00001010      0x100 ../bot_memory/bot_memory.o
 .debug_abbrev  0x00001110       0xd4 ../timer/timer.o
 .debug_abbrev  0x000011e4       0xc4 ../custom_delay/custom_delay.o
 .debug_abbrev  0x000012a8      0x29b ../lcd/lcd.o
 .debug_abbrev  0x00001543      0x201 ../move_bot/move_bot.o
 .debug_abbrev  0x00001744      0x21f ../pos_encoder/pos_encoder.o
 .debug_abbrev  0x00001963      0x148 ../bl_sensor/bl_sensor.o
 .debug_abbrev  0x00001aab      0x1a2 ../fake_gcc_fns/fake_gcc_fns.o
 .debug_abbrev  0x00001c4d       0x14 /usr/local/CrossPack-AVR-20131216/lib/gcc/avr/4.8.1/avr6/libgcc.a(_udivmodqi4.o)
 .debug_abbrev  0x00001c61       0x14 /usr/local/CrossPack-AVR-20131216/lib/gcc/avr/4.8.1/avr6/libgcc.a(_exit.o)
 .debug_abbrev  0x00001c75       0x14 /usr/local/CrossPack-AVR-20131216/lib/gcc/avr/4.8.1/avr6/libgcc.a(_copy_data.o)
 .debug_abbrev  0x00001c89       0x14 /usr/local/CrossPack-AVR-20131216/lib/gcc/avr/4.8.1/avr6/libgcc.a(_clear_bss.o)
 .debug_abbrev  0x00001c9d       0x14 /usr/local/CrossPack-AVR-20131216/lib/gcc/avr/4.8.1/avr6/libgcc.a(_umulhisi3.o)

.debug_line     0x00000000     0x24c1
 *(.debug_line)
 .debug_line    0x00000000      0x716 timeline.o
 .debug_line    0x00000716      0x102 app.o
 .debug_line    0x00000818      0x1d6 helpers.o
 .debug_line    0x000009ee      0x782 ../map/map.o
 .debug_line    0x00001170      0x276 ../hardware_control-avr/hardware_control.o
 .debug_line    0x000013e6      0x1a4 ../dijkstra/dijkstra.o
 .debug_line    0x0000158a      0x13b ../bot_memory/bot_memory.o
 .debug_line    0x000016c5       0xa4 ../timer/timer.o
 .debug_line    0x00001769       0xcf ../custom_delay/custom_delay.o
 .debug_line    0x00001838      0x47c ../lcd/lcd.o
 .debug_line    0x00001cb4      0x157 ../move_bot/move_bot.o
 .debug_line    0x00001e0b      0x2ab ../pos_encoder/pos_encoder.o
 .debug_line    0x000020b6       0xda ../bl_sensor/bl_sensor.o
 .debug_line    0x00002190      0x151 ../fake_gcc_fns/fake_gcc_fns.o
 .debug_line    0x000022e1       0x62 /usr/local/CrossPack-AVR-20131216/lib/gcc/avr/4.8.1/avr6/libgcc.a(_udivmodqi4.o)
 .debug_line    0x00002343       0x58 /usr/local/CrossPack-AVR-20131216/lib/gcc/avr/4.8.1/avr6/libgcc.a(_exit.o)
 .debug_line    0x0000239b       0x63 /usr/local/CrossPack-AVR-20131216/lib/gcc/avr/4.8.1/avr6/libgcc.a(_copy_data.o)
 .debug_line    0x000023fe       0x5e /usr/local/CrossPack-AVR-20131216/lib/gcc/avr/4.8.1/avr6/libgcc.a(_clear_bss.o)
 .debug_line    0x0000245c       0x65 /usr/local/CrossPack-AVR-20131216/lib/gcc/avr/4.8.1/avr6/libgcc.a(_umulhisi3.o)

.debug_frame    0x00000000     0x17b8
 *(.debug_frame)
 .debug_frame   0x00000000      0x7a8 timeline.o
 .debug_frame   0x000007a8       0x3c app.o
 .debug_frame   0x000007e4      0x208 helpers.o
 .debug_frame   0x000009ec      0x420 ../map/map.o
 .debug_frame   0x00000e0c       0xec ../hardware_control-avr/hardware_control.o
 .debug_frame   0x00000ef8       0xf4 ../dijkstra/dijkstra.o
 .debug_frame   0x00000fec       0x48 ../bot_memory/bot_memory.o
 .debug_frame   0x00001034       0x78 ../timer/timer.o
 .debug_frame   0x000010ac       0x24 ../custom_delay/custom_delay.o
 .debug_frame   0x000010d0       0xf0 ../lcd/lcd.o
 .debug_frame   0x000011c0      0x13c ../move_bot/move_bot.o
 .debug_frame   0x000012fc      0x3f4 ../pos_encoder/pos_encoder.o
 .debug_frame   0x000016f0       0x84 ../bl_sensor/bl_sensor.o
 .debug_frame   0x00001774       0x44 ../fake_gcc_fns/fake_gcc_fns.o

.debug_str      0x00000000     0x145d
 *(.debug_str)
 .debug_str     0x00000000      0x875 timeline.o
                                0x9bd (size before relaxing)
 .debug_str     0x00000875       0x46 app.o
                                0x213 (size before relaxing)
 .debug_str     0x000008bb       0xa4 helpers.o
                                0x2d3 (size before relaxing)
 .debug_str     0x0000095f      0x234 ../map/map.o
                                0x4c4 (size before relaxing)
 .debug_str     0x00000b93      0x10a ../hardware_control-avr/hardware_control.o
                                0x44f (size before relaxing)
 .debug_str     0x00000c9d       0x95 ../dijkstra/dijkstra.o
                                0x37d (size before relaxing)
 .debug_str     0x00000d32       0x23 ../bot_memory/bot_memory.o
                                0x242 (size before relaxing)
 .debug_str     0x00000d55       0x45 ../timer/timer.o
                                0x119 (size before relaxing)
 .debug_str     0x00000d9a       0x1f ../custom_delay/custom_delay.o
                                0x131 (size before relaxing)
 .debug_str     0x00000db9       0xfe ../lcd/lcd.o
                                0x241 (size before relaxing)
 .debug_str     0x00000eb7      0x284 ../move_bot/move_bot.o
                                0x37d (size before relaxing)
 .debug_str     0x0000113b      0x252 ../pos_encoder/pos_encoder.o
                                0x461 (size before relaxing)
 .debug_str     0x0000138d       0xab ../bl_sensor/bl_sensor.o
                                0x1a8 (size before relaxing)
 .debug_str     0x00001438       0x25 ../fake_gcc_fns/fake_gcc_fns.o
                                0x190 (size before relaxing)

.debug_loc      0x00000000     0xd9b4
 *(.debug_loc)
 .debug_loc     0x00000000     0x3cb9 timeline.o
 .debug_loc     0x00003cb9       0x94 app.o
 .debug_loc     0x00003d4d      0xecd helpers.o
 .debug_loc     0x00004c1a     0x480c ../map/map.o
 .debug_loc     0x00009426      0x964 ../hardware_control-avr/hardware_control.o
 .debug_loc     0x00009d8a      0x8c2 ../dijkstra/dijkstra.o
 .debug_loc     0x0000a64c       0x49 ../bot_memory/bot_memory.o
 .debug_loc     0x0000a695       0x49 ../timer/timer.o
 .debug_loc     0x0000a6de       0x6e ../custom_delay/custom_delay.o
 .debug_loc     0x0000a74c     0x1106 ../lcd/lcd.o
 .debug_loc     0x0000b852      0xa45 ../move_bot/move_bot.o
 .debug_loc     0x0000c297     0x15ef ../pos_encoder/pos_encoder.o
 .debug_loc     0x0000d886       0x9b ../bl_sensor/bl_sensor.o
 .debug_loc     0x0000d921       0x93 ../fake_gcc_fns/fake_gcc_fns.o

.debug_macinfo
 *(.debug_macinfo)

.debug_pubtypes
 *(.debug_pubtypes)

.debug_ranges   0x00000000      0x6d0
 *(.debug_ranges)
 .debug_ranges  0x00000000      0x1e8 timeline.o
 .debug_ranges  0x000001e8       0x10 app.o
 .debug_ranges  0x000001f8       0x88 helpers.o
 .debug_ranges  0x00000280      0x270 ../map/map.o
 .debug_ranges  0x000004f0       0x20 ../hardware_control-avr/hardware_control.o
 .debug_ranges  0x00000510       0x18 ../dijkstra/dijkstra.o
 .debug_ranges  0x00000528       0x30 ../lcd/lcd.o
 .debug_ranges  0x00000558       0x30 ../move_bot/move_bot.o
 .debug_ranges  0x00000588      0x148 ../pos_encoder/pos_encoder.o

.debug_macro
 *(.debug_macro)
OUTPUT(app.out elf32-avr)
LOAD linker stubs
