Archive member included because of file (symbol)

/usr/local/CrossPack-AVR-20131216/lib/gcc/avr/4.8.1/../../../../avr/lib/avr6/libm.a(addsf3.o)
                              timeline.o (__subsf3)
/usr/local/CrossPack-AVR-20131216/lib/gcc/avr/4.8.1/../../../../avr/lib/avr6/libm.a(addsf3x.o)
                              /usr/local/CrossPack-AVR-20131216/lib/gcc/avr/4.8.1/../../../../avr/lib/avr6/libm.a(addsf3.o) (__addsf3x)
/usr/local/CrossPack-AVR-20131216/lib/gcc/avr/4.8.1/../../../../avr/lib/avr6/libm.a(atan2.o)
                              ../map/map.o (atan2)
/usr/local/CrossPack-AVR-20131216/lib/gcc/avr/4.8.1/../../../../avr/lib/avr6/libm.a(atan.o)
                              /usr/local/CrossPack-AVR-20131216/lib/gcc/avr/4.8.1/../../../../avr/lib/avr6/libm.a(atan2.o) (atan)
/usr/local/CrossPack-AVR-20131216/lib/gcc/avr/4.8.1/../../../../avr/lib/avr6/libm.a(cmpsf2.o)
                              timeline.o (__ltsf2)
/usr/local/CrossPack-AVR-20131216/lib/gcc/avr/4.8.1/../../../../avr/lib/avr6/libm.a(divsf3.o)
                              ../map/map.o (__divsf3)
/usr/local/CrossPack-AVR-20131216/lib/gcc/avr/4.8.1/../../../../avr/lib/avr6/libm.a(divsf3x.o)
                              /usr/local/CrossPack-AVR-20131216/lib/gcc/avr/4.8.1/../../../../avr/lib/avr6/libm.a(divsf3.o) (__divsf3x)
/usr/local/CrossPack-AVR-20131216/lib/gcc/avr/4.8.1/../../../../avr/lib/avr6/libm.a(fixsfsi.o)
                              timeline.o (__fixsfsi)
/usr/local/CrossPack-AVR-20131216/lib/gcc/avr/4.8.1/../../../../avr/lib/avr6/libm.a(fixunssfsi.o)
                              ../hardware_control-avr/hardware_control.o (__fixunssfsi)
/usr/local/CrossPack-AVR-20131216/lib/gcc/avr/4.8.1/../../../../avr/lib/avr6/libm.a(floatsisf.o)
                              ../move_bot/move_bot.o (__floatunsisf)
/usr/local/CrossPack-AVR-20131216/lib/gcc/avr/4.8.1/../../../../avr/lib/avr6/libm.a(fmod.o)
                              ../map/map.o (fmod)
/usr/local/CrossPack-AVR-20131216/lib/gcc/avr/4.8.1/../../../../avr/lib/avr6/libm.a(fp_cmp.o)
                              /usr/local/CrossPack-AVR-20131216/lib/gcc/avr/4.8.1/../../../../avr/lib/avr6/libm.a(cmpsf2.o) (__fp_cmp)
/usr/local/CrossPack-AVR-20131216/lib/gcc/avr/4.8.1/../../../../avr/lib/avr6/libm.a(fp_inf.o)
                              /usr/local/CrossPack-AVR-20131216/lib/gcc/avr/4.8.1/../../../../avr/lib/avr6/libm.a(addsf3x.o) (__fp_inf)
/usr/local/CrossPack-AVR-20131216/lib/gcc/avr/4.8.1/../../../../avr/lib/avr6/libm.a(fp_mpack.o)
                              /usr/local/CrossPack-AVR-20131216/lib/gcc/avr/4.8.1/../../../../avr/lib/avr6/libm.a(fmod.o) (__fp_mpack)
/usr/local/CrossPack-AVR-20131216/lib/gcc/avr/4.8.1/../../../../avr/lib/avr6/libm.a(fp_nan.o)
                              /usr/local/CrossPack-AVR-20131216/lib/gcc/avr/4.8.1/../../../../avr/lib/avr6/libm.a(addsf3x.o) (__fp_nan)
/usr/local/CrossPack-AVR-20131216/lib/gcc/avr/4.8.1/../../../../avr/lib/avr6/libm.a(fp_powser.o)
                              /usr/local/CrossPack-AVR-20131216/lib/gcc/avr/4.8.1/../../../../avr/lib/avr6/libm.a(atan.o) (__fp_powser)
/usr/local/CrossPack-AVR-20131216/lib/gcc/avr/4.8.1/../../../../avr/lib/avr6/libm.a(fp_pscA.o)
                              /usr/local/CrossPack-AVR-20131216/lib/gcc/avr/4.8.1/../../../../avr/lib/avr6/libm.a(addsf3x.o) (__fp_pscA)
/usr/local/CrossPack-AVR-20131216/lib/gcc/avr/4.8.1/../../../../avr/lib/avr6/libm.a(fp_pscB.o)
                              /usr/local/CrossPack-AVR-20131216/lib/gcc/avr/4.8.1/../../../../avr/lib/avr6/libm.a(addsf3x.o) (__fp_pscB)
/usr/local/CrossPack-AVR-20131216/lib/gcc/avr/4.8.1/../../../../avr/lib/avr6/libm.a(fp_round.o)
                              /usr/local/CrossPack-AVR-20131216/lib/gcc/avr/4.8.1/../../../../avr/lib/avr6/libm.a(addsf3.o) (__fp_round)
/usr/local/CrossPack-AVR-20131216/lib/gcc/avr/4.8.1/../../../../avr/lib/avr6/libm.a(fp_split3.o)
                              /usr/local/CrossPack-AVR-20131216/lib/gcc/avr/4.8.1/../../../../avr/lib/avr6/libm.a(addsf3x.o) (__fp_split3)
/usr/local/CrossPack-AVR-20131216/lib/gcc/avr/4.8.1/../../../../avr/lib/avr6/libm.a(fp_zero.o)
                              /usr/local/CrossPack-AVR-20131216/lib/gcc/avr/4.8.1/../../../../avr/lib/avr6/libm.a(addsf3x.o) (__fp_zero)
/usr/local/CrossPack-AVR-20131216/lib/gcc/avr/4.8.1/../../../../avr/lib/avr6/libm.a(gesf2.o)
                              timeline.o (__gesf2)
/usr/local/CrossPack-AVR-20131216/lib/gcc/avr/4.8.1/../../../../avr/lib/avr6/libm.a(inverse.o)
                              /usr/local/CrossPack-AVR-20131216/lib/gcc/avr/4.8.1/../../../../avr/lib/avr6/libm.a(atan.o) (inverse)
/usr/local/CrossPack-AVR-20131216/lib/gcc/avr/4.8.1/../../../../avr/lib/avr6/libm.a(mulsf3.o)
                              timeline.o (__mulsf3)
/usr/local/CrossPack-AVR-20131216/lib/gcc/avr/4.8.1/../../../../avr/lib/avr6/libm.a(mulsf3x.o)
                              /usr/local/CrossPack-AVR-20131216/lib/gcc/avr/4.8.1/../../../../avr/lib/avr6/libm.a(atan.o) (__mulsf3x)
/usr/local/CrossPack-AVR-20131216/lib/gcc/avr/4.8.1/../../../../avr/lib/avr6/libm.a(sqrt.o)
                              ../hardware_control-avr/hardware_control.o (sqrt)
/usr/local/CrossPack-AVR-20131216/lib/gcc/avr/4.8.1/../../../../avr/lib/avr6/libm.a(square.o)
                              /usr/local/CrossPack-AVR-20131216/lib/gcc/avr/4.8.1/../../../../avr/lib/avr6/libm.a(atan.o) (square)
/usr/local/CrossPack-AVR-20131216/lib/gcc/avr/4.8.1/../../../../avr/lib/avr6/libm.a(fp_norm2.o)
                              /usr/local/CrossPack-AVR-20131216/lib/gcc/avr/4.8.1/../../../../avr/lib/avr6/libm.a(sqrt.o) (__fp_norm2)
/usr/local/CrossPack-AVR-20131216/lib/gcc/avr/4.8.1/avr6/libgcc.a(_udivmodqi4.o)
                              ../hardware_control-avr/hardware_control.o (__udivmodqi4)
/usr/local/CrossPack-AVR-20131216/lib/gcc/avr/4.8.1/avr6/libgcc.a(_exit.o)
                              /usr/local/CrossPack-AVR-20131216/lib/gcc/avr/4.8.1/../../../../avr/lib/avr6/crtm2560.o (exit)
/usr/local/CrossPack-AVR-20131216/lib/gcc/avr/4.8.1/avr6/libgcc.a(_copy_data.o)
                              timeline.o (__do_copy_data)
/usr/local/CrossPack-AVR-20131216/lib/gcc/avr/4.8.1/avr6/libgcc.a(_clear_bss.o)
                              timeline.o (__do_clear_bss)
/usr/local/CrossPack-AVR-20131216/lib/gcc/avr/4.8.1/avr6/libgcc.a(_umulhisi3.o)
                              ../lcd/lcd.o (__umulhisi3)
/usr/local/CrossPack-AVR-20131216/lib/gcc/avr/4.8.1/../../../../avr/lib/avr6/libc.a(malloc.o)
                              timeline.o (malloc)
/usr/local/CrossPack-AVR-20131216/lib/gcc/avr/4.8.1/../../../../avr/lib/avr6/libc.a(strcmp.o)
                              ../map/map.o (strcmp)
/usr/local/CrossPack-AVR-20131216/lib/gcc/avr/4.8.1/../../../../avr/lib/avr6/libc.a(puts.o)
                              ../dijkstra/dijkstra.o (puts)
/usr/local/CrossPack-AVR-20131216/lib/gcc/avr/4.8.1/../../../../avr/lib/avr6/libc.a(vsnprintf.o)
                              ../lcd/lcd.o (vsnprintf)
/usr/local/CrossPack-AVR-20131216/lib/gcc/avr/4.8.1/../../../../avr/lib/avr6/libc.a(vfprintf_std.o)
                              /usr/local/CrossPack-AVR-20131216/lib/gcc/avr/4.8.1/../../../../avr/lib/avr6/libc.a(vsnprintf.o) (vfprintf)
/usr/local/CrossPack-AVR-20131216/lib/gcc/avr/4.8.1/../../../../avr/lib/avr6/libc.a(strnlen_P.o)
                              /usr/local/CrossPack-AVR-20131216/lib/gcc/avr/4.8.1/../../../../avr/lib/avr6/libc.a(vfprintf_std.o) (strnlen_P)
/usr/local/CrossPack-AVR-20131216/lib/gcc/avr/4.8.1/../../../../avr/lib/avr6/libc.a(strnlen.o)
                              /usr/local/CrossPack-AVR-20131216/lib/gcc/avr/4.8.1/../../../../avr/lib/avr6/libc.a(vfprintf_std.o) (strnlen)
/usr/local/CrossPack-AVR-20131216/lib/gcc/avr/4.8.1/../../../../avr/lib/avr6/libc.a(fputc.o)
                              /usr/local/CrossPack-AVR-20131216/lib/gcc/avr/4.8.1/../../../../avr/lib/avr6/libc.a(vfprintf_std.o) (fputc)
/usr/local/CrossPack-AVR-20131216/lib/gcc/avr/4.8.1/../../../../avr/lib/avr6/libc.a(iob.o)
                              /usr/local/CrossPack-AVR-20131216/lib/gcc/avr/4.8.1/../../../../avr/lib/avr6/libc.a(puts.o) (__iob)
/usr/local/CrossPack-AVR-20131216/lib/gcc/avr/4.8.1/../../../../avr/lib/avr6/libc.a(ultoa_invert.o)
                              /usr/local/CrossPack-AVR-20131216/lib/gcc/avr/4.8.1/../../../../avr/lib/avr6/libc.a(vfprintf_std.o) (__ultoa_invert)

Allocating common symbols
Common symbol       size              file

Degrees             0x2               ../pos_encoder/pos_encoder.o
our_pizzas          0x2               timeline.o
degrees             0x2               ../move_bot/move_bot.o
million             0x2               ../lcd/lcd.o
curve_info          0x2               ../map/map.o
next_extra_order    0x2               timeline.o
temp                0x2               ../lcd/lcd.o
PIZZA_COUNTER_NODE  0x2               timeline.o
__brkval            0x2               /usr/local/CrossPack-AVR-20131216/lib/gcc/avr/4.8.1/../../../../avr/lib/avr6/libc.a(malloc.o)
ADC_value           0x1               ../move_bot/move_bot.o
ADC_Value           0x1               ../bl_sensor/bl_sensor.o
found_node          0x2               ../map/map.o
current_search_name
                    0x2               ../map/map.o
tens                0x2               ../lcd/lcd.o
our_bot             0x2               ../bot_memory/bot_memory.o
our_graph           0x2               ../map/map.o
bot_info            0x2               ../map/map.o
hundred             0x2               ../lcd/lcd.o
next_required_period
                    0x2               timeline.o
__flp               0x2               /usr/local/CrossPack-AVR-20131216/lib/gcc/avr/4.8.1/../../../../avr/lib/avr6/libc.a(malloc.o)
unit                0x2               ../lcd/lcd.o
thousand            0x2               ../lcd/lcd.o
__iob               0x6               /usr/local/CrossPack-AVR-20131216/lib/gcc/avr/4.8.1/../../../../avr/lib/avr6/libc.a(iob.o)
our_timeline        0x2               timeline.o

Memory Configuration

Name             Origin             Length             Attributes
text             0x00000000         0x00100000         xr
data             0x00800200         0x0000fe00         rw !x
eeprom           0x00810000         0x00010000         rw !x
fuse             0x00820000         0x00000400         rw !x
lock             0x00830000         0x00000400         rw !x
signature        0x00840000         0x00000400         rw !x
user_signatures  0x00850000         0x00000400         rw !x
*default*        0x00000000         0xffffffff

Linker script and memory map

Address of section .data set to 0x800200
LOAD /usr/local/CrossPack-AVR-20131216/lib/gcc/avr/4.8.1/../../../../avr/lib/avr6/crtm2560.o
LOAD timeline.o
LOAD app.o
LOAD helpers.o
LOAD ../map/map.o
LOAD ../hardware_control-avr/hardware_control.o
LOAD ../dijkstra/dijkstra.o
LOAD ../bot_memory/bot_memory.o
LOAD ../timer/timer.o
LOAD ../custom_delay/custom_delay.o
LOAD ../lcd/lcd.o
LOAD ../move_bot/move_bot.o
LOAD ../pos_encoder/pos_encoder.o
LOAD ../bl_sensor/bl_sensor.o
LOAD ../fake_gcc_fns/fake_gcc_fns.o
LOAD /usr/local/CrossPack-AVR-20131216/lib/gcc/avr/4.8.1/../../../../avr/lib/avr6/libm.a
START GROUP
LOAD /usr/local/CrossPack-AVR-20131216/lib/gcc/avr/4.8.1/avr6/libgcc.a
LOAD /usr/local/CrossPack-AVR-20131216/lib/gcc/avr/4.8.1/../../../../avr/lib/avr6/libm.a
LOAD /usr/local/CrossPack-AVR-20131216/lib/gcc/avr/4.8.1/../../../../avr/lib/avr6/libc.a
END GROUP

.hash
 *(.hash)

.dynsym
 *(.dynsym)

.dynstr
 *(.dynstr)

.gnu.version
 *(.gnu.version)

.gnu.version_d
 *(.gnu.version_d)

.gnu.version_r
 *(.gnu.version_r)

.rel.init
 *(.rel.init)

.rela.init
 *(.rela.init)

.rel.text
 *(.rel.text)
 *(.rel.text.*)
 *(.rel.gnu.linkonce.t*)

.rela.text
 *(.rela.text)
 *(.rela.text.*)
 *(.rela.gnu.linkonce.t*)

.rel.fini
 *(.rel.fini)

.rela.fini
 *(.rela.fini)

.rel.rodata
 *(.rel.rodata)
 *(.rel.rodata.*)
 *(.rel.gnu.linkonce.r*)

.rela.rodata
 *(.rela.rodata)
 *(.rela.rodata.*)
 *(.rela.gnu.linkonce.r*)

.rel.data
 *(.rel.data)
 *(.rel.data.*)
 *(.rel.gnu.linkonce.d*)

.rela.data
 *(.rela.data)
 *(.rela.data.*)
 *(.rela.gnu.linkonce.d*)

.rel.ctors
 *(.rel.ctors)

.rela.ctors
 *(.rela.ctors)

.rel.dtors
 *(.rel.dtors)

.rela.dtors
 *(.rela.dtors)

.rel.got
 *(.rel.got)

.rela.got
 *(.rela.got)

.rel.bss
 *(.rel.bss)

.rela.bss
 *(.rela.bss)

.rel.plt
 *(.rel.plt)

.rela.plt
 *(.rela.plt)

.text           0x00000000     0xb404
 *(.vectors)
 .vectors       0x00000000       0xe4 /usr/local/CrossPack-AVR-20131216/lib/gcc/avr/4.8.1/../../../../avr/lib/avr6/crtm2560.o
                0x00000000                __vectors
                0x00000000                __vector_default
 *(.vectors)
 *(.progmem.gcc*)
 .progmem.gcc_fplib
                0x000000e4       0x2d /usr/local/CrossPack-AVR-20131216/lib/gcc/avr/4.8.1/../../../../avr/lib/avr6/libm.a(atan.o)
                0x00000112                . = ALIGN (0x2)
 *fill*         0x00000111        0x1 
                0x00000112                __trampolines_start = .
 *(.trampolines)
 .trampolines   0x00000112        0x4 linker stubs
 *(.trampolines*)
                0x00000116                __trampolines_end = .
 *(.progmem*)
                0x00000116                . = ALIGN (0x2)
 *(.jumptables)
 *(.jumptables*)
 *(.lowtext)
 *(.lowtext*)
                0x00000116                __ctors_start = .
 *(.ctors)
                0x00000116                __ctors_end = .
                0x00000116                __dtors_start = .
 *(.dtors)
                0x00000116                __dtors_end = .
 SORT(*)(.ctors)
 SORT(*)(.dtors)
 *(.init0)
 .init0         0x00000116        0x0 /usr/local/CrossPack-AVR-20131216/lib/gcc/avr/4.8.1/../../../../avr/lib/avr6/crtm2560.o
                0x00000116                __init
 *(.init0)
 *(.init1)
 *(.init1)
 *(.init2)
 .init2         0x00000116       0x10 /usr/local/CrossPack-AVR-20131216/lib/gcc/avr/4.8.1/../../../../avr/lib/avr6/crtm2560.o
 *(.init2)
 *(.init3)
 *(.init3)
 *(.init4)
 .init4         0x00000126       0x1a /usr/local/CrossPack-AVR-20131216/lib/gcc/avr/4.8.1/avr6/libgcc.a(_copy_data.o)
                0x00000126                __do_copy_data
 .init4         0x00000140       0x10 /usr/local/CrossPack-AVR-20131216/lib/gcc/avr/4.8.1/avr6/libgcc.a(_clear_bss.o)
                0x00000140                __do_clear_bss
 *(.init4)
 *(.init5)
 *(.init5)
 *(.init6)
 *(.init6)
 *(.init7)
 *(.init7)
 *(.init8)
 *(.init8)
 *(.init9)
 .init9         0x00000150        0x8 /usr/local/CrossPack-AVR-20131216/lib/gcc/avr/4.8.1/../../../../avr/lib/avr6/crtm2560.o
 *(.init9)
 *(.text)
 .text          0x00000158        0x4 /usr/local/CrossPack-AVR-20131216/lib/gcc/avr/4.8.1/../../../../avr/lib/avr6/crtm2560.o
                0x00000158                __vector_42
                0x00000158                __vector_22
                0x00000158                __vector_28
                0x00000158                __vector_1
                0x00000158                __vector_32
                0x00000158                __vector_34
                0x00000158                __vector_24
                0x00000158                __vector_12
                0x00000158                __vector_55
                0x00000158                __vector_46
                0x00000158                __bad_interrupt
                0x00000158                __vector_31
                0x00000158                __vector_35
                0x00000158                __vector_39
                0x00000158                __vector_3
                0x00000158                __vector_23
                0x00000158                __vector_30
                0x00000158                __vector_25
                0x00000158                __vector_11
                0x00000158                __vector_54
                0x00000158                __vector_13
                0x00000158                __vector_17
                0x00000158                __vector_19
                0x00000158                __vector_56
                0x00000158                __vector_7
                0x00000158                __vector_49
                0x00000158                __vector_41
                0x00000158                __vector_43
                0x00000158                __vector_27
                0x00000158                __vector_33
                0x00000158                __vector_47
                0x00000158                __vector_52
                0x00000158                __vector_37
                0x00000158                __vector_4
                0x00000158                __vector_44
                0x00000158                __vector_51
                0x00000158                __vector_9
                0x00000158                __vector_2
                0x00000158                __vector_21
                0x00000158                __vector_15
                0x00000158                __vector_36
                0x00000158                __vector_29
                0x00000158                __vector_40
                0x00000158                __vector_8
                0x00000158                __vector_26
                0x00000158                __vector_48
                0x00000158                __vector_14
                0x00000158                __vector_53
                0x00000158                __vector_10
                0x00000158                __vector_50
                0x00000158                __vector_16
                0x00000158                __vector_18
                0x00000158                __vector_20
                0x00000158                __vector_38
 .text          0x0000015c     0x28d4 timeline.o
                0x00000382                GetState
                0x00000388                SetState
                0x00000394                GetPizzaCounter
                0x0000039e                InsertOrder
                0x000004de                InsertPizza
                0x000004fe                CreatePizza
                0x00000586                CreateOrder
                0x000007de                InitTimeline
                0x00000922                GetTimeline
                0x0000092c                GetPizzas
                0x00000936                MissingOrderBeep
                0x00000948                GetNumDelayed
                0x00000cc0                ConsiderCancel
                0x00001596                GetNextOrder
                0x000015e2                GetPizzaForOrder
                0x0000164a                GetOrderForPizza
                0x000016b6                GetPizzaAtNode
                0x00001714                GetAvailablePizzas
                0x000019fc                DetectPizza
                0x00001cbe                IsPizzaAt
                0x00001d26                FindPizzas
                0x00001ea8                FreeTimeDecision
                0x00002170                DeliverPizzas
                0x00002650                NormalOperation
                0x000028b0                TimelineControl
                0x0000297a                Display
 .text          0x00002a30        0x0 app.o
 .text          0x00002a30      0x7d2 helpers.o
                0x00002a30                GetNodeToRight
                0x00002ad2                GetNodeToLeft
                0x00002b74                GetFirstPToRight
                0x00002cb8                GetFirstPToLeft
                0x00002dfa                GetFurthestPizzaNode
                0x00003152                CheckOverlap
                0x000031be                GetCurrentTimeBlock
 .text          0x00003202     0x4dce ../map/map.o
                0x00003202                CheckNodeName
                0x000038f0                CreateNode
                0x000039cc                ConnectNodes
                0x00003a68                InitGraph
                0x00007518                GetCurrentNode
                0x0000752c                DFSEval
                0x00007a56                GetNodeByName
                0x00007b68                IndexOfNode
                0x00007ba0                UpdateNodeInArray
                0x00007c04                GetCurveInfo
                0x00007c0e                GetGraph
                0x00007c18                GetRotationCost
                0x00007c28                RadToDeg
                0x00007c42                MakePositiveDeg
                0x00007c7e                MakePositiveRad
                0x00007cd4                GetAngularVelocity
                0x00007e46                GetCurveDirection
 .text          0x00007fd0      0x4fc ../hardware_control-avr/hardware_control.o
                0x00007fd0                CurveTowards
                0x00008144                MoveBotToNode
 .text          0x000084cc      0x530 ../dijkstra/dijkstra.o
                0x000084cc                InitNodesDijkstra
                0x000084e8                GetLowestUndone
                0x00008588                Dijkstra
 .text          0x000089fc       0xaa ../bot_memory/bot_memory.o
                0x000089fc                InitBotInfo
                0x00008a9c                GetBotInfo
 .text          0x00008aa6       0xd6 ../timer/timer.o
                0x00008aa6                Timer4Init
                0x00008ae6                __vector_45
                0x00008b20                GetCurrentTime
                0x00008b2a                ResetTime
                0x00008b34                InitTimer
 .text          0x00008b7c       0x18 ../custom_delay/custom_delay.o
                0x00008b7c                CustomDelay
 .text          0x00008b94      0x8b8 ../lcd/lcd.o
                0x00008b94                LcdPortConfig
                0x00008ba2                LcdPortInit
                0x00008bb0                LcdInitDevices
                0x00008bc2                LcdSet4Bit
                0x00008c4a                LcdInit
                0x00008d92                LcdWrCommand
                0x00008ddc                LcdWrChar
                0x00008e26                LcdHome
                0x00008e62                LcdPrintf
                0x00008f42                LcdString
                0x00008fd6                LcdCursor
                0x00009044                LcdPrint
 .text          0x0000944c      0x4b4 ../move_bot/move_bot.o
                0x0000944c                MoveBotInitDevices
                0x00009458                IsBlack
                0x0000946c                AngleRotate
                0x00009562                RotateBot
                0x0000974c                MoveBot
                0x000098cc                MoveBotForward
                0x000098fc                MoveBotReverse
 .text          0x00009900      0x98c ../pos_encoder/pos_encoder.o
                0x00009900                PosEncoderMotionPinConfig
                0x00009922                LeftEncoderPinConfig
                0x00009928                RightEncoderPinConfig
                0x0000992e                PosEncoderPortInit
                0x00009958                LeftPositionEncoderInterruptInit
                0x0000996a                RightPositionEncoderInterruptInit
                0x0000997c                PosEncoderTimer5Init
                0x000099b2                __vector_6
                0x000099fc                __vector_5
                0x00009a46                PosEncoderMotionSet
                0x00009a52                PosEncoderVelocity
                0x00009a5c                PosEncoderForward
                0x00009a66                PosEncoderBack
                0x00009a70                PosEncoderLeft
                0x00009a7a                PosEncoderRight
                0x00009a84                PosEncoderSoftLeft
                0x00009a8e                PosEncoderSoftRight
                0x00009a98                PosEncoderSoftLeft2
                0x00009aa2                PosEncoderSoftRight2
                0x00009aac                PosEncoderStop
                0x00009ab4                PosEncoderAngleRotate
                0x00009b4a                PosEncoderLinearDistanceMm
                0x00009bda                PosEncoderForwardMm
                0x00009c72                PosEncoderBackMm
                0x00009d0a                PosEncoderLeftDegrees
                0x00009da8                PosEncoderRightDegrees
                0x00009e46                PosEncoderSoftLeftDegrees
                0x00009ee8                PosEncoderSoftRightDegrees
                0x00009f8a                PosEncoderSoftLeft2Degrees
                0x0000a02c                PosEncoderSoftRight2Degrees
                0x0000a0ce                PosEncoderInitDevices
                0x0000a118                PosEncoderRotateBot
                0x0000a244                ResetRightShaft
                0x0000a256                ResetLeftShaft
                0x0000a268                GetShaftCountRight
                0x0000a27a                GetShaftCountLeft
 .text          0x0000a28c      0x13a ../bl_sensor/bl_sensor.o
                0x0000a28c                BlSensorAdcPinConfig
                0x0000a29a                BlSensorPortInit
                0x0000a2a8                BlSensorTimer5Init
                0x0000a2de                BlSensorAdcInit
                0x0000a2f8                BlSensorAdcConversion
                0x0000a330                BlSensorGet
                0x0000a368                BlSensorInitDevices
 .text          0x0000a3c6       0x5c ../fake_gcc_fns/fake_gcc_fns.o
                0x0000a3c6                printf
                0x0000a420                sleep
 .text          0x0000a422        0x0 /usr/local/CrossPack-AVR-20131216/lib/gcc/avr/4.8.1/../../../../avr/lib/avr6/libm.a(addsf3.o)
 .text          0x0000a422        0x0 /usr/local/CrossPack-AVR-20131216/lib/gcc/avr/4.8.1/../../../../avr/lib/avr6/libm.a(addsf3x.o)
 .text          0x0000a422        0x0 /usr/local/CrossPack-AVR-20131216/lib/gcc/avr/4.8.1/../../../../avr/lib/avr6/libm.a(atan2.o)
 .text          0x0000a422        0x0 /usr/local/CrossPack-AVR-20131216/lib/gcc/avr/4.8.1/../../../../avr/lib/avr6/libm.a(atan.o)
 .text          0x0000a422        0x0 /usr/local/CrossPack-AVR-20131216/lib/gcc/avr/4.8.1/../../../../avr/lib/avr6/libm.a(cmpsf2.o)
 .text          0x0000a422        0x0 /usr/local/CrossPack-AVR-20131216/lib/gcc/avr/4.8.1/../../../../avr/lib/avr6/libm.a(divsf3.o)
 .text          0x0000a422        0x0 /usr/local/CrossPack-AVR-20131216/lib/gcc/avr/4.8.1/../../../../avr/lib/avr6/libm.a(divsf3x.o)
 .text          0x0000a422        0x0 /usr/local/CrossPack-AVR-20131216/lib/gcc/avr/4.8.1/../../../../avr/lib/avr6/libm.a(fixsfsi.o)
 .text          0x0000a422        0x0 /usr/local/CrossPack-AVR-20131216/lib/gcc/avr/4.8.1/../../../../avr/lib/avr6/libm.a(fixunssfsi.o)
 .text          0x0000a422        0x0 /usr/local/CrossPack-AVR-20131216/lib/gcc/avr/4.8.1/../../../../avr/lib/avr6/libm.a(floatsisf.o)
 .text          0x0000a422        0x0 /usr/local/CrossPack-AVR-20131216/lib/gcc/avr/4.8.1/../../../../avr/lib/avr6/libm.a(fmod.o)
 .text          0x0000a422        0x0 /usr/local/CrossPack-AVR-20131216/lib/gcc/avr/4.8.1/../../../../avr/lib/avr6/libm.a(fp_cmp.o)
 .text          0x0000a422        0x0 /usr/local/CrossPack-AVR-20131216/lib/gcc/avr/4.8.1/../../../../avr/lib/avr6/libm.a(fp_inf.o)
 .text          0x0000a422        0x0 /usr/local/CrossPack-AVR-20131216/lib/gcc/avr/4.8.1/../../../../avr/lib/avr6/libm.a(fp_mpack.o)
 .text          0x0000a422        0x0 /usr/local/CrossPack-AVR-20131216/lib/gcc/avr/4.8.1/../../../../avr/lib/avr6/libm.a(fp_nan.o)
 .text          0x0000a422        0x0 /usr/local/CrossPack-AVR-20131216/lib/gcc/avr/4.8.1/../../../../avr/lib/avr6/libm.a(fp_powser.o)
 .text          0x0000a422        0x0 /usr/local/CrossPack-AVR-20131216/lib/gcc/avr/4.8.1/../../../../avr/lib/avr6/libm.a(fp_pscA.o)
 .text          0x0000a422        0x0 /usr/local/CrossPack-AVR-20131216/lib/gcc/avr/4.8.1/../../../../avr/lib/avr6/libm.a(fp_pscB.o)
 .text          0x0000a422        0x0 /usr/local/CrossPack-AVR-20131216/lib/gcc/avr/4.8.1/../../../../avr/lib/avr6/libm.a(fp_round.o)
 .text          0x0000a422        0x0 /usr/local/CrossPack-AVR-20131216/lib/gcc/avr/4.8.1/../../../../avr/lib/avr6/libm.a(fp_split3.o)
 .text          0x0000a422        0x0 /usr/local/CrossPack-AVR-20131216/lib/gcc/avr/4.8.1/../../../../avr/lib/avr6/libm.a(fp_zero.o)
 .text          0x0000a422        0x0 /usr/local/CrossPack-AVR-20131216/lib/gcc/avr/4.8.1/../../../../avr/lib/avr6/libm.a(gesf2.o)
 .text          0x0000a422        0x0 /usr/local/CrossPack-AVR-20131216/lib/gcc/avr/4.8.1/../../../../avr/lib/avr6/libm.a(inverse.o)
 .text          0x0000a422        0x0 /usr/local/CrossPack-AVR-20131216/lib/gcc/avr/4.8.1/../../../../avr/lib/avr6/libm.a(mulsf3.o)
 .text          0x0000a422        0x0 /usr/local/CrossPack-AVR-20131216/lib/gcc/avr/4.8.1/../../../../avr/lib/avr6/libm.a(mulsf3x.o)
 .text          0x0000a422        0x0 /usr/local/CrossPack-AVR-20131216/lib/gcc/avr/4.8.1/../../../../avr/lib/avr6/libm.a(sqrt.o)
 .text          0x0000a422        0x0 /usr/local/CrossPack-AVR-20131216/lib/gcc/avr/4.8.1/../../../../avr/lib/avr6/libm.a(square.o)
 .text          0x0000a422        0x0 /usr/local/CrossPack-AVR-20131216/lib/gcc/avr/4.8.1/../../../../avr/lib/avr6/libm.a(fp_norm2.o)
 .text          0x0000a422        0x0 /usr/local/CrossPack-AVR-20131216/lib/gcc/avr/4.8.1/avr6/libgcc.a(_udivmodqi4.o)
 .text          0x0000a422        0x0 /usr/local/CrossPack-AVR-20131216/lib/gcc/avr/4.8.1/avr6/libgcc.a(_exit.o)
 .text          0x0000a422        0x0 /usr/local/CrossPack-AVR-20131216/lib/gcc/avr/4.8.1/avr6/libgcc.a(_copy_data.o)
 .text          0x0000a422        0x0 /usr/local/CrossPack-AVR-20131216/lib/gcc/avr/4.8.1/avr6/libgcc.a(_clear_bss.o)
 .text          0x0000a422        0x0 /usr/local/CrossPack-AVR-20131216/lib/gcc/avr/4.8.1/avr6/libgcc.a(_umulhisi3.o)
 .text          0x0000a422        0x0 /usr/local/CrossPack-AVR-20131216/lib/gcc/avr/4.8.1/../../../../avr/lib/avr6/libc.a(malloc.o)
 .text          0x0000a422        0x0 /usr/local/CrossPack-AVR-20131216/lib/gcc/avr/4.8.1/../../../../avr/lib/avr6/libc.a(strcmp.o)
 .text          0x0000a422        0x0 /usr/local/CrossPack-AVR-20131216/lib/gcc/avr/4.8.1/../../../../avr/lib/avr6/libc.a(puts.o)
 .text          0x0000a422        0x0 /usr/local/CrossPack-AVR-20131216/lib/gcc/avr/4.8.1/../../../../avr/lib/avr6/libc.a(vsnprintf.o)
 .text          0x0000a422        0x0 /usr/local/CrossPack-AVR-20131216/lib/gcc/avr/4.8.1/../../../../avr/lib/avr6/libc.a(vfprintf_std.o)
 .text          0x0000a422        0x0 /usr/local/CrossPack-AVR-20131216/lib/gcc/avr/4.8.1/../../../../avr/lib/avr6/libc.a(strnlen_P.o)
 .text          0x0000a422        0x0 /usr/local/CrossPack-AVR-20131216/lib/gcc/avr/4.8.1/../../../../avr/lib/avr6/libc.a(strnlen.o)
 .text          0x0000a422        0x0 /usr/local/CrossPack-AVR-20131216/lib/gcc/avr/4.8.1/../../../../avr/lib/avr6/libc.a(fputc.o)
 .text          0x0000a422        0x0 /usr/local/CrossPack-AVR-20131216/lib/gcc/avr/4.8.1/../../../../avr/lib/avr6/libc.a(iob.o)
 .text          0x0000a422        0x0 /usr/local/CrossPack-AVR-20131216/lib/gcc/avr/4.8.1/../../../../avr/lib/avr6/libc.a(ultoa_invert.o)
                0x0000a422                . = ALIGN (0x2)
 *(.text.*)
 .text.startup  0x0000a422       0x98 app.o
                0x0000a422                main
 .text.avr-libc.fplib
                0x0000a4ba        0xa /usr/local/CrossPack-AVR-20131216/lib/gcc/avr/4.8.1/../../../../avr/lib/avr6/libm.a(addsf3.o)
                0x0000a4ba                __subsf3
                0x0000a4bc                __addsf3
 .text.avr-libc.fplib
                0x0000a4c4       0xc0 /usr/local/CrossPack-AVR-20131216/lib/gcc/avr/4.8.1/../../../../avr/lib/avr6/libm.a(addsf3x.o)
                0x0000a4de                __addsf3x
 .text.avr-libc.fplib
                0x0000a584       0x74 /usr/local/CrossPack-AVR-20131216/lib/gcc/avr/4.8.1/../../../../avr/lib/avr6/libm.a(atan2.o)
                0x0000a5a2                atan2
 .text.avr-libc.fplib
                0x0000a5f8       0x50 /usr/local/CrossPack-AVR-20131216/lib/gcc/avr/4.8.1/../../../../avr/lib/avr6/libm.a(atan.o)
                0x0000a5f8                atan
 .text.avr-libc.fplib
                0x0000a648        0x8 /usr/local/CrossPack-AVR-20131216/lib/gcc/avr/4.8.1/../../../../avr/lib/avr6/libm.a(cmpsf2.o)
                0x0000a648                __lesf2
                0x0000a648                __nesf2
                0x0000a648                __eqsf2
                0x0000a648                __cmpsf2
                0x0000a648                __ltsf2
 .text.avr-libc.fplib
                0x0000a650        0x4 /usr/local/CrossPack-AVR-20131216/lib/gcc/avr/4.8.1/../../../../avr/lib/avr6/libm.a(divsf3.o)
                0x0000a650                __divsf3
 .text.avr-libc.fplib
                0x0000a654       0xcc /usr/local/CrossPack-AVR-20131216/lib/gcc/avr/4.8.1/../../../../avr/lib/avr6/libm.a(divsf3x.o)
                0x0000a66a                __divsf3x
                0x0000a66e                __divsf3_pse
 .text.avr-libc.fplib
                0x0000a720        0xa /usr/local/CrossPack-AVR-20131216/lib/gcc/avr/4.8.1/../../../../avr/lib/avr6/libm.a(fixsfsi.o)
                0x0000a720                __fixsfsi
 .text.avr-libc.fplib
                0x0000a72a       0x58 /usr/local/CrossPack-AVR-20131216/lib/gcc/avr/4.8.1/../../../../avr/lib/avr6/libm.a(fixunssfsi.o)
                0x0000a72a                __fixunssfsi
 .text.avr-libc.fplib
                0x0000a782       0x7a /usr/local/CrossPack-AVR-20131216/lib/gcc/avr/4.8.1/../../../../avr/lib/avr6/libm.a(floatsisf.o)
                0x0000a782                __floatunsisf
                0x0000a786                __floatsisf
 .text.avr-libc.fplib
                0x0000a7fc       0x9c /usr/local/CrossPack-AVR-20131216/lib/gcc/avr/4.8.1/../../../../avr/lib/avr6/libm.a(fmod.o)
                0x0000a80a                fmod
 .text.avr-libc.fplib
                0x0000a898       0x48 /usr/local/CrossPack-AVR-20131216/lib/gcc/avr/4.8.1/../../../../avr/lib/avr6/libm.a(fp_cmp.o)
                0x0000a898                __fp_cmp
 .text.avr-libc.fplib
                0x0000a8e0        0xc /usr/local/CrossPack-AVR-20131216/lib/gcc/avr/4.8.1/../../../../avr/lib/avr6/libm.a(fp_inf.o)
                0x0000a8e0                __fp_inf
 .text.avr-libc.fplib
                0x0000a8ec       0x1c /usr/local/CrossPack-AVR-20131216/lib/gcc/avr/4.8.1/../../../../avr/lib/avr6/libm.a(fp_mpack.o)
                0x0000a8ec                __fp_mpack
                0x0000a8f0                __fp_mpack_finite
 .text.avr-libc.fplib
                0x0000a908        0x6 /usr/local/CrossPack-AVR-20131216/lib/gcc/avr/4.8.1/../../../../avr/lib/avr6/libm.a(fp_nan.o)
                0x0000a908                __fp_nan
 .text.avr-libc.fplib
                0x0000a90e       0x4a /usr/local/CrossPack-AVR-20131216/lib/gcc/avr/4.8.1/../../../../avr/lib/avr6/libm.a(fp_powser.o)
                0x0000a90e                __fp_powser
 .text.avr-libc.fplib
                0x0000a958        0xe /usr/local/CrossPack-AVR-20131216/lib/gcc/avr/4.8.1/../../../../avr/lib/avr6/libm.a(fp_pscA.o)
                0x0000a958                __fp_pscA
 .text.avr-libc.fplib
                0x0000a966        0xe /usr/local/CrossPack-AVR-20131216/lib/gcc/avr/4.8.1/../../../../avr/lib/avr6/libm.a(fp_pscB.o)
                0x0000a966                __fp_pscB
 .text.avr-libc.fplib
                0x0000a974       0x22 /usr/local/CrossPack-AVR-20131216/lib/gcc/avr/4.8.1/../../../../avr/lib/avr6/libm.a(fp_round.o)
                0x0000a974                __fp_round
 .text.avr-libc.fplib
                0x0000a996       0x44 /usr/local/CrossPack-AVR-20131216/lib/gcc/avr/4.8.1/../../../../avr/lib/avr6/libm.a(fp_split3.o)
                0x0000a996                __fp_split3
                0x0000a9a6                __fp_splitA
 .text.avr-libc.fplib
                0x0000a9da        0xe /usr/local/CrossPack-AVR-20131216/lib/gcc/avr/4.8.1/../../../../avr/lib/avr6/libm.a(fp_zero.o)
                0x0000a9da                __fp_zero
                0x0000a9dc                __fp_szero
 .text.avr-libc.fplib
                0x0000a9e8        0x8 /usr/local/CrossPack-AVR-20131216/lib/gcc/avr/4.8.1/../../../../avr/lib/avr6/libm.a(gesf2.o)
                0x0000a9e8                __gtsf2
                0x0000a9e8                __gesf2
 .text.avr-libc.fplib
                0x0000a9f0        0xe /usr/local/CrossPack-AVR-20131216/lib/gcc/avr/4.8.1/../../../../avr/lib/avr6/libm.a(inverse.o)
                0x0000a9f0                inverse
 .text.avr-libc.fplib
                0x0000a9fe        0x4 /usr/local/CrossPack-AVR-20131216/lib/gcc/avr/4.8.1/../../../../avr/lib/avr6/libm.a(mulsf3.o)
                0x0000a9fe                __mulsf3
 .text.avr-libc.fplib
                0x0000aa02       0xc2 /usr/local/CrossPack-AVR-20131216/lib/gcc/avr/4.8.1/../../../../avr/lib/avr6/libm.a(mulsf3x.o)
                0x0000aa16                __mulsf3x
                0x0000aa1a                __mulsf3_pse
 .text.avr-libc.fplib
                0x0000aac4       0x84 /usr/local/CrossPack-AVR-20131216/lib/gcc/avr/4.8.1/../../../../avr/lib/avr6/libm.a(sqrt.o)
                0x0000aacc                sqrt
 .text.avr-libc.fplib
                0x0000ab48        0x6 /usr/local/CrossPack-AVR-20131216/lib/gcc/avr/4.8.1/../../../../avr/lib/avr6/libm.a(square.o)
                0x0000ab48                square
 .text.avr-libc.fplib
                0x0000ab4e        0xe /usr/local/CrossPack-AVR-20131216/lib/gcc/avr/4.8.1/../../../../avr/lib/avr6/libm.a(fp_norm2.o)
                0x0000ab4e                __fp_norm2
 .text.libgcc.mul
                0x0000ab5c        0x0 /usr/local/CrossPack-AVR-20131216/lib/gcc/avr/4.8.1/avr6/libgcc.a(_udivmodqi4.o)
 .text.libgcc.div
                0x0000ab5c       0x18 /usr/local/CrossPack-AVR-20131216/lib/gcc/avr/4.8.1/avr6/libgcc.a(_udivmodqi4.o)
                0x0000ab5c                __udivmodqi4
 .text.libgcc   0x0000ab74        0x0 /usr/local/CrossPack-AVR-20131216/lib/gcc/avr/4.8.1/avr6/libgcc.a(_udivmodqi4.o)
 .text.libgcc.prologue
                0x0000ab74        0x0 /usr/local/CrossPack-AVR-20131216/lib/gcc/avr/4.8.1/avr6/libgcc.a(_udivmodqi4.o)
 .text.libgcc.builtins
                0x0000ab74        0x0 /usr/local/CrossPack-AVR-20131216/lib/gcc/avr/4.8.1/avr6/libgcc.a(_udivmodqi4.o)
 .text.libgcc.fmul
                0x0000ab74        0x0 /usr/local/CrossPack-AVR-20131216/lib/gcc/avr/4.8.1/avr6/libgcc.a(_udivmodqi4.o)
 .text.libgcc.fixed
                0x0000ab74        0x0 /usr/local/CrossPack-AVR-20131216/lib/gcc/avr/4.8.1/avr6/libgcc.a(_udivmodqi4.o)
 .text.libgcc.mul
                0x0000ab74        0x0 /usr/local/CrossPack-AVR-20131216/lib/gcc/avr/4.8.1/avr6/libgcc.a(_exit.o)
 .text.libgcc.div
                0x0000ab74        0x0 /usr/local/CrossPack-AVR-20131216/lib/gcc/avr/4.8.1/avr6/libgcc.a(_exit.o)
 .text.libgcc   0x0000ab74        0x0 /usr/local/CrossPack-AVR-20131216/lib/gcc/avr/4.8.1/avr6/libgcc.a(_exit.o)
 .text.libgcc.prologue
                0x0000ab74        0x0 /usr/local/CrossPack-AVR-20131216/lib/gcc/avr/4.8.1/avr6/libgcc.a(_exit.o)
 .text.libgcc.builtins
                0x0000ab74        0x0 /usr/local/CrossPack-AVR-20131216/lib/gcc/avr/4.8.1/avr6/libgcc.a(_exit.o)
 .text.libgcc.fmul
                0x0000ab74        0x0 /usr/local/CrossPack-AVR-20131216/lib/gcc/avr/4.8.1/avr6/libgcc.a(_exit.o)
 .text.libgcc.fixed
                0x0000ab74        0x0 /usr/local/CrossPack-AVR-20131216/lib/gcc/avr/4.8.1/avr6/libgcc.a(_exit.o)
 .text.libgcc.mul
                0x0000ab74        0x0 /usr/local/CrossPack-AVR-20131216/lib/gcc/avr/4.8.1/avr6/libgcc.a(_copy_data.o)
 .text.libgcc.div
                0x0000ab74        0x0 /usr/local/CrossPack-AVR-20131216/lib/gcc/avr/4.8.1/avr6/libgcc.a(_copy_data.o)
 .text.libgcc   0x0000ab74        0x0 /usr/local/CrossPack-AVR-20131216/lib/gcc/avr/4.8.1/avr6/libgcc.a(_copy_data.o)
 .text.libgcc.prologue
                0x0000ab74        0x0 /usr/local/CrossPack-AVR-20131216/lib/gcc/avr/4.8.1/avr6/libgcc.a(_copy_data.o)
 .text.libgcc.builtins
                0x0000ab74        0x0 /usr/local/CrossPack-AVR-20131216/lib/gcc/avr/4.8.1/avr6/libgcc.a(_copy_data.o)
 .text.libgcc.fmul
                0x0000ab74        0x0 /usr/local/CrossPack-AVR-20131216/lib/gcc/avr/4.8.1/avr6/libgcc.a(_copy_data.o)
 .text.libgcc.fixed
                0x0000ab74        0x0 /usr/local/CrossPack-AVR-20131216/lib/gcc/avr/4.8.1/avr6/libgcc.a(_copy_data.o)
 .text.libgcc.mul
                0x0000ab74        0x0 /usr/local/CrossPack-AVR-20131216/lib/gcc/avr/4.8.1/avr6/libgcc.a(_clear_bss.o)
 .text.libgcc.div
                0x0000ab74        0x0 /usr/local/CrossPack-AVR-20131216/lib/gcc/avr/4.8.1/avr6/libgcc.a(_clear_bss.o)
 .text.libgcc   0x0000ab74        0x0 /usr/local/CrossPack-AVR-20131216/lib/gcc/avr/4.8.1/avr6/libgcc.a(_clear_bss.o)
 .text.libgcc.prologue
                0x0000ab74        0x0 /usr/local/CrossPack-AVR-20131216/lib/gcc/avr/4.8.1/avr6/libgcc.a(_clear_bss.o)
 .text.libgcc.builtins
                0x0000ab74        0x0 /usr/local/CrossPack-AVR-20131216/lib/gcc/avr/4.8.1/avr6/libgcc.a(_clear_bss.o)
 .text.libgcc.fmul
                0x0000ab74        0x0 /usr/local/CrossPack-AVR-20131216/lib/gcc/avr/4.8.1/avr6/libgcc.a(_clear_bss.o)
 .text.libgcc.fixed
                0x0000ab74        0x0 /usr/local/CrossPack-AVR-20131216/lib/gcc/avr/4.8.1/avr6/libgcc.a(_clear_bss.o)
 .text.libgcc.mul
                0x0000ab74       0x1e /usr/local/CrossPack-AVR-20131216/lib/gcc/avr/4.8.1/avr6/libgcc.a(_umulhisi3.o)
                0x0000ab74                __umulhisi3
 .text.libgcc.div
                0x0000ab92        0x0 /usr/local/CrossPack-AVR-20131216/lib/gcc/avr/4.8.1/avr6/libgcc.a(_umulhisi3.o)
 .text.libgcc   0x0000ab92        0x0 /usr/local/CrossPack-AVR-20131216/lib/gcc/avr/4.8.1/avr6/libgcc.a(_umulhisi3.o)
 .text.libgcc.prologue
                0x0000ab92        0x0 /usr/local/CrossPack-AVR-20131216/lib/gcc/avr/4.8.1/avr6/libgcc.a(_umulhisi3.o)
 .text.libgcc.builtins
                0x0000ab92        0x0 /usr/local/CrossPack-AVR-20131216/lib/gcc/avr/4.8.1/avr6/libgcc.a(_umulhisi3.o)
 .text.libgcc.fmul
                0x0000ab92        0x0 /usr/local/CrossPack-AVR-20131216/lib/gcc/avr/4.8.1/avr6/libgcc.a(_umulhisi3.o)
 .text.libgcc.fixed
                0x0000ab92        0x0 /usr/local/CrossPack-AVR-20131216/lib/gcc/avr/4.8.1/avr6/libgcc.a(_umulhisi3.o)
 .text.avr-libc
                0x0000ab92      0x24e /usr/local/CrossPack-AVR-20131216/lib/gcc/avr/4.8.1/../../../../avr/lib/avr6/libc.a(malloc.o)
                0x0000ab92                malloc
                0x0000acc2                free
 .text.avr-libc
                0x0000ade0       0x12 /usr/local/CrossPack-AVR-20131216/lib/gcc/avr/4.8.1/../../../../avr/lib/avr6/libc.a(strcmp.o)
                0x0000ade0                strcmp
 .text.avr-libc
                0x0000adf2       0x5a /usr/local/CrossPack-AVR-20131216/lib/gcc/avr/4.8.1/../../../../avr/lib/avr6/libc.a(puts.o)
                0x0000adf2                puts
 .text.avr-libc
                0x0000ae4c       0x72 /usr/local/CrossPack-AVR-20131216/lib/gcc/avr/4.8.1/../../../../avr/lib/avr6/libc.a(vsnprintf.o)
                0x0000ae4c                vsnprintf
 .text.avr-libc
                0x0000aebe      0x3f6 /usr/local/CrossPack-AVR-20131216/lib/gcc/avr/4.8.1/../../../../avr/lib/avr6/libc.a(vfprintf_std.o)
                0x0000aebe                vfprintf
 .text.avr-libc
                0x0000b2b4       0x16 /usr/local/CrossPack-AVR-20131216/lib/gcc/avr/4.8.1/../../../../avr/lib/avr6/libc.a(strnlen_P.o)
                0x0000b2b4                strnlen_P
 .text.avr-libc
                0x0000b2ca       0x16 /usr/local/CrossPack-AVR-20131216/lib/gcc/avr/4.8.1/../../../../avr/lib/avr6/libc.a(strnlen.o)
                0x0000b2ca                strnlen
 .text.avr-libc
                0x0000b2e0       0x64 /usr/local/CrossPack-AVR-20131216/lib/gcc/avr/4.8.1/../../../../avr/lib/avr6/libc.a(fputc.o)
                0x0000b2e0                fputc
 .text.avr-libc
                0x0000b344       0xbc /usr/local/CrossPack-AVR-20131216/lib/gcc/avr/4.8.1/../../../../avr/lib/avr6/libc.a(ultoa_invert.o)
                0x0000b344                __ultoa_invert
                0x0000b400                . = ALIGN (0x2)
 *(.fini9)
 .fini9         0x0000b400        0x0 /usr/local/CrossPack-AVR-20131216/lib/gcc/avr/4.8.1/avr6/libgcc.a(_exit.o)
                0x0000b400                exit
                0x0000b400                _exit
 *(.fini9)
 *(.fini8)
 *(.fini8)
 *(.fini7)
 *(.fini7)
 *(.fini6)
 *(.fini6)
 *(.fini5)
 *(.fini5)
 *(.fini4)
 *(.fini4)
 *(.fini3)
 *(.fini3)
 *(.fini2)
 *(.fini2)
 *(.fini1)
 *(.fini1)
 *(.fini0)
 .fini0         0x0000b400        0x4 /usr/local/CrossPack-AVR-20131216/lib/gcc/avr/4.8.1/avr6/libgcc.a(_exit.o)
 *(.fini0)
                0x0000b404                _etext = .

.data           0x00800200      0x3fc load address 0x0000b404
                0x00800200                PROVIDE (__data_start, .)
 *(.data)
 .data          0x00800200        0x0 /usr/local/CrossPack-AVR-20131216/lib/gcc/avr/4.8.1/../../../../avr/lib/avr6/crtm2560.o
 .data          0x00800200       0x17 timeline.o
                0x00800200                fake_len
                0x00800202                fake_block_sizes
                0x0080020c                fake_colours
                0x00800216                cur_state
 .data          0x00800217        0x0 app.o
 .data          0x00800217        0x0 helpers.o
 .data          0x00800217        0x0 ../map/map.o
 .data          0x00800217        0x0 ../hardware_control-avr/hardware_control.o
 .data          0x00800217        0x0 ../dijkstra/dijkstra.o
 .data          0x00800217        0x0 ../bot_memory/bot_memory.o
 .data          0x00800217        0x0 ../timer/timer.o
 .data          0x00800217        0x0 ../custom_delay/custom_delay.o
 .data          0x00800217        0x0 ../lcd/lcd.o
 .data          0x00800217        0x1 ../move_bot/move_bot.o
                0x00800217                correction_val
 .data          0x00800218        0x0 ../pos_encoder/pos_encoder.o
 .data          0x00800218        0x0 ../bl_sensor/bl_sensor.o
 .data          0x00800218        0x0 ../fake_gcc_fns/fake_gcc_fns.o
 .data          0x00800218        0x0 /usr/local/CrossPack-AVR-20131216/lib/gcc/avr/4.8.1/../../../../avr/lib/avr6/libm.a(addsf3.o)
 .data          0x00800218        0x0 /usr/local/CrossPack-AVR-20131216/lib/gcc/avr/4.8.1/../../../../avr/lib/avr6/libm.a(addsf3x.o)
 .data          0x00800218        0x0 /usr/local/CrossPack-AVR-20131216/lib/gcc/avr/4.8.1/../../../../avr/lib/avr6/libm.a(atan2.o)
 .data          0x00800218        0x0 /usr/local/CrossPack-AVR-20131216/lib/gcc/avr/4.8.1/../../../../avr/lib/avr6/libm.a(atan.o)
 .data          0x00800218        0x0 /usr/local/CrossPack-AVR-20131216/lib/gcc/avr/4.8.1/../../../../avr/lib/avr6/libm.a(cmpsf2.o)
 .data          0x00800218        0x0 /usr/local/CrossPack-AVR-20131216/lib/gcc/avr/4.8.1/../../../../avr/lib/avr6/libm.a(divsf3.o)
 .data          0x00800218        0x0 /usr/local/CrossPack-AVR-20131216/lib/gcc/avr/4.8.1/../../../../avr/lib/avr6/libm.a(divsf3x.o)
 .data          0x00800218        0x0 /usr/local/CrossPack-AVR-20131216/lib/gcc/avr/4.8.1/../../../../avr/lib/avr6/libm.a(fixsfsi.o)
 .data          0x00800218        0x0 /usr/local/CrossPack-AVR-20131216/lib/gcc/avr/4.8.1/../../../../avr/lib/avr6/libm.a(fixunssfsi.o)
 .data          0x00800218        0x0 /usr/local/CrossPack-AVR-20131216/lib/gcc/avr/4.8.1/../../../../avr/lib/avr6/libm.a(floatsisf.o)
 .data          0x00800218        0x0 /usr/local/CrossPack-AVR-20131216/lib/gcc/avr/4.8.1/../../../../avr/lib/avr6/libm.a(fmod.o)
 .data          0x00800218        0x0 /usr/local/CrossPack-AVR-20131216/lib/gcc/avr/4.8.1/../../../../avr/lib/avr6/libm.a(fp_cmp.o)
 .data          0x00800218        0x0 /usr/local/CrossPack-AVR-20131216/lib/gcc/avr/4.8.1/../../../../avr/lib/avr6/libm.a(fp_inf.o)
 .data          0x00800218        0x0 /usr/local/CrossPack-AVR-20131216/lib/gcc/avr/4.8.1/../../../../avr/lib/avr6/libm.a(fp_mpack.o)
 .data          0x00800218        0x0 /usr/local/CrossPack-AVR-20131216/lib/gcc/avr/4.8.1/../../../../avr/lib/avr6/libm.a(fp_nan.o)
 .data          0x00800218        0x0 /usr/local/CrossPack-AVR-20131216/lib/gcc/avr/4.8.1/../../../../avr/lib/avr6/libm.a(fp_powser.o)
 .data          0x00800218        0x0 /usr/local/CrossPack-AVR-20131216/lib/gcc/avr/4.8.1/../../../../avr/lib/avr6/libm.a(fp_pscA.o)
 .data          0x00800218        0x0 /usr/local/CrossPack-AVR-20131216/lib/gcc/avr/4.8.1/../../../../avr/lib/avr6/libm.a(fp_pscB.o)
 .data          0x00800218        0x0 /usr/local/CrossPack-AVR-20131216/lib/gcc/avr/4.8.1/../../../../avr/lib/avr6/libm.a(fp_round.o)
 .data          0x00800218        0x0 /usr/local/CrossPack-AVR-20131216/lib/gcc/avr/4.8.1/../../../../avr/lib/avr6/libm.a(fp_split3.o)
 .data          0x00800218        0x0 /usr/local/CrossPack-AVR-20131216/lib/gcc/avr/4.8.1/../../../../avr/lib/avr6/libm.a(fp_zero.o)
 .data          0x00800218        0x0 /usr/local/CrossPack-AVR-20131216/lib/gcc/avr/4.8.1/../../../../avr/lib/avr6/libm.a(gesf2.o)
 .data          0x00800218        0x0 /usr/local/CrossPack-AVR-20131216/lib/gcc/avr/4.8.1/../../../../avr/lib/avr6/libm.a(inverse.o)
 .data          0x00800218        0x0 /usr/local/CrossPack-AVR-20131216/lib/gcc/avr/4.8.1/../../../../avr/lib/avr6/libm.a(mulsf3.o)
 .data          0x00800218        0x0 /usr/local/CrossPack-AVR-20131216/lib/gcc/avr/4.8.1/../../../../avr/lib/avr6/libm.a(mulsf3x.o)
 .data          0x00800218        0x0 /usr/local/CrossPack-AVR-20131216/lib/gcc/avr/4.8.1/../../../../avr/lib/avr6/libm.a(sqrt.o)
 .data          0x00800218        0x0 /usr/local/CrossPack-AVR-20131216/lib/gcc/avr/4.8.1/../../../../avr/lib/avr6/libm.a(square.o)
 .data          0x00800218        0x0 /usr/local/CrossPack-AVR-20131216/lib/gcc/avr/4.8.1/../../../../avr/lib/avr6/libm.a(fp_norm2.o)
 .data          0x00800218        0x0 /usr/local/CrossPack-AVR-20131216/lib/gcc/avr/4.8.1/avr6/libgcc.a(_udivmodqi4.o)
 .data          0x00800218        0x0 /usr/local/CrossPack-AVR-20131216/lib/gcc/avr/4.8.1/avr6/libgcc.a(_exit.o)
 .data          0x00800218        0x0 /usr/local/CrossPack-AVR-20131216/lib/gcc/avr/4.8.1/avr6/libgcc.a(_copy_data.o)
 .data          0x00800218        0x0 /usr/local/CrossPack-AVR-20131216/lib/gcc/avr/4.8.1/avr6/libgcc.a(_clear_bss.o)
 .data          0x00800218        0x0 /usr/local/CrossPack-AVR-20131216/lib/gcc/avr/4.8.1/avr6/libgcc.a(_umulhisi3.o)
 .data          0x00800218        0x6 /usr/local/CrossPack-AVR-20131216/lib/gcc/avr/4.8.1/../../../../avr/lib/avr6/libc.a(malloc.o)
                0x00800218                __malloc_heap_end
                0x0080021a                __malloc_heap_start
                0x0080021c                __malloc_margin
 .data          0x0080021e        0x0 /usr/local/CrossPack-AVR-20131216/lib/gcc/avr/4.8.1/../../../../avr/lib/avr6/libc.a(strcmp.o)
 .data          0x0080021e        0x0 /usr/local/CrossPack-AVR-20131216/lib/gcc/avr/4.8.1/../../../../avr/lib/avr6/libc.a(puts.o)
 .data          0x0080021e        0x0 /usr/local/CrossPack-AVR-20131216/lib/gcc/avr/4.8.1/../../../../avr/lib/avr6/libc.a(vsnprintf.o)
 .data          0x0080021e        0x0 /usr/local/CrossPack-AVR-20131216/lib/gcc/avr/4.8.1/../../../../avr/lib/avr6/libc.a(vfprintf_std.o)
 .data          0x0080021e        0x0 /usr/local/CrossPack-AVR-20131216/lib/gcc/avr/4.8.1/../../../../avr/lib/avr6/libc.a(strnlen_P.o)
 .data          0x0080021e        0x0 /usr/local/CrossPack-AVR-20131216/lib/gcc/avr/4.8.1/../../../../avr/lib/avr6/libc.a(strnlen.o)
 .data          0x0080021e        0x0 /usr/local/CrossPack-AVR-20131216/lib/gcc/avr/4.8.1/../../../../avr/lib/avr6/libc.a(fputc.o)
 .data          0x0080021e        0x0 /usr/local/CrossPack-AVR-20131216/lib/gcc/avr/4.8.1/../../../../avr/lib/avr6/libc.a(iob.o)
 .data          0x0080021e        0x0 /usr/local/CrossPack-AVR-20131216/lib/gcc/avr/4.8.1/../../../../avr/lib/avr6/libc.a(ultoa_invert.o)
 *(.data*)
 *(.rodata)
 .rodata        0x0080021e        0x4 timeline.o
                0x0080021e                GUARANTEED_PERIOD
                0x00800220                MAX_ORDERS
 .rodata        0x00800222        0x2 ../move_bot/move_bot.o
                0x00800222                rotation_threshold
 *(.rodata*)
 .rodata.str1.1
                0x00800224      0x275 timeline.o
 .rodata.str1.1
                0x00800499        0xd app.o
 .rodata.str1.1
                0x008004a6      0x103 ../map/map.o
                                0x11a (size before relaxing)
 .rodata.str1.1
                0x008005a9        0x6 ../hardware_control-avr/hardware_control.o
 .rodata.str1.1
                0x008005af       0x4d ../dijkstra/dijkstra.o
 *(.gnu.linkonce.d*)
                0x008005fc                . = ALIGN (0x2)
                0x008005fc                _edata = .
                0x008005fc                PROVIDE (__data_end, .)

.bss            0x008005fc       0x51
                0x008005fc                PROVIDE (__bss_start, .)
 *(.bss)
 .bss           0x008005fc        0x0 /usr/local/CrossPack-AVR-20131216/lib/gcc/avr/4.8.1/../../../../avr/lib/avr6/crtm2560.o
 .bss           0x008005fc        0x8 timeline.o
                0x008005fc                fake_i
                0x008005fe                orders_completed
                0x00800600                total_orders
                0x00800602                total_pizzas
 .bss           0x00800604        0x0 app.o
 .bss           0x00800604        0x0 helpers.o
 .bss           0x00800604        0x0 ../map/map.o
 .bss           0x00800604        0x0 ../hardware_control-avr/hardware_control.o
 .bss           0x00800604        0x0 ../dijkstra/dijkstra.o
 .bss           0x00800604        0x0 ../bot_memory/bot_memory.o
 .bss           0x00800604        0x2 ../timer/timer.o
                0x00800604                time_count
 .bss           0x00800606        0x0 ../custom_delay/custom_delay.o
 .bss           0x00800606        0x0 ../lcd/lcd.o
 .bss           0x00800606        0x9 ../move_bot/move_bot.o
                0x00800606                last_right
                0x00800608                last_center
                0x0080060a                last_left
                0x0080060c                right_black_line
                0x0080060d                center_black_line
                0x0080060e                left_black_line
 .bss           0x0080060f        0x8 ../pos_encoder/pos_encoder.o
                0x0080060f                ShaftCountRight
                0x00800613                ShaftCountLeft
 .bss           0x00800617        0x4 ../bl_sensor/bl_sensor.o
                0x00800617                Right_black_line
                0x00800618                Center_black_line
                0x00800619                Left_black_line
                0x0080061a                flag
 .bss           0x0080061b        0x0 ../fake_gcc_fns/fake_gcc_fns.o
 .bss           0x0080061b        0x0 /usr/local/CrossPack-AVR-20131216/lib/gcc/avr/4.8.1/../../../../avr/lib/avr6/libm.a(addsf3.o)
 .bss           0x0080061b        0x0 /usr/local/CrossPack-AVR-20131216/lib/gcc/avr/4.8.1/../../../../avr/lib/avr6/libm.a(addsf3x.o)
 .bss           0x0080061b        0x0 /usr/local/CrossPack-AVR-20131216/lib/gcc/avr/4.8.1/../../../../avr/lib/avr6/libm.a(atan2.o)
 .bss           0x0080061b        0x0 /usr/local/CrossPack-AVR-20131216/lib/gcc/avr/4.8.1/../../../../avr/lib/avr6/libm.a(atan.o)
 .bss           0x0080061b        0x0 /usr/local/CrossPack-AVR-20131216/lib/gcc/avr/4.8.1/../../../../avr/lib/avr6/libm.a(cmpsf2.o)
 .bss           0x0080061b        0x0 /usr/local/CrossPack-AVR-20131216/lib/gcc/avr/4.8.1/../../../../avr/lib/avr6/libm.a(divsf3.o)
 .bss           0x0080061b        0x0 /usr/local/CrossPack-AVR-20131216/lib/gcc/avr/4.8.1/../../../../avr/lib/avr6/libm.a(divsf3x.o)
 .bss           0x0080061b        0x0 /usr/local/CrossPack-AVR-20131216/lib/gcc/avr/4.8.1/../../../../avr/lib/avr6/libm.a(fixsfsi.o)
 .bss           0x0080061b        0x0 /usr/local/CrossPack-AVR-20131216/lib/gcc/avr/4.8.1/../../../../avr/lib/avr6/libm.a(fixunssfsi.o)
 .bss           0x0080061b        0x0 /usr/local/CrossPack-AVR-20131216/lib/gcc/avr/4.8.1/../../../../avr/lib/avr6/libm.a(floatsisf.o)
 .bss           0x0080061b        0x0 /usr/local/CrossPack-AVR-20131216/lib/gcc/avr/4.8.1/../../../../avr/lib/avr6/libm.a(fmod.o)
 .bss           0x0080061b        0x0 /usr/local/CrossPack-AVR-20131216/lib/gcc/avr/4.8.1/../../../../avr/lib/avr6/libm.a(fp_cmp.o)
 .bss           0x0080061b        0x0 /usr/local/CrossPack-AVR-20131216/lib/gcc/avr/4.8.1/../../../../avr/lib/avr6/libm.a(fp_inf.o)
 .bss           0x0080061b        0x0 /usr/local/CrossPack-AVR-20131216/lib/gcc/avr/4.8.1/../../../../avr/lib/avr6/libm.a(fp_mpack.o)
 .bss           0x0080061b        0x0 /usr/local/CrossPack-AVR-20131216/lib/gcc/avr/4.8.1/../../../../avr/lib/avr6/libm.a(fp_nan.o)
 .bss           0x0080061b        0x0 /usr/local/CrossPack-AVR-20131216/lib/gcc/avr/4.8.1/../../../../avr/lib/avr6/libm.a(fp_powser.o)
 .bss           0x0080061b        0x0 /usr/local/CrossPack-AVR-20131216/lib/gcc/avr/4.8.1/../../../../avr/lib/avr6/libm.a(fp_pscA.o)
 .bss           0x0080061b        0x0 /usr/local/CrossPack-AVR-20131216/lib/gcc/avr/4.8.1/../../../../avr/lib/avr6/libm.a(fp_pscB.o)
 .bss           0x0080061b        0x0 /usr/local/CrossPack-AVR-20131216/lib/gcc/avr/4.8.1/../../../../avr/lib/avr6/libm.a(fp_round.o)
 .bss           0x0080061b        0x0 /usr/local/CrossPack-AVR-20131216/lib/gcc/avr/4.8.1/../../../../avr/lib/avr6/libm.a(fp_split3.o)
 .bss           0x0080061b        0x0 /usr/local/CrossPack-AVR-20131216/lib/gcc/avr/4.8.1/../../../../avr/lib/avr6/libm.a(fp_zero.o)
 .bss           0x0080061b        0x0 /usr/local/CrossPack-AVR-20131216/lib/gcc/avr/4.8.1/../../../../avr/lib/avr6/libm.a(gesf2.o)
 .bss           0x0080061b        0x0 /usr/local/CrossPack-AVR-20131216/lib/gcc/avr/4.8.1/../../../../avr/lib/avr6/libm.a(inverse.o)
 .bss           0x0080061b        0x0 /usr/local/CrossPack-AVR-20131216/lib/gcc/avr/4.8.1/../../../../avr/lib/avr6/libm.a(mulsf3.o)
 .bss           0x0080061b        0x0 /usr/local/CrossPack-AVR-20131216/lib/gcc/avr/4.8.1/../../../../avr/lib/avr6/libm.a(mulsf3x.o)
 .bss           0x0080061b        0x0 /usr/local/CrossPack-AVR-20131216/lib/gcc/avr/4.8.1/../../../../avr/lib/avr6/libm.a(sqrt.o)
 .bss           0x0080061b        0x0 /usr/local/CrossPack-AVR-20131216/lib/gcc/avr/4.8.1/../../../../avr/lib/avr6/libm.a(square.o)
 .bss           0x0080061b        0x0 /usr/local/CrossPack-AVR-20131216/lib/gcc/avr/4.8.1/../../../../avr/lib/avr6/libm.a(fp_norm2.o)
 .bss           0x0080061b        0x0 /usr/local/CrossPack-AVR-20131216/lib/gcc/avr/4.8.1/avr6/libgcc.a(_udivmodqi4.o)
 .bss           0x0080061b        0x0 /usr/local/CrossPack-AVR-20131216/lib/gcc/avr/4.8.1/avr6/libgcc.a(_exit.o)
 .bss           0x0080061b        0x0 /usr/local/CrossPack-AVR-20131216/lib/gcc/avr/4.8.1/avr6/libgcc.a(_copy_data.o)
 .bss           0x0080061b        0x0 /usr/local/CrossPack-AVR-20131216/lib/gcc/avr/4.8.1/avr6/libgcc.a(_clear_bss.o)
 .bss           0x0080061b        0x0 /usr/local/CrossPack-AVR-20131216/lib/gcc/avr/4.8.1/avr6/libgcc.a(_umulhisi3.o)
 .bss           0x0080061b        0x0 /usr/local/CrossPack-AVR-20131216/lib/gcc/avr/4.8.1/../../../../avr/lib/avr6/libc.a(malloc.o)
 .bss           0x0080061b        0x0 /usr/local/CrossPack-AVR-20131216/lib/gcc/avr/4.8.1/../../../../avr/lib/avr6/libc.a(strcmp.o)
 .bss           0x0080061b        0x0 /usr/local/CrossPack-AVR-20131216/lib/gcc/avr/4.8.1/../../../../avr/lib/avr6/libc.a(puts.o)
 .bss           0x0080061b        0x0 /usr/local/CrossPack-AVR-20131216/lib/gcc/avr/4.8.1/../../../../avr/lib/avr6/libc.a(vsnprintf.o)
 .bss           0x0080061b        0x0 /usr/local/CrossPack-AVR-20131216/lib/gcc/avr/4.8.1/../../../../avr/lib/avr6/libc.a(vfprintf_std.o)
 .bss           0x0080061b        0x0 /usr/local/CrossPack-AVR-20131216/lib/gcc/avr/4.8.1/../../../../avr/lib/avr6/libc.a(strnlen_P.o)
 .bss           0x0080061b        0x0 /usr/local/CrossPack-AVR-20131216/lib/gcc/avr/4.8.1/../../../../avr/lib/avr6/libc.a(strnlen.o)
 .bss           0x0080061b        0x0 /usr/local/CrossPack-AVR-20131216/lib/gcc/avr/4.8.1/../../../../avr/lib/avr6/libc.a(fputc.o)
 .bss           0x0080061b        0x0 /usr/local/CrossPack-AVR-20131216/lib/gcc/avr/4.8.1/../../../../avr/lib/avr6/libc.a(iob.o)
 .bss           0x0080061b        0x0 /usr/local/CrossPack-AVR-20131216/lib/gcc/avr/4.8.1/../../../../avr/lib/avr6/libc.a(ultoa_invert.o)
 *(.bss*)
 *(COMMON)
 COMMON         0x0080061b        0xa timeline.o
                0x0080061b                our_pizzas
                0x0080061d                next_extra_order
                0x0080061f                PIZZA_COUNTER_NODE
                0x00800621                next_required_period
                0x00800623                our_timeline
 COMMON         0x00800625        0xa ../map/map.o
                0x00800625                curve_info
                0x00800627                found_node
                0x00800629                current_search_name
                0x0080062b                our_graph
                0x0080062d                bot_info
 COMMON         0x0080062f        0x2 ../bot_memory/bot_memory.o
                0x0080062f                our_bot
 COMMON         0x00800631        0xc ../lcd/lcd.o
                0x00800631                million
                0x00800633                temp
                0x00800635                tens
                0x00800637                hundred
                0x00800639                unit
                0x0080063b                thousand
 COMMON         0x0080063d        0x3 ../move_bot/move_bot.o
                0x0080063d                degrees
                0x0080063f                ADC_value
 COMMON         0x00800640        0x2 ../pos_encoder/pos_encoder.o
                0x00800640                Degrees
 COMMON         0x00800642        0x1 ../bl_sensor/bl_sensor.o
                0x00800642                ADC_Value
 COMMON         0x00800643        0x4 /usr/local/CrossPack-AVR-20131216/lib/gcc/avr/4.8.1/../../../../avr/lib/avr6/libc.a(malloc.o)
                0x00800643                __brkval
                0x00800645                __flp
 COMMON         0x00800647        0x6 /usr/local/CrossPack-AVR-20131216/lib/gcc/avr/4.8.1/../../../../avr/lib/avr6/libc.a(iob.o)
                0x00800647                __iob
                0x0080064d                PROVIDE (__bss_end, .)
                0x0000b404                __data_load_start = LOADADDR (.data)
                0x0000b800                __data_load_end = (__data_load_start + SIZEOF (.data))

.noinit         0x0080064d        0x0
                0x0080064d                PROVIDE (__noinit_start, .)
 *(.noinit*)
                0x0080064d                PROVIDE (__noinit_end, .)
                0x0080064d                _end = .
                0x0080064d                PROVIDE (__heap_start, .)

.eeprom         0x00810000        0x0
 *(.eeprom*)
                0x00810000                __eeprom_end = .

.fuse
 *(.fuse)
 *(.lfuse)
 *(.hfuse)
 *(.efuse)

.lock
 *(.lock*)

.signature
 *(.signature*)

.user_signatures
 *(.user_signatures*)

.stab
 *(.stab)

.stabstr
 *(.stabstr)

.stab.excl
 *(.stab.excl)

.stab.exclstr
 *(.stab.exclstr)

.stab.index
 *(.stab.index)

.stab.indexstr
 *(.stab.indexstr)

.comment        0x00000000       0x11
 *(.comment)
 .comment       0x00000000       0x11 timeline.o
                                 0x12 (size before relaxing)
 .comment       0x00000000       0x12 app.o
 .comment       0x00000000       0x12 helpers.o
 .comment       0x00000000       0x12 ../map/map.o
 .comment       0x00000000       0x12 ../hardware_control-avr/hardware_control.o
 .comment       0x00000000       0x12 ../dijkstra/dijkstra.o
 .comment       0x00000000       0x12 ../bot_memory/bot_memory.o
 .comment       0x00000000       0x12 ../timer/timer.o
 .comment       0x00000000       0x12 ../custom_delay/custom_delay.o
 .comment       0x00000000       0x12 ../lcd/lcd.o
 .comment       0x00000000       0x12 ../move_bot/move_bot.o
 .comment       0x00000000       0x12 ../pos_encoder/pos_encoder.o
 .comment       0x00000000       0x12 ../bl_sensor/bl_sensor.o
 .comment       0x00000000       0x12 ../fake_gcc_fns/fake_gcc_fns.o
 .comment       0x00000000       0x12 /usr/local/CrossPack-AVR-20131216/lib/gcc/avr/4.8.1/../../../../avr/lib/avr6/libc.a(malloc.o)
 .comment       0x00000000       0x12 /usr/local/CrossPack-AVR-20131216/lib/gcc/avr/4.8.1/../../../../avr/lib/avr6/libc.a(puts.o)
 .comment       0x00000000       0x12 /usr/local/CrossPack-AVR-20131216/lib/gcc/avr/4.8.1/../../../../avr/lib/avr6/libc.a(vsnprintf.o)
 .comment       0x00000000       0x12 /usr/local/CrossPack-AVR-20131216/lib/gcc/avr/4.8.1/../../../../avr/lib/avr6/libc.a(vfprintf_std.o)
 .comment       0x00000000       0x12 /usr/local/CrossPack-AVR-20131216/lib/gcc/avr/4.8.1/../../../../avr/lib/avr6/libc.a(fputc.o)
 .comment       0x00000000       0x12 /usr/local/CrossPack-AVR-20131216/lib/gcc/avr/4.8.1/../../../../avr/lib/avr6/libc.a(iob.o)

.debug
 *(.debug)

.line
 *(.line)

.debug_srcinfo
 *(.debug_srcinfo)

.debug_sfnames
 *(.debug_sfnames)

.debug_aranges  0x00000000      0x260
 *(.debug_aranges)
 .debug_aranges
                0x00000000       0x20 timeline.o
 .debug_aranges
                0x00000020       0x20 app.o
 .debug_aranges
                0x00000040       0x20 helpers.o
 .debug_aranges
                0x00000060       0x20 ../map/map.o
 .debug_aranges
                0x00000080       0x20 ../hardware_control-avr/hardware_control.o
 .debug_aranges
                0x000000a0       0x20 ../dijkstra/dijkstra.o
 .debug_aranges
                0x000000c0       0x20 ../bot_memory/bot_memory.o
 .debug_aranges
                0x000000e0       0x20 ../timer/timer.o
 .debug_aranges
                0x00000100       0x20 ../custom_delay/custom_delay.o
 .debug_aranges
                0x00000120       0x20 ../lcd/lcd.o
 .debug_aranges
                0x00000140       0x20 ../move_bot/move_bot.o
 .debug_aranges
                0x00000160       0x20 ../pos_encoder/pos_encoder.o
 .debug_aranges
                0x00000180       0x20 ../bl_sensor/bl_sensor.o
 .debug_aranges
                0x000001a0       0x20 ../fake_gcc_fns/fake_gcc_fns.o
 .debug_aranges
                0x000001c0       0x20 /usr/local/CrossPack-AVR-20131216/lib/gcc/avr/4.8.1/avr6/libgcc.a(_udivmodqi4.o)
 .debug_aranges
                0x000001e0       0x20 /usr/local/CrossPack-AVR-20131216/lib/gcc/avr/4.8.1/avr6/libgcc.a(_exit.o)
 .debug_aranges
                0x00000200       0x20 /usr/local/CrossPack-AVR-20131216/lib/gcc/avr/4.8.1/avr6/libgcc.a(_copy_data.o)
 .debug_aranges
                0x00000220       0x20 /usr/local/CrossPack-AVR-20131216/lib/gcc/avr/4.8.1/avr6/libgcc.a(_clear_bss.o)
 .debug_aranges
                0x00000240       0x20 /usr/local/CrossPack-AVR-20131216/lib/gcc/avr/4.8.1/avr6/libgcc.a(_umulhisi3.o)

.debug_pubnames
 *(.debug_pubnames)

.debug_info     0x00000000     0xc073
 *(.debug_info)
 .debug_info    0x00000000     0x2213 timeline.o
 .debug_info    0x00002213      0x356 app.o
 .debug_info    0x00002569      0x784 helpers.o
 .debug_info    0x00002ced     0x49ec ../map/map.o
 .debug_info    0x000076d9      0x908 ../hardware_control-avr/hardware_control.o
 .debug_info    0x00007fe1      0x755 ../dijkstra/dijkstra.o
 .debug_info    0x00008736      0x387 ../bot_memory/bot_memory.o
 .debug_info    0x00008abd      0x103 ../timer/timer.o
 .debug_info    0x00008bc0      0x103 ../custom_delay/custom_delay.o
 .debug_info    0x00008cc3     0x13b7 ../lcd/lcd.o
 .debug_info    0x0000a07a      0x84e ../move_bot/move_bot.o
 .debug_info    0x0000a8c8      0xf62 ../pos_encoder/pos_encoder.o
 .debug_info    0x0000b82a      0x245 ../bl_sensor/bl_sensor.o
 .debug_info    0x0000ba6f      0x24e ../fake_gcc_fns/fake_gcc_fns.o
 .debug_info    0x0000bcbd       0xbe /usr/local/CrossPack-AVR-20131216/lib/gcc/avr/4.8.1/avr6/libgcc.a(_udivmodqi4.o)
 .debug_info    0x0000bd7b       0xbe /usr/local/CrossPack-AVR-20131216/lib/gcc/avr/4.8.1/avr6/libgcc.a(_exit.o)
 .debug_info    0x0000be39       0xbe /usr/local/CrossPack-AVR-20131216/lib/gcc/avr/4.8.1/avr6/libgcc.a(_copy_data.o)
 .debug_info    0x0000bef7       0xbe /usr/local/CrossPack-AVR-20131216/lib/gcc/avr/4.8.1/avr6/libgcc.a(_clear_bss.o)
 .debug_info    0x0000bfb5       0xbe /usr/local/CrossPack-AVR-20131216/lib/gcc/avr/4.8.1/avr6/libgcc.a(_umulhisi3.o)
 *(.gnu.linkonce.wi.*)

.debug_abbrev   0x00000000     0x1c5c
 *(.debug_abbrev)
 .debug_abbrev  0x00000000      0x447 timeline.o
 .debug_abbrev  0x00000447      0x10d app.o
 .debug_abbrev  0x00000554      0x1f9 helpers.o
 .debug_abbrev  0x0000074d      0x429 ../map/map.o
 .debug_abbrev  0x00000b76      0x214 ../hardware_control-avr/hardware_control.o
 .debug_abbrev  0x00000d8a      0x231 ../dijkstra/dijkstra.o
 .debug_abbrev  0x00000fbb      0x100 ../bot_memory/bot_memory.o
 .debug_abbrev  0x000010bb       0xd4 ../timer/timer.o
 .debug_abbrev  0x0000118f       0xc4 ../custom_delay/custom_delay.o
 .debug_abbrev  0x00001253      0x29b ../lcd/lcd.o
 .debug_abbrev  0x000014ee      0x201 ../move_bot/move_bot.o
 .debug_abbrev  0x000016ef      0x21f ../pos_encoder/pos_encoder.o
 .debug_abbrev  0x0000190e      0x148 ../bl_sensor/bl_sensor.o
 .debug_abbrev  0x00001a56      0x1a2 ../fake_gcc_fns/fake_gcc_fns.o
 .debug_abbrev  0x00001bf8       0x14 /usr/local/CrossPack-AVR-20131216/lib/gcc/avr/4.8.1/avr6/libgcc.a(_udivmodqi4.o)
 .debug_abbrev  0x00001c0c       0x14 /usr/local/CrossPack-AVR-20131216/lib/gcc/avr/4.8.1/avr6/libgcc.a(_exit.o)
 .debug_abbrev  0x00001c20       0x14 /usr/local/CrossPack-AVR-20131216/lib/gcc/avr/4.8.1/avr6/libgcc.a(_copy_data.o)
 .debug_abbrev  0x00001c34       0x14 /usr/local/CrossPack-AVR-20131216/lib/gcc/avr/4.8.1/avr6/libgcc.a(_clear_bss.o)
 .debug_abbrev  0x00001c48       0x14 /usr/local/CrossPack-AVR-20131216/lib/gcc/avr/4.8.1/avr6/libgcc.a(_umulhisi3.o)

.debug_line     0x00000000     0x2481
 *(.debug_line)
 .debug_line    0x00000000      0x6d7 timeline.o
 .debug_line    0x000006d7      0x102 app.o
 .debug_line    0x000007d9      0x1d6 helpers.o
 .debug_line    0x000009af      0x782 ../map/map.o
 .debug_line    0x00001131      0x276 ../hardware_control-avr/hardware_control.o
 .debug_line    0x000013a7      0x1a3 ../dijkstra/dijkstra.o
 .debug_line    0x0000154a      0x13b ../bot_memory/bot_memory.o
 .debug_line    0x00001685       0xa4 ../timer/timer.o
 .debug_line    0x00001729       0xcf ../custom_delay/custom_delay.o
 .debug_line    0x000017f8      0x47c ../lcd/lcd.o
 .debug_line    0x00001c74      0x157 ../move_bot/move_bot.o
 .debug_line    0x00001dcb      0x2ab ../pos_encoder/pos_encoder.o
 .debug_line    0x00002076       0xda ../bl_sensor/bl_sensor.o
 .debug_line    0x00002150      0x151 ../fake_gcc_fns/fake_gcc_fns.o
 .debug_line    0x000022a1       0x62 /usr/local/CrossPack-AVR-20131216/lib/gcc/avr/4.8.1/avr6/libgcc.a(_udivmodqi4.o)
 .debug_line    0x00002303       0x58 /usr/local/CrossPack-AVR-20131216/lib/gcc/avr/4.8.1/avr6/libgcc.a(_exit.o)
 .debug_line    0x0000235b       0x63 /usr/local/CrossPack-AVR-20131216/lib/gcc/avr/4.8.1/avr6/libgcc.a(_copy_data.o)
 .debug_line    0x000023be       0x5e /usr/local/CrossPack-AVR-20131216/lib/gcc/avr/4.8.1/avr6/libgcc.a(_clear_bss.o)
 .debug_line    0x0000241c       0x65 /usr/local/CrossPack-AVR-20131216/lib/gcc/avr/4.8.1/avr6/libgcc.a(_umulhisi3.o)

.debug_frame    0x00000000     0x17ac
 *(.debug_frame)
 .debug_frame   0x00000000      0x79c timeline.o
 .debug_frame   0x0000079c       0x3c app.o
 .debug_frame   0x000007d8      0x208 helpers.o
 .debug_frame   0x000009e0      0x420 ../map/map.o
 .debug_frame   0x00000e00       0xec ../hardware_control-avr/hardware_control.o
 .debug_frame   0x00000eec       0xf4 ../dijkstra/dijkstra.o
 .debug_frame   0x00000fe0       0x48 ../bot_memory/bot_memory.o
 .debug_frame   0x00001028       0x78 ../timer/timer.o
 .debug_frame   0x000010a0       0x24 ../custom_delay/custom_delay.o
 .debug_frame   0x000010c4       0xf0 ../lcd/lcd.o
 .debug_frame   0x000011b4      0x13c ../move_bot/move_bot.o
 .debug_frame   0x000012f0      0x3f4 ../pos_encoder/pos_encoder.o
 .debug_frame   0x000016e4       0x84 ../bl_sensor/bl_sensor.o
 .debug_frame   0x00001768       0x44 ../fake_gcc_fns/fake_gcc_fns.o

.debug_str      0x00000000     0x13fd
 *(.debug_str)
 .debug_str     0x00000000      0x806 timeline.o
                                0x949 (size before relaxing)
 .debug_str     0x00000806       0x46 app.o
                                0x213 (size before relaxing)
 .debug_str     0x0000084c       0xa4 helpers.o
                                0x2d3 (size before relaxing)
 .debug_str     0x000008f0      0x234 ../map/map.o
                                0x4c4 (size before relaxing)
 .debug_str     0x00000b24      0x10a ../hardware_control-avr/hardware_control.o
                                0x44f (size before relaxing)
 .debug_str     0x00000c2e       0xa4 ../dijkstra/dijkstra.o
                                0x378 (size before relaxing)
 .debug_str     0x00000cd2       0x23 ../bot_memory/bot_memory.o
                                0x242 (size before relaxing)
 .debug_str     0x00000cf5       0x45 ../timer/timer.o
                                0x119 (size before relaxing)
 .debug_str     0x00000d3a       0x1f ../custom_delay/custom_delay.o
                                0x131 (size before relaxing)
 .debug_str     0x00000d59       0xfe ../lcd/lcd.o
                                0x241 (size before relaxing)
 .debug_str     0x00000e57      0x284 ../move_bot/move_bot.o
                                0x37d (size before relaxing)
 .debug_str     0x000010db      0x252 ../pos_encoder/pos_encoder.o
                                0x461 (size before relaxing)
 .debug_str     0x0000132d       0xab ../bl_sensor/bl_sensor.o
                                0x1a8 (size before relaxing)
 .debug_str     0x000013d8       0x25 ../fake_gcc_fns/fake_gcc_fns.o
                                0x190 (size before relaxing)

.debug_loc      0x00000000     0xd514
 *(.debug_loc)
 .debug_loc     0x00000000     0x37dd timeline.o
 .debug_loc     0x000037dd       0x94 app.o
 .debug_loc     0x00003871      0xecd helpers.o
 .debug_loc     0x0000473e     0x480c ../map/map.o
 .debug_loc     0x00008f4a      0x964 ../hardware_control-avr/hardware_control.o
 .debug_loc     0x000098ae      0x8fe ../dijkstra/dijkstra.o
 .debug_loc     0x0000a1ac       0x49 ../bot_memory/bot_memory.o
 .debug_loc     0x0000a1f5       0x49 ../timer/timer.o
 .debug_loc     0x0000a23e       0x6e ../custom_delay/custom_delay.o
 .debug_loc     0x0000a2ac     0x1106 ../lcd/lcd.o
 .debug_loc     0x0000b3b2      0xa45 ../move_bot/move_bot.o
 .debug_loc     0x0000bdf7     0x15ef ../pos_encoder/pos_encoder.o
 .debug_loc     0x0000d3e6       0x9b ../bl_sensor/bl_sensor.o
 .debug_loc     0x0000d481       0x93 ../fake_gcc_fns/fake_gcc_fns.o

.debug_macinfo
 *(.debug_macinfo)

.debug_pubtypes
 *(.debug_pubtypes)

.debug_ranges   0x00000000      0x698
 *(.debug_ranges)
 .debug_ranges  0x00000000      0x1b0 timeline.o
 .debug_ranges  0x000001b0       0x10 app.o
 .debug_ranges  0x000001c0       0x88 helpers.o
 .debug_ranges  0x00000248      0x270 ../map/map.o
 .debug_ranges  0x000004b8       0x20 ../hardware_control-avr/hardware_control.o
 .debug_ranges  0x000004d8       0x18 ../dijkstra/dijkstra.o
 .debug_ranges  0x000004f0       0x30 ../lcd/lcd.o
 .debug_ranges  0x00000520       0x30 ../move_bot/move_bot.o
 .debug_ranges  0x00000550      0x148 ../pos_encoder/pos_encoder.o

.debug_macro
 *(.debug_macro)
OUTPUT(app.out elf32-avr)
LOAD linker stubs
