Archive member included because of file (symbol)

/usr/lib/gcc/avr/4.8.2/../../../avr/lib/avr6/libm.a(addsf3.o)
                              timeline.o (__subsf3)
/usr/lib/gcc/avr/4.8.2/../../../avr/lib/avr6/libm.a(addsf3x.o)
                              /usr/lib/gcc/avr/4.8.2/../../../avr/lib/avr6/libm.a(addsf3.o) (__addsf3x)
/usr/lib/gcc/avr/4.8.2/../../../avr/lib/avr6/libm.a(atan2.o)
                              ../map/map.o (atan2)
/usr/lib/gcc/avr/4.8.2/../../../avr/lib/avr6/libm.a(atan.o)
                              /usr/lib/gcc/avr/4.8.2/../../../avr/lib/avr6/libm.a(atan2.o) (atan)
/usr/lib/gcc/avr/4.8.2/../../../avr/lib/avr6/libm.a(cmpsf2.o)
                              timeline.o (__ltsf2)
/usr/lib/gcc/avr/4.8.2/../../../avr/lib/avr6/libm.a(divsf3.o)
                              ../map/map.o (__divsf3)
/usr/lib/gcc/avr/4.8.2/../../../avr/lib/avr6/libm.a(divsf3x.o)
                              /usr/lib/gcc/avr/4.8.2/../../../avr/lib/avr6/libm.a(divsf3.o) (__divsf3x)
/usr/lib/gcc/avr/4.8.2/../../../avr/lib/avr6/libm.a(fixsfsi.o)
                              timeline.o (__fixsfsi)
/usr/lib/gcc/avr/4.8.2/../../../avr/lib/avr6/libm.a(fixunssfsi.o)
                              ../hardware_control-avr/hardware_control.o (__fixunssfsi)
/usr/lib/gcc/avr/4.8.2/../../../avr/lib/avr6/libm.a(floatsisf.o)
                              ../move_bot/move_bot.o (__floatunsisf)
/usr/lib/gcc/avr/4.8.2/../../../avr/lib/avr6/libm.a(fmod.o)
                              ../map/map.o (fmod)
/usr/lib/gcc/avr/4.8.2/../../../avr/lib/avr6/libm.a(fp_cmp.o)
                              /usr/lib/gcc/avr/4.8.2/../../../avr/lib/avr6/libm.a(cmpsf2.o) (__fp_cmp)
/usr/lib/gcc/avr/4.8.2/../../../avr/lib/avr6/libm.a(fp_inf.o)
                              /usr/lib/gcc/avr/4.8.2/../../../avr/lib/avr6/libm.a(addsf3x.o) (__fp_inf)
/usr/lib/gcc/avr/4.8.2/../../../avr/lib/avr6/libm.a(fp_mpack.o)
                              /usr/lib/gcc/avr/4.8.2/../../../avr/lib/avr6/libm.a(fmod.o) (__fp_mpack)
/usr/lib/gcc/avr/4.8.2/../../../avr/lib/avr6/libm.a(fp_nan.o)
                              /usr/lib/gcc/avr/4.8.2/../../../avr/lib/avr6/libm.a(addsf3x.o) (__fp_nan)
/usr/lib/gcc/avr/4.8.2/../../../avr/lib/avr6/libm.a(fp_powser.o)
                              /usr/lib/gcc/avr/4.8.2/../../../avr/lib/avr6/libm.a(atan.o) (__fp_powser)
/usr/lib/gcc/avr/4.8.2/../../../avr/lib/avr6/libm.a(fp_pscA.o)
                              /usr/lib/gcc/avr/4.8.2/../../../avr/lib/avr6/libm.a(addsf3x.o) (__fp_pscA)
/usr/lib/gcc/avr/4.8.2/../../../avr/lib/avr6/libm.a(fp_pscB.o)
                              /usr/lib/gcc/avr/4.8.2/../../../avr/lib/avr6/libm.a(addsf3x.o) (__fp_pscB)
/usr/lib/gcc/avr/4.8.2/../../../avr/lib/avr6/libm.a(fp_round.o)
                              /usr/lib/gcc/avr/4.8.2/../../../avr/lib/avr6/libm.a(addsf3.o) (__fp_round)
/usr/lib/gcc/avr/4.8.2/../../../avr/lib/avr6/libm.a(fp_split3.o)
                              /usr/lib/gcc/avr/4.8.2/../../../avr/lib/avr6/libm.a(addsf3x.o) (__fp_split3)
/usr/lib/gcc/avr/4.8.2/../../../avr/lib/avr6/libm.a(fp_zero.o)
                              /usr/lib/gcc/avr/4.8.2/../../../avr/lib/avr6/libm.a(addsf3x.o) (__fp_zero)
/usr/lib/gcc/avr/4.8.2/../../../avr/lib/avr6/libm.a(gesf2.o)
                              timeline.o (__gesf2)
/usr/lib/gcc/avr/4.8.2/../../../avr/lib/avr6/libm.a(inverse.o)
                              /usr/lib/gcc/avr/4.8.2/../../../avr/lib/avr6/libm.a(atan.o) (inverse)
/usr/lib/gcc/avr/4.8.2/../../../avr/lib/avr6/libm.a(mulsf3.o)
                              timeline.o (__mulsf3)
/usr/lib/gcc/avr/4.8.2/../../../avr/lib/avr6/libm.a(mulsf3x.o)
                              /usr/lib/gcc/avr/4.8.2/../../../avr/lib/avr6/libm.a(atan.o) (__mulsf3x)
/usr/lib/gcc/avr/4.8.2/../../../avr/lib/avr6/libm.a(sqrt.o)
                              ../hardware_control-avr/hardware_control.o (sqrt)
/usr/lib/gcc/avr/4.8.2/../../../avr/lib/avr6/libm.a(square.o)
                              /usr/lib/gcc/avr/4.8.2/../../../avr/lib/avr6/libm.a(atan.o) (square)
/usr/lib/gcc/avr/4.8.2/../../../avr/lib/avr6/libm.a(fp_norm2.o)
                              /usr/lib/gcc/avr/4.8.2/../../../avr/lib/avr6/libm.a(sqrt.o) (__fp_norm2)
/usr/lib/gcc/avr/4.8.2/avr6/libgcc.a(_udivmodqi4.o)
                              ../hardware_control-avr/hardware_control.o (__udivmodqi4)
/usr/lib/gcc/avr/4.8.2/avr6/libgcc.a(_udivmodhi4.o)
                              ../lcd/lcd.o (__udivmodhi4)
/usr/lib/gcc/avr/4.8.2/avr6/libgcc.a(_exit.o)
                              /usr/lib/gcc/avr/4.8.2/../../../avr/lib/avr6/crtm2560.o (exit)
/usr/lib/gcc/avr/4.8.2/avr6/libgcc.a(_copy_data.o)
                              timeline.o (__do_copy_data)
/usr/lib/gcc/avr/4.8.2/avr6/libgcc.a(_clear_bss.o)
                              timeline.o (__do_clear_bss)
/usr/lib/gcc/avr/4.8.2/../../../avr/lib/avr6/libc.a(malloc.o)
                              timeline.o (malloc)
/usr/lib/gcc/avr/4.8.2/../../../avr/lib/avr6/libc.a(strcmp.o)
                              ../map/map.o (strcmp)
/usr/lib/gcc/avr/4.8.2/../../../avr/lib/avr6/libc.a(puts.o)
                              ../dijkstra/dijkstra.o (puts)
/usr/lib/gcc/avr/4.8.2/../../../avr/lib/avr6/libc.a(vsnprintf.o)
                              ../lcd/lcd.o (vsnprintf)
/usr/lib/gcc/avr/4.8.2/../../../avr/lib/avr6/libc.a(vfprintf_std.o)
                              /usr/lib/gcc/avr/4.8.2/../../../avr/lib/avr6/libc.a(vsnprintf.o) (vfprintf)
/usr/lib/gcc/avr/4.8.2/../../../avr/lib/avr6/libc.a(strnlen_P.o)
                              /usr/lib/gcc/avr/4.8.2/../../../avr/lib/avr6/libc.a(vfprintf_std.o) (strnlen_P)
/usr/lib/gcc/avr/4.8.2/../../../avr/lib/avr6/libc.a(strnlen.o)
                              /usr/lib/gcc/avr/4.8.2/../../../avr/lib/avr6/libc.a(vfprintf_std.o) (strnlen)
/usr/lib/gcc/avr/4.8.2/../../../avr/lib/avr6/libc.a(fputc.o)
                              /usr/lib/gcc/avr/4.8.2/../../../avr/lib/avr6/libc.a(vfprintf_std.o) (fputc)
/usr/lib/gcc/avr/4.8.2/../../../avr/lib/avr6/libc.a(iob.o)
                              /usr/lib/gcc/avr/4.8.2/../../../avr/lib/avr6/libc.a(puts.o) (__iob)
/usr/lib/gcc/avr/4.8.2/../../../avr/lib/avr6/libc.a(ultoa_invert.o)
                              /usr/lib/gcc/avr/4.8.2/../../../avr/lib/avr6/libc.a(vfprintf_std.o) (__ultoa_invert)

Allocating common symbols
Common symbol       size              file

Degrees             0x2               ../pos_encoder/pos_encoder.o
our_pizzas          0x2               timeline.o
degrees             0x2               ../move_bot/move_bot.o
million             0x2               ../lcd/lcd.o
curve_info          0x2               ../map/map.o
next_extra_order    0x2               timeline.o
temp                0x2               ../lcd/lcd.o
PIZZA_COUNTER_NODE  0x2               timeline.o
__brkval            0x2               /usr/lib/gcc/avr/4.8.2/../../../avr/lib/avr6/libc.a(malloc.o)
ADC_value           0x1               ../move_bot/move_bot.o
ADC_Value           0x1               ../bl_sensor/bl_sensor.o
found_node          0x2               ../map/map.o
current_search_name
                    0x2               ../map/map.o
tens                0x2               ../lcd/lcd.o
our_bot             0x2               ../bot_memory/bot_memory.o
our_graph           0x2               ../map/map.o
bot_info            0x2               ../map/map.o
hundred             0x2               ../lcd/lcd.o
next_required_period
                    0x2               timeline.o
__flp               0x2               /usr/lib/gcc/avr/4.8.2/../../../avr/lib/avr6/libc.a(malloc.o)
unit                0x2               ../lcd/lcd.o
thousand            0x2               ../lcd/lcd.o
__iob               0x6               /usr/lib/gcc/avr/4.8.2/../../../avr/lib/avr6/libc.a(iob.o)
our_timeline        0x2               timeline.o

Memory Configuration

Name             Origin             Length             Attributes
text             0x0000000000000000 0x0000000000100000 xr
data             0x0000000000800200 0x000000000000fe00 rw !x
eeprom           0x0000000000810000 0x0000000000010000 rw !x
fuse             0x0000000000820000 0x0000000000000400 rw !x
lock             0x0000000000830000 0x0000000000000400 rw !x
signature        0x0000000000840000 0x0000000000000400 rw !x
user_signatures  0x0000000000850000 0x0000000000000400 rw !x
*default*        0x0000000000000000 0xffffffffffffffff

Linker script and memory map

Address of section .data set to 0x800200
LOAD /usr/lib/gcc/avr/4.8.2/../../../avr/lib/avr6/crtm2560.o
LOAD timeline.o
LOAD app.o
LOAD helpers.o
LOAD ../map/map.o
LOAD ../hardware_control-avr/hardware_control.o
LOAD ../dijkstra/dijkstra.o
LOAD ../bot_memory/bot_memory.o
LOAD ../timer/timer.o
LOAD ../custom_delay/custom_delay.o
LOAD ../lcd/lcd.o
LOAD ../move_bot/move_bot.o
LOAD ../pos_encoder/pos_encoder.o
LOAD ../bl_sensor/bl_sensor.o
LOAD ../fake_gcc_fns/fake_gcc_fns.o
LOAD /usr/lib/gcc/avr/4.8.2/../../../avr/lib/avr6/libm.a
START GROUP
LOAD /usr/lib/gcc/avr/4.8.2/avr6/libgcc.a
LOAD /usr/lib/gcc/avr/4.8.2/../../../avr/lib/avr6/libm.a
LOAD /usr/lib/gcc/avr/4.8.2/../../../avr/lib/avr6/libc.a
END GROUP

.hash
 *(.hash)

.dynsym
 *(.dynsym)

.dynstr
 *(.dynstr)

.gnu.version
 *(.gnu.version)

.gnu.version_d
 *(.gnu.version_d)

.gnu.version_r
 *(.gnu.version_r)

.rel.init
 *(.rel.init)

.rela.init
 *(.rela.init)

.rel.text
 *(.rel.text)
 *(.rel.text.*)
 *(.rel.gnu.linkonce.t*)

.rela.text
 *(.rela.text)
 *(.rela.text.*)
 *(.rela.gnu.linkonce.t*)

.rel.fini
 *(.rel.fini)

.rela.fini
 *(.rela.fini)

.rel.rodata
 *(.rel.rodata)
 *(.rel.rodata.*)
 *(.rel.gnu.linkonce.r*)

.rela.rodata
 *(.rela.rodata)
 *(.rela.rodata.*)
 *(.rela.gnu.linkonce.r*)

.rel.data
 *(.rel.data)
 *(.rel.data.*)
 *(.rel.gnu.linkonce.d*)

.rela.data
 *(.rela.data)
 *(.rela.data.*)
 *(.rela.gnu.linkonce.d*)

.rel.ctors
 *(.rel.ctors)

.rela.ctors
 *(.rela.ctors)

.rel.dtors
 *(.rel.dtors)

.rela.dtors
 *(.rela.dtors)

.rel.got
 *(.rel.got)

.rela.got
 *(.rela.got)

.rel.bss
 *(.rel.bss)

.rela.bss
 *(.rela.bss)

.rel.plt
 *(.rel.plt)

.rela.plt
 *(.rela.plt)

.text           0x0000000000000000     0x58c2
 *(.vectors)
 .vectors       0x0000000000000000       0xe4 /usr/lib/gcc/avr/4.8.2/../../../avr/lib/avr6/crtm2560.o
                0x0000000000000000                __vectors
                0x0000000000000000                __vector_default
 *(.vectors)
 *(.progmem.gcc*)
 .progmem.gcc_fplib
                0x00000000000000e4       0x2d /usr/lib/gcc/avr/4.8.2/../../../avr/lib/avr6/libm.a(atan.o)
 *(.progmem*)
                0x0000000000000112                . = ALIGN (0x2)
 *fill*         0x0000000000000111        0x1 
                0x0000000000000112                __trampolines_start = .
 *(.trampolines)
 .trampolines   0x0000000000000112        0x8 linker stubs
 *(.trampolines*)
                0x000000000000011a                __trampolines_end = .
 *(.jumptables)
 *(.jumptables*)
 *(.lowtext)
 *(.lowtext*)
                0x000000000000011a                __ctors_start = .
 *(.ctors)
                0x000000000000011a                __ctors_end = .
                0x000000000000011a                __dtors_start = .
 *(.dtors)
                0x000000000000011a                __dtors_end = .
 SORT(*)(.ctors)
 SORT(*)(.dtors)
 *(.init0)
 .init0         0x000000000000011a        0x0 /usr/lib/gcc/avr/4.8.2/../../../avr/lib/avr6/crtm2560.o
                0x000000000000011a                __init
 *(.init0)
 *(.init1)
 *(.init1)
 *(.init2)
 .init2         0x000000000000011a       0x10 /usr/lib/gcc/avr/4.8.2/../../../avr/lib/avr6/crtm2560.o
 *(.init2)
 *(.init3)
 *(.init3)
 *(.init4)
 .init4         0x000000000000012a       0x1a /usr/lib/gcc/avr/4.8.2/avr6/libgcc.a(_copy_data.o)
                0x000000000000012a                __do_copy_data
 .init4         0x0000000000000144       0x10 /usr/lib/gcc/avr/4.8.2/avr6/libgcc.a(_clear_bss.o)
                0x0000000000000144                __do_clear_bss
 *(.init4)
 *(.init5)
 *(.init5)
 *(.init6)
 *(.init6)
 *(.init7)
 *(.init7)
 *(.init8)
 *(.init8)
 *(.init9)
 .init9         0x0000000000000154        0x8 /usr/lib/gcc/avr/4.8.2/../../../avr/lib/avr6/crtm2560.o
 *(.init9)
 *(.text)
 .text          0x000000000000015c        0x4 /usr/lib/gcc/avr/4.8.2/../../../avr/lib/avr6/crtm2560.o
                0x000000000000015c                __vector_38
                0x000000000000015c                __vector_22
                0x000000000000015c                __vector_28
                0x000000000000015c                __vector_1
                0x000000000000015c                __vector_32
                0x000000000000015c                __vector_34
                0x000000000000015c                __vector_24
                0x000000000000015c                __vector_12
                0x000000000000015c                __vector_55
                0x000000000000015c                __vector_46
                0x000000000000015c                __bad_interrupt
                0x000000000000015c                __vector_31
                0x000000000000015c                __vector_35
                0x000000000000015c                __vector_39
                0x000000000000015c                __vector_3
                0x000000000000015c                __vector_23
                0x000000000000015c                __vector_30
                0x000000000000015c                __vector_25
                0x000000000000015c                __vector_11
                0x000000000000015c                __vector_54
                0x000000000000015c                __vector_13
                0x000000000000015c                __vector_17
                0x000000000000015c                __vector_19
                0x000000000000015c                __vector_56
                0x000000000000015c                __vector_7
                0x000000000000015c                __vector_49
                0x000000000000015c                __vector_41
                0x000000000000015c                __vector_43
                0x000000000000015c                __vector_27
                0x000000000000015c                __vector_33
                0x000000000000015c                __vector_47
                0x000000000000015c                __vector_52
                0x000000000000015c                __vector_37
                0x000000000000015c                __vector_4
                0x000000000000015c                __vector_44
                0x000000000000015c                __vector_51
                0x000000000000015c                __vector_9
                0x000000000000015c                __vector_2
                0x000000000000015c                __vector_21
                0x000000000000015c                __vector_15
                0x000000000000015c                __vector_36
                0x000000000000015c                __vector_29
                0x000000000000015c                __vector_40
                0x000000000000015c                __vector_8
                0x000000000000015c                __vector_26
                0x000000000000015c                __vector_48
                0x000000000000015c                __vector_14
                0x000000000000015c                __vector_53
                0x000000000000015c                __vector_10
                0x000000000000015c                __vector_50
                0x000000000000015c                __vector_16
                0x000000000000015c                __vector_18
                0x000000000000015c                __vector_20
                0x000000000000015c                __vector_42
 .text          0x0000000000000160     0x1c92 timeline.o
                0x0000000000000160                GetState
                0x0000000000000166                SetState
                0x0000000000000172                GetPizzaCounter
                0x000000000000017c                InsertOrder
                0x000000000000024c                InsertPizza
                0x000000000000026c                CreatePizza
                0x00000000000002d8                CreateOrder
                0x00000000000003ca                InitTimeline
                0x0000000000000516                GetTimeline
                0x0000000000000520                GetPizzas
                0x000000000000052a                MissingOrderBeep
                0x000000000000053c                FindNextDefiniteNeed
                0x000000000000070c                GetNumDelayed
                0x0000000000000712                GetNextOrder
                0x000000000000076a                GetPizzaForOrder
                0x00000000000007d0                ConsiderCancel
                0x0000000000000ec8                GetOrderForPizza
                0x0000000000000f34                GetPizzaAtNode
                0x0000000000000f82                GetAvailablePizzas
                0x000000000000112c                DetectPizza
                0x0000000000001296                IsPizzaAt
                0x00000000000012fe                FindPizzas
                0x00000000000013f6                GetTimeReqForOrders
                0x0000000000001412                FreeTimeDecision
                0x00000000000015d2                DeliverPizzas
                0x0000000000001aa2                NormalOperation
                0x0000000000001c4e                TimelineControl
                0x0000000000001d3c                Display
 .text          0x0000000000001df2        0x0 app.o
 .text          0x0000000000001df2      0x33e helpers.o
                0x0000000000001df2                GetNodeToRight
                0x0000000000001e72                GetNodeToLeft
                0x0000000000001ef2                GetFirstPToRight
                0x0000000000001f24                GetFirstPToLeft
                0x0000000000001f56                GetFurthestPizzaNode
                0x000000000000208c                CheckOverlap
                0x00000000000020ec                GetCurrentTimeBlock
 .text          0x0000000000002130     0x1340 ../map/map.o
                0x0000000000002130                CheckNodeName
                0x0000000000002162                CreateNode
                0x000000000000223c                ConnectNodes
                0x00000000000022d8                InitGraph
                0x0000000000003146                GetCurrentNode
                0x000000000000315a                DFSEval
                0x00000000000031d8                GetNodeByName
                0x0000000000003244                IndexOfNode
                0x0000000000003264                UpdateNodeInArray
                0x00000000000032b2                GetCurveInfo
                0x00000000000032bc                GetGraph
                0x00000000000032c6                GetRotationCost
                0x00000000000032d6                RadToDeg
                0x00000000000032f0                MakePositiveDeg
                0x000000000000332c                MakePositiveRad
                0x0000000000003372                GetAngularVelocity
                0x0000000000003452                GetCurveDirection
 .text          0x0000000000003470      0x3aa ../hardware_control-avr/hardware_control.o
                0x0000000000003470                CurveTowards
                0x00000000000035e0                MoveBotToNode
 .text          0x000000000000381a      0x488 ../dijkstra/dijkstra.o
                0x000000000000381a                InitNodesDijkstra
                0x0000000000003836                GetLowestUndone
                0x00000000000038dc                Dijkstra
 .text          0x0000000000003ca2       0xaa ../bot_memory/bot_memory.o
                0x0000000000003ca2                InitBotInfo
                0x0000000000003d42                GetBotInfo
 .text          0x0000000000003d4c       0x9e ../timer/timer.o
                0x0000000000003d4c                Timer4Init
                0x0000000000003d8c                __vector_45
                0x0000000000003dc6                GetCurrentTime
                0x0000000000003dd0                ResetTime
                0x0000000000003dda                InitTimer
 .text          0x0000000000003dea       0x16 ../custom_delay/custom_delay.o
                0x0000000000003dea                CustomDelay
 .text          0x0000000000003e00      0x33e ../lcd/lcd.o
                0x0000000000003e00                LcdPortConfig
                0x0000000000003e0e                LcdPortInit
                0x0000000000003e12                LcdInitDevices
                0x0000000000003e1c                LcdSet4Bit
                0x0000000000003ea4                LcdWrCommand
                0x0000000000003eee                LcdInit
                0x0000000000003f1e                LcdWrChar
                0x0000000000003f68                LcdHome
                0x0000000000003f6e                LcdString
                0x0000000000003fac                LcdPrintf
                0x0000000000004002                LcdCursor
                0x000000000000402e                LcdPrint
 .text          0x000000000000413e      0x310 ../move_bot/move_bot.o
                0x000000000000413e                MoveBotInitDevices
                0x000000000000414a                IsBlack
                0x000000000000415e                AngleRotate
                0x0000000000004258                RotateBot
                0x00000000000042a4                MoveBot
                0x000000000000441a                MoveBotForward
                0x000000000000444a                MoveBotReverse
 .text          0x000000000000444e      0x3e2 ../pos_encoder/pos_encoder.o
                0x000000000000444e                PosEncoderMotionPinConfig
                0x0000000000004470                LeftEncoderPinConfig
                0x0000000000004476                RightEncoderPinConfig
                0x000000000000447c                PosEncoderPortInit
                0x0000000000004488                LeftPositionEncoderInterruptInit
                0x000000000000449a                RightPositionEncoderInterruptInit
                0x00000000000044ac                PosEncoderTimer5Init
                0x00000000000044e2                __vector_6
                0x000000000000452c                __vector_5
                0x0000000000004576                PosEncoderMotionSet
                0x0000000000004582                PosEncoderVelocity
                0x000000000000458c                PosEncoderForward
                0x0000000000004592                PosEncoderBack
                0x0000000000004598                PosEncoderLeft
                0x000000000000459e                PosEncoderRight
                0x00000000000045a4                PosEncoderSoftLeft
                0x00000000000045aa                PosEncoderSoftRight
                0x00000000000045b0                PosEncoderSoftLeft2
                0x00000000000045b6                PosEncoderSoftRight2
                0x00000000000045bc                PosEncoderStop
                0x00000000000045c2                PosEncoderAngleRotate
                0x0000000000004642                PosEncoderLinearDistanceMm
                0x00000000000046cc                PosEncoderForwardMm
                0x00000000000046f0                PosEncoderBackMm
                0x0000000000004714                PosEncoderLeftDegrees
                0x0000000000004738                PosEncoderRightDegrees
                0x000000000000475c                PosEncoderSoftLeftDegrees
                0x0000000000004774                PosEncoderSoftRightDegrees
                0x000000000000478c                PosEncoderSoftLeft2Degrees
                0x00000000000047a4                PosEncoderSoftRight2Degrees
                0x00000000000047bc                PosEncoderInitDevices
                0x00000000000047ce                PosEncoderRotateBot
                0x00000000000047e8                ResetRightShaft
                0x00000000000047fa                ResetLeftShaft
                0x000000000000480c                GetShaftCountRight
                0x000000000000481e                GetShaftCountLeft
 .text          0x0000000000004830       0xb0 ../bl_sensor/bl_sensor.o
                0x0000000000004830                BlSensorAdcPinConfig
                0x000000000000483e                BlSensorPortInit
                0x0000000000004842                BlSensorTimer5Init
                0x0000000000004878                BlSensorAdcInit
                0x0000000000004892                BlSensorAdcConversion
                0x00000000000048ca                BlSensorGet
                0x00000000000048ce                BlSensorInitDevices
 .text          0x00000000000048e0       0x5c ../fake_gcc_fns/fake_gcc_fns.o
                0x00000000000048e0                printf
                0x000000000000493a                sleep
 .text          0x000000000000493c        0x0 /usr/lib/gcc/avr/4.8.2/../../../avr/lib/avr6/libm.a(addsf3.o)
 .text          0x000000000000493c        0x0 /usr/lib/gcc/avr/4.8.2/../../../avr/lib/avr6/libm.a(addsf3x.o)
 .text          0x000000000000493c        0x0 /usr/lib/gcc/avr/4.8.2/../../../avr/lib/avr6/libm.a(atan2.o)
 .text          0x000000000000493c        0x0 /usr/lib/gcc/avr/4.8.2/../../../avr/lib/avr6/libm.a(atan.o)
 .text          0x000000000000493c        0x0 /usr/lib/gcc/avr/4.8.2/../../../avr/lib/avr6/libm.a(cmpsf2.o)
 .text          0x000000000000493c        0x0 /usr/lib/gcc/avr/4.8.2/../../../avr/lib/avr6/libm.a(divsf3.o)
 .text          0x000000000000493c        0x0 /usr/lib/gcc/avr/4.8.2/../../../avr/lib/avr6/libm.a(divsf3x.o)
 .text          0x000000000000493c        0x0 /usr/lib/gcc/avr/4.8.2/../../../avr/lib/avr6/libm.a(fixsfsi.o)
 .text          0x000000000000493c        0x0 /usr/lib/gcc/avr/4.8.2/../../../avr/lib/avr6/libm.a(fixunssfsi.o)
 .text          0x000000000000493c        0x0 /usr/lib/gcc/avr/4.8.2/../../../avr/lib/avr6/libm.a(floatsisf.o)
 .text          0x000000000000493c        0x0 /usr/lib/gcc/avr/4.8.2/../../../avr/lib/avr6/libm.a(fmod.o)
 .text          0x000000000000493c        0x0 /usr/lib/gcc/avr/4.8.2/../../../avr/lib/avr6/libm.a(fp_cmp.o)
 .text          0x000000000000493c        0x0 /usr/lib/gcc/avr/4.8.2/../../../avr/lib/avr6/libm.a(fp_inf.o)
 .text          0x000000000000493c        0x0 /usr/lib/gcc/avr/4.8.2/../../../avr/lib/avr6/libm.a(fp_mpack.o)
 .text          0x000000000000493c        0x0 /usr/lib/gcc/avr/4.8.2/../../../avr/lib/avr6/libm.a(fp_nan.o)
 .text          0x000000000000493c        0x0 /usr/lib/gcc/avr/4.8.2/../../../avr/lib/avr6/libm.a(fp_powser.o)
 .text          0x000000000000493c        0x0 /usr/lib/gcc/avr/4.8.2/../../../avr/lib/avr6/libm.a(fp_pscA.o)
 .text          0x000000000000493c        0x0 /usr/lib/gcc/avr/4.8.2/../../../avr/lib/avr6/libm.a(fp_pscB.o)
 .text          0x000000000000493c        0x0 /usr/lib/gcc/avr/4.8.2/../../../avr/lib/avr6/libm.a(fp_round.o)
 .text          0x000000000000493c        0x0 /usr/lib/gcc/avr/4.8.2/../../../avr/lib/avr6/libm.a(fp_split3.o)
 .text          0x000000000000493c        0x0 /usr/lib/gcc/avr/4.8.2/../../../avr/lib/avr6/libm.a(fp_zero.o)
 .text          0x000000000000493c        0x0 /usr/lib/gcc/avr/4.8.2/../../../avr/lib/avr6/libm.a(gesf2.o)
 .text          0x000000000000493c        0x0 /usr/lib/gcc/avr/4.8.2/../../../avr/lib/avr6/libm.a(inverse.o)
 .text          0x000000000000493c        0x0 /usr/lib/gcc/avr/4.8.2/../../../avr/lib/avr6/libm.a(mulsf3.o)
 .text          0x000000000000493c        0x0 /usr/lib/gcc/avr/4.8.2/../../../avr/lib/avr6/libm.a(mulsf3x.o)
 .text          0x000000000000493c        0x0 /usr/lib/gcc/avr/4.8.2/../../../avr/lib/avr6/libm.a(sqrt.o)
 .text          0x000000000000493c        0x0 /usr/lib/gcc/avr/4.8.2/../../../avr/lib/avr6/libm.a(square.o)
 .text          0x000000000000493c        0x0 /usr/lib/gcc/avr/4.8.2/../../../avr/lib/avr6/libm.a(fp_norm2.o)
 .text          0x000000000000493c        0x0 /usr/lib/gcc/avr/4.8.2/avr6/libgcc.a(_udivmodqi4.o)
 .text          0x000000000000493c        0x0 /usr/lib/gcc/avr/4.8.2/avr6/libgcc.a(_udivmodhi4.o)
 .text          0x000000000000493c        0x0 /usr/lib/gcc/avr/4.8.2/avr6/libgcc.a(_exit.o)
 .text          0x000000000000493c        0x0 /usr/lib/gcc/avr/4.8.2/avr6/libgcc.a(_copy_data.o)
 .text          0x000000000000493c        0x0 /usr/lib/gcc/avr/4.8.2/avr6/libgcc.a(_clear_bss.o)
 .text          0x000000000000493c        0x0 /usr/lib/gcc/avr/4.8.2/../../../avr/lib/avr6/libc.a(malloc.o)
 .text          0x000000000000493c        0x0 /usr/lib/gcc/avr/4.8.2/../../../avr/lib/avr6/libc.a(strcmp.o)
 .text          0x000000000000493c        0x0 /usr/lib/gcc/avr/4.8.2/../../../avr/lib/avr6/libc.a(puts.o)
 .text          0x000000000000493c        0x0 /usr/lib/gcc/avr/4.8.2/../../../avr/lib/avr6/libc.a(vsnprintf.o)
 .text          0x000000000000493c        0x0 /usr/lib/gcc/avr/4.8.2/../../../avr/lib/avr6/libc.a(vfprintf_std.o)
 .text          0x000000000000493c        0x0 /usr/lib/gcc/avr/4.8.2/../../../avr/lib/avr6/libc.a(strnlen_P.o)
 .text          0x000000000000493c        0x0 /usr/lib/gcc/avr/4.8.2/../../../avr/lib/avr6/libc.a(strnlen.o)
 .text          0x000000000000493c        0x0 /usr/lib/gcc/avr/4.8.2/../../../avr/lib/avr6/libc.a(fputc.o)
 .text          0x000000000000493c        0x0 /usr/lib/gcc/avr/4.8.2/../../../avr/lib/avr6/libc.a(iob.o)
 .text          0x000000000000493c        0x0 /usr/lib/gcc/avr/4.8.2/../../../avr/lib/avr6/libc.a(ultoa_invert.o)
                0x000000000000493c                . = ALIGN (0x2)
 *(.text.*)
 .text.startup  0x000000000000493c       0x32 app.o
                0x000000000000493c                main
 .text.avr-libc.fplib
                0x000000000000496e        0xa /usr/lib/gcc/avr/4.8.2/../../../avr/lib/avr6/libm.a(addsf3.o)
                0x000000000000496e                __subsf3
                0x0000000000004970                __addsf3
 .text.avr-libc.fplib
                0x0000000000004978       0xc0 /usr/lib/gcc/avr/4.8.2/../../../avr/lib/avr6/libm.a(addsf3x.o)
                0x0000000000004992                __addsf3x
 .text.avr-libc.fplib
                0x0000000000004a38       0x74 /usr/lib/gcc/avr/4.8.2/../../../avr/lib/avr6/libm.a(atan2.o)
                0x0000000000004a56                atan2
 .text.avr-libc.fplib
                0x0000000000004aac       0x50 /usr/lib/gcc/avr/4.8.2/../../../avr/lib/avr6/libm.a(atan.o)
                0x0000000000004aac                atan
 .text.avr-libc.fplib
                0x0000000000004afc        0x8 /usr/lib/gcc/avr/4.8.2/../../../avr/lib/avr6/libm.a(cmpsf2.o)
                0x0000000000004afc                __lesf2
                0x0000000000004afc                __nesf2
                0x0000000000004afc                __eqsf2
                0x0000000000004afc                __cmpsf2
                0x0000000000004afc                __ltsf2
 .text.avr-libc.fplib
                0x0000000000004b04        0x4 /usr/lib/gcc/avr/4.8.2/../../../avr/lib/avr6/libm.a(divsf3.o)
                0x0000000000004b04                __divsf3
 .text.avr-libc.fplib
                0x0000000000004b08       0xcc /usr/lib/gcc/avr/4.8.2/../../../avr/lib/avr6/libm.a(divsf3x.o)
                0x0000000000004b1e                __divsf3x
                0x0000000000004b22                __divsf3_pse
 .text.avr-libc.fplib
                0x0000000000004bd4        0xa /usr/lib/gcc/avr/4.8.2/../../../avr/lib/avr6/libm.a(fixsfsi.o)
                0x0000000000004bd4                __fixsfsi
 .text.avr-libc.fplib
                0x0000000000004bde       0x58 /usr/lib/gcc/avr/4.8.2/../../../avr/lib/avr6/libm.a(fixunssfsi.o)
                0x0000000000004bde                __fixunssfsi
 .text.avr-libc.fplib
                0x0000000000004c36       0x7a /usr/lib/gcc/avr/4.8.2/../../../avr/lib/avr6/libm.a(floatsisf.o)
                0x0000000000004c36                __floatunsisf
                0x0000000000004c3a                __floatsisf
 .text.avr-libc.fplib
                0x0000000000004cb0       0x9c /usr/lib/gcc/avr/4.8.2/../../../avr/lib/avr6/libm.a(fmod.o)
                0x0000000000004cbe                fmod
 .text.avr-libc.fplib
                0x0000000000004d4c       0x48 /usr/lib/gcc/avr/4.8.2/../../../avr/lib/avr6/libm.a(fp_cmp.o)
                0x0000000000004d4c                __fp_cmp
 .text.avr-libc.fplib
                0x0000000000004d94        0xc /usr/lib/gcc/avr/4.8.2/../../../avr/lib/avr6/libm.a(fp_inf.o)
                0x0000000000004d94                __fp_inf
 .text.avr-libc.fplib
                0x0000000000004da0       0x1c /usr/lib/gcc/avr/4.8.2/../../../avr/lib/avr6/libm.a(fp_mpack.o)
                0x0000000000004da0                __fp_mpack
                0x0000000000004da4                __fp_mpack_finite
 .text.avr-libc.fplib
                0x0000000000004dbc        0x6 /usr/lib/gcc/avr/4.8.2/../../../avr/lib/avr6/libm.a(fp_nan.o)
                0x0000000000004dbc                __fp_nan
 .text.avr-libc.fplib
                0x0000000000004dc2       0x4a /usr/lib/gcc/avr/4.8.2/../../../avr/lib/avr6/libm.a(fp_powser.o)
                0x0000000000004dc2                __fp_powser
 .text.avr-libc.fplib
                0x0000000000004e0c        0xe /usr/lib/gcc/avr/4.8.2/../../../avr/lib/avr6/libm.a(fp_pscA.o)
                0x0000000000004e0c                __fp_pscA
 .text.avr-libc.fplib
                0x0000000000004e1a        0xe /usr/lib/gcc/avr/4.8.2/../../../avr/lib/avr6/libm.a(fp_pscB.o)
                0x0000000000004e1a                __fp_pscB
 .text.avr-libc.fplib
                0x0000000000004e28       0x22 /usr/lib/gcc/avr/4.8.2/../../../avr/lib/avr6/libm.a(fp_round.o)
                0x0000000000004e28                __fp_round
 .text.avr-libc.fplib
                0x0000000000004e4a       0x44 /usr/lib/gcc/avr/4.8.2/../../../avr/lib/avr6/libm.a(fp_split3.o)
                0x0000000000004e4a                __fp_split3
                0x0000000000004e5a                __fp_splitA
 .text.avr-libc.fplib
                0x0000000000004e8e        0xe /usr/lib/gcc/avr/4.8.2/../../../avr/lib/avr6/libm.a(fp_zero.o)
                0x0000000000004e8e                __fp_zero
                0x0000000000004e90                __fp_szero
 .text.avr-libc.fplib
                0x0000000000004e9c        0x8 /usr/lib/gcc/avr/4.8.2/../../../avr/lib/avr6/libm.a(gesf2.o)
                0x0000000000004e9c                __gtsf2
                0x0000000000004e9c                __gesf2
 .text.avr-libc.fplib
                0x0000000000004ea4        0xe /usr/lib/gcc/avr/4.8.2/../../../avr/lib/avr6/libm.a(inverse.o)
                0x0000000000004ea4                inverse
 .text.avr-libc.fplib
                0x0000000000004eb2        0x4 /usr/lib/gcc/avr/4.8.2/../../../avr/lib/avr6/libm.a(mulsf3.o)
                0x0000000000004eb2                __mulsf3
 .text.avr-libc.fplib
                0x0000000000004eb6       0xc2 /usr/lib/gcc/avr/4.8.2/../../../avr/lib/avr6/libm.a(mulsf3x.o)
                0x0000000000004eca                __mulsf3x
                0x0000000000004ece                __mulsf3_pse
 .text.avr-libc.fplib
                0x0000000000004f78       0x84 /usr/lib/gcc/avr/4.8.2/../../../avr/lib/avr6/libm.a(sqrt.o)
                0x0000000000004f80                sqrt
 .text.avr-libc.fplib
                0x0000000000004ffc        0x6 /usr/lib/gcc/avr/4.8.2/../../../avr/lib/avr6/libm.a(square.o)
                0x0000000000004ffc                square
 .text.avr-libc.fplib
                0x0000000000005002        0xe /usr/lib/gcc/avr/4.8.2/../../../avr/lib/avr6/libm.a(fp_norm2.o)
                0x0000000000005002                __fp_norm2
 .text.libgcc.mul
                0x0000000000005010        0x0 /usr/lib/gcc/avr/4.8.2/avr6/libgcc.a(_udivmodqi4.o)
 .text.libgcc.div
                0x0000000000005010       0x18 /usr/lib/gcc/avr/4.8.2/avr6/libgcc.a(_udivmodqi4.o)
                0x0000000000005010                __udivmodqi4
 .text.libgcc   0x0000000000005028        0x0 /usr/lib/gcc/avr/4.8.2/avr6/libgcc.a(_udivmodqi4.o)
 .text.libgcc.prologue
                0x0000000000005028        0x0 /usr/lib/gcc/avr/4.8.2/avr6/libgcc.a(_udivmodqi4.o)
 .text.libgcc.builtins
                0x0000000000005028        0x0 /usr/lib/gcc/avr/4.8.2/avr6/libgcc.a(_udivmodqi4.o)
 .text.libgcc.fmul
                0x0000000000005028        0x0 /usr/lib/gcc/avr/4.8.2/avr6/libgcc.a(_udivmodqi4.o)
 .text.libgcc.fixed
                0x0000000000005028        0x0 /usr/lib/gcc/avr/4.8.2/avr6/libgcc.a(_udivmodqi4.o)
 .text.libgcc.mul
                0x0000000000005028        0x0 /usr/lib/gcc/avr/4.8.2/avr6/libgcc.a(_udivmodhi4.o)
 .text.libgcc.div
                0x0000000000005028       0x28 /usr/lib/gcc/avr/4.8.2/avr6/libgcc.a(_udivmodhi4.o)
                0x0000000000005028                __udivmodhi4
 .text.libgcc   0x0000000000005050        0x0 /usr/lib/gcc/avr/4.8.2/avr6/libgcc.a(_udivmodhi4.o)
 .text.libgcc.prologue
                0x0000000000005050        0x0 /usr/lib/gcc/avr/4.8.2/avr6/libgcc.a(_udivmodhi4.o)
 .text.libgcc.builtins
                0x0000000000005050        0x0 /usr/lib/gcc/avr/4.8.2/avr6/libgcc.a(_udivmodhi4.o)
 .text.libgcc.fmul
                0x0000000000005050        0x0 /usr/lib/gcc/avr/4.8.2/avr6/libgcc.a(_udivmodhi4.o)
 .text.libgcc.fixed
                0x0000000000005050        0x0 /usr/lib/gcc/avr/4.8.2/avr6/libgcc.a(_udivmodhi4.o)
 .text.libgcc.mul
                0x0000000000005050        0x0 /usr/lib/gcc/avr/4.8.2/avr6/libgcc.a(_exit.o)
 .text.libgcc.div
                0x0000000000005050        0x0 /usr/lib/gcc/avr/4.8.2/avr6/libgcc.a(_exit.o)
 .text.libgcc   0x0000000000005050        0x0 /usr/lib/gcc/avr/4.8.2/avr6/libgcc.a(_exit.o)
 .text.libgcc.prologue
                0x0000000000005050        0x0 /usr/lib/gcc/avr/4.8.2/avr6/libgcc.a(_exit.o)
 .text.libgcc.builtins
                0x0000000000005050        0x0 /usr/lib/gcc/avr/4.8.2/avr6/libgcc.a(_exit.o)
 .text.libgcc.fmul
                0x0000000000005050        0x0 /usr/lib/gcc/avr/4.8.2/avr6/libgcc.a(_exit.o)
 .text.libgcc.fixed
                0x0000000000005050        0x0 /usr/lib/gcc/avr/4.8.2/avr6/libgcc.a(_exit.o)
 .text.libgcc.mul
                0x0000000000005050        0x0 /usr/lib/gcc/avr/4.8.2/avr6/libgcc.a(_copy_data.o)
 .text.libgcc.div
                0x0000000000005050        0x0 /usr/lib/gcc/avr/4.8.2/avr6/libgcc.a(_copy_data.o)
 .text.libgcc   0x0000000000005050        0x0 /usr/lib/gcc/avr/4.8.2/avr6/libgcc.a(_copy_data.o)
 .text.libgcc.prologue
                0x0000000000005050        0x0 /usr/lib/gcc/avr/4.8.2/avr6/libgcc.a(_copy_data.o)
 .text.libgcc.builtins
                0x0000000000005050        0x0 /usr/lib/gcc/avr/4.8.2/avr6/libgcc.a(_copy_data.o)
 .text.libgcc.fmul
                0x0000000000005050        0x0 /usr/lib/gcc/avr/4.8.2/avr6/libgcc.a(_copy_data.o)
 .text.libgcc.fixed
                0x0000000000005050        0x0 /usr/lib/gcc/avr/4.8.2/avr6/libgcc.a(_copy_data.o)
 .text.libgcc.mul
                0x0000000000005050        0x0 /usr/lib/gcc/avr/4.8.2/avr6/libgcc.a(_clear_bss.o)
 .text.libgcc.div
                0x0000000000005050        0x0 /usr/lib/gcc/avr/4.8.2/avr6/libgcc.a(_clear_bss.o)
 .text.libgcc   0x0000000000005050        0x0 /usr/lib/gcc/avr/4.8.2/avr6/libgcc.a(_clear_bss.o)
 .text.libgcc.prologue
                0x0000000000005050        0x0 /usr/lib/gcc/avr/4.8.2/avr6/libgcc.a(_clear_bss.o)
 .text.libgcc.builtins
                0x0000000000005050        0x0 /usr/lib/gcc/avr/4.8.2/avr6/libgcc.a(_clear_bss.o)
 .text.libgcc.fmul
                0x0000000000005050        0x0 /usr/lib/gcc/avr/4.8.2/avr6/libgcc.a(_clear_bss.o)
 .text.libgcc.fixed
                0x0000000000005050        0x0 /usr/lib/gcc/avr/4.8.2/avr6/libgcc.a(_clear_bss.o)
 .text.avr-libc
                0x0000000000005050      0x24e /usr/lib/gcc/avr/4.8.2/../../../avr/lib/avr6/libc.a(malloc.o)
                0x0000000000005050                malloc
                0x0000000000005180                free
 .text.avr-libc
                0x000000000000529e       0x12 /usr/lib/gcc/avr/4.8.2/../../../avr/lib/avr6/libc.a(strcmp.o)
                0x000000000000529e                strcmp
 .text.avr-libc
                0x00000000000052b0       0x5a /usr/lib/gcc/avr/4.8.2/../../../avr/lib/avr6/libc.a(puts.o)
                0x00000000000052b0                puts
 .text.avr-libc
                0x000000000000530a       0x72 /usr/lib/gcc/avr/4.8.2/../../../avr/lib/avr6/libc.a(vsnprintf.o)
                0x000000000000530a                vsnprintf
 .text.avr-libc
                0x000000000000537c      0x3f6 /usr/lib/gcc/avr/4.8.2/../../../avr/lib/avr6/libc.a(vfprintf_std.o)
                0x000000000000537c                vfprintf
 .text.avr-libc
                0x0000000000005772       0x16 /usr/lib/gcc/avr/4.8.2/../../../avr/lib/avr6/libc.a(strnlen_P.o)
                0x0000000000005772                strnlen_P
 .text.avr-libc
                0x0000000000005788       0x16 /usr/lib/gcc/avr/4.8.2/../../../avr/lib/avr6/libc.a(strnlen.o)
                0x0000000000005788                strnlen
 .text.avr-libc
                0x000000000000579e       0x64 /usr/lib/gcc/avr/4.8.2/../../../avr/lib/avr6/libc.a(fputc.o)
                0x000000000000579e                fputc
 .text.avr-libc
                0x0000000000005802       0xbc /usr/lib/gcc/avr/4.8.2/../../../avr/lib/avr6/libc.a(ultoa_invert.o)
                0x0000000000005802                __ultoa_invert
                0x00000000000058be                . = ALIGN (0x2)
 *(.fini9)
 .fini9         0x00000000000058be        0x0 /usr/lib/gcc/avr/4.8.2/avr6/libgcc.a(_exit.o)
                0x00000000000058be                exit
                0x00000000000058be                _exit
 *(.fini9)
 *(.fini8)
 *(.fini8)
 *(.fini7)
 *(.fini7)
 *(.fini6)
 *(.fini6)
 *(.fini5)
 *(.fini5)
 *(.fini4)
 *(.fini4)
 *(.fini3)
 *(.fini3)
 *(.fini2)
 *(.fini2)
 *(.fini1)
 *(.fini1)
 *(.fini0)
 .fini0         0x00000000000058be        0x4 /usr/lib/gcc/avr/4.8.2/avr6/libgcc.a(_exit.o)
 *(.fini0)
                0x00000000000058c2                _etext = .

.data           0x0000000000800200      0x3de load address 0x00000000000058c2
                0x0000000000800200                PROVIDE (__data_start, .)
 *(.data)
 .data          0x0000000000800200        0x0 /usr/lib/gcc/avr/4.8.2/../../../avr/lib/avr6/crtm2560.o
 .data          0x0000000000800200       0x17 timeline.o
                0x0000000000800200                fake_len
                0x0000000000800202                fake_block_sizes
                0x000000000080020c                fake_colours
                0x0000000000800216                cur_state
 .data          0x0000000000800217        0x0 app.o
 .data          0x0000000000800217        0x0 helpers.o
 .data          0x0000000000800217        0x0 ../map/map.o
 .data          0x0000000000800217        0x0 ../hardware_control-avr/hardware_control.o
 .data          0x0000000000800217        0x0 ../dijkstra/dijkstra.o
 .data          0x0000000000800217        0x0 ../bot_memory/bot_memory.o
 .data          0x0000000000800217        0x0 ../timer/timer.o
 .data          0x0000000000800217        0x0 ../custom_delay/custom_delay.o
 .data          0x0000000000800217        0x0 ../lcd/lcd.o
 .data          0x0000000000800217        0x1 ../move_bot/move_bot.o
                0x0000000000800217                correction_val
 .data          0x0000000000800218        0x0 ../pos_encoder/pos_encoder.o
 .data          0x0000000000800218        0x0 ../bl_sensor/bl_sensor.o
 .data          0x0000000000800218        0x0 ../fake_gcc_fns/fake_gcc_fns.o
 .data          0x0000000000800218        0x0 /usr/lib/gcc/avr/4.8.2/../../../avr/lib/avr6/libm.a(addsf3.o)
 .data          0x0000000000800218        0x0 /usr/lib/gcc/avr/4.8.2/../../../avr/lib/avr6/libm.a(addsf3x.o)
 .data          0x0000000000800218        0x0 /usr/lib/gcc/avr/4.8.2/../../../avr/lib/avr6/libm.a(atan2.o)
 .data          0x0000000000800218        0x0 /usr/lib/gcc/avr/4.8.2/../../../avr/lib/avr6/libm.a(atan.o)
 .data          0x0000000000800218        0x0 /usr/lib/gcc/avr/4.8.2/../../../avr/lib/avr6/libm.a(cmpsf2.o)
 .data          0x0000000000800218        0x0 /usr/lib/gcc/avr/4.8.2/../../../avr/lib/avr6/libm.a(divsf3.o)
 .data          0x0000000000800218        0x0 /usr/lib/gcc/avr/4.8.2/../../../avr/lib/avr6/libm.a(divsf3x.o)
 .data          0x0000000000800218        0x0 /usr/lib/gcc/avr/4.8.2/../../../avr/lib/avr6/libm.a(fixsfsi.o)
 .data          0x0000000000800218        0x0 /usr/lib/gcc/avr/4.8.2/../../../avr/lib/avr6/libm.a(fixunssfsi.o)
 .data          0x0000000000800218        0x0 /usr/lib/gcc/avr/4.8.2/../../../avr/lib/avr6/libm.a(floatsisf.o)
 .data          0x0000000000800218        0x0 /usr/lib/gcc/avr/4.8.2/../../../avr/lib/avr6/libm.a(fmod.o)
 .data          0x0000000000800218        0x0 /usr/lib/gcc/avr/4.8.2/../../../avr/lib/avr6/libm.a(fp_cmp.o)
 .data          0x0000000000800218        0x0 /usr/lib/gcc/avr/4.8.2/../../../avr/lib/avr6/libm.a(fp_inf.o)
 .data          0x0000000000800218        0x0 /usr/lib/gcc/avr/4.8.2/../../../avr/lib/avr6/libm.a(fp_mpack.o)
 .data          0x0000000000800218        0x0 /usr/lib/gcc/avr/4.8.2/../../../avr/lib/avr6/libm.a(fp_nan.o)
 .data          0x0000000000800218        0x0 /usr/lib/gcc/avr/4.8.2/../../../avr/lib/avr6/libm.a(fp_powser.o)
 .data          0x0000000000800218        0x0 /usr/lib/gcc/avr/4.8.2/../../../avr/lib/avr6/libm.a(fp_pscA.o)
 .data          0x0000000000800218        0x0 /usr/lib/gcc/avr/4.8.2/../../../avr/lib/avr6/libm.a(fp_pscB.o)
 .data          0x0000000000800218        0x0 /usr/lib/gcc/avr/4.8.2/../../../avr/lib/avr6/libm.a(fp_round.o)
 .data          0x0000000000800218        0x0 /usr/lib/gcc/avr/4.8.2/../../../avr/lib/avr6/libm.a(fp_split3.o)
 .data          0x0000000000800218        0x0 /usr/lib/gcc/avr/4.8.2/../../../avr/lib/avr6/libm.a(fp_zero.o)
 .data          0x0000000000800218        0x0 /usr/lib/gcc/avr/4.8.2/../../../avr/lib/avr6/libm.a(gesf2.o)
 .data          0x0000000000800218        0x0 /usr/lib/gcc/avr/4.8.2/../../../avr/lib/avr6/libm.a(inverse.o)
 .data          0x0000000000800218        0x0 /usr/lib/gcc/avr/4.8.2/../../../avr/lib/avr6/libm.a(mulsf3.o)
 .data          0x0000000000800218        0x0 /usr/lib/gcc/avr/4.8.2/../../../avr/lib/avr6/libm.a(mulsf3x.o)
 .data          0x0000000000800218        0x0 /usr/lib/gcc/avr/4.8.2/../../../avr/lib/avr6/libm.a(sqrt.o)
 .data          0x0000000000800218        0x0 /usr/lib/gcc/avr/4.8.2/../../../avr/lib/avr6/libm.a(square.o)
 .data          0x0000000000800218        0x0 /usr/lib/gcc/avr/4.8.2/../../../avr/lib/avr6/libm.a(fp_norm2.o)
 .data          0x0000000000800218        0x0 /usr/lib/gcc/avr/4.8.2/avr6/libgcc.a(_udivmodqi4.o)
 .data          0x0000000000800218        0x0 /usr/lib/gcc/avr/4.8.2/avr6/libgcc.a(_udivmodhi4.o)
 .data          0x0000000000800218        0x0 /usr/lib/gcc/avr/4.8.2/avr6/libgcc.a(_exit.o)
 .data          0x0000000000800218        0x0 /usr/lib/gcc/avr/4.8.2/avr6/libgcc.a(_copy_data.o)
 .data          0x0000000000800218        0x0 /usr/lib/gcc/avr/4.8.2/avr6/libgcc.a(_clear_bss.o)
 .data          0x0000000000800218        0x6 /usr/lib/gcc/avr/4.8.2/../../../avr/lib/avr6/libc.a(malloc.o)
                0x0000000000800218                __malloc_heap_end
                0x000000000080021a                __malloc_heap_start
                0x000000000080021c                __malloc_margin
 .data          0x000000000080021e        0x0 /usr/lib/gcc/avr/4.8.2/../../../avr/lib/avr6/libc.a(strcmp.o)
 .data          0x000000000080021e        0x0 /usr/lib/gcc/avr/4.8.2/../../../avr/lib/avr6/libc.a(puts.o)
 .data          0x000000000080021e        0x0 /usr/lib/gcc/avr/4.8.2/../../../avr/lib/avr6/libc.a(vsnprintf.o)
 .data          0x000000000080021e        0x0 /usr/lib/gcc/avr/4.8.2/../../../avr/lib/avr6/libc.a(vfprintf_std.o)
 .data          0x000000000080021e        0x0 /usr/lib/gcc/avr/4.8.2/../../../avr/lib/avr6/libc.a(strnlen_P.o)
 .data          0x000000000080021e        0x0 /usr/lib/gcc/avr/4.8.2/../../../avr/lib/avr6/libc.a(strnlen.o)
 .data          0x000000000080021e        0x0 /usr/lib/gcc/avr/4.8.2/../../../avr/lib/avr6/libc.a(fputc.o)
 .data          0x000000000080021e        0x0 /usr/lib/gcc/avr/4.8.2/../../../avr/lib/avr6/libc.a(iob.o)
 .data          0x000000000080021e        0x0 /usr/lib/gcc/avr/4.8.2/../../../avr/lib/avr6/libc.a(ultoa_invert.o)
 *(.data*)
 *(.rodata)
 .rodata        0x000000000080021e        0x4 timeline.o
                0x000000000080021e                GUARANTEED_PERIOD
                0x0000000000800220                MAX_ORDERS
 .rodata        0x0000000000800222        0x2 ../move_bot/move_bot.o
                0x0000000000800222                rotation_threshold
 *(.rodata*)
 .rodata.str1.1
                0x0000000000800224      0x257 timeline.o
 .rodata.str1.1
                0x000000000080047b        0xc app.o
 .rodata.str1.1
                0x0000000000800487      0x103 ../map/map.o
                                        0x11a (size before relaxing)
 .rodata.str1.1
                0x000000000080058a        0x6 ../hardware_control-avr/hardware_control.o
 .rodata.str1.1
                0x0000000000800590       0x4d ../dijkstra/dijkstra.o
 *(.gnu.linkonce.d*)
                0x00000000008005de                . = ALIGN (0x2)
 *fill*         0x00000000008005dd        0x1 
                0x00000000008005de                _edata = .
                0x00000000008005de                PROVIDE (__data_end, .)

.bss            0x00000000008005de       0x51
                0x00000000008005de                PROVIDE (__bss_start, .)
 *(.bss)
 .bss           0x00000000008005de        0x0 /usr/lib/gcc/avr/4.8.2/../../../avr/lib/avr6/crtm2560.o
 .bss           0x00000000008005de        0x8 timeline.o
                0x00000000008005de                fake_i
                0x00000000008005e0                orders_completed
                0x00000000008005e2                total_orders
                0x00000000008005e4                total_pizzas
 .bss           0x00000000008005e6        0x0 app.o
 .bss           0x00000000008005e6        0x0 helpers.o
 .bss           0x00000000008005e6        0x0 ../map/map.o
 .bss           0x00000000008005e6        0x0 ../hardware_control-avr/hardware_control.o
 .bss           0x00000000008005e6        0x0 ../dijkstra/dijkstra.o
 .bss           0x00000000008005e6        0x0 ../bot_memory/bot_memory.o
 .bss           0x00000000008005e6        0x2 ../timer/timer.o
                0x00000000008005e6                time_count
 .bss           0x00000000008005e8        0x0 ../custom_delay/custom_delay.o
 .bss           0x00000000008005e8        0x0 ../lcd/lcd.o
 .bss           0x00000000008005e8        0x9 ../move_bot/move_bot.o
                0x00000000008005e8                last_right
                0x00000000008005ea                last_center
                0x00000000008005ec                last_left
                0x00000000008005ee                right_black_line
                0x00000000008005ef                center_black_line
                0x00000000008005f0                left_black_line
 .bss           0x00000000008005f1        0x8 ../pos_encoder/pos_encoder.o
                0x00000000008005f1                ShaftCountRight
                0x00000000008005f5                ShaftCountLeft
 .bss           0x00000000008005f9        0x4 ../bl_sensor/bl_sensor.o
                0x00000000008005f9                Right_black_line
                0x00000000008005fa                Center_black_line
                0x00000000008005fb                Left_black_line
                0x00000000008005fc                flag
 .bss           0x00000000008005fd        0x0 ../fake_gcc_fns/fake_gcc_fns.o
 .bss           0x00000000008005fd        0x0 /usr/lib/gcc/avr/4.8.2/../../../avr/lib/avr6/libm.a(addsf3.o)
 .bss           0x00000000008005fd        0x0 /usr/lib/gcc/avr/4.8.2/../../../avr/lib/avr6/libm.a(addsf3x.o)
 .bss           0x00000000008005fd        0x0 /usr/lib/gcc/avr/4.8.2/../../../avr/lib/avr6/libm.a(atan2.o)
 .bss           0x00000000008005fd        0x0 /usr/lib/gcc/avr/4.8.2/../../../avr/lib/avr6/libm.a(atan.o)
 .bss           0x00000000008005fd        0x0 /usr/lib/gcc/avr/4.8.2/../../../avr/lib/avr6/libm.a(cmpsf2.o)
 .bss           0x00000000008005fd        0x0 /usr/lib/gcc/avr/4.8.2/../../../avr/lib/avr6/libm.a(divsf3.o)
 .bss           0x00000000008005fd        0x0 /usr/lib/gcc/avr/4.8.2/../../../avr/lib/avr6/libm.a(divsf3x.o)
 .bss           0x00000000008005fd        0x0 /usr/lib/gcc/avr/4.8.2/../../../avr/lib/avr6/libm.a(fixsfsi.o)
 .bss           0x00000000008005fd        0x0 /usr/lib/gcc/avr/4.8.2/../../../avr/lib/avr6/libm.a(fixunssfsi.o)
 .bss           0x00000000008005fd        0x0 /usr/lib/gcc/avr/4.8.2/../../../avr/lib/avr6/libm.a(floatsisf.o)
 .bss           0x00000000008005fd        0x0 /usr/lib/gcc/avr/4.8.2/../../../avr/lib/avr6/libm.a(fmod.o)
 .bss           0x00000000008005fd        0x0 /usr/lib/gcc/avr/4.8.2/../../../avr/lib/avr6/libm.a(fp_cmp.o)
 .bss           0x00000000008005fd        0x0 /usr/lib/gcc/avr/4.8.2/../../../avr/lib/avr6/libm.a(fp_inf.o)
 .bss           0x00000000008005fd        0x0 /usr/lib/gcc/avr/4.8.2/../../../avr/lib/avr6/libm.a(fp_mpack.o)
 .bss           0x00000000008005fd        0x0 /usr/lib/gcc/avr/4.8.2/../../../avr/lib/avr6/libm.a(fp_nan.o)
 .bss           0x00000000008005fd        0x0 /usr/lib/gcc/avr/4.8.2/../../../avr/lib/avr6/libm.a(fp_powser.o)
 .bss           0x00000000008005fd        0x0 /usr/lib/gcc/avr/4.8.2/../../../avr/lib/avr6/libm.a(fp_pscA.o)
 .bss           0x00000000008005fd        0x0 /usr/lib/gcc/avr/4.8.2/../../../avr/lib/avr6/libm.a(fp_pscB.o)
 .bss           0x00000000008005fd        0x0 /usr/lib/gcc/avr/4.8.2/../../../avr/lib/avr6/libm.a(fp_round.o)
 .bss           0x00000000008005fd        0x0 /usr/lib/gcc/avr/4.8.2/../../../avr/lib/avr6/libm.a(fp_split3.o)
 .bss           0x00000000008005fd        0x0 /usr/lib/gcc/avr/4.8.2/../../../avr/lib/avr6/libm.a(fp_zero.o)
 .bss           0x00000000008005fd        0x0 /usr/lib/gcc/avr/4.8.2/../../../avr/lib/avr6/libm.a(gesf2.o)
 .bss           0x00000000008005fd        0x0 /usr/lib/gcc/avr/4.8.2/../../../avr/lib/avr6/libm.a(inverse.o)
 .bss           0x00000000008005fd        0x0 /usr/lib/gcc/avr/4.8.2/../../../avr/lib/avr6/libm.a(mulsf3.o)
 .bss           0x00000000008005fd        0x0 /usr/lib/gcc/avr/4.8.2/../../../avr/lib/avr6/libm.a(mulsf3x.o)
 .bss           0x00000000008005fd        0x0 /usr/lib/gcc/avr/4.8.2/../../../avr/lib/avr6/libm.a(sqrt.o)
 .bss           0x00000000008005fd        0x0 /usr/lib/gcc/avr/4.8.2/../../../avr/lib/avr6/libm.a(square.o)
 .bss           0x00000000008005fd        0x0 /usr/lib/gcc/avr/4.8.2/../../../avr/lib/avr6/libm.a(fp_norm2.o)
 .bss           0x00000000008005fd        0x0 /usr/lib/gcc/avr/4.8.2/avr6/libgcc.a(_udivmodqi4.o)
 .bss           0x00000000008005fd        0x0 /usr/lib/gcc/avr/4.8.2/avr6/libgcc.a(_udivmodhi4.o)
 .bss           0x00000000008005fd        0x0 /usr/lib/gcc/avr/4.8.2/avr6/libgcc.a(_exit.o)
 .bss           0x00000000008005fd        0x0 /usr/lib/gcc/avr/4.8.2/avr6/libgcc.a(_copy_data.o)
 .bss           0x00000000008005fd        0x0 /usr/lib/gcc/avr/4.8.2/avr6/libgcc.a(_clear_bss.o)
 .bss           0x00000000008005fd        0x0 /usr/lib/gcc/avr/4.8.2/../../../avr/lib/avr6/libc.a(malloc.o)
 .bss           0x00000000008005fd        0x0 /usr/lib/gcc/avr/4.8.2/../../../avr/lib/avr6/libc.a(strcmp.o)
 .bss           0x00000000008005fd        0x0 /usr/lib/gcc/avr/4.8.2/../../../avr/lib/avr6/libc.a(puts.o)
 .bss           0x00000000008005fd        0x0 /usr/lib/gcc/avr/4.8.2/../../../avr/lib/avr6/libc.a(vsnprintf.o)
 .bss           0x00000000008005fd        0x0 /usr/lib/gcc/avr/4.8.2/../../../avr/lib/avr6/libc.a(vfprintf_std.o)
 .bss           0x00000000008005fd        0x0 /usr/lib/gcc/avr/4.8.2/../../../avr/lib/avr6/libc.a(strnlen_P.o)
 .bss           0x00000000008005fd        0x0 /usr/lib/gcc/avr/4.8.2/../../../avr/lib/avr6/libc.a(strnlen.o)
 .bss           0x00000000008005fd        0x0 /usr/lib/gcc/avr/4.8.2/../../../avr/lib/avr6/libc.a(fputc.o)
 .bss           0x00000000008005fd        0x0 /usr/lib/gcc/avr/4.8.2/../../../avr/lib/avr6/libc.a(iob.o)
 .bss           0x00000000008005fd        0x0 /usr/lib/gcc/avr/4.8.2/../../../avr/lib/avr6/libc.a(ultoa_invert.o)
 *(.bss*)
 *(COMMON)
 COMMON         0x00000000008005fd        0xa timeline.o
                0x00000000008005fd                our_pizzas
                0x00000000008005ff                next_extra_order
                0x0000000000800601                PIZZA_COUNTER_NODE
                0x0000000000800603                next_required_period
                0x0000000000800605                our_timeline
 COMMON         0x0000000000800607        0xa ../map/map.o
                0x0000000000800607                curve_info
                0x0000000000800609                found_node
                0x000000000080060b                current_search_name
                0x000000000080060d                our_graph
                0x000000000080060f                bot_info
 COMMON         0x0000000000800611        0x2 ../bot_memory/bot_memory.o
                0x0000000000800611                our_bot
 COMMON         0x0000000000800613        0xc ../lcd/lcd.o
                0x0000000000800613                million
                0x0000000000800615                temp
                0x0000000000800617                tens
                0x0000000000800619                hundred
                0x000000000080061b                unit
                0x000000000080061d                thousand
 COMMON         0x000000000080061f        0x3 ../move_bot/move_bot.o
                0x000000000080061f                degrees
                0x0000000000800621                ADC_value
 COMMON         0x0000000000800622        0x2 ../pos_encoder/pos_encoder.o
                0x0000000000800622                Degrees
 COMMON         0x0000000000800624        0x1 ../bl_sensor/bl_sensor.o
                0x0000000000800624                ADC_Value
 COMMON         0x0000000000800625        0x4 /usr/lib/gcc/avr/4.8.2/../../../avr/lib/avr6/libc.a(malloc.o)
                0x0000000000800625                __brkval
                0x0000000000800627                __flp
 COMMON         0x0000000000800629        0x6 /usr/lib/gcc/avr/4.8.2/../../../avr/lib/avr6/libc.a(iob.o)
                0x0000000000800629                __iob
                0x000000000080062f                PROVIDE (__bss_end, .)
                0x00000000000058c2                __data_load_start = LOADADDR (.data)
                0x0000000000005ca0                __data_load_end = (__data_load_start + SIZEOF (.data))

.noinit         0x000000000080062f        0x0
                0x000000000080062f                PROVIDE (__noinit_start, .)
 *(.noinit*)
                0x000000000080062f                PROVIDE (__noinit_end, .)
                0x000000000080062f                _end = .
                0x000000000080062f                PROVIDE (__heap_start, .)

.eeprom         0x0000000000810000        0x0
 *(.eeprom*)
                0x0000000000810000                __eeprom_end = .

.fuse
 *(.fuse)
 *(.lfuse)
 *(.hfuse)
 *(.efuse)

.lock
 *(.lock*)

.signature
 *(.signature*)

.user_signatures
 *(.user_signatures*)

.stab           0x0000000000000000     0xf7c8
 *(.stab)
 .stab          0x0000000000000000      0x6e4 /usr/lib/gcc/avr/4.8.2/../../../avr/lib/avr6/crtm2560.o
 .stab          0x00000000000006e4     0x28b0 timeline.o
                                       0x28bc (size before relaxing)
 .stab          0x0000000000002f94      0x39c app.o
                                        0x72c (size before relaxing)
 .stab          0x0000000000003330      0x834 helpers.o
                                        0xbe8 (size before relaxing)
 .stab          0x0000000000003b64     0x17e8 ../map/map.o
                                       0x1a88 (size before relaxing)
 .stab          0x000000000000534c      0x7b0 ../hardware_control-avr/hardware_control.o
                                        0xa14 (size before relaxing)
 .stab          0x0000000000005afc      0x834 ../dijkstra/dijkstra.o
                                        0xa8c (size before relaxing)
 .stab          0x0000000000006330      0x528 ../bot_memory/bot_memory.o
                                        0x7b0 (size before relaxing)
 .stab          0x0000000000006858      0x504 ../timer/timer.o
                                        0x6cc (size before relaxing)
 .stab          0x0000000000006d5c      0x33c ../custom_delay/custom_delay.o
                                        0x504 (size before relaxing)
 .stab          0x0000000000007098      0xd38 ../lcd/lcd.o
                                        0xf54 (size before relaxing)
 .stab          0x0000000000007dd0      0x8e8 ../move_bot/move_bot.o
                                        0xae0 (size before relaxing)
 .stab          0x00000000000086b8     0x117c ../pos_encoder/pos_encoder.o
                                       0x1398 (size before relaxing)
 .stab          0x0000000000009834      0x684 ../bl_sensor/bl_sensor.o
                                        0x84c (size before relaxing)
 .stab          0x0000000000009eb8      0x3b4 ../fake_gcc_fns/fake_gcc_fns.o
                                        0x5d0 (size before relaxing)
 .stab          0x000000000000a26c       0x78 /usr/lib/gcc/avr/4.8.2/../../../avr/lib/avr6/libm.a(addsf3.o)
                                         0x84 (size before relaxing)
 .stab          0x000000000000a2e4      0x4bc /usr/lib/gcc/avr/4.8.2/../../../avr/lib/avr6/libm.a(addsf3x.o)
                                        0x4c8 (size before relaxing)
 .stab          0x000000000000a7a0      0x2f4 /usr/lib/gcc/avr/4.8.2/../../../avr/lib/avr6/libm.a(atan2.o)
                                        0x300 (size before relaxing)
 .stab          0x000000000000aa94      0x210 /usr/lib/gcc/avr/4.8.2/../../../avr/lib/avr6/libm.a(atan.o)
                                        0x21c (size before relaxing)
 .stab          0x000000000000aca4       0x90 /usr/lib/gcc/avr/4.8.2/../../../avr/lib/avr6/libm.a(cmpsf2.o)
                                         0x9c (size before relaxing)
 .stab          0x000000000000ad34       0x48 /usr/lib/gcc/avr/4.8.2/../../../avr/lib/avr6/libm.a(divsf3.o)
                                         0x54 (size before relaxing)
 .stab          0x000000000000ad7c      0x510 /usr/lib/gcc/avr/4.8.2/../../../avr/lib/avr6/libm.a(divsf3x.o)
                                        0x51c (size before relaxing)
 .stab          0x000000000000b28c       0x6c /usr/lib/gcc/avr/4.8.2/../../../avr/lib/avr6/libm.a(fixsfsi.o)
                                         0x78 (size before relaxing)
 .stab          0x000000000000b2f8      0x240 /usr/lib/gcc/avr/4.8.2/../../../avr/lib/avr6/libm.a(fixunssfsi.o)
                                        0x24c (size before relaxing)
 .stab          0x000000000000b538      0x318 /usr/lib/gcc/avr/4.8.2/../../../avr/lib/avr6/libm.a(floatsisf.o)
                                        0x324 (size before relaxing)
 .stab          0x000000000000b850      0x3e4 /usr/lib/gcc/avr/4.8.2/../../../avr/lib/avr6/libm.a(fmod.o)
                                        0x3f0 (size before relaxing)
 .stab          0x000000000000bc34      0x1e0 /usr/lib/gcc/avr/4.8.2/../../../avr/lib/avr6/libm.a(fp_cmp.o)
                                        0x1ec (size before relaxing)
 .stab          0x000000000000be14       0x78 /usr/lib/gcc/avr/4.8.2/../../../avr/lib/avr6/libm.a(fp_inf.o)
                                         0x84 (size before relaxing)
 .stab          0x000000000000be8c       0xe4 /usr/lib/gcc/avr/4.8.2/../../../avr/lib/avr6/libm.a(fp_mpack.o)
                                         0xf0 (size before relaxing)
 .stab          0x000000000000bf70       0x54 /usr/lib/gcc/avr/4.8.2/../../../avr/lib/avr6/libm.a(fp_nan.o)
                                         0x60 (size before relaxing)
 .stab          0x000000000000bfc4      0x1ec /usr/lib/gcc/avr/4.8.2/../../../avr/lib/avr6/libm.a(fp_powser.o)
                                        0x1f8 (size before relaxing)
 .stab          0x000000000000c1b0       0x84 /usr/lib/gcc/avr/4.8.2/../../../avr/lib/avr6/libm.a(fp_pscA.o)
                                         0x90 (size before relaxing)
 .stab          0x000000000000c234       0x84 /usr/lib/gcc/avr/4.8.2/../../../avr/lib/avr6/libm.a(fp_pscB.o)
                                         0x90 (size before relaxing)
 .stab          0x000000000000c2b8       0xfc /usr/lib/gcc/avr/4.8.2/../../../avr/lib/avr6/libm.a(fp_round.o)
                                        0x108 (size before relaxing)
 .stab          0x000000000000c3b4      0x1d4 /usr/lib/gcc/avr/4.8.2/../../../avr/lib/avr6/libm.a(fp_split3.o)
                                        0x1e0 (size before relaxing)
 .stab          0x000000000000c588       0x90 /usr/lib/gcc/avr/4.8.2/../../../avr/lib/avr6/libm.a(fp_zero.o)
                                         0x9c (size before relaxing)
 .stab          0x000000000000c618       0x6c /usr/lib/gcc/avr/4.8.2/../../../avr/lib/avr6/libm.a(gesf2.o)
                                         0x78 (size before relaxing)
 .stab          0x000000000000c684       0x84 /usr/lib/gcc/avr/4.8.2/../../../avr/lib/avr6/libm.a(inverse.o)
                                         0x90 (size before relaxing)
 .stab          0x000000000000c708       0x48 /usr/lib/gcc/avr/4.8.2/../../../avr/lib/avr6/libm.a(mulsf3.o)
                                         0x54 (size before relaxing)
 .stab          0x000000000000c750      0x4d4 /usr/lib/gcc/avr/4.8.2/../../../avr/lib/avr6/libm.a(mulsf3x.o)
                                        0x4e0 (size before relaxing)
 .stab          0x000000000000cc24      0x354 /usr/lib/gcc/avr/4.8.2/../../../avr/lib/avr6/libm.a(sqrt.o)
                                        0x360 (size before relaxing)
 .stab          0x000000000000cf78       0x54 /usr/lib/gcc/avr/4.8.2/../../../avr/lib/avr6/libm.a(square.o)
                                         0x60 (size before relaxing)
 .stab          0x000000000000cfcc       0x84 /usr/lib/gcc/avr/4.8.2/../../../avr/lib/avr6/libm.a(fp_norm2.o)
                                         0x90 (size before relaxing)
 .stab          0x000000000000d050      0x8b8 /usr/lib/gcc/avr/4.8.2/../../../avr/lib/avr6/libc.a(malloc.o)
                                        0x8e8 (size before relaxing)
 .stab          0x000000000000d908       0x84 /usr/lib/gcc/avr/4.8.2/../../../avr/lib/avr6/libc.a(strcmp.o)
                                         0x90 (size before relaxing)
 .stab          0x000000000000d98c      0x384 /usr/lib/gcc/avr/4.8.2/../../../avr/lib/avr6/libc.a(puts.o)
                                        0x54c (size before relaxing)
 .stab          0x000000000000dd10      0x3a8 /usr/lib/gcc/avr/4.8.2/../../../avr/lib/avr6/libc.a(vsnprintf.o)
                                        0x588 (size before relaxing)
 .stab          0x000000000000e0b8      0xb58 /usr/lib/gcc/avr/4.8.2/../../../avr/lib/avr6/libc.a(vfprintf_std.o)
                                        0xd80 (size before relaxing)
 .stab          0x000000000000ec10       0x9c /usr/lib/gcc/avr/4.8.2/../../../avr/lib/avr6/libc.a(strnlen_P.o)
                                         0xa8 (size before relaxing)
 .stab          0x000000000000ecac       0x9c /usr/lib/gcc/avr/4.8.2/../../../avr/lib/avr6/libc.a(strnlen.o)
                                         0xa8 (size before relaxing)
 .stab          0x000000000000ed48      0x354 /usr/lib/gcc/avr/4.8.2/../../../avr/lib/avr6/libc.a(fputc.o)
                                        0x534 (size before relaxing)
 .stab          0x000000000000f09c      0x2ac /usr/lib/gcc/avr/4.8.2/../../../avr/lib/avr6/libc.a(iob.o)
                                        0x48c (size before relaxing)
 .stab          0x000000000000f348      0x480 /usr/lib/gcc/avr/4.8.2/../../../avr/lib/avr6/libc.a(ultoa_invert.o)
                                        0x48c (size before relaxing)

.stabstr        0x0000000000000000     0x54c7
 *(.stabstr)
 .stabstr       0x0000000000000000     0x54c7 /usr/lib/gcc/avr/4.8.2/../../../avr/lib/avr6/crtm2560.o

.stab.excl
 *(.stab.excl)

.stab.exclstr
 *(.stab.exclstr)

.stab.index
 *(.stab.index)

.stab.indexstr
 *(.stab.indexstr)

.comment        0x0000000000000000       0x11
 *(.comment)
 .comment       0x0000000000000000       0x11 timeline.o
                                         0x12 (size before relaxing)
 .comment       0x0000000000000000       0x12 app.o
 .comment       0x0000000000000000       0x12 helpers.o
 .comment       0x0000000000000000       0x12 ../map/map.o
 .comment       0x0000000000000000       0x12 ../hardware_control-avr/hardware_control.o
 .comment       0x0000000000000000       0x12 ../dijkstra/dijkstra.o
 .comment       0x0000000000000000       0x12 ../bot_memory/bot_memory.o
 .comment       0x0000000000000000       0x12 ../timer/timer.o
 .comment       0x0000000000000000       0x12 ../custom_delay/custom_delay.o
 .comment       0x0000000000000000       0x12 ../lcd/lcd.o
 .comment       0x0000000000000000       0x12 ../move_bot/move_bot.o
 .comment       0x0000000000000000       0x12 ../pos_encoder/pos_encoder.o
 .comment       0x0000000000000000       0x12 ../bl_sensor/bl_sensor.o
 .comment       0x0000000000000000       0x12 ../fake_gcc_fns/fake_gcc_fns.o
 .comment       0x0000000000000000       0x12 /usr/lib/gcc/avr/4.8.2/../../../avr/lib/avr6/libc.a(malloc.o)
 .comment       0x0000000000000000       0x12 /usr/lib/gcc/avr/4.8.2/../../../avr/lib/avr6/libc.a(puts.o)
 .comment       0x0000000000000000       0x12 /usr/lib/gcc/avr/4.8.2/../../../avr/lib/avr6/libc.a(vsnprintf.o)
 .comment       0x0000000000000000       0x12 /usr/lib/gcc/avr/4.8.2/../../../avr/lib/avr6/libc.a(vfprintf_std.o)
 .comment       0x0000000000000000       0x12 /usr/lib/gcc/avr/4.8.2/../../../avr/lib/avr6/libc.a(fputc.o)
 .comment       0x0000000000000000       0x12 /usr/lib/gcc/avr/4.8.2/../../../avr/lib/avr6/libc.a(iob.o)

.debug
 *(.debug)

.line
 *(.line)

.debug_srcinfo
 *(.debug_srcinfo)

.debug_sfnames
 *(.debug_sfnames)

.debug_aranges
 *(.debug_aranges)

.debug_pubnames
 *(.debug_pubnames)

.debug_info
 *(.debug_info)
 *(.gnu.linkonce.wi.*)

.debug_abbrev
 *(.debug_abbrev)

.debug_line
 *(.debug_line)

.debug_frame
 *(.debug_frame)

.debug_str
 *(.debug_str)

.debug_loc
 *(.debug_loc)

.debug_macinfo
 *(.debug_macinfo)

.debug_pubtypes
 *(.debug_pubtypes)

.debug_ranges
 *(.debug_ranges)

.debug_macro
 *(.debug_macro)
OUTPUT(app.out elf32-avr)
LOAD linker stubs
