Archive member included because of file (symbol)

/usr/lib/gcc/avr/4.8.2/../../../avr/lib/avr6/libm.a(addsf3.o)
                              arm_control.o (__subsf3)
/usr/lib/gcc/avr/4.8.2/../../../avr/lib/avr6/libm.a(addsf3x.o)
                              /usr/lib/gcc/avr/4.8.2/../../../avr/lib/avr6/libm.a(addsf3.o) (__addsf3x)
/usr/lib/gcc/avr/4.8.2/../../../avr/lib/avr6/libm.a(atan2.o)
                              arm_control.o (atan2)
/usr/lib/gcc/avr/4.8.2/../../../avr/lib/avr6/libm.a(atan.o)
                              /usr/lib/gcc/avr/4.8.2/../../../avr/lib/avr6/libm.a(atan2.o) (atan)
/usr/lib/gcc/avr/4.8.2/../../../avr/lib/avr6/libm.a(cmpsf2.o)
                              ../map/map.o (__ltsf2)
/usr/lib/gcc/avr/4.8.2/../../../avr/lib/avr6/libm.a(divsf3.o)
                              ../map/map.o (__divsf3)
/usr/lib/gcc/avr/4.8.2/../../../avr/lib/avr6/libm.a(divsf3x.o)
                              /usr/lib/gcc/avr/4.8.2/../../../avr/lib/avr6/libm.a(divsf3.o) (__divsf3x)
/usr/lib/gcc/avr/4.8.2/../../../avr/lib/avr6/libm.a(fixsfsi.o)
                              arm_control.o (__fixsfsi)
/usr/lib/gcc/avr/4.8.2/../../../avr/lib/avr6/libm.a(fixunssfsi.o)
                              ../servo/servo.o (__fixunssfsi)
/usr/lib/gcc/avr/4.8.2/../../../avr/lib/avr6/libm.a(floatsisf.o)
                              ../servo/servo.o (__floatunsisf)
/usr/lib/gcc/avr/4.8.2/../../../avr/lib/avr6/libm.a(fmod.o)
                              ../map/map.o (fmod)
/usr/lib/gcc/avr/4.8.2/../../../avr/lib/avr6/libm.a(fp_cmp.o)
                              /usr/lib/gcc/avr/4.8.2/../../../avr/lib/avr6/libm.a(cmpsf2.o) (__fp_cmp)
/usr/lib/gcc/avr/4.8.2/../../../avr/lib/avr6/libm.a(fp_inf.o)
                              /usr/lib/gcc/avr/4.8.2/../../../avr/lib/avr6/libm.a(addsf3x.o) (__fp_inf)
/usr/lib/gcc/avr/4.8.2/../../../avr/lib/avr6/libm.a(fp_mpack.o)
                              /usr/lib/gcc/avr/4.8.2/../../../avr/lib/avr6/libm.a(fmod.o) (__fp_mpack)
/usr/lib/gcc/avr/4.8.2/../../../avr/lib/avr6/libm.a(fp_nan.o)
                              /usr/lib/gcc/avr/4.8.2/../../../avr/lib/avr6/libm.a(addsf3x.o) (__fp_nan)
/usr/lib/gcc/avr/4.8.2/../../../avr/lib/avr6/libm.a(fp_powser.o)
                              /usr/lib/gcc/avr/4.8.2/../../../avr/lib/avr6/libm.a(atan.o) (__fp_powser)
/usr/lib/gcc/avr/4.8.2/../../../avr/lib/avr6/libm.a(fp_pscA.o)
                              /usr/lib/gcc/avr/4.8.2/../../../avr/lib/avr6/libm.a(addsf3x.o) (__fp_pscA)
/usr/lib/gcc/avr/4.8.2/../../../avr/lib/avr6/libm.a(fp_pscB.o)
                              /usr/lib/gcc/avr/4.8.2/../../../avr/lib/avr6/libm.a(addsf3x.o) (__fp_pscB)
/usr/lib/gcc/avr/4.8.2/../../../avr/lib/avr6/libm.a(fp_round.o)
                              /usr/lib/gcc/avr/4.8.2/../../../avr/lib/avr6/libm.a(addsf3.o) (__fp_round)
/usr/lib/gcc/avr/4.8.2/../../../avr/lib/avr6/libm.a(fp_split3.o)
                              /usr/lib/gcc/avr/4.8.2/../../../avr/lib/avr6/libm.a(addsf3x.o) (__fp_split3)
/usr/lib/gcc/avr/4.8.2/../../../avr/lib/avr6/libm.a(fp_zero.o)
                              /usr/lib/gcc/avr/4.8.2/../../../avr/lib/avr6/libm.a(addsf3x.o) (__fp_zero)
/usr/lib/gcc/avr/4.8.2/../../../avr/lib/avr6/libm.a(gesf2.o)
                              ../map/map.o (__gesf2)
/usr/lib/gcc/avr/4.8.2/../../../avr/lib/avr6/libm.a(inverse.o)
                              /usr/lib/gcc/avr/4.8.2/../../../avr/lib/avr6/libm.a(atan.o) (inverse)
/usr/lib/gcc/avr/4.8.2/../../../avr/lib/avr6/libm.a(mulsf3.o)
                              ../map/map.o (__mulsf3)
/usr/lib/gcc/avr/4.8.2/../../../avr/lib/avr6/libm.a(mulsf3x.o)
                              /usr/lib/gcc/avr/4.8.2/../../../avr/lib/avr6/libm.a(atan.o) (__mulsf3x)
/usr/lib/gcc/avr/4.8.2/../../../avr/lib/avr6/libm.a(sqrt.o)
                              ../hardware_control-avr/hardware_control.o (sqrt)
/usr/lib/gcc/avr/4.8.2/../../../avr/lib/avr6/libm.a(square.o)
                              /usr/lib/gcc/avr/4.8.2/../../../avr/lib/avr6/libm.a(atan.o) (square)
/usr/lib/gcc/avr/4.8.2/../../../avr/lib/avr6/libm.a(fp_norm2.o)
                              /usr/lib/gcc/avr/4.8.2/../../../avr/lib/avr6/libm.a(sqrt.o) (__fp_norm2)
/usr/lib/gcc/avr/4.8.2/avr6/libgcc.a(_udivmodqi4.o)
                              ../hardware_control-avr/hardware_control.o (__udivmodqi4)
/usr/lib/gcc/avr/4.8.2/avr6/libgcc.a(_udivmodhi4.o)
                              ../lcd/lcd.o (__udivmodhi4)
/usr/lib/gcc/avr/4.8.2/avr6/libgcc.a(_exit.o)
                              /usr/lib/gcc/avr/4.8.2/../../../avr/lib/avr6/crtm2560.o (exit)
/usr/lib/gcc/avr/4.8.2/avr6/libgcc.a(_copy_data.o)
                              arm_control.o (__do_copy_data)
/usr/lib/gcc/avr/4.8.2/avr6/libgcc.a(_clear_bss.o)
                              arm_control.o (__do_clear_bss)
/usr/lib/gcc/avr/4.8.2/../../../avr/lib/avr6/libc.a(malloc.o)
                              app.o (malloc)
/usr/lib/gcc/avr/4.8.2/../../../avr/lib/avr6/libc.a(strcat.o)
                              arm_control.o (strcat)
/usr/lib/gcc/avr/4.8.2/../../../avr/lib/avr6/libc.a(strcmp.o)
                              ../map/map.o (strcmp)
/usr/lib/gcc/avr/4.8.2/../../../avr/lib/avr6/libc.a(printf.o)
                              arm_control.o (printf)
/usr/lib/gcc/avr/4.8.2/../../../avr/lib/avr6/libc.a(puts.o)
                              ../dijkstra/dijkstra.o (puts)
/usr/lib/gcc/avr/4.8.2/../../../avr/lib/avr6/libc.a(vsnprintf.o)
                              ../lcd/lcd.o (vsnprintf)
/usr/lib/gcc/avr/4.8.2/../../../avr/lib/avr6/libc.a(vfprintf_std.o)
                              /usr/lib/gcc/avr/4.8.2/../../../avr/lib/avr6/libc.a(printf.o) (vfprintf)
/usr/lib/gcc/avr/4.8.2/../../../avr/lib/avr6/libc.a(strnlen_P.o)
                              /usr/lib/gcc/avr/4.8.2/../../../avr/lib/avr6/libc.a(vfprintf_std.o) (strnlen_P)
/usr/lib/gcc/avr/4.8.2/../../../avr/lib/avr6/libc.a(strnlen.o)
                              /usr/lib/gcc/avr/4.8.2/../../../avr/lib/avr6/libc.a(vfprintf_std.o) (strnlen)
/usr/lib/gcc/avr/4.8.2/../../../avr/lib/avr6/libc.a(fputc.o)
                              /usr/lib/gcc/avr/4.8.2/../../../avr/lib/avr6/libc.a(vfprintf_std.o) (fputc)
/usr/lib/gcc/avr/4.8.2/../../../avr/lib/avr6/libc.a(iob.o)
                              /usr/lib/gcc/avr/4.8.2/../../../avr/lib/avr6/libc.a(printf.o) (__iob)
/usr/lib/gcc/avr/4.8.2/../../../avr/lib/avr6/libc.a(ultoa_invert.o)
                              /usr/lib/gcc/avr/4.8.2/../../../avr/lib/avr6/libc.a(vfprintf_std.o) (__ultoa_invert)

Allocating common symbols
Common symbol       size              file

Degrees             0x2               ../pos_encoder/pos_encoder.o
our_pizzas          0x2               ../timeline-avr/timeline.o
degrees             0x2               ../move_bot/move_bot.o
million             0x2               ../lcd/lcd.o
curve_info          0x2               ../map/map.o
next_extra_order    0x2               ../timeline-avr/timeline.o
temp                0x2               ../lcd/lcd.o
PIZZA_COUNTER_NODE  0x2               ../timeline-avr/timeline.o
__brkval            0x2               /usr/lib/gcc/avr/4.8.2/../../../avr/lib/avr6/libc.a(malloc.o)
ADC_value           0x1               ../move_bot/move_bot.o
ADC_Value           0x1               ../bl_sensor/bl_sensor.o
found_node          0x2               ../map/map.o
current_search_name
                    0x2               ../map/map.o
tens                0x2               ../lcd/lcd.o
our_bot             0x2               ../bot_memory/bot_memory.o
our_graph           0x2               arm_control.o
bot_info            0x2               arm_control.o
hundred             0x2               ../lcd/lcd.o
__flp               0x2               /usr/lib/gcc/avr/4.8.2/../../../avr/lib/avr6/libc.a(malloc.o)
unit                0x2               ../lcd/lcd.o
thousand            0x2               ../lcd/lcd.o
__iob               0x6               /usr/lib/gcc/avr/4.8.2/../../../avr/lib/avr6/libc.a(iob.o)
our_timeline        0x2               ../timeline-avr/timeline.o

Memory Configuration

Name             Origin             Length             Attributes
text             0x0000000000000000 0x0000000000100000 xr
data             0x0000000000800200 0x000000000000fe00 rw !x
eeprom           0x0000000000810000 0x0000000000010000 rw !x
fuse             0x0000000000820000 0x0000000000000400 rw !x
lock             0x0000000000830000 0x0000000000000400 rw !x
signature        0x0000000000840000 0x0000000000000400 rw !x
user_signatures  0x0000000000850000 0x0000000000000400 rw !x
*default*        0x0000000000000000 0xffffffffffffffff

Linker script and memory map

Address of section .data set to 0x800200
LOAD /usr/lib/gcc/avr/4.8.2/../../../avr/lib/avr6/crtm2560.o
LOAD arm_control.o
LOAD app.o
LOAD ../map/map.o
LOAD ../bot_memory/bot_memory.o
LOAD ../servo/servo.o
LOAD ../move_bot/move_bot.o
LOAD ../pos_encoder/pos_encoder.o
LOAD ../bl_sensor/bl_sensor.o
LOAD ../timeline-avr/timeline.o
LOAD ../timer/timer.o
LOAD ../custom_delay/custom_delay.o
LOAD ../hardware_control-avr/hardware_control.o
LOAD ../dijkstra/dijkstra.o
LOAD ../lcd/lcd.o
LOAD ../timeline-avr/helpers.o
LOAD /usr/lib/gcc/avr/4.8.2/../../../avr/lib/avr6/libm.a
START GROUP
LOAD /usr/lib/gcc/avr/4.8.2/avr6/libgcc.a
LOAD /usr/lib/gcc/avr/4.8.2/../../../avr/lib/avr6/libm.a
LOAD /usr/lib/gcc/avr/4.8.2/../../../avr/lib/avr6/libc.a
END GROUP

.hash
 *(.hash)

.dynsym
 *(.dynsym)

.dynstr
 *(.dynstr)

.gnu.version
 *(.gnu.version)

.gnu.version_d
 *(.gnu.version_d)

.gnu.version_r
 *(.gnu.version_r)

.rel.init
 *(.rel.init)

.rela.init
 *(.rela.init)

.rel.text
 *(.rel.text)
 *(.rel.text.*)
 *(.rel.gnu.linkonce.t*)

.rela.text
 *(.rela.text)
 *(.rela.text.*)
 *(.rela.gnu.linkonce.t*)

.rel.fini
 *(.rel.fini)

.rela.fini
 *(.rela.fini)

.rel.rodata
 *(.rel.rodata)
 *(.rel.rodata.*)
 *(.rel.gnu.linkonce.r*)

.rela.rodata
 *(.rela.rodata)
 *(.rela.rodata.*)
 *(.rela.gnu.linkonce.r*)

.rel.data
 *(.rel.data)
 *(.rel.data.*)
 *(.rel.gnu.linkonce.d*)

.rela.data
 *(.rela.data)
 *(.rela.data.*)
 *(.rela.gnu.linkonce.d*)

.rel.ctors
 *(.rel.ctors)

.rela.ctors
 *(.rela.ctors)

.rel.dtors
 *(.rel.dtors)

.rela.dtors
 *(.rela.dtors)

.rel.got
 *(.rel.got)

.rela.got
 *(.rela.got)

.rel.bss
 *(.rel.bss)

.rela.bss
 *(.rela.bss)

.rel.plt
 *(.rel.plt)

.rela.plt
 *(.rela.plt)

.text           0x0000000000000000     0x612e
 *(.vectors)
 .vectors       0x0000000000000000       0xe4 /usr/lib/gcc/avr/4.8.2/../../../avr/lib/avr6/crtm2560.o
                0x0000000000000000                __vectors
                0x0000000000000000                __vector_default
 *(.vectors)
 *(.progmem.gcc*)
 .progmem.gcc_fplib
                0x00000000000000e4       0x2d /usr/lib/gcc/avr/4.8.2/../../../avr/lib/avr6/libm.a(atan.o)
 *(.progmem*)
                0x0000000000000112                . = ALIGN (0x2)
 *fill*         0x0000000000000111        0x1 
                0x0000000000000112                __trampolines_start = .
 *(.trampolines)
 .trampolines   0x0000000000000112       0x18 linker stubs
 *(.trampolines*)
                0x000000000000012a                __trampolines_end = .
 *(.jumptables)
 *(.jumptables*)
 *(.lowtext)
 *(.lowtext*)
                0x000000000000012a                __ctors_start = .
 *(.ctors)
                0x000000000000012a                __ctors_end = .
                0x000000000000012a                __dtors_start = .
 *(.dtors)
                0x000000000000012a                __dtors_end = .
 SORT(*)(.ctors)
 SORT(*)(.dtors)
 *(.init0)
 .init0         0x000000000000012a        0x0 /usr/lib/gcc/avr/4.8.2/../../../avr/lib/avr6/crtm2560.o
                0x000000000000012a                __init
 *(.init0)
 *(.init1)
 *(.init1)
 *(.init2)
 .init2         0x000000000000012a       0x10 /usr/lib/gcc/avr/4.8.2/../../../avr/lib/avr6/crtm2560.o
 *(.init2)
 *(.init3)
 *(.init3)
 *(.init4)
 .init4         0x000000000000013a       0x1a /usr/lib/gcc/avr/4.8.2/avr6/libgcc.a(_copy_data.o)
                0x000000000000013a                __do_copy_data
 .init4         0x0000000000000154       0x10 /usr/lib/gcc/avr/4.8.2/avr6/libgcc.a(_clear_bss.o)
                0x0000000000000154                __do_clear_bss
 *(.init4)
 *(.init5)
 *(.init5)
 *(.init6)
 *(.init6)
 *(.init7)
 *(.init7)
 *(.init8)
 *(.init8)
 *(.init9)
 .init9         0x0000000000000164        0x8 /usr/lib/gcc/avr/4.8.2/../../../avr/lib/avr6/crtm2560.o
 *(.init9)
 *(.text)
 .text          0x000000000000016c        0x4 /usr/lib/gcc/avr/4.8.2/../../../avr/lib/avr6/crtm2560.o
                0x000000000000016c                __vector_38
                0x000000000000016c                __vector_22
                0x000000000000016c                __vector_28
                0x000000000000016c                __vector_1
                0x000000000000016c                __vector_32
                0x000000000000016c                __vector_34
                0x000000000000016c                __vector_24
                0x000000000000016c                __vector_12
                0x000000000000016c                __vector_55
                0x000000000000016c                __vector_46
                0x000000000000016c                __bad_interrupt
                0x000000000000016c                __vector_31
                0x000000000000016c                __vector_35
                0x000000000000016c                __vector_39
                0x000000000000016c                __vector_3
                0x000000000000016c                __vector_23
                0x000000000000016c                __vector_30
                0x000000000000016c                __vector_25
                0x000000000000016c                __vector_11
                0x000000000000016c                __vector_54
                0x000000000000016c                __vector_13
                0x000000000000016c                __vector_17
                0x000000000000016c                __vector_19
                0x000000000000016c                __vector_56
                0x000000000000016c                __vector_7
                0x000000000000016c                __vector_49
                0x000000000000016c                __vector_41
                0x000000000000016c                __vector_43
                0x000000000000016c                __vector_27
                0x000000000000016c                __vector_33
                0x000000000000016c                __vector_47
                0x000000000000016c                __vector_52
                0x000000000000016c                __vector_37
                0x000000000000016c                __vector_4
                0x000000000000016c                __vector_44
                0x000000000000016c                __vector_51
                0x000000000000016c                __vector_9
                0x000000000000016c                __vector_2
                0x000000000000016c                __vector_21
                0x000000000000016c                __vector_15
                0x000000000000016c                __vector_36
                0x000000000000016c                __vector_29
                0x000000000000016c                __vector_40
                0x000000000000016c                __vector_8
                0x000000000000016c                __vector_26
                0x000000000000016c                __vector_48
                0x000000000000016c                __vector_14
                0x000000000000016c                __vector_53
                0x000000000000016c                __vector_10
                0x000000000000016c                __vector_50
                0x000000000000016c                __vector_16
                0x000000000000016c                __vector_18
                0x000000000000016c                __vector_20
                0x000000000000016c                __vector_42
 .text          0x0000000000000170      0x372 arm_control.o
                0x0000000000000170                InitialiseBotInfo
                0x000000000000018a                ArmDown
                0x00000000000001dc                ArmUp
                0x000000000000022e                OpenGripper
                0x0000000000000280                CloseGripper
                0x00000000000002d2                LiftPizza
                0x00000000000002ec                DropPizza
                0x0000000000000306                PickPizzaUp
                0x0000000000000378                GetDepForHouse
                0x00000000000003f4                DepositPizza
 .text          0x00000000000004e2        0x0 app.o
 .text          0x00000000000004e2     0x12f0 ../map/map.o
                0x00000000000004e2                CheckNodeName
                0x0000000000000510                CreateNode
                0x00000000000005e0                ConnectNodes
                0x0000000000000664                InitGraph
                0x00000000000014b2                GetCurrentNode
                0x00000000000014c6                DFSEval
                0x0000000000001530                GetNodeByName
                0x000000000000159a                IndexOfNode
                0x00000000000015b4                UpdateNodeInArray
                0x00000000000015fc                GetCurveInfo
                0x0000000000001606                GetGraph
                0x0000000000001610                GetRotationCost
                0x0000000000001620                GetShortestDeg
                0x000000000000163c                RadToDeg
                0x0000000000001656                MakePositiveDeg
                0x0000000000001692                MakePositiveRad
                0x00000000000016d8                GetAngularVelocity
                0x00000000000017b8                GetCurveDirection
 .text          0x00000000000017d2       0xb6 ../bot_memory/bot_memory.o
                0x00000000000017d2                InitBotInfo
                0x000000000000187e                GetBotInfo
 .text          0x0000000000001888      0x208 ../servo/servo.o
                0x0000000000001888                Servo1PinConfig
                0x000000000000188e                Servo2PinConfig
                0x0000000000001894                Servo3PinConfig
                0x000000000000189a                Servo4PinConfig
                0x00000000000018b0                ServoPortInit
                0x00000000000018c0                ServoTimerInit
                0x000000000000192e                ServoInitDevices
                0x000000000000193c                ServoConvertDeg
                0x0000000000001968                Servo1To
                0x000000000000197a                Servo2To
                0x000000000000198c                Servo3To
                0x000000000000199e                Servo4To
                0x00000000000019b0                ServoControl
                0x0000000000001a58                Servo1Free
                0x0000000000001a66                Servo2Free
                0x0000000000001a74                Servo3Free
                0x0000000000001a82                Servo4Free
 .text          0x0000000000001a90      0x42e ../move_bot/move_bot.o
                0x0000000000001a90                MoveBotInitDevices
                0x0000000000001a9c                IsBlack
                0x0000000000001ab0                AngleRotate
                0x0000000000001bc8                MoveBot
                0x0000000000001dd4                MoveBotForward
                0x0000000000001e04                RotateBot
                0x0000000000001e8e                MoveBotBackward
 .text          0x0000000000001ebe      0x3e2 ../pos_encoder/pos_encoder.o
                0x0000000000001ebe                PosEncoderMotionPinConfig
                0x0000000000001ee0                LeftEncoderPinConfig
                0x0000000000001ee6                RightEncoderPinConfig
                0x0000000000001eec                PosEncoderPortInit
                0x0000000000001ef8                LeftPositionEncoderInterruptInit
                0x0000000000001f0a                RightPositionEncoderInterruptInit
                0x0000000000001f1c                PosEncoderTimer5Init
                0x0000000000001f52                __vector_6
                0x0000000000001f9c                __vector_5
                0x0000000000001fe6                PosEncoderMotionSet
                0x0000000000001ff2                PosEncoderVelocity
                0x0000000000001ffc                PosEncoderForward
                0x0000000000002002                PosEncoderBack
                0x0000000000002008                PosEncoderLeft
                0x000000000000200e                PosEncoderRight
                0x0000000000002014                PosEncoderSoftLeft
                0x000000000000201a                PosEncoderSoftRight
                0x0000000000002020                PosEncoderSoftLeft2
                0x0000000000002026                PosEncoderSoftRight2
                0x000000000000202c                PosEncoderStop
                0x0000000000002032                PosEncoderAngleRotate
                0x00000000000020b2                PosEncoderLinearDistanceMm
                0x000000000000213c                PosEncoderForwardMm
                0x0000000000002160                PosEncoderBackMm
                0x0000000000002184                PosEncoderLeftDegrees
                0x00000000000021a8                PosEncoderRightDegrees
                0x00000000000021cc                PosEncoderSoftLeftDegrees
                0x00000000000021e4                PosEncoderSoftRightDegrees
                0x00000000000021fc                PosEncoderSoftLeft2Degrees
                0x0000000000002214                PosEncoderSoftRight2Degrees
                0x000000000000222c                PosEncoderInitDevices
                0x000000000000223e                PosEncoderRotateBot
                0x0000000000002258                ResetRightShaft
                0x000000000000226a                ResetLeftShaft
                0x000000000000227c                GetShaftCountRight
                0x000000000000228e                GetShaftCountLeft
 .text          0x00000000000022a0       0xb0 ../bl_sensor/bl_sensor.o
                0x00000000000022a0                BlSensorAdcPinConfig
                0x00000000000022ae                BlSensorPortInit
                0x00000000000022b2                BlSensorTimer5Init
                0x00000000000022e8                BlSensorAdcInit
                0x0000000000002302                BlSensorAdcConversion
                0x000000000000233a                BlSensorGet
                0x000000000000233e                BlSensorInitDevices
 .text          0x0000000000002350     0x1d8a ../timeline-avr/timeline.o
                0x0000000000002350                GetState
                0x0000000000002356                SetState
                0x0000000000002362                GetPizzaCounter
                0x000000000000236c                InsertOrder
                0x0000000000002422                InsertPizza
                0x0000000000002450                CreatePizza
                0x00000000000024b6                CreateOrder
                0x00000000000025a0                InitTimeline
                0x00000000000026ca                GetTimeline
                0x00000000000026d4                GetPizzas
                0x00000000000026de                MissingOrderBeep
                0x00000000000026f0                GetNextOrder
                0x000000000000273e                GetPizzaForOrder
                0x00000000000027a0                GetNumDelayed
                0x0000000000002a16                ConsiderCancel
                0x0000000000003190                GetOrderForPizza
                0x00000000000031f8                GetPizzaAtNode
                0x0000000000003240                GetAvailablePizzas
                0x00000000000033e4                DetectPizza
                0x0000000000003524                IsPizzaAt
                0x000000000000358a                FindPizzas
                0x000000000000370a                FreeTimeDecision
                0x00000000000038dc                DeliverPizzas
                0x0000000000003d76                NormalOperation
                0x0000000000003f48                TimelineControl
                0x0000000000004010                Display
 .text          0x00000000000040da       0x9e ../timer/timer.o
                0x00000000000040da                Timer4Init
                0x000000000000411a                __vector_45
                0x0000000000004154                GetCurrentTime
                0x000000000000415e                ResetTime
                0x0000000000004168                InitTimer
 .text          0x0000000000004178       0x16 ../custom_delay/custom_delay.o
                0x0000000000004178                CustomDelay
 .text          0x000000000000418e      0x49a ../hardware_control-avr/hardware_control.o
                0x000000000000418e                CurveTowards
                0x0000000000004310                MoveBotToNode
 .text          0x0000000000004628      0x498 ../dijkstra/dijkstra.o
                0x0000000000004628                InitNodesDijkstra
                0x0000000000004640                GetLowestUndone
                0x00000000000046e4                Dijkstra
                0x0000000000004aa8                DijkstraFree
 .text          0x0000000000004ac0      0x33e ../lcd/lcd.o
                0x0000000000004ac0                LcdPortConfig
                0x0000000000004ace                LcdPortInit
                0x0000000000004ad2                LcdInitDevices
                0x0000000000004adc                LcdSet4Bit
                0x0000000000004b64                LcdWrCommand
                0x0000000000004bae                LcdInit
                0x0000000000004bde                LcdWrChar
                0x0000000000004c28                LcdHome
                0x0000000000004c2e                LcdString
                0x0000000000004c6c                LcdPrintf
                0x0000000000004cc2                LcdCursor
                0x0000000000004cee                LcdPrint
 .text          0x0000000000004dfe      0x31e ../timeline-avr/helpers.o
                0x0000000000004dfe                GetNodeToRight
                0x0000000000004e7a                GetNodeToLeft
                0x0000000000004ef6                GetFirstPToRight
                0x0000000000004f24                GetFirstPToLeft
                0x0000000000004f52                GetFurthestPizzaNode
                0x0000000000005088                CheckOverlap
                0x00000000000050d8                GetCurrentTimeBlock
 .text          0x000000000000511c        0x0 /usr/lib/gcc/avr/4.8.2/../../../avr/lib/avr6/libm.a(addsf3.o)
 .text          0x000000000000511c        0x0 /usr/lib/gcc/avr/4.8.2/../../../avr/lib/avr6/libm.a(addsf3x.o)
 .text          0x000000000000511c        0x0 /usr/lib/gcc/avr/4.8.2/../../../avr/lib/avr6/libm.a(atan2.o)
 .text          0x000000000000511c        0x0 /usr/lib/gcc/avr/4.8.2/../../../avr/lib/avr6/libm.a(atan.o)
 .text          0x000000000000511c        0x0 /usr/lib/gcc/avr/4.8.2/../../../avr/lib/avr6/libm.a(cmpsf2.o)
 .text          0x000000000000511c        0x0 /usr/lib/gcc/avr/4.8.2/../../../avr/lib/avr6/libm.a(divsf3.o)
 .text          0x000000000000511c        0x0 /usr/lib/gcc/avr/4.8.2/../../../avr/lib/avr6/libm.a(divsf3x.o)
 .text          0x000000000000511c        0x0 /usr/lib/gcc/avr/4.8.2/../../../avr/lib/avr6/libm.a(fixsfsi.o)
 .text          0x000000000000511c        0x0 /usr/lib/gcc/avr/4.8.2/../../../avr/lib/avr6/libm.a(fixunssfsi.o)
 .text          0x000000000000511c        0x0 /usr/lib/gcc/avr/4.8.2/../../../avr/lib/avr6/libm.a(floatsisf.o)
 .text          0x000000000000511c        0x0 /usr/lib/gcc/avr/4.8.2/../../../avr/lib/avr6/libm.a(fmod.o)
 .text          0x000000000000511c        0x0 /usr/lib/gcc/avr/4.8.2/../../../avr/lib/avr6/libm.a(fp_cmp.o)
 .text          0x000000000000511c        0x0 /usr/lib/gcc/avr/4.8.2/../../../avr/lib/avr6/libm.a(fp_inf.o)
 .text          0x000000000000511c        0x0 /usr/lib/gcc/avr/4.8.2/../../../avr/lib/avr6/libm.a(fp_mpack.o)
 .text          0x000000000000511c        0x0 /usr/lib/gcc/avr/4.8.2/../../../avr/lib/avr6/libm.a(fp_nan.o)
 .text          0x000000000000511c        0x0 /usr/lib/gcc/avr/4.8.2/../../../avr/lib/avr6/libm.a(fp_powser.o)
 .text          0x000000000000511c        0x0 /usr/lib/gcc/avr/4.8.2/../../../avr/lib/avr6/libm.a(fp_pscA.o)
 .text          0x000000000000511c        0x0 /usr/lib/gcc/avr/4.8.2/../../../avr/lib/avr6/libm.a(fp_pscB.o)
 .text          0x000000000000511c        0x0 /usr/lib/gcc/avr/4.8.2/../../../avr/lib/avr6/libm.a(fp_round.o)
 .text          0x000000000000511c        0x0 /usr/lib/gcc/avr/4.8.2/../../../avr/lib/avr6/libm.a(fp_split3.o)
 .text          0x000000000000511c        0x0 /usr/lib/gcc/avr/4.8.2/../../../avr/lib/avr6/libm.a(fp_zero.o)
 .text          0x000000000000511c        0x0 /usr/lib/gcc/avr/4.8.2/../../../avr/lib/avr6/libm.a(gesf2.o)
 .text          0x000000000000511c        0x0 /usr/lib/gcc/avr/4.8.2/../../../avr/lib/avr6/libm.a(inverse.o)
 .text          0x000000000000511c        0x0 /usr/lib/gcc/avr/4.8.2/../../../avr/lib/avr6/libm.a(mulsf3.o)
 .text          0x000000000000511c        0x0 /usr/lib/gcc/avr/4.8.2/../../../avr/lib/avr6/libm.a(mulsf3x.o)
 .text          0x000000000000511c        0x0 /usr/lib/gcc/avr/4.8.2/../../../avr/lib/avr6/libm.a(sqrt.o)
 .text          0x000000000000511c        0x0 /usr/lib/gcc/avr/4.8.2/../../../avr/lib/avr6/libm.a(square.o)
 .text          0x000000000000511c        0x0 /usr/lib/gcc/avr/4.8.2/../../../avr/lib/avr6/libm.a(fp_norm2.o)
 .text          0x000000000000511c        0x0 /usr/lib/gcc/avr/4.8.2/avr6/libgcc.a(_udivmodqi4.o)
 .text          0x000000000000511c        0x0 /usr/lib/gcc/avr/4.8.2/avr6/libgcc.a(_udivmodhi4.o)
 .text          0x000000000000511c        0x0 /usr/lib/gcc/avr/4.8.2/avr6/libgcc.a(_exit.o)
 .text          0x000000000000511c        0x0 /usr/lib/gcc/avr/4.8.2/avr6/libgcc.a(_copy_data.o)
 .text          0x000000000000511c        0x0 /usr/lib/gcc/avr/4.8.2/avr6/libgcc.a(_clear_bss.o)
 .text          0x000000000000511c        0x0 /usr/lib/gcc/avr/4.8.2/../../../avr/lib/avr6/libc.a(malloc.o)
 .text          0x000000000000511c        0x0 /usr/lib/gcc/avr/4.8.2/../../../avr/lib/avr6/libc.a(strcat.o)
 .text          0x000000000000511c        0x0 /usr/lib/gcc/avr/4.8.2/../../../avr/lib/avr6/libc.a(strcmp.o)
 .text          0x000000000000511c        0x0 /usr/lib/gcc/avr/4.8.2/../../../avr/lib/avr6/libc.a(printf.o)
 .text          0x000000000000511c        0x0 /usr/lib/gcc/avr/4.8.2/../../../avr/lib/avr6/libc.a(puts.o)
 .text          0x000000000000511c        0x0 /usr/lib/gcc/avr/4.8.2/../../../avr/lib/avr6/libc.a(vsnprintf.o)
 .text          0x000000000000511c        0x0 /usr/lib/gcc/avr/4.8.2/../../../avr/lib/avr6/libc.a(vfprintf_std.o)
 .text          0x000000000000511c        0x0 /usr/lib/gcc/avr/4.8.2/../../../avr/lib/avr6/libc.a(strnlen_P.o)
 .text          0x000000000000511c        0x0 /usr/lib/gcc/avr/4.8.2/../../../avr/lib/avr6/libc.a(strnlen.o)
 .text          0x000000000000511c        0x0 /usr/lib/gcc/avr/4.8.2/../../../avr/lib/avr6/libc.a(fputc.o)
 .text          0x000000000000511c        0x0 /usr/lib/gcc/avr/4.8.2/../../../avr/lib/avr6/libc.a(iob.o)
 .text          0x000000000000511c        0x0 /usr/lib/gcc/avr/4.8.2/../../../avr/lib/avr6/libc.a(ultoa_invert.o)
                0x000000000000511c                . = ALIGN (0x2)
 *(.text.*)
 .text.startup  0x000000000000511c       0x84 app.o
                0x000000000000511c                main
 .text.avr-libc.fplib
                0x00000000000051a0        0xa /usr/lib/gcc/avr/4.8.2/../../../avr/lib/avr6/libm.a(addsf3.o)
                0x00000000000051a0                __subsf3
                0x00000000000051a2                __addsf3
 .text.avr-libc.fplib
                0x00000000000051aa       0xc0 /usr/lib/gcc/avr/4.8.2/../../../avr/lib/avr6/libm.a(addsf3x.o)
                0x00000000000051c4                __addsf3x
 .text.avr-libc.fplib
                0x000000000000526a       0x74 /usr/lib/gcc/avr/4.8.2/../../../avr/lib/avr6/libm.a(atan2.o)
                0x0000000000005288                atan2
 .text.avr-libc.fplib
                0x00000000000052de       0x50 /usr/lib/gcc/avr/4.8.2/../../../avr/lib/avr6/libm.a(atan.o)
                0x00000000000052de                atan
 .text.avr-libc.fplib
                0x000000000000532e        0x8 /usr/lib/gcc/avr/4.8.2/../../../avr/lib/avr6/libm.a(cmpsf2.o)
                0x000000000000532e                __lesf2
                0x000000000000532e                __nesf2
                0x000000000000532e                __eqsf2
                0x000000000000532e                __cmpsf2
                0x000000000000532e                __ltsf2
 .text.avr-libc.fplib
                0x0000000000005336        0x4 /usr/lib/gcc/avr/4.8.2/../../../avr/lib/avr6/libm.a(divsf3.o)
                0x0000000000005336                __divsf3
 .text.avr-libc.fplib
                0x000000000000533a       0xcc /usr/lib/gcc/avr/4.8.2/../../../avr/lib/avr6/libm.a(divsf3x.o)
                0x0000000000005350                __divsf3x
                0x0000000000005354                __divsf3_pse
 .text.avr-libc.fplib
                0x0000000000005406        0xa /usr/lib/gcc/avr/4.8.2/../../../avr/lib/avr6/libm.a(fixsfsi.o)
                0x0000000000005406                __fixsfsi
 .text.avr-libc.fplib
                0x0000000000005410       0x58 /usr/lib/gcc/avr/4.8.2/../../../avr/lib/avr6/libm.a(fixunssfsi.o)
                0x0000000000005410                __fixunssfsi
 .text.avr-libc.fplib
                0x0000000000005468       0x7a /usr/lib/gcc/avr/4.8.2/../../../avr/lib/avr6/libm.a(floatsisf.o)
                0x0000000000005468                __floatunsisf
                0x000000000000546c                __floatsisf
 .text.avr-libc.fplib
                0x00000000000054e2       0x9c /usr/lib/gcc/avr/4.8.2/../../../avr/lib/avr6/libm.a(fmod.o)
                0x00000000000054f0                fmod
 .text.avr-libc.fplib
                0x000000000000557e       0x48 /usr/lib/gcc/avr/4.8.2/../../../avr/lib/avr6/libm.a(fp_cmp.o)
                0x000000000000557e                __fp_cmp
 .text.avr-libc.fplib
                0x00000000000055c6        0xc /usr/lib/gcc/avr/4.8.2/../../../avr/lib/avr6/libm.a(fp_inf.o)
                0x00000000000055c6                __fp_inf
 .text.avr-libc.fplib
                0x00000000000055d2       0x1c /usr/lib/gcc/avr/4.8.2/../../../avr/lib/avr6/libm.a(fp_mpack.o)
                0x00000000000055d2                __fp_mpack
                0x00000000000055d6                __fp_mpack_finite
 .text.avr-libc.fplib
                0x00000000000055ee        0x6 /usr/lib/gcc/avr/4.8.2/../../../avr/lib/avr6/libm.a(fp_nan.o)
                0x00000000000055ee                __fp_nan
 .text.avr-libc.fplib
                0x00000000000055f4       0x4a /usr/lib/gcc/avr/4.8.2/../../../avr/lib/avr6/libm.a(fp_powser.o)
                0x00000000000055f4                __fp_powser
 .text.avr-libc.fplib
                0x000000000000563e        0xe /usr/lib/gcc/avr/4.8.2/../../../avr/lib/avr6/libm.a(fp_pscA.o)
                0x000000000000563e                __fp_pscA
 .text.avr-libc.fplib
                0x000000000000564c        0xe /usr/lib/gcc/avr/4.8.2/../../../avr/lib/avr6/libm.a(fp_pscB.o)
                0x000000000000564c                __fp_pscB
 .text.avr-libc.fplib
                0x000000000000565a       0x22 /usr/lib/gcc/avr/4.8.2/../../../avr/lib/avr6/libm.a(fp_round.o)
                0x000000000000565a                __fp_round
 .text.avr-libc.fplib
                0x000000000000567c       0x44 /usr/lib/gcc/avr/4.8.2/../../../avr/lib/avr6/libm.a(fp_split3.o)
                0x000000000000567c                __fp_split3
                0x000000000000568c                __fp_splitA
 .text.avr-libc.fplib
                0x00000000000056c0        0xe /usr/lib/gcc/avr/4.8.2/../../../avr/lib/avr6/libm.a(fp_zero.o)
                0x00000000000056c0                __fp_zero
                0x00000000000056c2                __fp_szero
 .text.avr-libc.fplib
                0x00000000000056ce        0x8 /usr/lib/gcc/avr/4.8.2/../../../avr/lib/avr6/libm.a(gesf2.o)
                0x00000000000056ce                __gtsf2
                0x00000000000056ce                __gesf2
 .text.avr-libc.fplib
                0x00000000000056d6        0xe /usr/lib/gcc/avr/4.8.2/../../../avr/lib/avr6/libm.a(inverse.o)
                0x00000000000056d6                inverse
 .text.avr-libc.fplib
                0x00000000000056e4        0x4 /usr/lib/gcc/avr/4.8.2/../../../avr/lib/avr6/libm.a(mulsf3.o)
                0x00000000000056e4                __mulsf3
 .text.avr-libc.fplib
                0x00000000000056e8       0xc2 /usr/lib/gcc/avr/4.8.2/../../../avr/lib/avr6/libm.a(mulsf3x.o)
                0x00000000000056fc                __mulsf3x
                0x0000000000005700                __mulsf3_pse
 .text.avr-libc.fplib
                0x00000000000057aa       0x84 /usr/lib/gcc/avr/4.8.2/../../../avr/lib/avr6/libm.a(sqrt.o)
                0x00000000000057b2                sqrt
 .text.avr-libc.fplib
                0x000000000000582e        0x6 /usr/lib/gcc/avr/4.8.2/../../../avr/lib/avr6/libm.a(square.o)
                0x000000000000582e                square
 .text.avr-libc.fplib
                0x0000000000005834        0xe /usr/lib/gcc/avr/4.8.2/../../../avr/lib/avr6/libm.a(fp_norm2.o)
                0x0000000000005834                __fp_norm2
 .text.libgcc.mul
                0x0000000000005842        0x0 /usr/lib/gcc/avr/4.8.2/avr6/libgcc.a(_udivmodqi4.o)
 .text.libgcc.div
                0x0000000000005842       0x18 /usr/lib/gcc/avr/4.8.2/avr6/libgcc.a(_udivmodqi4.o)
                0x0000000000005842                __udivmodqi4
 .text.libgcc   0x000000000000585a        0x0 /usr/lib/gcc/avr/4.8.2/avr6/libgcc.a(_udivmodqi4.o)
 .text.libgcc.prologue
                0x000000000000585a        0x0 /usr/lib/gcc/avr/4.8.2/avr6/libgcc.a(_udivmodqi4.o)
 .text.libgcc.builtins
                0x000000000000585a        0x0 /usr/lib/gcc/avr/4.8.2/avr6/libgcc.a(_udivmodqi4.o)
 .text.libgcc.fmul
                0x000000000000585a        0x0 /usr/lib/gcc/avr/4.8.2/avr6/libgcc.a(_udivmodqi4.o)
 .text.libgcc.fixed
                0x000000000000585a        0x0 /usr/lib/gcc/avr/4.8.2/avr6/libgcc.a(_udivmodqi4.o)
 .text.libgcc.mul
                0x000000000000585a        0x0 /usr/lib/gcc/avr/4.8.2/avr6/libgcc.a(_udivmodhi4.o)
 .text.libgcc.div
                0x000000000000585a       0x28 /usr/lib/gcc/avr/4.8.2/avr6/libgcc.a(_udivmodhi4.o)
                0x000000000000585a                __udivmodhi4
 .text.libgcc   0x0000000000005882        0x0 /usr/lib/gcc/avr/4.8.2/avr6/libgcc.a(_udivmodhi4.o)
 .text.libgcc.prologue
                0x0000000000005882        0x0 /usr/lib/gcc/avr/4.8.2/avr6/libgcc.a(_udivmodhi4.o)
 .text.libgcc.builtins
                0x0000000000005882        0x0 /usr/lib/gcc/avr/4.8.2/avr6/libgcc.a(_udivmodhi4.o)
 .text.libgcc.fmul
                0x0000000000005882        0x0 /usr/lib/gcc/avr/4.8.2/avr6/libgcc.a(_udivmodhi4.o)
 .text.libgcc.fixed
                0x0000000000005882        0x0 /usr/lib/gcc/avr/4.8.2/avr6/libgcc.a(_udivmodhi4.o)
 .text.libgcc.mul
                0x0000000000005882        0x0 /usr/lib/gcc/avr/4.8.2/avr6/libgcc.a(_exit.o)
 .text.libgcc.div
                0x0000000000005882        0x0 /usr/lib/gcc/avr/4.8.2/avr6/libgcc.a(_exit.o)
 .text.libgcc   0x0000000000005882        0x0 /usr/lib/gcc/avr/4.8.2/avr6/libgcc.a(_exit.o)
 .text.libgcc.prologue
                0x0000000000005882        0x0 /usr/lib/gcc/avr/4.8.2/avr6/libgcc.a(_exit.o)
 .text.libgcc.builtins
                0x0000000000005882        0x0 /usr/lib/gcc/avr/4.8.2/avr6/libgcc.a(_exit.o)
 .text.libgcc.fmul
                0x0000000000005882        0x0 /usr/lib/gcc/avr/4.8.2/avr6/libgcc.a(_exit.o)
 .text.libgcc.fixed
                0x0000000000005882        0x0 /usr/lib/gcc/avr/4.8.2/avr6/libgcc.a(_exit.o)
 .text.libgcc.mul
                0x0000000000005882        0x0 /usr/lib/gcc/avr/4.8.2/avr6/libgcc.a(_copy_data.o)
 .text.libgcc.div
                0x0000000000005882        0x0 /usr/lib/gcc/avr/4.8.2/avr6/libgcc.a(_copy_data.o)
 .text.libgcc   0x0000000000005882        0x0 /usr/lib/gcc/avr/4.8.2/avr6/libgcc.a(_copy_data.o)
 .text.libgcc.prologue
                0x0000000000005882        0x0 /usr/lib/gcc/avr/4.8.2/avr6/libgcc.a(_copy_data.o)
 .text.libgcc.builtins
                0x0000000000005882        0x0 /usr/lib/gcc/avr/4.8.2/avr6/libgcc.a(_copy_data.o)
 .text.libgcc.fmul
                0x0000000000005882        0x0 /usr/lib/gcc/avr/4.8.2/avr6/libgcc.a(_copy_data.o)
 .text.libgcc.fixed
                0x0000000000005882        0x0 /usr/lib/gcc/avr/4.8.2/avr6/libgcc.a(_copy_data.o)
 .text.libgcc.mul
                0x0000000000005882        0x0 /usr/lib/gcc/avr/4.8.2/avr6/libgcc.a(_clear_bss.o)
 .text.libgcc.div
                0x0000000000005882        0x0 /usr/lib/gcc/avr/4.8.2/avr6/libgcc.a(_clear_bss.o)
 .text.libgcc   0x0000000000005882        0x0 /usr/lib/gcc/avr/4.8.2/avr6/libgcc.a(_clear_bss.o)
 .text.libgcc.prologue
                0x0000000000005882        0x0 /usr/lib/gcc/avr/4.8.2/avr6/libgcc.a(_clear_bss.o)
 .text.libgcc.builtins
                0x0000000000005882        0x0 /usr/lib/gcc/avr/4.8.2/avr6/libgcc.a(_clear_bss.o)
 .text.libgcc.fmul
                0x0000000000005882        0x0 /usr/lib/gcc/avr/4.8.2/avr6/libgcc.a(_clear_bss.o)
 .text.libgcc.fixed
                0x0000000000005882        0x0 /usr/lib/gcc/avr/4.8.2/avr6/libgcc.a(_clear_bss.o)
 .text.avr-libc
                0x0000000000005882      0x24e /usr/lib/gcc/avr/4.8.2/../../../avr/lib/avr6/libc.a(malloc.o)
                0x0000000000005882                malloc
                0x00000000000059b2                free
 .text.avr-libc
                0x0000000000005ad0       0x16 /usr/lib/gcc/avr/4.8.2/../../../avr/lib/avr6/libc.a(strcat.o)
                0x0000000000005ad0                strcat
 .text.avr-libc
                0x0000000000005ae6       0x12 /usr/lib/gcc/avr/4.8.2/../../../avr/lib/avr6/libc.a(strcmp.o)
                0x0000000000005ae6                strcmp
 .text.avr-libc
                0x0000000000005af8       0x24 /usr/lib/gcc/avr/4.8.2/../../../avr/lib/avr6/libc.a(printf.o)
                0x0000000000005af8                printf
 .text.avr-libc
                0x0000000000005b1c       0x5a /usr/lib/gcc/avr/4.8.2/../../../avr/lib/avr6/libc.a(puts.o)
                0x0000000000005b1c                puts
 .text.avr-libc
                0x0000000000005b76       0x72 /usr/lib/gcc/avr/4.8.2/../../../avr/lib/avr6/libc.a(vsnprintf.o)
                0x0000000000005b76                vsnprintf
 .text.avr-libc
                0x0000000000005be8      0x3f6 /usr/lib/gcc/avr/4.8.2/../../../avr/lib/avr6/libc.a(vfprintf_std.o)
                0x0000000000005be8                vfprintf
 .text.avr-libc
                0x0000000000005fde       0x16 /usr/lib/gcc/avr/4.8.2/../../../avr/lib/avr6/libc.a(strnlen_P.o)
                0x0000000000005fde                strnlen_P
 .text.avr-libc
                0x0000000000005ff4       0x16 /usr/lib/gcc/avr/4.8.2/../../../avr/lib/avr6/libc.a(strnlen.o)
                0x0000000000005ff4                strnlen
 .text.avr-libc
                0x000000000000600a       0x64 /usr/lib/gcc/avr/4.8.2/../../../avr/lib/avr6/libc.a(fputc.o)
                0x000000000000600a                fputc
 .text.avr-libc
                0x000000000000606e       0xbc /usr/lib/gcc/avr/4.8.2/../../../avr/lib/avr6/libc.a(ultoa_invert.o)
                0x000000000000606e                __ultoa_invert
                0x000000000000612a                . = ALIGN (0x2)
 *(.fini9)
 .fini9         0x000000000000612a        0x0 /usr/lib/gcc/avr/4.8.2/avr6/libgcc.a(_exit.o)
                0x000000000000612a                exit
                0x000000000000612a                _exit
 *(.fini9)
 *(.fini8)
 *(.fini8)
 *(.fini7)
 *(.fini7)
 *(.fini6)
 *(.fini6)
 *(.fini5)
 *(.fini5)
 *(.fini4)
 *(.fini4)
 *(.fini3)
 *(.fini3)
 *(.fini2)
 *(.fini2)
 *(.fini1)
 *(.fini1)
 *(.fini0)
 .fini0         0x000000000000612a        0x4 /usr/lib/gcc/avr/4.8.2/avr6/libgcc.a(_exit.o)
 *(.fini0)
                0x000000000000612e                _etext = .

.data           0x0000000000800200      0x406 load address 0x000000000000612e
                0x0000000000800200                PROVIDE (__data_start, .)
 *(.data)
 .data          0x0000000000800200        0x0 /usr/lib/gcc/avr/4.8.2/../../../avr/lib/avr6/crtm2560.o
 .data          0x0000000000800200        0x0 arm_control.o
 .data          0x0000000000800200        0x0 app.o
 .data          0x0000000000800200        0x0 ../map/map.o
 .data          0x0000000000800200        0x0 ../bot_memory/bot_memory.o
 .data          0x0000000000800200        0x0 ../servo/servo.o
 .data          0x0000000000800200        0x1 ../move_bot/move_bot.o
                0x0000000000800200                correction_val
 .data          0x0000000000800201        0x0 ../pos_encoder/pos_encoder.o
 .data          0x0000000000800201        0x0 ../bl_sensor/bl_sensor.o
 .data          0x0000000000800201       0x16 ../timeline-avr/timeline.o
                0x0000000000800201                fake_len
                0x0000000000800202                fake_block_sizes
                0x000000000080020c                fake_colours
                0x0000000000800216                cur_state
 .data          0x0000000000800217        0x0 ../timer/timer.o
 .data          0x0000000000800217        0x0 ../custom_delay/custom_delay.o
 .data          0x0000000000800217        0x0 ../hardware_control-avr/hardware_control.o
 .data          0x0000000000800217        0x0 ../dijkstra/dijkstra.o
 .data          0x0000000000800217        0x0 ../lcd/lcd.o
 .data          0x0000000000800217        0x0 ../timeline-avr/helpers.o
 .data          0x0000000000800217        0x0 /usr/lib/gcc/avr/4.8.2/../../../avr/lib/avr6/libm.a(addsf3.o)
 .data          0x0000000000800217        0x0 /usr/lib/gcc/avr/4.8.2/../../../avr/lib/avr6/libm.a(addsf3x.o)
 .data          0x0000000000800217        0x0 /usr/lib/gcc/avr/4.8.2/../../../avr/lib/avr6/libm.a(atan2.o)
 .data          0x0000000000800217        0x0 /usr/lib/gcc/avr/4.8.2/../../../avr/lib/avr6/libm.a(atan.o)
 .data          0x0000000000800217        0x0 /usr/lib/gcc/avr/4.8.2/../../../avr/lib/avr6/libm.a(cmpsf2.o)
 .data          0x0000000000800217        0x0 /usr/lib/gcc/avr/4.8.2/../../../avr/lib/avr6/libm.a(divsf3.o)
 .data          0x0000000000800217        0x0 /usr/lib/gcc/avr/4.8.2/../../../avr/lib/avr6/libm.a(divsf3x.o)
 .data          0x0000000000800217        0x0 /usr/lib/gcc/avr/4.8.2/../../../avr/lib/avr6/libm.a(fixsfsi.o)
 .data          0x0000000000800217        0x0 /usr/lib/gcc/avr/4.8.2/../../../avr/lib/avr6/libm.a(fixunssfsi.o)
 .data          0x0000000000800217        0x0 /usr/lib/gcc/avr/4.8.2/../../../avr/lib/avr6/libm.a(floatsisf.o)
 .data          0x0000000000800217        0x0 /usr/lib/gcc/avr/4.8.2/../../../avr/lib/avr6/libm.a(fmod.o)
 .data          0x0000000000800217        0x0 /usr/lib/gcc/avr/4.8.2/../../../avr/lib/avr6/libm.a(fp_cmp.o)
 .data          0x0000000000800217        0x0 /usr/lib/gcc/avr/4.8.2/../../../avr/lib/avr6/libm.a(fp_inf.o)
 .data          0x0000000000800217        0x0 /usr/lib/gcc/avr/4.8.2/../../../avr/lib/avr6/libm.a(fp_mpack.o)
 .data          0x0000000000800217        0x0 /usr/lib/gcc/avr/4.8.2/../../../avr/lib/avr6/libm.a(fp_nan.o)
 .data          0x0000000000800217        0x0 /usr/lib/gcc/avr/4.8.2/../../../avr/lib/avr6/libm.a(fp_powser.o)
 .data          0x0000000000800217        0x0 /usr/lib/gcc/avr/4.8.2/../../../avr/lib/avr6/libm.a(fp_pscA.o)
 .data          0x0000000000800217        0x0 /usr/lib/gcc/avr/4.8.2/../../../avr/lib/avr6/libm.a(fp_pscB.o)
 .data          0x0000000000800217        0x0 /usr/lib/gcc/avr/4.8.2/../../../avr/lib/avr6/libm.a(fp_round.o)
 .data          0x0000000000800217        0x0 /usr/lib/gcc/avr/4.8.2/../../../avr/lib/avr6/libm.a(fp_split3.o)
 .data          0x0000000000800217        0x0 /usr/lib/gcc/avr/4.8.2/../../../avr/lib/avr6/libm.a(fp_zero.o)
 .data          0x0000000000800217        0x0 /usr/lib/gcc/avr/4.8.2/../../../avr/lib/avr6/libm.a(gesf2.o)
 .data          0x0000000000800217        0x0 /usr/lib/gcc/avr/4.8.2/../../../avr/lib/avr6/libm.a(inverse.o)
 .data          0x0000000000800217        0x0 /usr/lib/gcc/avr/4.8.2/../../../avr/lib/avr6/libm.a(mulsf3.o)
 .data          0x0000000000800217        0x0 /usr/lib/gcc/avr/4.8.2/../../../avr/lib/avr6/libm.a(mulsf3x.o)
 .data          0x0000000000800217        0x0 /usr/lib/gcc/avr/4.8.2/../../../avr/lib/avr6/libm.a(sqrt.o)
 .data          0x0000000000800217        0x0 /usr/lib/gcc/avr/4.8.2/../../../avr/lib/avr6/libm.a(square.o)
 .data          0x0000000000800217        0x0 /usr/lib/gcc/avr/4.8.2/../../../avr/lib/avr6/libm.a(fp_norm2.o)
 .data          0x0000000000800217        0x0 /usr/lib/gcc/avr/4.8.2/avr6/libgcc.a(_udivmodqi4.o)
 .data          0x0000000000800217        0x0 /usr/lib/gcc/avr/4.8.2/avr6/libgcc.a(_udivmodhi4.o)
 .data          0x0000000000800217        0x0 /usr/lib/gcc/avr/4.8.2/avr6/libgcc.a(_exit.o)
 .data          0x0000000000800217        0x0 /usr/lib/gcc/avr/4.8.2/avr6/libgcc.a(_copy_data.o)
 .data          0x0000000000800217        0x0 /usr/lib/gcc/avr/4.8.2/avr6/libgcc.a(_clear_bss.o)
 .data          0x0000000000800217        0x6 /usr/lib/gcc/avr/4.8.2/../../../avr/lib/avr6/libc.a(malloc.o)
                0x0000000000800217                __malloc_heap_end
                0x0000000000800219                __malloc_heap_start
                0x000000000080021b                __malloc_margin
 .data          0x000000000080021d        0x0 /usr/lib/gcc/avr/4.8.2/../../../avr/lib/avr6/libc.a(strcat.o)
 .data          0x000000000080021d        0x0 /usr/lib/gcc/avr/4.8.2/../../../avr/lib/avr6/libc.a(strcmp.o)
 .data          0x000000000080021d        0x0 /usr/lib/gcc/avr/4.8.2/../../../avr/lib/avr6/libc.a(printf.o)
 .data          0x000000000080021d        0x0 /usr/lib/gcc/avr/4.8.2/../../../avr/lib/avr6/libc.a(puts.o)
 .data          0x000000000080021d        0x0 /usr/lib/gcc/avr/4.8.2/../../../avr/lib/avr6/libc.a(vsnprintf.o)
 .data          0x000000000080021d        0x0 /usr/lib/gcc/avr/4.8.2/../../../avr/lib/avr6/libc.a(vfprintf_std.o)
 .data          0x000000000080021d        0x0 /usr/lib/gcc/avr/4.8.2/../../../avr/lib/avr6/libc.a(strnlen_P.o)
 .data          0x000000000080021d        0x0 /usr/lib/gcc/avr/4.8.2/../../../avr/lib/avr6/libc.a(strnlen.o)
 .data          0x000000000080021d        0x0 /usr/lib/gcc/avr/4.8.2/../../../avr/lib/avr6/libc.a(fputc.o)
 .data          0x000000000080021d        0x0 /usr/lib/gcc/avr/4.8.2/../../../avr/lib/avr6/libc.a(iob.o)
 .data          0x000000000080021d        0x0 /usr/lib/gcc/avr/4.8.2/../../../avr/lib/avr6/libc.a(ultoa_invert.o)
 *(.data*)
 *(.rodata)
 .rodata        0x000000000080021d       0x10 arm_control.o
                0x000000000080021d                GRIPPER_1_CLOSE
                0x000000000080021f                GRIPPER_2_CLOSE
                0x0000000000800221                GRIPPER_1_OPEN
                0x0000000000800223                GRIPPER_2_OPEN
                0x0000000000800225                LEVER_2_DOWN
                0x0000000000800227                LEVER_1_DOWN
                0x0000000000800229                LEVER_2_UP
                0x000000000080022b                LEVER_1_UP
 .rodata        0x000000000080022d        0x6 ../move_bot/move_bot.o
                0x000000000080022d                distance_to_fix
                0x000000000080022f                dist_threshold
                0x0000000000800231                rotation_threshold
 .rodata        0x0000000000800233        0x2 ../timeline-avr/timeline.o
                0x0000000000800233                GUARANTEED_PERIOD
                0x0000000000800234                MAX_ORDERS
 .rodata        0x0000000000800235        0x2 ../hardware_control-avr/hardware_control.o
                0x0000000000800235                curve_offset
 *(.rodata*)
 .rodata.str1.1
                0x0000000000800237       0x1e arm_control.o
                                         0x24 (size before relaxing)
 .rodata.str1.1
                0x0000000000800255        0x4 app.o
 .rodata.str1.1
                0x0000000000800259      0x116 ../map/map.o
                                        0x11a (size before relaxing)
 .rodata.str1.1
                0x000000000080036f      0x243 ../timeline-avr/timeline.o
                                        0x26c (size before relaxing)
 .rodata.str1.1
                0x00000000008005b2        0x6 ../hardware_control-avr/hardware_control.o
                                          0x9 (size before relaxing)
 .rodata.str1.1
                0x00000000008005b8       0x4d ../dijkstra/dijkstra.o
 *(.gnu.linkonce.d*)
                0x0000000000800606                . = ALIGN (0x2)
 *fill*         0x0000000000800605        0x1 
                0x0000000000800606                _edata = .
                0x0000000000800606                PROVIDE (__data_end, .)

.bss            0x0000000000800606       0x4f
                0x0000000000800606                PROVIDE (__bss_start, .)
 *(.bss)
 .bss           0x0000000000800606        0x0 /usr/lib/gcc/avr/4.8.2/../../../avr/lib/avr6/crtm2560.o
 .bss           0x0000000000800606        0x0 arm_control.o
 .bss           0x0000000000800606        0x0 app.o
 .bss           0x0000000000800606        0x0 ../map/map.o
 .bss           0x0000000000800606        0x0 ../bot_memory/bot_memory.o
 .bss           0x0000000000800606        0x4 ../servo/servo.o
                0x0000000000800606                servo4_pos
                0x0000000000800607                servo3_pos
                0x0000000000800608                servo2_pos
                0x0000000000800609                servo1_pos
 .bss           0x000000000080060a        0x9 ../move_bot/move_bot.o
                0x000000000080060a                last_right
                0x000000000080060c                last_center
                0x000000000080060e                last_left
                0x0000000000800610                right_black_line
                0x0000000000800611                center_black_line
                0x0000000000800612                left_black_line
 .bss           0x0000000000800613        0x8 ../pos_encoder/pos_encoder.o
                0x0000000000800613                ShaftCountRight
                0x0000000000800617                ShaftCountLeft
 .bss           0x000000000080061b        0x4 ../bl_sensor/bl_sensor.o
                0x000000000080061b                Right_black_line
                0x000000000080061c                Center_black_line
                0x000000000080061d                Left_black_line
                0x000000000080061e                flag
 .bss           0x000000000080061f        0x4 ../timeline-avr/timeline.o
                0x000000000080061f                fake_i
                0x0000000000800620                orders_completed
                0x0000000000800621                total_orders
                0x0000000000800622                total_pizzas
 .bss           0x0000000000800623        0x2 ../timer/timer.o
                0x0000000000800623                time_count
 .bss           0x0000000000800625        0x0 ../custom_delay/custom_delay.o
 .bss           0x0000000000800625        0x0 ../hardware_control-avr/hardware_control.o
 .bss           0x0000000000800625        0x0 ../dijkstra/dijkstra.o
 .bss           0x0000000000800625        0x0 ../lcd/lcd.o
 .bss           0x0000000000800625        0x0 ../timeline-avr/helpers.o
 .bss           0x0000000000800625        0x0 /usr/lib/gcc/avr/4.8.2/../../../avr/lib/avr6/libm.a(addsf3.o)
 .bss           0x0000000000800625        0x0 /usr/lib/gcc/avr/4.8.2/../../../avr/lib/avr6/libm.a(addsf3x.o)
 .bss           0x0000000000800625        0x0 /usr/lib/gcc/avr/4.8.2/../../../avr/lib/avr6/libm.a(atan2.o)
 .bss           0x0000000000800625        0x0 /usr/lib/gcc/avr/4.8.2/../../../avr/lib/avr6/libm.a(atan.o)
 .bss           0x0000000000800625        0x0 /usr/lib/gcc/avr/4.8.2/../../../avr/lib/avr6/libm.a(cmpsf2.o)
 .bss           0x0000000000800625        0x0 /usr/lib/gcc/avr/4.8.2/../../../avr/lib/avr6/libm.a(divsf3.o)
 .bss           0x0000000000800625        0x0 /usr/lib/gcc/avr/4.8.2/../../../avr/lib/avr6/libm.a(divsf3x.o)
 .bss           0x0000000000800625        0x0 /usr/lib/gcc/avr/4.8.2/../../../avr/lib/avr6/libm.a(fixsfsi.o)
 .bss           0x0000000000800625        0x0 /usr/lib/gcc/avr/4.8.2/../../../avr/lib/avr6/libm.a(fixunssfsi.o)
 .bss           0x0000000000800625        0x0 /usr/lib/gcc/avr/4.8.2/../../../avr/lib/avr6/libm.a(floatsisf.o)
 .bss           0x0000000000800625        0x0 /usr/lib/gcc/avr/4.8.2/../../../avr/lib/avr6/libm.a(fmod.o)
 .bss           0x0000000000800625        0x0 /usr/lib/gcc/avr/4.8.2/../../../avr/lib/avr6/libm.a(fp_cmp.o)
 .bss           0x0000000000800625        0x0 /usr/lib/gcc/avr/4.8.2/../../../avr/lib/avr6/libm.a(fp_inf.o)
 .bss           0x0000000000800625        0x0 /usr/lib/gcc/avr/4.8.2/../../../avr/lib/avr6/libm.a(fp_mpack.o)
 .bss           0x0000000000800625        0x0 /usr/lib/gcc/avr/4.8.2/../../../avr/lib/avr6/libm.a(fp_nan.o)
 .bss           0x0000000000800625        0x0 /usr/lib/gcc/avr/4.8.2/../../../avr/lib/avr6/libm.a(fp_powser.o)
 .bss           0x0000000000800625        0x0 /usr/lib/gcc/avr/4.8.2/../../../avr/lib/avr6/libm.a(fp_pscA.o)
 .bss           0x0000000000800625        0x0 /usr/lib/gcc/avr/4.8.2/../../../avr/lib/avr6/libm.a(fp_pscB.o)
 .bss           0x0000000000800625        0x0 /usr/lib/gcc/avr/4.8.2/../../../avr/lib/avr6/libm.a(fp_round.o)
 .bss           0x0000000000800625        0x0 /usr/lib/gcc/avr/4.8.2/../../../avr/lib/avr6/libm.a(fp_split3.o)
 .bss           0x0000000000800625        0x0 /usr/lib/gcc/avr/4.8.2/../../../avr/lib/avr6/libm.a(fp_zero.o)
 .bss           0x0000000000800625        0x0 /usr/lib/gcc/avr/4.8.2/../../../avr/lib/avr6/libm.a(gesf2.o)
 .bss           0x0000000000800625        0x0 /usr/lib/gcc/avr/4.8.2/../../../avr/lib/avr6/libm.a(inverse.o)
 .bss           0x0000000000800625        0x0 /usr/lib/gcc/avr/4.8.2/../../../avr/lib/avr6/libm.a(mulsf3.o)
 .bss           0x0000000000800625        0x0 /usr/lib/gcc/avr/4.8.2/../../../avr/lib/avr6/libm.a(mulsf3x.o)
 .bss           0x0000000000800625        0x0 /usr/lib/gcc/avr/4.8.2/../../../avr/lib/avr6/libm.a(sqrt.o)
 .bss           0x0000000000800625        0x0 /usr/lib/gcc/avr/4.8.2/../../../avr/lib/avr6/libm.a(square.o)
 .bss           0x0000000000800625        0x0 /usr/lib/gcc/avr/4.8.2/../../../avr/lib/avr6/libm.a(fp_norm2.o)
 .bss           0x0000000000800625        0x0 /usr/lib/gcc/avr/4.8.2/avr6/libgcc.a(_udivmodqi4.o)
 .bss           0x0000000000800625        0x0 /usr/lib/gcc/avr/4.8.2/avr6/libgcc.a(_udivmodhi4.o)
 .bss           0x0000000000800625        0x0 /usr/lib/gcc/avr/4.8.2/avr6/libgcc.a(_exit.o)
 .bss           0x0000000000800625        0x0 /usr/lib/gcc/avr/4.8.2/avr6/libgcc.a(_copy_data.o)
 .bss           0x0000000000800625        0x0 /usr/lib/gcc/avr/4.8.2/avr6/libgcc.a(_clear_bss.o)
 .bss           0x0000000000800625        0x0 /usr/lib/gcc/avr/4.8.2/../../../avr/lib/avr6/libc.a(malloc.o)
 .bss           0x0000000000800625        0x0 /usr/lib/gcc/avr/4.8.2/../../../avr/lib/avr6/libc.a(strcat.o)
 .bss           0x0000000000800625        0x0 /usr/lib/gcc/avr/4.8.2/../../../avr/lib/avr6/libc.a(strcmp.o)
 .bss           0x0000000000800625        0x0 /usr/lib/gcc/avr/4.8.2/../../../avr/lib/avr6/libc.a(printf.o)
 .bss           0x0000000000800625        0x0 /usr/lib/gcc/avr/4.8.2/../../../avr/lib/avr6/libc.a(puts.o)
 .bss           0x0000000000800625        0x0 /usr/lib/gcc/avr/4.8.2/../../../avr/lib/avr6/libc.a(vsnprintf.o)
 .bss           0x0000000000800625        0x0 /usr/lib/gcc/avr/4.8.2/../../../avr/lib/avr6/libc.a(vfprintf_std.o)
 .bss           0x0000000000800625        0x0 /usr/lib/gcc/avr/4.8.2/../../../avr/lib/avr6/libc.a(strnlen_P.o)
 .bss           0x0000000000800625        0x0 /usr/lib/gcc/avr/4.8.2/../../../avr/lib/avr6/libc.a(strnlen.o)
 .bss           0x0000000000800625        0x0 /usr/lib/gcc/avr/4.8.2/../../../avr/lib/avr6/libc.a(fputc.o)
 .bss           0x0000000000800625        0x0 /usr/lib/gcc/avr/4.8.2/../../../avr/lib/avr6/libc.a(iob.o)
 .bss           0x0000000000800625        0x0 /usr/lib/gcc/avr/4.8.2/../../../avr/lib/avr6/libc.a(ultoa_invert.o)
 *(.bss*)
 *(COMMON)
 COMMON         0x0000000000800625        0x4 arm_control.o
                0x0000000000800625                our_graph
                0x0000000000800627                bot_info
 COMMON         0x0000000000800629        0x6 ../map/map.o
                0x0000000000800629                curve_info
                0x000000000080062b                found_node
                0x000000000080062d                current_search_name
 COMMON         0x000000000080062f        0x2 ../bot_memory/bot_memory.o
                0x000000000080062f                our_bot
 COMMON         0x0000000000800631        0x3 ../move_bot/move_bot.o
                0x0000000000800631                degrees
                0x0000000000800633                ADC_value
 COMMON         0x0000000000800634        0x2 ../pos_encoder/pos_encoder.o
                0x0000000000800634                Degrees
 COMMON         0x0000000000800636        0x1 ../bl_sensor/bl_sensor.o
                0x0000000000800636                ADC_Value
 COMMON         0x0000000000800637        0x8 ../timeline-avr/timeline.o
                0x0000000000800637                our_pizzas
                0x0000000000800639                next_extra_order
                0x000000000080063b                PIZZA_COUNTER_NODE
                0x000000000080063d                our_timeline
 COMMON         0x000000000080063f        0xc ../lcd/lcd.o
                0x000000000080063f                million
                0x0000000000800641                temp
                0x0000000000800643                tens
                0x0000000000800645                hundred
                0x0000000000800647                unit
                0x0000000000800649                thousand
 COMMON         0x000000000080064b        0x4 /usr/lib/gcc/avr/4.8.2/../../../avr/lib/avr6/libc.a(malloc.o)
                0x000000000080064b                __brkval
                0x000000000080064d                __flp
 COMMON         0x000000000080064f        0x6 /usr/lib/gcc/avr/4.8.2/../../../avr/lib/avr6/libc.a(iob.o)
                0x000000000080064f                __iob
                0x0000000000800655                PROVIDE (__bss_end, .)
                0x000000000000612e                __data_load_start = LOADADDR (.data)
                0x0000000000006534                __data_load_end = (__data_load_start + SIZEOF (.data))

.noinit         0x0000000000800655        0x0
                0x0000000000800655                PROVIDE (__noinit_start, .)
 *(.noinit*)
                0x0000000000800655                PROVIDE (__noinit_end, .)
                0x0000000000800655                _end = .
                0x0000000000800655                PROVIDE (__heap_start, .)

.eeprom         0x0000000000810000        0x0
 *(.eeprom*)
                0x0000000000810000                __eeprom_end = .

.fuse
 *(.fuse)
 *(.lfuse)
 *(.hfuse)
 *(.efuse)

.lock
 *(.lock*)

.signature
 *(.signature*)

.user_signatures
 *(.user_signatures*)

.stab           0x0000000000000000    0x11418
 *(.stab)
 .stab          0x0000000000000000      0x6e4 /usr/lib/gcc/avr/4.8.2/../../../avr/lib/avr6/crtm2560.o
 .stab          0x00000000000006e4      0xdbc arm_control.o
                                        0xdc8 (size before relaxing)
 .stab          0x00000000000014a0      0x5b8 app.o
                                        0x7a4 (size before relaxing)
 .stab          0x0000000000001a58     0x18e4 ../map/map.o
                                       0x1b18 (size before relaxing)
 .stab          0x000000000000333c      0x528 ../bot_memory/bot_memory.o
                                        0x7b0 (size before relaxing)
 .stab          0x0000000000003864      0xb7c ../servo/servo.o
                                        0xd44 (size before relaxing)
 .stab          0x00000000000043e0      0xa14 ../move_bot/move_bot.o
                                        0xc0c (size before relaxing)
 .stab          0x0000000000004df4     0x117c ../pos_encoder/pos_encoder.o
                                       0x1398 (size before relaxing)
 .stab          0x0000000000005f70      0x684 ../bl_sensor/bl_sensor.o
                                        0x84c (size before relaxing)
 .stab          0x00000000000065f4     0x27c0 ../timeline-avr/timeline.o
                                       0x2a24 (size before relaxing)
 .stab          0x0000000000008db4      0x504 ../timer/timer.o
                                        0x6cc (size before relaxing)
 .stab          0x00000000000092b8      0x33c ../custom_delay/custom_delay.o
                                        0x504 (size before relaxing)
 .stab          0x00000000000095f4      0x6e4 ../hardware_control-avr/hardware_control.o
                                        0xaa4 (size before relaxing)
 .stab          0x0000000000009cd8      0x8dc ../dijkstra/dijkstra.o
                                        0xb34 (size before relaxing)
 .stab          0x000000000000a5b4      0xd38 ../lcd/lcd.o
                                        0xf54 (size before relaxing)
 .stab          0x000000000000b2ec      0x828 ../timeline-avr/helpers.o
                                        0xbdc (size before relaxing)
 .stab          0x000000000000bb14       0x78 /usr/lib/gcc/avr/4.8.2/../../../avr/lib/avr6/libm.a(addsf3.o)
                                         0x84 (size before relaxing)
 .stab          0x000000000000bb8c      0x4bc /usr/lib/gcc/avr/4.8.2/../../../avr/lib/avr6/libm.a(addsf3x.o)
                                        0x4c8 (size before relaxing)
 .stab          0x000000000000c048      0x2f4 /usr/lib/gcc/avr/4.8.2/../../../avr/lib/avr6/libm.a(atan2.o)
                                        0x300 (size before relaxing)
 .stab          0x000000000000c33c      0x210 /usr/lib/gcc/avr/4.8.2/../../../avr/lib/avr6/libm.a(atan.o)
                                        0x21c (size before relaxing)
 .stab          0x000000000000c54c       0x90 /usr/lib/gcc/avr/4.8.2/../../../avr/lib/avr6/libm.a(cmpsf2.o)
                                         0x9c (size before relaxing)
 .stab          0x000000000000c5dc       0x48 /usr/lib/gcc/avr/4.8.2/../../../avr/lib/avr6/libm.a(divsf3.o)
                                         0x54 (size before relaxing)
 .stab          0x000000000000c624      0x510 /usr/lib/gcc/avr/4.8.2/../../../avr/lib/avr6/libm.a(divsf3x.o)
                                        0x51c (size before relaxing)
 .stab          0x000000000000cb34       0x6c /usr/lib/gcc/avr/4.8.2/../../../avr/lib/avr6/libm.a(fixsfsi.o)
                                         0x78 (size before relaxing)
 .stab          0x000000000000cba0      0x240 /usr/lib/gcc/avr/4.8.2/../../../avr/lib/avr6/libm.a(fixunssfsi.o)
                                        0x24c (size before relaxing)
 .stab          0x000000000000cde0      0x318 /usr/lib/gcc/avr/4.8.2/../../../avr/lib/avr6/libm.a(floatsisf.o)
                                        0x324 (size before relaxing)
 .stab          0x000000000000d0f8      0x3e4 /usr/lib/gcc/avr/4.8.2/../../../avr/lib/avr6/libm.a(fmod.o)
                                        0x3f0 (size before relaxing)
 .stab          0x000000000000d4dc      0x1e0 /usr/lib/gcc/avr/4.8.2/../../../avr/lib/avr6/libm.a(fp_cmp.o)
                                        0x1ec (size before relaxing)
 .stab          0x000000000000d6bc       0x78 /usr/lib/gcc/avr/4.8.2/../../../avr/lib/avr6/libm.a(fp_inf.o)
                                         0x84 (size before relaxing)
 .stab          0x000000000000d734       0xe4 /usr/lib/gcc/avr/4.8.2/../../../avr/lib/avr6/libm.a(fp_mpack.o)
                                         0xf0 (size before relaxing)
 .stab          0x000000000000d818       0x54 /usr/lib/gcc/avr/4.8.2/../../../avr/lib/avr6/libm.a(fp_nan.o)
                                         0x60 (size before relaxing)
 .stab          0x000000000000d86c      0x1ec /usr/lib/gcc/avr/4.8.2/../../../avr/lib/avr6/libm.a(fp_powser.o)
                                        0x1f8 (size before relaxing)
 .stab          0x000000000000da58       0x84 /usr/lib/gcc/avr/4.8.2/../../../avr/lib/avr6/libm.a(fp_pscA.o)
                                         0x90 (size before relaxing)
 .stab          0x000000000000dadc       0x84 /usr/lib/gcc/avr/4.8.2/../../../avr/lib/avr6/libm.a(fp_pscB.o)
                                         0x90 (size before relaxing)
 .stab          0x000000000000db60       0xfc /usr/lib/gcc/avr/4.8.2/../../../avr/lib/avr6/libm.a(fp_round.o)
                                        0x108 (size before relaxing)
 .stab          0x000000000000dc5c      0x1d4 /usr/lib/gcc/avr/4.8.2/../../../avr/lib/avr6/libm.a(fp_split3.o)
                                        0x1e0 (size before relaxing)
 .stab          0x000000000000de30       0x90 /usr/lib/gcc/avr/4.8.2/../../../avr/lib/avr6/libm.a(fp_zero.o)
                                         0x9c (size before relaxing)
 .stab          0x000000000000dec0       0x6c /usr/lib/gcc/avr/4.8.2/../../../avr/lib/avr6/libm.a(gesf2.o)
                                         0x78 (size before relaxing)
 .stab          0x000000000000df2c       0x84 /usr/lib/gcc/avr/4.8.2/../../../avr/lib/avr6/libm.a(inverse.o)
                                         0x90 (size before relaxing)
 .stab          0x000000000000dfb0       0x48 /usr/lib/gcc/avr/4.8.2/../../../avr/lib/avr6/libm.a(mulsf3.o)
                                         0x54 (size before relaxing)
 .stab          0x000000000000dff8      0x4d4 /usr/lib/gcc/avr/4.8.2/../../../avr/lib/avr6/libm.a(mulsf3x.o)
                                        0x4e0 (size before relaxing)
 .stab          0x000000000000e4cc      0x354 /usr/lib/gcc/avr/4.8.2/../../../avr/lib/avr6/libm.a(sqrt.o)
                                        0x360 (size before relaxing)
 .stab          0x000000000000e820       0x54 /usr/lib/gcc/avr/4.8.2/../../../avr/lib/avr6/libm.a(square.o)
                                         0x60 (size before relaxing)
 .stab          0x000000000000e874       0x84 /usr/lib/gcc/avr/4.8.2/../../../avr/lib/avr6/libm.a(fp_norm2.o)
                                         0x90 (size before relaxing)
 .stab          0x000000000000e8f8      0x8b8 /usr/lib/gcc/avr/4.8.2/../../../avr/lib/avr6/libc.a(malloc.o)
                                        0x8e8 (size before relaxing)
 .stab          0x000000000000f1b0       0x9c /usr/lib/gcc/avr/4.8.2/../../../avr/lib/avr6/libc.a(strcat.o)
                                         0xa8 (size before relaxing)
 .stab          0x000000000000f24c       0x84 /usr/lib/gcc/avr/4.8.2/../../../avr/lib/avr6/libc.a(strcmp.o)
                                         0x90 (size before relaxing)
 .stab          0x000000000000f2d0      0x324 /usr/lib/gcc/avr/4.8.2/../../../avr/lib/avr6/libc.a(printf.o)
                                        0x4ec (size before relaxing)
 .stab          0x000000000000f5f4      0x36c /usr/lib/gcc/avr/4.8.2/../../../avr/lib/avr6/libc.a(puts.o)
                                        0x54c (size before relaxing)
 .stab          0x000000000000f960      0x3a8 /usr/lib/gcc/avr/4.8.2/../../../avr/lib/avr6/libc.a(vsnprintf.o)
                                        0x588 (size before relaxing)
 .stab          0x000000000000fd08      0xb58 /usr/lib/gcc/avr/4.8.2/../../../avr/lib/avr6/libc.a(vfprintf_std.o)
                                        0xd80 (size before relaxing)
 .stab          0x0000000000010860       0x9c /usr/lib/gcc/avr/4.8.2/../../../avr/lib/avr6/libc.a(strnlen_P.o)
                                         0xa8 (size before relaxing)
 .stab          0x00000000000108fc       0x9c /usr/lib/gcc/avr/4.8.2/../../../avr/lib/avr6/libc.a(strnlen.o)
                                         0xa8 (size before relaxing)
 .stab          0x0000000000010998      0x354 /usr/lib/gcc/avr/4.8.2/../../../avr/lib/avr6/libc.a(fputc.o)
                                        0x534 (size before relaxing)
 .stab          0x0000000000010cec      0x2ac /usr/lib/gcc/avr/4.8.2/../../../avr/lib/avr6/libc.a(iob.o)
                                        0x48c (size before relaxing)
 .stab          0x0000000000010f98      0x480 /usr/lib/gcc/avr/4.8.2/../../../avr/lib/avr6/libc.a(ultoa_invert.o)
                                        0x48c (size before relaxing)

.stabstr        0x0000000000000000     0x6419
 *(.stabstr)
 .stabstr       0x0000000000000000     0x6419 /usr/lib/gcc/avr/4.8.2/../../../avr/lib/avr6/crtm2560.o

.stab.excl
 *(.stab.excl)

.stab.exclstr
 *(.stab.exclstr)

.stab.index
 *(.stab.index)

.stab.indexstr
 *(.stab.indexstr)

.comment        0x0000000000000000       0x11
 *(.comment)
 .comment       0x0000000000000000       0x11 arm_control.o
                                         0x12 (size before relaxing)
 .comment       0x0000000000000000       0x12 app.o
 .comment       0x0000000000000000       0x12 ../map/map.o
 .comment       0x0000000000000000       0x12 ../bot_memory/bot_memory.o
 .comment       0x0000000000000000       0x12 ../servo/servo.o
 .comment       0x0000000000000000       0x12 ../move_bot/move_bot.o
 .comment       0x0000000000000000       0x12 ../pos_encoder/pos_encoder.o
 .comment       0x0000000000000000       0x12 ../bl_sensor/bl_sensor.o
 .comment       0x0000000000000000       0x12 ../timeline-avr/timeline.o
 .comment       0x0000000000000000       0x12 ../timer/timer.o
 .comment       0x0000000000000000       0x12 ../custom_delay/custom_delay.o
 .comment       0x0000000000000000       0x12 ../hardware_control-avr/hardware_control.o
 .comment       0x0000000000000000       0x12 ../dijkstra/dijkstra.o
 .comment       0x0000000000000000       0x12 ../lcd/lcd.o
 .comment       0x0000000000000000       0x12 ../timeline-avr/helpers.o
 .comment       0x0000000000000000       0x12 /usr/lib/gcc/avr/4.8.2/../../../avr/lib/avr6/libc.a(malloc.o)
 .comment       0x0000000000000000       0x12 /usr/lib/gcc/avr/4.8.2/../../../avr/lib/avr6/libc.a(printf.o)
 .comment       0x0000000000000000       0x12 /usr/lib/gcc/avr/4.8.2/../../../avr/lib/avr6/libc.a(puts.o)
 .comment       0x0000000000000000       0x12 /usr/lib/gcc/avr/4.8.2/../../../avr/lib/avr6/libc.a(vsnprintf.o)
 .comment       0x0000000000000000       0x12 /usr/lib/gcc/avr/4.8.2/../../../avr/lib/avr6/libc.a(vfprintf_std.o)
 .comment       0x0000000000000000       0x12 /usr/lib/gcc/avr/4.8.2/../../../avr/lib/avr6/libc.a(fputc.o)
 .comment       0x0000000000000000       0x12 /usr/lib/gcc/avr/4.8.2/../../../avr/lib/avr6/libc.a(iob.o)

.debug
 *(.debug)

.line
 *(.line)

.debug_srcinfo
 *(.debug_srcinfo)

.debug_sfnames
 *(.debug_sfnames)

.debug_aranges
 *(.debug_aranges)

.debug_pubnames
 *(.debug_pubnames)

.debug_info
 *(.debug_info)
 *(.gnu.linkonce.wi.*)

.debug_abbrev
 *(.debug_abbrev)

.debug_line
 *(.debug_line)

.debug_frame
 *(.debug_frame)

.debug_str
 *(.debug_str)

.debug_loc
 *(.debug_loc)

.debug_macinfo
 *(.debug_macinfo)

.debug_pubtypes
 *(.debug_pubtypes)

.debug_ranges
 *(.debug_ranges)

.debug_macro
 *(.debug_macro)
OUTPUT(app.out elf32-avr)
LOAD linker stubs
