Archive member included because of file (symbol)

/usr/local/CrossPack-AVR-20131216/lib/gcc/avr/4.8.1/avr6/libgcc.a(_udivmodhi4.o)
                              ../lcd/lcd.o (__udivmodhi4)
/usr/local/CrossPack-AVR-20131216/lib/gcc/avr/4.8.1/avr6/libgcc.a(_exit.o)
                              /usr/local/CrossPack-AVR-20131216/lib/gcc/avr/4.8.1/../../../../avr/lib/avr6/crtm2560.o (exit)
/usr/local/CrossPack-AVR-20131216/lib/gcc/avr/4.8.1/avr6/libgcc.a(_copy_data.o)
                              app.o (__do_copy_data)
/usr/local/CrossPack-AVR-20131216/lib/gcc/avr/4.8.1/avr6/libgcc.a(_clear_bss.o)
                              ../lcd/lcd.o (__do_clear_bss)
/usr/local/CrossPack-AVR-20131216/lib/gcc/avr/4.8.1/../../../../avr/lib/avr6/libm.a(cmpsf2.o)
                              SharpSensor.o (__ltsf2)
/usr/local/CrossPack-AVR-20131216/lib/gcc/avr/4.8.1/../../../../avr/lib/avr6/libm.a(divsf3.o)
                              SharpSensor.o (__divsf3)
/usr/local/CrossPack-AVR-20131216/lib/gcc/avr/4.8.1/../../../../avr/lib/avr6/libm.a(divsf3x.o)
                              /usr/local/CrossPack-AVR-20131216/lib/gcc/avr/4.8.1/../../../../avr/lib/avr6/libm.a(divsf3.o) (__divsf3x)
/usr/local/CrossPack-AVR-20131216/lib/gcc/avr/4.8.1/../../../../avr/lib/avr6/libm.a(fixsfsi.o)
                              SharpSensor.o (__fixsfsi)
/usr/local/CrossPack-AVR-20131216/lib/gcc/avr/4.8.1/../../../../avr/lib/avr6/libm.a(fixunssfsi.o)
                              /usr/local/CrossPack-AVR-20131216/lib/gcc/avr/4.8.1/../../../../avr/lib/avr6/libm.a(fixsfsi.o) (__fixunssfsi)
/usr/local/CrossPack-AVR-20131216/lib/gcc/avr/4.8.1/../../../../avr/lib/avr6/libm.a(floatsisf.o)
                              SharpSensor.o (__floatunsisf)
/usr/local/CrossPack-AVR-20131216/lib/gcc/avr/4.8.1/../../../../avr/lib/avr6/libm.a(fp_cmp.o)
                              /usr/local/CrossPack-AVR-20131216/lib/gcc/avr/4.8.1/../../../../avr/lib/avr6/libm.a(cmpsf2.o) (__fp_cmp)
/usr/local/CrossPack-AVR-20131216/lib/gcc/avr/4.8.1/../../../../avr/lib/avr6/libm.a(fp_inf.o)
                              /usr/local/CrossPack-AVR-20131216/lib/gcc/avr/4.8.1/../../../../avr/lib/avr6/libm.a(divsf3x.o) (__fp_inf)
/usr/local/CrossPack-AVR-20131216/lib/gcc/avr/4.8.1/../../../../avr/lib/avr6/libm.a(fp_nan.o)
                              /usr/local/CrossPack-AVR-20131216/lib/gcc/avr/4.8.1/../../../../avr/lib/avr6/libm.a(divsf3x.o) (__fp_nan)
/usr/local/CrossPack-AVR-20131216/lib/gcc/avr/4.8.1/../../../../avr/lib/avr6/libm.a(fp_pscA.o)
                              /usr/local/CrossPack-AVR-20131216/lib/gcc/avr/4.8.1/../../../../avr/lib/avr6/libm.a(divsf3x.o) (__fp_pscA)
/usr/local/CrossPack-AVR-20131216/lib/gcc/avr/4.8.1/../../../../avr/lib/avr6/libm.a(fp_pscB.o)
                              /usr/local/CrossPack-AVR-20131216/lib/gcc/avr/4.8.1/../../../../avr/lib/avr6/libm.a(divsf3x.o) (__fp_pscB)
/usr/local/CrossPack-AVR-20131216/lib/gcc/avr/4.8.1/../../../../avr/lib/avr6/libm.a(fp_round.o)
                              /usr/local/CrossPack-AVR-20131216/lib/gcc/avr/4.8.1/../../../../avr/lib/avr6/libm.a(divsf3.o) (__fp_round)
/usr/local/CrossPack-AVR-20131216/lib/gcc/avr/4.8.1/../../../../avr/lib/avr6/libm.a(fp_split3.o)
                              /usr/local/CrossPack-AVR-20131216/lib/gcc/avr/4.8.1/../../../../avr/lib/avr6/libm.a(divsf3x.o) (__fp_split3)
/usr/local/CrossPack-AVR-20131216/lib/gcc/avr/4.8.1/../../../../avr/lib/avr6/libm.a(fp_zero.o)
                              /usr/local/CrossPack-AVR-20131216/lib/gcc/avr/4.8.1/../../../../avr/lib/avr6/libm.a(fixunssfsi.o) (__fp_zero)
/usr/local/CrossPack-AVR-20131216/lib/gcc/avr/4.8.1/../../../../avr/lib/avr6/libm.a(mulsf3.o)
                              SharpSensor.o (__mulsf3)
/usr/local/CrossPack-AVR-20131216/lib/gcc/avr/4.8.1/../../../../avr/lib/avr6/libm.a(mulsf3x.o)
                              /usr/local/CrossPack-AVR-20131216/lib/gcc/avr/4.8.1/../../../../avr/lib/avr6/libm.a(mulsf3.o) (__mulsf3x)
/usr/local/CrossPack-AVR-20131216/lib/gcc/avr/4.8.1/../../../../avr/lib/avr6/libm.a(pow.o)
                              SharpSensor.o (pow)
/usr/local/CrossPack-AVR-20131216/lib/gcc/avr/4.8.1/../../../../avr/lib/avr6/libm.a(exp.o)
                              /usr/local/CrossPack-AVR-20131216/lib/gcc/avr/4.8.1/../../../../avr/lib/avr6/libm.a(pow.o) (exp)
/usr/local/CrossPack-AVR-20131216/lib/gcc/avr/4.8.1/../../../../avr/lib/avr6/libm.a(fp_powser.o)
                              /usr/local/CrossPack-AVR-20131216/lib/gcc/avr/4.8.1/../../../../avr/lib/avr6/libm.a(exp.o) (__fp_powser)
/usr/local/CrossPack-AVR-20131216/lib/gcc/avr/4.8.1/../../../../avr/lib/avr6/libm.a(inverse.o)
                              /usr/local/CrossPack-AVR-20131216/lib/gcc/avr/4.8.1/../../../../avr/lib/avr6/libm.a(exp.o) (inverse)
/usr/local/CrossPack-AVR-20131216/lib/gcc/avr/4.8.1/../../../../avr/lib/avr6/libm.a(ldexp.o)
                              /usr/local/CrossPack-AVR-20131216/lib/gcc/avr/4.8.1/../../../../avr/lib/avr6/libm.a(exp.o) (ldexp)
/usr/local/CrossPack-AVR-20131216/lib/gcc/avr/4.8.1/../../../../avr/lib/avr6/libm.a(log.o)
                              /usr/local/CrossPack-AVR-20131216/lib/gcc/avr/4.8.1/../../../../avr/lib/avr6/libm.a(pow.o) (log)
/usr/local/CrossPack-AVR-20131216/lib/gcc/avr/4.8.1/../../../../avr/lib/avr6/libm.a(modf.o)
                              /usr/local/CrossPack-AVR-20131216/lib/gcc/avr/4.8.1/../../../../avr/lib/avr6/libm.a(exp.o) (modf)
/usr/local/CrossPack-AVR-20131216/lib/gcc/avr/4.8.1/../../../../avr/lib/avr6/libm.a(addsf3.o)
                              /usr/local/CrossPack-AVR-20131216/lib/gcc/avr/4.8.1/../../../../avr/lib/avr6/libm.a(modf.o) (__subsf3)
/usr/local/CrossPack-AVR-20131216/lib/gcc/avr/4.8.1/../../../../avr/lib/avr6/libm.a(addsf3x.o)
                              /usr/local/CrossPack-AVR-20131216/lib/gcc/avr/4.8.1/../../../../avr/lib/avr6/libm.a(fp_powser.o) (__addsf3x)
/usr/local/CrossPack-AVR-20131216/lib/gcc/avr/4.8.1/../../../../avr/lib/avr6/libm.a(fp_mpack.o)
                              /usr/local/CrossPack-AVR-20131216/lib/gcc/avr/4.8.1/../../../../avr/lib/avr6/libm.a(ldexp.o) (__fp_mpack)
/usr/local/CrossPack-AVR-20131216/lib/gcc/avr/4.8.1/../../../../avr/lib/avr6/libc.a(vsnprintf.o)
                              ../lcd/lcd.o (vsnprintf)
/usr/local/CrossPack-AVR-20131216/lib/gcc/avr/4.8.1/../../../../avr/lib/avr6/libc.a(vfprintf_std.o)
                              /usr/local/CrossPack-AVR-20131216/lib/gcc/avr/4.8.1/../../../../avr/lib/avr6/libc.a(vsnprintf.o) (vfprintf)
/usr/local/CrossPack-AVR-20131216/lib/gcc/avr/4.8.1/../../../../avr/lib/avr6/libc.a(strnlen_P.o)
                              /usr/local/CrossPack-AVR-20131216/lib/gcc/avr/4.8.1/../../../../avr/lib/avr6/libc.a(vfprintf_std.o) (strnlen_P)
/usr/local/CrossPack-AVR-20131216/lib/gcc/avr/4.8.1/../../../../avr/lib/avr6/libc.a(strnlen.o)
                              /usr/local/CrossPack-AVR-20131216/lib/gcc/avr/4.8.1/../../../../avr/lib/avr6/libc.a(vfprintf_std.o) (strnlen)
/usr/local/CrossPack-AVR-20131216/lib/gcc/avr/4.8.1/../../../../avr/lib/avr6/libc.a(fputc.o)
                              /usr/local/CrossPack-AVR-20131216/lib/gcc/avr/4.8.1/../../../../avr/lib/avr6/libc.a(vfprintf_std.o) (fputc)
/usr/local/CrossPack-AVR-20131216/lib/gcc/avr/4.8.1/../../../../avr/lib/avr6/libc.a(ultoa_invert.o)
                              /usr/local/CrossPack-AVR-20131216/lib/gcc/avr/4.8.1/../../../../avr/lib/avr6/libc.a(vfprintf_std.o) (__ultoa_invert)

Allocating common symbols
Common symbol       size              file

million             0x2               ../lcd/lcd.o
temp                0x2               ../lcd/lcd.o
tens                0x2               ../lcd/lcd.o
hundred             0x2               ../lcd/lcd.o
unit                0x2               ../lcd/lcd.o
thousand            0x2               ../lcd/lcd.o

Memory Configuration

Name             Origin             Length             Attributes
text             0x00000000         0x00100000         xr
data             0x00800200         0x0000fe00         rw !x
eeprom           0x00810000         0x00010000         rw !x
fuse             0x00820000         0x00000400         rw !x
lock             0x00830000         0x00000400         rw !x
signature        0x00840000         0x00000400         rw !x
user_signatures  0x00850000         0x00000400         rw !x
*default*        0x00000000         0xffffffff

Linker script and memory map

Address of section .data set to 0x800200
LOAD /usr/local/CrossPack-AVR-20131216/lib/gcc/avr/4.8.1/../../../../avr/lib/avr6/crtm2560.o
LOAD SharpSensor.o
LOAD app.o
LOAD ../lcd/lcd.o
START GROUP
LOAD /usr/local/CrossPack-AVR-20131216/lib/gcc/avr/4.8.1/avr6/libgcc.a
LOAD /usr/local/CrossPack-AVR-20131216/lib/gcc/avr/4.8.1/../../../../avr/lib/avr6/libm.a
LOAD /usr/local/CrossPack-AVR-20131216/lib/gcc/avr/4.8.1/../../../../avr/lib/avr6/libc.a
END GROUP

.hash
 *(.hash)

.dynsym
 *(.dynsym)

.dynstr
 *(.dynstr)

.gnu.version
 *(.gnu.version)

.gnu.version_d
 *(.gnu.version_d)

.gnu.version_r
 *(.gnu.version_r)

.rel.init
 *(.rel.init)

.rela.init
 *(.rela.init)

.rel.text
 *(.rel.text)
 *(.rel.text.*)
 *(.rel.gnu.linkonce.t*)

.rela.text
 *(.rela.text)
 *(.rela.text.*)
 *(.rela.gnu.linkonce.t*)

.rel.fini
 *(.rel.fini)

.rela.fini
 *(.rela.fini)

.rel.rodata
 *(.rel.rodata)
 *(.rel.rodata.*)
 *(.rel.gnu.linkonce.r*)

.rela.rodata
 *(.rela.rodata)
 *(.rela.rodata.*)
 *(.rela.gnu.linkonce.r*)

.rel.data
 *(.rel.data)
 *(.rel.data.*)
 *(.rel.gnu.linkonce.d*)

.rela.data
 *(.rela.data)
 *(.rela.data.*)
 *(.rela.gnu.linkonce.d*)

.rel.ctors
 *(.rel.ctors)

.rela.ctors
 *(.rela.ctors)

.rel.dtors
 *(.rel.dtors)

.rela.dtors
 *(.rela.dtors)

.rel.got
 *(.rel.got)

.rela.got
 *(.rela.got)

.rel.bss
 *(.rel.bss)

.rela.bss
 *(.rela.bss)

.rel.plt
 *(.rel.plt)

.rela.plt
 *(.rela.plt)

.text           0x00000000     0x148c
 *(.vectors)
 .vectors       0x00000000       0xe4 /usr/local/CrossPack-AVR-20131216/lib/gcc/avr/4.8.1/../../../../avr/lib/avr6/crtm2560.o
                0x00000000                __vectors
                0x00000000                __vector_default
 *(.vectors)
 *(.progmem.gcc*)
 .progmem.gcc_fplib
                0x000000e4       0x28 /usr/local/CrossPack-AVR-20131216/lib/gcc/avr/4.8.1/../../../../avr/lib/avr6/libm.a(exp.o)
 .progmem.gcc_fplib
                0x0000010c       0x5a /usr/local/CrossPack-AVR-20131216/lib/gcc/avr/4.8.1/../../../../avr/lib/avr6/libm.a(log.o)
                0x00000166                . = ALIGN (0x2)
                0x00000166                __trampolines_start = .
 *(.trampolines)
 .trampolines   0x00000166        0x0 linker stubs
 *(.trampolines*)
                0x00000166                __trampolines_end = .
 *(.progmem*)
                0x00000166                . = ALIGN (0x2)
 *(.jumptables)
 *(.jumptables*)
 *(.lowtext)
 *(.lowtext*)
                0x00000166                __ctors_start = .
 *(.ctors)
                0x00000166                __ctors_end = .
                0x00000166                __dtors_start = .
 *(.dtors)
                0x00000166                __dtors_end = .
 SORT(*)(.ctors)
 SORT(*)(.dtors)
 *(.init0)
 .init0         0x00000166        0x0 /usr/local/CrossPack-AVR-20131216/lib/gcc/avr/4.8.1/../../../../avr/lib/avr6/crtm2560.o
                0x00000166                __init
 *(.init0)
 *(.init1)
 *(.init1)
 *(.init2)
 .init2         0x00000166       0x10 /usr/local/CrossPack-AVR-20131216/lib/gcc/avr/4.8.1/../../../../avr/lib/avr6/crtm2560.o
 *(.init2)
 *(.init3)
 *(.init3)
 *(.init4)
 .init4         0x00000176       0x1a /usr/local/CrossPack-AVR-20131216/lib/gcc/avr/4.8.1/avr6/libgcc.a(_copy_data.o)
                0x00000176                __do_copy_data
 .init4         0x00000190       0x10 /usr/local/CrossPack-AVR-20131216/lib/gcc/avr/4.8.1/avr6/libgcc.a(_clear_bss.o)
                0x00000190                __do_clear_bss
 *(.init4)
 *(.init5)
 *(.init5)
 *(.init6)
 *(.init6)
 *(.init7)
 *(.init7)
 *(.init8)
 *(.init8)
 *(.init9)
 .init9         0x000001a0        0x8 /usr/local/CrossPack-AVR-20131216/lib/gcc/avr/4.8.1/../../../../avr/lib/avr6/crtm2560.o
 *(.init9)
 *(.text)
 .text          0x000001a8        0x4 /usr/local/CrossPack-AVR-20131216/lib/gcc/avr/4.8.1/../../../../avr/lib/avr6/crtm2560.o
                0x000001a8                __vector_42
                0x000001a8                __vector_22
                0x000001a8                __vector_28
                0x000001a8                __vector_1
                0x000001a8                __vector_32
                0x000001a8                __vector_34
                0x000001a8                __vector_24
                0x000001a8                __vector_12
                0x000001a8                __vector_55
                0x000001a8                __vector_46
                0x000001a8                __bad_interrupt
                0x000001a8                __vector_6
                0x000001a8                __vector_31
                0x000001a8                __vector_35
                0x000001a8                __vector_39
                0x000001a8                __vector_3
                0x000001a8                __vector_23
                0x000001a8                __vector_30
                0x000001a8                __vector_45
                0x000001a8                __vector_25
                0x000001a8                __vector_11
                0x000001a8                __vector_54
                0x000001a8                __vector_13
                0x000001a8                __vector_17
                0x000001a8                __vector_19
                0x000001a8                __vector_56
                0x000001a8                __vector_7
                0x000001a8                __vector_49
                0x000001a8                __vector_41
                0x000001a8                __vector_43
                0x000001a8                __vector_27
                0x000001a8                __vector_5
                0x000001a8                __vector_33
                0x000001a8                __vector_47
                0x000001a8                __vector_52
                0x000001a8                __vector_37
                0x000001a8                __vector_4
                0x000001a8                __vector_44
                0x000001a8                __vector_51
                0x000001a8                __vector_9
                0x000001a8                __vector_2
                0x000001a8                __vector_21
                0x000001a8                __vector_15
                0x000001a8                __vector_36
                0x000001a8                __vector_29
                0x000001a8                __vector_40
                0x000001a8                __vector_8
                0x000001a8                __vector_26
                0x000001a8                __vector_48
                0x000001a8                __vector_14
                0x000001a8                __vector_53
                0x000001a8                __vector_10
                0x000001a8                __vector_50
                0x000001a8                __vector_16
                0x000001a8                __vector_18
                0x000001a8                __vector_20
                0x000001a8                __vector_38
 .text          0x000001ac      0x282 SharpSensor.o
                0x000001ac                SharpAdcPinConfig
                0x000001ba                SharpPortInit
                0x000001be                SharpAdcInit
                0x000001d8                SharpInitDevices
                0x000001e6                SharpAdcConversion
                0x0000021e                SharpGp2d12Estimation
                0x00000272                SharpGetBlockSize
                0x00000330                SharpGetBlockType
 .text          0x0000042e        0x0 app.o
 .text          0x0000042e      0x33e ../lcd/lcd.o
                0x0000042e                LcdPortConfig
                0x0000043c                LcdPortInit
                0x00000440                LcdInitDevices
                0x0000044a                LcdSet4Bit
                0x000004d2                LcdWrCommand
                0x0000051c                LcdInit
                0x0000054c                LcdWrChar
                0x00000596                LcdHome
                0x0000059c                LcdString
                0x000005da                LcdPrintf
                0x00000630                LcdCursor
                0x0000065c                LcdPrint
 .text          0x0000076c        0x0 /usr/local/CrossPack-AVR-20131216/lib/gcc/avr/4.8.1/avr6/libgcc.a(_udivmodhi4.o)
 .text          0x0000076c        0x0 /usr/local/CrossPack-AVR-20131216/lib/gcc/avr/4.8.1/avr6/libgcc.a(_exit.o)
 .text          0x0000076c        0x0 /usr/local/CrossPack-AVR-20131216/lib/gcc/avr/4.8.1/avr6/libgcc.a(_copy_data.o)
 .text          0x0000076c        0x0 /usr/local/CrossPack-AVR-20131216/lib/gcc/avr/4.8.1/avr6/libgcc.a(_clear_bss.o)
 .text          0x0000076c        0x0 /usr/local/CrossPack-AVR-20131216/lib/gcc/avr/4.8.1/../../../../avr/lib/avr6/libm.a(cmpsf2.o)
 .text          0x0000076c        0x0 /usr/local/CrossPack-AVR-20131216/lib/gcc/avr/4.8.1/../../../../avr/lib/avr6/libm.a(divsf3.o)
 .text          0x0000076c        0x0 /usr/local/CrossPack-AVR-20131216/lib/gcc/avr/4.8.1/../../../../avr/lib/avr6/libm.a(divsf3x.o)
 .text          0x0000076c        0x0 /usr/local/CrossPack-AVR-20131216/lib/gcc/avr/4.8.1/../../../../avr/lib/avr6/libm.a(fixsfsi.o)
 .text          0x0000076c        0x0 /usr/local/CrossPack-AVR-20131216/lib/gcc/avr/4.8.1/../../../../avr/lib/avr6/libm.a(fixunssfsi.o)
 .text          0x0000076c        0x0 /usr/local/CrossPack-AVR-20131216/lib/gcc/avr/4.8.1/../../../../avr/lib/avr6/libm.a(floatsisf.o)
 .text          0x0000076c        0x0 /usr/local/CrossPack-AVR-20131216/lib/gcc/avr/4.8.1/../../../../avr/lib/avr6/libm.a(fp_cmp.o)
 .text          0x0000076c        0x0 /usr/local/CrossPack-AVR-20131216/lib/gcc/avr/4.8.1/../../../../avr/lib/avr6/libm.a(fp_inf.o)
 .text          0x0000076c        0x0 /usr/local/CrossPack-AVR-20131216/lib/gcc/avr/4.8.1/../../../../avr/lib/avr6/libm.a(fp_nan.o)
 .text          0x0000076c        0x0 /usr/local/CrossPack-AVR-20131216/lib/gcc/avr/4.8.1/../../../../avr/lib/avr6/libm.a(fp_pscA.o)
 .text          0x0000076c        0x0 /usr/local/CrossPack-AVR-20131216/lib/gcc/avr/4.8.1/../../../../avr/lib/avr6/libm.a(fp_pscB.o)
 .text          0x0000076c        0x0 /usr/local/CrossPack-AVR-20131216/lib/gcc/avr/4.8.1/../../../../avr/lib/avr6/libm.a(fp_round.o)
 .text          0x0000076c        0x0 /usr/local/CrossPack-AVR-20131216/lib/gcc/avr/4.8.1/../../../../avr/lib/avr6/libm.a(fp_split3.o)
 .text          0x0000076c        0x0 /usr/local/CrossPack-AVR-20131216/lib/gcc/avr/4.8.1/../../../../avr/lib/avr6/libm.a(fp_zero.o)
 .text          0x0000076c        0x0 /usr/local/CrossPack-AVR-20131216/lib/gcc/avr/4.8.1/../../../../avr/lib/avr6/libm.a(mulsf3.o)
 .text          0x0000076c        0x0 /usr/local/CrossPack-AVR-20131216/lib/gcc/avr/4.8.1/../../../../avr/lib/avr6/libm.a(mulsf3x.o)
 .text          0x0000076c        0x0 /usr/local/CrossPack-AVR-20131216/lib/gcc/avr/4.8.1/../../../../avr/lib/avr6/libm.a(pow.o)
 .text          0x0000076c        0x0 /usr/local/CrossPack-AVR-20131216/lib/gcc/avr/4.8.1/../../../../avr/lib/avr6/libm.a(exp.o)
 .text          0x0000076c        0x0 /usr/local/CrossPack-AVR-20131216/lib/gcc/avr/4.8.1/../../../../avr/lib/avr6/libm.a(fp_powser.o)
 .text          0x0000076c        0x0 /usr/local/CrossPack-AVR-20131216/lib/gcc/avr/4.8.1/../../../../avr/lib/avr6/libm.a(inverse.o)
 .text          0x0000076c        0x0 /usr/local/CrossPack-AVR-20131216/lib/gcc/avr/4.8.1/../../../../avr/lib/avr6/libm.a(ldexp.o)
 .text          0x0000076c        0x0 /usr/local/CrossPack-AVR-20131216/lib/gcc/avr/4.8.1/../../../../avr/lib/avr6/libm.a(log.o)
 .text          0x0000076c        0x0 /usr/local/CrossPack-AVR-20131216/lib/gcc/avr/4.8.1/../../../../avr/lib/avr6/libm.a(modf.o)
 .text          0x0000076c        0x0 /usr/local/CrossPack-AVR-20131216/lib/gcc/avr/4.8.1/../../../../avr/lib/avr6/libm.a(addsf3.o)
 .text          0x0000076c        0x0 /usr/local/CrossPack-AVR-20131216/lib/gcc/avr/4.8.1/../../../../avr/lib/avr6/libm.a(addsf3x.o)
 .text          0x0000076c        0x0 /usr/local/CrossPack-AVR-20131216/lib/gcc/avr/4.8.1/../../../../avr/lib/avr6/libm.a(fp_mpack.o)
 .text          0x0000076c        0x0 /usr/local/CrossPack-AVR-20131216/lib/gcc/avr/4.8.1/../../../../avr/lib/avr6/libc.a(vsnprintf.o)
 .text          0x0000076c        0x0 /usr/local/CrossPack-AVR-20131216/lib/gcc/avr/4.8.1/../../../../avr/lib/avr6/libc.a(vfprintf_std.o)
 .text          0x0000076c        0x0 /usr/local/CrossPack-AVR-20131216/lib/gcc/avr/4.8.1/../../../../avr/lib/avr6/libc.a(strnlen_P.o)
 .text          0x0000076c        0x0 /usr/local/CrossPack-AVR-20131216/lib/gcc/avr/4.8.1/../../../../avr/lib/avr6/libc.a(strnlen.o)
 .text          0x0000076c        0x0 /usr/local/CrossPack-AVR-20131216/lib/gcc/avr/4.8.1/../../../../avr/lib/avr6/libc.a(fputc.o)
 .text          0x0000076c        0x0 /usr/local/CrossPack-AVR-20131216/lib/gcc/avr/4.8.1/../../../../avr/lib/avr6/libc.a(ultoa_invert.o)
                0x0000076c                . = ALIGN (0x2)
 *(.text.*)
 .text.startup  0x0000076c       0x48 app.o
                0x0000076c                main
 .text.libgcc.mul
                0x000007b4        0x0 /usr/local/CrossPack-AVR-20131216/lib/gcc/avr/4.8.1/avr6/libgcc.a(_udivmodhi4.o)
 .text.libgcc.div
                0x000007b4       0x28 /usr/local/CrossPack-AVR-20131216/lib/gcc/avr/4.8.1/avr6/libgcc.a(_udivmodhi4.o)
                0x000007b4                __udivmodhi4
 .text.libgcc   0x000007dc        0x0 /usr/local/CrossPack-AVR-20131216/lib/gcc/avr/4.8.1/avr6/libgcc.a(_udivmodhi4.o)
 .text.libgcc.prologue
                0x000007dc        0x0 /usr/local/CrossPack-AVR-20131216/lib/gcc/avr/4.8.1/avr6/libgcc.a(_udivmodhi4.o)
 .text.libgcc.builtins
                0x000007dc        0x0 /usr/local/CrossPack-AVR-20131216/lib/gcc/avr/4.8.1/avr6/libgcc.a(_udivmodhi4.o)
 .text.libgcc.fmul
                0x000007dc        0x0 /usr/local/CrossPack-AVR-20131216/lib/gcc/avr/4.8.1/avr6/libgcc.a(_udivmodhi4.o)
 .text.libgcc.fixed
                0x000007dc        0x0 /usr/local/CrossPack-AVR-20131216/lib/gcc/avr/4.8.1/avr6/libgcc.a(_udivmodhi4.o)
 .text.libgcc.mul
                0x000007dc        0x0 /usr/local/CrossPack-AVR-20131216/lib/gcc/avr/4.8.1/avr6/libgcc.a(_exit.o)
 .text.libgcc.div
                0x000007dc        0x0 /usr/local/CrossPack-AVR-20131216/lib/gcc/avr/4.8.1/avr6/libgcc.a(_exit.o)
 .text.libgcc   0x000007dc        0x0 /usr/local/CrossPack-AVR-20131216/lib/gcc/avr/4.8.1/avr6/libgcc.a(_exit.o)
 .text.libgcc.prologue
                0x000007dc        0x0 /usr/local/CrossPack-AVR-20131216/lib/gcc/avr/4.8.1/avr6/libgcc.a(_exit.o)
 .text.libgcc.builtins
                0x000007dc        0x0 /usr/local/CrossPack-AVR-20131216/lib/gcc/avr/4.8.1/avr6/libgcc.a(_exit.o)
 .text.libgcc.fmul
                0x000007dc        0x0 /usr/local/CrossPack-AVR-20131216/lib/gcc/avr/4.8.1/avr6/libgcc.a(_exit.o)
 .text.libgcc.fixed
                0x000007dc        0x0 /usr/local/CrossPack-AVR-20131216/lib/gcc/avr/4.8.1/avr6/libgcc.a(_exit.o)
 .text.libgcc.mul
                0x000007dc        0x0 /usr/local/CrossPack-AVR-20131216/lib/gcc/avr/4.8.1/avr6/libgcc.a(_copy_data.o)
 .text.libgcc.div
                0x000007dc        0x0 /usr/local/CrossPack-AVR-20131216/lib/gcc/avr/4.8.1/avr6/libgcc.a(_copy_data.o)
 .text.libgcc   0x000007dc        0x0 /usr/local/CrossPack-AVR-20131216/lib/gcc/avr/4.8.1/avr6/libgcc.a(_copy_data.o)
 .text.libgcc.prologue
                0x000007dc        0x0 /usr/local/CrossPack-AVR-20131216/lib/gcc/avr/4.8.1/avr6/libgcc.a(_copy_data.o)
 .text.libgcc.builtins
                0x000007dc        0x0 /usr/local/CrossPack-AVR-20131216/lib/gcc/avr/4.8.1/avr6/libgcc.a(_copy_data.o)
 .text.libgcc.fmul
                0x000007dc        0x0 /usr/local/CrossPack-AVR-20131216/lib/gcc/avr/4.8.1/avr6/libgcc.a(_copy_data.o)
 .text.libgcc.fixed
                0x000007dc        0x0 /usr/local/CrossPack-AVR-20131216/lib/gcc/avr/4.8.1/avr6/libgcc.a(_copy_data.o)
 .text.libgcc.mul
                0x000007dc        0x0 /usr/local/CrossPack-AVR-20131216/lib/gcc/avr/4.8.1/avr6/libgcc.a(_clear_bss.o)
 .text.libgcc.div
                0x000007dc        0x0 /usr/local/CrossPack-AVR-20131216/lib/gcc/avr/4.8.1/avr6/libgcc.a(_clear_bss.o)
 .text.libgcc   0x000007dc        0x0 /usr/local/CrossPack-AVR-20131216/lib/gcc/avr/4.8.1/avr6/libgcc.a(_clear_bss.o)
 .text.libgcc.prologue
                0x000007dc        0x0 /usr/local/CrossPack-AVR-20131216/lib/gcc/avr/4.8.1/avr6/libgcc.a(_clear_bss.o)
 .text.libgcc.builtins
                0x000007dc        0x0 /usr/local/CrossPack-AVR-20131216/lib/gcc/avr/4.8.1/avr6/libgcc.a(_clear_bss.o)
 .text.libgcc.fmul
                0x000007dc        0x0 /usr/local/CrossPack-AVR-20131216/lib/gcc/avr/4.8.1/avr6/libgcc.a(_clear_bss.o)
 .text.libgcc.fixed
                0x000007dc        0x0 /usr/local/CrossPack-AVR-20131216/lib/gcc/avr/4.8.1/avr6/libgcc.a(_clear_bss.o)
 .text.avr-libc.fplib
                0x000007dc        0x8 /usr/local/CrossPack-AVR-20131216/lib/gcc/avr/4.8.1/../../../../avr/lib/avr6/libm.a(cmpsf2.o)
                0x000007dc                __lesf2
                0x000007dc                __nesf2
                0x000007dc                __eqsf2
                0x000007dc                __cmpsf2
                0x000007dc                __ltsf2
 .text.avr-libc.fplib
                0x000007e4        0x4 /usr/local/CrossPack-AVR-20131216/lib/gcc/avr/4.8.1/../../../../avr/lib/avr6/libm.a(divsf3.o)
                0x000007e4                __divsf3
 .text.avr-libc.fplib
                0x000007e8       0xcc /usr/local/CrossPack-AVR-20131216/lib/gcc/avr/4.8.1/../../../../avr/lib/avr6/libm.a(divsf3x.o)
                0x000007fe                __divsf3x
                0x00000802                __divsf3_pse
 .text.avr-libc.fplib
                0x000008b4        0xa /usr/local/CrossPack-AVR-20131216/lib/gcc/avr/4.8.1/../../../../avr/lib/avr6/libm.a(fixsfsi.o)
                0x000008b4                __fixsfsi
 .text.avr-libc.fplib
                0x000008be       0x58 /usr/local/CrossPack-AVR-20131216/lib/gcc/avr/4.8.1/../../../../avr/lib/avr6/libm.a(fixunssfsi.o)
                0x000008be                __fixunssfsi
 .text.avr-libc.fplib
                0x00000916       0x7a /usr/local/CrossPack-AVR-20131216/lib/gcc/avr/4.8.1/../../../../avr/lib/avr6/libm.a(floatsisf.o)
                0x00000916                __floatunsisf
                0x0000091a                __floatsisf
 .text.avr-libc.fplib
                0x00000990       0x48 /usr/local/CrossPack-AVR-20131216/lib/gcc/avr/4.8.1/../../../../avr/lib/avr6/libm.a(fp_cmp.o)
                0x00000990                __fp_cmp
 .text.avr-libc.fplib
                0x000009d8        0xc /usr/local/CrossPack-AVR-20131216/lib/gcc/avr/4.8.1/../../../../avr/lib/avr6/libm.a(fp_inf.o)
                0x000009d8                __fp_inf
 .text.avr-libc.fplib
                0x000009e4        0x6 /usr/local/CrossPack-AVR-20131216/lib/gcc/avr/4.8.1/../../../../avr/lib/avr6/libm.a(fp_nan.o)
                0x000009e4                __fp_nan
 .text.avr-libc.fplib
                0x000009ea        0xe /usr/local/CrossPack-AVR-20131216/lib/gcc/avr/4.8.1/../../../../avr/lib/avr6/libm.a(fp_pscA.o)
                0x000009ea                __fp_pscA
 .text.avr-libc.fplib
                0x000009f8        0xe /usr/local/CrossPack-AVR-20131216/lib/gcc/avr/4.8.1/../../../../avr/lib/avr6/libm.a(fp_pscB.o)
                0x000009f8                __fp_pscB
 .text.avr-libc.fplib
                0x00000a06       0x22 /usr/local/CrossPack-AVR-20131216/lib/gcc/avr/4.8.1/../../../../avr/lib/avr6/libm.a(fp_round.o)
                0x00000a06                __fp_round
 .text.avr-libc.fplib
                0x00000a28       0x44 /usr/local/CrossPack-AVR-20131216/lib/gcc/avr/4.8.1/../../../../avr/lib/avr6/libm.a(fp_split3.o)
                0x00000a28                __fp_split3
                0x00000a38                __fp_splitA
 .text.avr-libc.fplib
                0x00000a6c        0xe /usr/local/CrossPack-AVR-20131216/lib/gcc/avr/4.8.1/../../../../avr/lib/avr6/libm.a(fp_zero.o)
                0x00000a6c                __fp_zero
                0x00000a6e                __fp_szero
 .text.avr-libc.fplib
                0x00000a7a        0x4 /usr/local/CrossPack-AVR-20131216/lib/gcc/avr/4.8.1/../../../../avr/lib/avr6/libm.a(mulsf3.o)
                0x00000a7a                __mulsf3
 .text.avr-libc.fplib
                0x00000a7e       0xc2 /usr/local/CrossPack-AVR-20131216/lib/gcc/avr/4.8.1/../../../../avr/lib/avr6/libm.a(mulsf3x.o)
                0x00000a92                __mulsf3x
                0x00000a96                __mulsf3_pse
 .text.avr-libc.fplib
                0x00000b40       0x98 /usr/local/CrossPack-AVR-20131216/lib/gcc/avr/4.8.1/../../../../avr/lib/avr6/libm.a(pow.o)
                0x00000b40                pow
 .text.avr-libc.fplib
                0x00000bd8       0x62 /usr/local/CrossPack-AVR-20131216/lib/gcc/avr/4.8.1/../../../../avr/lib/avr6/libm.a(exp.o)
                0x00000be2                exp
 .text.avr-libc.fplib
                0x00000c3a       0x4a /usr/local/CrossPack-AVR-20131216/lib/gcc/avr/4.8.1/../../../../avr/lib/avr6/libm.a(fp_powser.o)
                0x00000c3a                __fp_powser
 .text.avr-libc.fplib
                0x00000c84        0xe /usr/local/CrossPack-AVR-20131216/lib/gcc/avr/4.8.1/../../../../avr/lib/avr6/libm.a(inverse.o)
                0x00000c84                inverse
 .text.avr-libc.fplib
                0x00000c92       0x6c /usr/local/CrossPack-AVR-20131216/lib/gcc/avr/4.8.1/../../../../avr/lib/avr6/libm.a(ldexp.o)
                0x00000c96                ldexp
 .text.avr-libc.fplib
                0x00000cfe       0x8a /usr/local/CrossPack-AVR-20131216/lib/gcc/avr/4.8.1/../../../../avr/lib/avr6/libm.a(log.o)
                0x00000d08                log
 .text.avr-libc.fplib
                0x00000d88       0x66 /usr/local/CrossPack-AVR-20131216/lib/gcc/avr/4.8.1/../../../../avr/lib/avr6/libm.a(modf.o)
                0x00000d88                modff
                0x00000d88                modf
 .text.avr-libc.fplib
                0x00000dee        0xa /usr/local/CrossPack-AVR-20131216/lib/gcc/avr/4.8.1/../../../../avr/lib/avr6/libm.a(addsf3.o)
                0x00000dee                __subsf3
                0x00000df0                __addsf3
 .text.avr-libc.fplib
                0x00000df8       0xc0 /usr/local/CrossPack-AVR-20131216/lib/gcc/avr/4.8.1/../../../../avr/lib/avr6/libm.a(addsf3x.o)
                0x00000e12                __addsf3x
 .text.avr-libc.fplib
                0x00000eb8       0x1c /usr/local/CrossPack-AVR-20131216/lib/gcc/avr/4.8.1/../../../../avr/lib/avr6/libm.a(fp_mpack.o)
                0x00000eb8                __fp_mpack
                0x00000ebc                __fp_mpack_finite
 .text.avr-libc
                0x00000ed4       0x72 /usr/local/CrossPack-AVR-20131216/lib/gcc/avr/4.8.1/../../../../avr/lib/avr6/libc.a(vsnprintf.o)
                0x00000ed4                vsnprintf
 .text.avr-libc
                0x00000f46      0x3f6 /usr/local/CrossPack-AVR-20131216/lib/gcc/avr/4.8.1/../../../../avr/lib/avr6/libc.a(vfprintf_std.o)
                0x00000f46                vfprintf
 .text.avr-libc
                0x0000133c       0x16 /usr/local/CrossPack-AVR-20131216/lib/gcc/avr/4.8.1/../../../../avr/lib/avr6/libc.a(strnlen_P.o)
                0x0000133c                strnlen_P
 .text.avr-libc
                0x00001352       0x16 /usr/local/CrossPack-AVR-20131216/lib/gcc/avr/4.8.1/../../../../avr/lib/avr6/libc.a(strnlen.o)
                0x00001352                strnlen
 .text.avr-libc
                0x00001368       0x64 /usr/local/CrossPack-AVR-20131216/lib/gcc/avr/4.8.1/../../../../avr/lib/avr6/libc.a(fputc.o)
                0x00001368                fputc
 .text.avr-libc
                0x000013cc       0xbc /usr/local/CrossPack-AVR-20131216/lib/gcc/avr/4.8.1/../../../../avr/lib/avr6/libc.a(ultoa_invert.o)
                0x000013cc                __ultoa_invert
                0x00001488                . = ALIGN (0x2)
 *(.fini9)
 .fini9         0x00001488        0x0 /usr/local/CrossPack-AVR-20131216/lib/gcc/avr/4.8.1/avr6/libgcc.a(_exit.o)
                0x00001488                exit
                0x00001488                _exit
 *(.fini9)
 *(.fini8)
 *(.fini8)
 *(.fini7)
 *(.fini7)
 *(.fini6)
 *(.fini6)
 *(.fini5)
 *(.fini5)
 *(.fini4)
 *(.fini4)
 *(.fini3)
 *(.fini3)
 *(.fini2)
 *(.fini2)
 *(.fini1)
 *(.fini1)
 *(.fini0)
 .fini0         0x00001488        0x4 /usr/local/CrossPack-AVR-20131216/lib/gcc/avr/4.8.1/avr6/libgcc.a(_exit.o)
 *(.fini0)
                0x0000148c                _etext = .

.data           0x00800200        0xa load address 0x0000148c
                0x00800200                PROVIDE (__data_start, .)
 *(.data)
 .data          0x00800200        0x0 /usr/local/CrossPack-AVR-20131216/lib/gcc/avr/4.8.1/../../../../avr/lib/avr6/crtm2560.o
 .data          0x00800200        0x0 SharpSensor.o
 .data          0x00800200        0x0 app.o
 .data          0x00800200        0x0 ../lcd/lcd.o
 .data          0x00800200        0x0 /usr/local/CrossPack-AVR-20131216/lib/gcc/avr/4.8.1/avr6/libgcc.a(_udivmodhi4.o)
 .data          0x00800200        0x0 /usr/local/CrossPack-AVR-20131216/lib/gcc/avr/4.8.1/avr6/libgcc.a(_exit.o)
 .data          0x00800200        0x0 /usr/local/CrossPack-AVR-20131216/lib/gcc/avr/4.8.1/avr6/libgcc.a(_copy_data.o)
 .data          0x00800200        0x0 /usr/local/CrossPack-AVR-20131216/lib/gcc/avr/4.8.1/avr6/libgcc.a(_clear_bss.o)
 .data          0x00800200        0x0 /usr/local/CrossPack-AVR-20131216/lib/gcc/avr/4.8.1/../../../../avr/lib/avr6/libm.a(cmpsf2.o)
 .data          0x00800200        0x0 /usr/local/CrossPack-AVR-20131216/lib/gcc/avr/4.8.1/../../../../avr/lib/avr6/libm.a(divsf3.o)
 .data          0x00800200        0x0 /usr/local/CrossPack-AVR-20131216/lib/gcc/avr/4.8.1/../../../../avr/lib/avr6/libm.a(divsf3x.o)
 .data          0x00800200        0x0 /usr/local/CrossPack-AVR-20131216/lib/gcc/avr/4.8.1/../../../../avr/lib/avr6/libm.a(fixsfsi.o)
 .data          0x00800200        0x0 /usr/local/CrossPack-AVR-20131216/lib/gcc/avr/4.8.1/../../../../avr/lib/avr6/libm.a(fixunssfsi.o)
 .data          0x00800200        0x0 /usr/local/CrossPack-AVR-20131216/lib/gcc/avr/4.8.1/../../../../avr/lib/avr6/libm.a(floatsisf.o)
 .data          0x00800200        0x0 /usr/local/CrossPack-AVR-20131216/lib/gcc/avr/4.8.1/../../../../avr/lib/avr6/libm.a(fp_cmp.o)
 .data          0x00800200        0x0 /usr/local/CrossPack-AVR-20131216/lib/gcc/avr/4.8.1/../../../../avr/lib/avr6/libm.a(fp_inf.o)
 .data          0x00800200        0x0 /usr/local/CrossPack-AVR-20131216/lib/gcc/avr/4.8.1/../../../../avr/lib/avr6/libm.a(fp_nan.o)
 .data          0x00800200        0x0 /usr/local/CrossPack-AVR-20131216/lib/gcc/avr/4.8.1/../../../../avr/lib/avr6/libm.a(fp_pscA.o)
 .data          0x00800200        0x0 /usr/local/CrossPack-AVR-20131216/lib/gcc/avr/4.8.1/../../../../avr/lib/avr6/libm.a(fp_pscB.o)
 .data          0x00800200        0x0 /usr/local/CrossPack-AVR-20131216/lib/gcc/avr/4.8.1/../../../../avr/lib/avr6/libm.a(fp_round.o)
 .data          0x00800200        0x0 /usr/local/CrossPack-AVR-20131216/lib/gcc/avr/4.8.1/../../../../avr/lib/avr6/libm.a(fp_split3.o)
 .data          0x00800200        0x0 /usr/local/CrossPack-AVR-20131216/lib/gcc/avr/4.8.1/../../../../avr/lib/avr6/libm.a(fp_zero.o)
 .data          0x00800200        0x0 /usr/local/CrossPack-AVR-20131216/lib/gcc/avr/4.8.1/../../../../avr/lib/avr6/libm.a(mulsf3.o)
 .data          0x00800200        0x0 /usr/local/CrossPack-AVR-20131216/lib/gcc/avr/4.8.1/../../../../avr/lib/avr6/libm.a(mulsf3x.o)
 .data          0x00800200        0x0 /usr/local/CrossPack-AVR-20131216/lib/gcc/avr/4.8.1/../../../../avr/lib/avr6/libm.a(pow.o)
 .data          0x00800200        0x0 /usr/local/CrossPack-AVR-20131216/lib/gcc/avr/4.8.1/../../../../avr/lib/avr6/libm.a(exp.o)
 .data          0x00800200        0x0 /usr/local/CrossPack-AVR-20131216/lib/gcc/avr/4.8.1/../../../../avr/lib/avr6/libm.a(fp_powser.o)
 .data          0x00800200        0x0 /usr/local/CrossPack-AVR-20131216/lib/gcc/avr/4.8.1/../../../../avr/lib/avr6/libm.a(inverse.o)
 .data          0x00800200        0x0 /usr/local/CrossPack-AVR-20131216/lib/gcc/avr/4.8.1/../../../../avr/lib/avr6/libm.a(ldexp.o)
 .data          0x00800200        0x0 /usr/local/CrossPack-AVR-20131216/lib/gcc/avr/4.8.1/../../../../avr/lib/avr6/libm.a(log.o)
 .data          0x00800200        0x0 /usr/local/CrossPack-AVR-20131216/lib/gcc/avr/4.8.1/../../../../avr/lib/avr6/libm.a(modf.o)
 .data          0x00800200        0x0 /usr/local/CrossPack-AVR-20131216/lib/gcc/avr/4.8.1/../../../../avr/lib/avr6/libm.a(addsf3.o)
 .data          0x00800200        0x0 /usr/local/CrossPack-AVR-20131216/lib/gcc/avr/4.8.1/../../../../avr/lib/avr6/libm.a(addsf3x.o)
 .data          0x00800200        0x0 /usr/local/CrossPack-AVR-20131216/lib/gcc/avr/4.8.1/../../../../avr/lib/avr6/libm.a(fp_mpack.o)
 .data          0x00800200        0x0 /usr/local/CrossPack-AVR-20131216/lib/gcc/avr/4.8.1/../../../../avr/lib/avr6/libc.a(vsnprintf.o)
 .data          0x00800200        0x0 /usr/local/CrossPack-AVR-20131216/lib/gcc/avr/4.8.1/../../../../avr/lib/avr6/libc.a(vfprintf_std.o)
 .data          0x00800200        0x0 /usr/local/CrossPack-AVR-20131216/lib/gcc/avr/4.8.1/../../../../avr/lib/avr6/libc.a(strnlen_P.o)
 .data          0x00800200        0x0 /usr/local/CrossPack-AVR-20131216/lib/gcc/avr/4.8.1/../../../../avr/lib/avr6/libc.a(strnlen.o)
 .data          0x00800200        0x0 /usr/local/CrossPack-AVR-20131216/lib/gcc/avr/4.8.1/../../../../avr/lib/avr6/libc.a(fputc.o)
 .data          0x00800200        0x0 /usr/local/CrossPack-AVR-20131216/lib/gcc/avr/4.8.1/../../../../avr/lib/avr6/libc.a(ultoa_invert.o)
 *(.data*)
 *(.rodata)
 *(.rodata*)
 .rodata.str1.1
                0x00800200        0xa app.o
 *(.gnu.linkonce.d*)
                0x0080020a                . = ALIGN (0x2)
                0x0080020a                _edata = .
                0x0080020a                PROVIDE (__data_end, .)

.bss            0x0080020a        0xc
                0x0080020a                PROVIDE (__bss_start, .)
 *(.bss)
 .bss           0x0080020a        0x0 /usr/local/CrossPack-AVR-20131216/lib/gcc/avr/4.8.1/../../../../avr/lib/avr6/crtm2560.o
 .bss           0x0080020a        0x0 SharpSensor.o
 .bss           0x0080020a        0x0 app.o
 .bss           0x0080020a        0x0 ../lcd/lcd.o
 .bss           0x0080020a        0x0 /usr/local/CrossPack-AVR-20131216/lib/gcc/avr/4.8.1/avr6/libgcc.a(_udivmodhi4.o)
 .bss           0x0080020a        0x0 /usr/local/CrossPack-AVR-20131216/lib/gcc/avr/4.8.1/avr6/libgcc.a(_exit.o)
 .bss           0x0080020a        0x0 /usr/local/CrossPack-AVR-20131216/lib/gcc/avr/4.8.1/avr6/libgcc.a(_copy_data.o)
 .bss           0x0080020a        0x0 /usr/local/CrossPack-AVR-20131216/lib/gcc/avr/4.8.1/avr6/libgcc.a(_clear_bss.o)
 .bss           0x0080020a        0x0 /usr/local/CrossPack-AVR-20131216/lib/gcc/avr/4.8.1/../../../../avr/lib/avr6/libm.a(cmpsf2.o)
 .bss           0x0080020a        0x0 /usr/local/CrossPack-AVR-20131216/lib/gcc/avr/4.8.1/../../../../avr/lib/avr6/libm.a(divsf3.o)
 .bss           0x0080020a        0x0 /usr/local/CrossPack-AVR-20131216/lib/gcc/avr/4.8.1/../../../../avr/lib/avr6/libm.a(divsf3x.o)
 .bss           0x0080020a        0x0 /usr/local/CrossPack-AVR-20131216/lib/gcc/avr/4.8.1/../../../../avr/lib/avr6/libm.a(fixsfsi.o)
 .bss           0x0080020a        0x0 /usr/local/CrossPack-AVR-20131216/lib/gcc/avr/4.8.1/../../../../avr/lib/avr6/libm.a(fixunssfsi.o)
 .bss           0x0080020a        0x0 /usr/local/CrossPack-AVR-20131216/lib/gcc/avr/4.8.1/../../../../avr/lib/avr6/libm.a(floatsisf.o)
 .bss           0x0080020a        0x0 /usr/local/CrossPack-AVR-20131216/lib/gcc/avr/4.8.1/../../../../avr/lib/avr6/libm.a(fp_cmp.o)
 .bss           0x0080020a        0x0 /usr/local/CrossPack-AVR-20131216/lib/gcc/avr/4.8.1/../../../../avr/lib/avr6/libm.a(fp_inf.o)
 .bss           0x0080020a        0x0 /usr/local/CrossPack-AVR-20131216/lib/gcc/avr/4.8.1/../../../../avr/lib/avr6/libm.a(fp_nan.o)
 .bss           0x0080020a        0x0 /usr/local/CrossPack-AVR-20131216/lib/gcc/avr/4.8.1/../../../../avr/lib/avr6/libm.a(fp_pscA.o)
 .bss           0x0080020a        0x0 /usr/local/CrossPack-AVR-20131216/lib/gcc/avr/4.8.1/../../../../avr/lib/avr6/libm.a(fp_pscB.o)
 .bss           0x0080020a        0x0 /usr/local/CrossPack-AVR-20131216/lib/gcc/avr/4.8.1/../../../../avr/lib/avr6/libm.a(fp_round.o)
 .bss           0x0080020a        0x0 /usr/local/CrossPack-AVR-20131216/lib/gcc/avr/4.8.1/../../../../avr/lib/avr6/libm.a(fp_split3.o)
 .bss           0x0080020a        0x0 /usr/local/CrossPack-AVR-20131216/lib/gcc/avr/4.8.1/../../../../avr/lib/avr6/libm.a(fp_zero.o)
 .bss           0x0080020a        0x0 /usr/local/CrossPack-AVR-20131216/lib/gcc/avr/4.8.1/../../../../avr/lib/avr6/libm.a(mulsf3.o)
 .bss           0x0080020a        0x0 /usr/local/CrossPack-AVR-20131216/lib/gcc/avr/4.8.1/../../../../avr/lib/avr6/libm.a(mulsf3x.o)
 .bss           0x0080020a        0x0 /usr/local/CrossPack-AVR-20131216/lib/gcc/avr/4.8.1/../../../../avr/lib/avr6/libm.a(pow.o)
 .bss           0x0080020a        0x0 /usr/local/CrossPack-AVR-20131216/lib/gcc/avr/4.8.1/../../../../avr/lib/avr6/libm.a(exp.o)
 .bss           0x0080020a        0x0 /usr/local/CrossPack-AVR-20131216/lib/gcc/avr/4.8.1/../../../../avr/lib/avr6/libm.a(fp_powser.o)
 .bss           0x0080020a        0x0 /usr/local/CrossPack-AVR-20131216/lib/gcc/avr/4.8.1/../../../../avr/lib/avr6/libm.a(inverse.o)
 .bss           0x0080020a        0x0 /usr/local/CrossPack-AVR-20131216/lib/gcc/avr/4.8.1/../../../../avr/lib/avr6/libm.a(ldexp.o)
 .bss           0x0080020a        0x0 /usr/local/CrossPack-AVR-20131216/lib/gcc/avr/4.8.1/../../../../avr/lib/avr6/libm.a(log.o)
 .bss           0x0080020a        0x0 /usr/local/CrossPack-AVR-20131216/lib/gcc/avr/4.8.1/../../../../avr/lib/avr6/libm.a(modf.o)
 .bss           0x0080020a        0x0 /usr/local/CrossPack-AVR-20131216/lib/gcc/avr/4.8.1/../../../../avr/lib/avr6/libm.a(addsf3.o)
 .bss           0x0080020a        0x0 /usr/local/CrossPack-AVR-20131216/lib/gcc/avr/4.8.1/../../../../avr/lib/avr6/libm.a(addsf3x.o)
 .bss           0x0080020a        0x0 /usr/local/CrossPack-AVR-20131216/lib/gcc/avr/4.8.1/../../../../avr/lib/avr6/libm.a(fp_mpack.o)
 .bss           0x0080020a        0x0 /usr/local/CrossPack-AVR-20131216/lib/gcc/avr/4.8.1/../../../../avr/lib/avr6/libc.a(vsnprintf.o)
 .bss           0x0080020a        0x0 /usr/local/CrossPack-AVR-20131216/lib/gcc/avr/4.8.1/../../../../avr/lib/avr6/libc.a(vfprintf_std.o)
 .bss           0x0080020a        0x0 /usr/local/CrossPack-AVR-20131216/lib/gcc/avr/4.8.1/../../../../avr/lib/avr6/libc.a(strnlen_P.o)
 .bss           0x0080020a        0x0 /usr/local/CrossPack-AVR-20131216/lib/gcc/avr/4.8.1/../../../../avr/lib/avr6/libc.a(strnlen.o)
 .bss           0x0080020a        0x0 /usr/local/CrossPack-AVR-20131216/lib/gcc/avr/4.8.1/../../../../avr/lib/avr6/libc.a(fputc.o)
 .bss           0x0080020a        0x0 /usr/local/CrossPack-AVR-20131216/lib/gcc/avr/4.8.1/../../../../avr/lib/avr6/libc.a(ultoa_invert.o)
 *(.bss*)
 *(COMMON)
 COMMON         0x0080020a        0xc ../lcd/lcd.o
                0x0080020a                million
                0x0080020c                temp
                0x0080020e                tens
                0x00800210                hundred
                0x00800212                unit
                0x00800214                thousand
                0x00800216                PROVIDE (__bss_end, .)
                0x0000148c                __data_load_start = LOADADDR (.data)
                0x00001496                __data_load_end = (__data_load_start + SIZEOF (.data))

.noinit         0x00800216        0x0
                0x00800216                PROVIDE (__noinit_start, .)
 *(.noinit*)
                0x00800216                PROVIDE (__noinit_end, .)
                0x00800216                _end = .
                0x00800216                PROVIDE (__heap_start, .)

.eeprom         0x00810000        0x0
 *(.eeprom*)
                0x00810000                __eeprom_end = .

.fuse
 *(.fuse)
 *(.lfuse)
 *(.hfuse)
 *(.efuse)

.lock
 *(.lock*)

.signature
 *(.signature*)

.user_signatures
 *(.user_signatures*)

.stab
 *(.stab)

.stabstr
 *(.stabstr)

.stab.excl
 *(.stab.excl)

.stab.exclstr
 *(.stab.exclstr)

.stab.index
 *(.stab.index)

.stab.indexstr
 *(.stab.indexstr)

.comment        0x00000000       0x11
 *(.comment)
 .comment       0x00000000       0x11 SharpSensor.o
                                 0x12 (size before relaxing)
 .comment       0x00000000       0x12 app.o
 .comment       0x00000000       0x12 ../lcd/lcd.o
 .comment       0x00000000       0x12 /usr/local/CrossPack-AVR-20131216/lib/gcc/avr/4.8.1/../../../../avr/lib/avr6/libc.a(vsnprintf.o)
 .comment       0x00000000       0x12 /usr/local/CrossPack-AVR-20131216/lib/gcc/avr/4.8.1/../../../../avr/lib/avr6/libc.a(vfprintf_std.o)
 .comment       0x00000000       0x12 /usr/local/CrossPack-AVR-20131216/lib/gcc/avr/4.8.1/../../../../avr/lib/avr6/libc.a(fputc.o)

.debug
 *(.debug)

.line
 *(.line)

.debug_srcinfo
 *(.debug_srcinfo)

.debug_sfnames
 *(.debug_sfnames)

.debug_aranges  0x00000000       0xe0
 *(.debug_aranges)
 .debug_aranges
                0x00000000       0x20 SharpSensor.o
 .debug_aranges
                0x00000020       0x20 app.o
 .debug_aranges
                0x00000040       0x20 ../lcd/lcd.o
 .debug_aranges
                0x00000060       0x20 /usr/local/CrossPack-AVR-20131216/lib/gcc/avr/4.8.1/avr6/libgcc.a(_udivmodhi4.o)
 .debug_aranges
                0x00000080       0x20 /usr/local/CrossPack-AVR-20131216/lib/gcc/avr/4.8.1/avr6/libgcc.a(_exit.o)
 .debug_aranges
                0x000000a0       0x20 /usr/local/CrossPack-AVR-20131216/lib/gcc/avr/4.8.1/avr6/libgcc.a(_copy_data.o)
 .debug_aranges
                0x000000c0       0x20 /usr/local/CrossPack-AVR-20131216/lib/gcc/avr/4.8.1/avr6/libgcc.a(_clear_bss.o)

.debug_pubnames
 *(.debug_pubnames)

.debug_info     0x00000000     0x10f0
 *(.debug_info)
 .debug_info    0x00000000      0x3d7 SharpSensor.o
 .debug_info    0x000003d7      0x1c1 app.o
 .debug_info    0x00000598      0x860 ../lcd/lcd.o
 .debug_info    0x00000df8       0xbe /usr/local/CrossPack-AVR-20131216/lib/gcc/avr/4.8.1/avr6/libgcc.a(_udivmodhi4.o)
 .debug_info    0x00000eb6       0xbe /usr/local/CrossPack-AVR-20131216/lib/gcc/avr/4.8.1/avr6/libgcc.a(_exit.o)
 .debug_info    0x00000f74       0xbe /usr/local/CrossPack-AVR-20131216/lib/gcc/avr/4.8.1/avr6/libgcc.a(_copy_data.o)
 .debug_info    0x00001032       0xbe /usr/local/CrossPack-AVR-20131216/lib/gcc/avr/4.8.1/avr6/libgcc.a(_clear_bss.o)
 *(.gnu.linkonce.wi.*)

.debug_abbrev   0x00000000      0x60d
 *(.debug_abbrev)
 .debug_abbrev  0x00000000      0x234 SharpSensor.o
 .debug_abbrev  0x00000234      0x131 app.o
 .debug_abbrev  0x00000365      0x258 ../lcd/lcd.o
 .debug_abbrev  0x000005bd       0x14 /usr/local/CrossPack-AVR-20131216/lib/gcc/avr/4.8.1/avr6/libgcc.a(_udivmodhi4.o)
 .debug_abbrev  0x000005d1       0x14 /usr/local/CrossPack-AVR-20131216/lib/gcc/avr/4.8.1/avr6/libgcc.a(_exit.o)
 .debug_abbrev  0x000005e5       0x14 /usr/local/CrossPack-AVR-20131216/lib/gcc/avr/4.8.1/avr6/libgcc.a(_copy_data.o)
 .debug_abbrev  0x000005f9       0x14 /usr/local/CrossPack-AVR-20131216/lib/gcc/avr/4.8.1/avr6/libgcc.a(_clear_bss.o)

.debug_line     0x00000000      0x5ad
 *(.debug_line)
 .debug_line    0x00000000      0x137 SharpSensor.o
 .debug_line    0x00000137       0xe2 app.o
 .debug_line    0x00000219      0x211 ../lcd/lcd.o
 .debug_line    0x0000042a       0x6a /usr/local/CrossPack-AVR-20131216/lib/gcc/avr/4.8.1/avr6/libgcc.a(_udivmodhi4.o)
 .debug_line    0x00000494       0x58 /usr/local/CrossPack-AVR-20131216/lib/gcc/avr/4.8.1/avr6/libgcc.a(_exit.o)
 .debug_line    0x000004ec       0x63 /usr/local/CrossPack-AVR-20131216/lib/gcc/avr/4.8.1/avr6/libgcc.a(_copy_data.o)
 .debug_line    0x0000054f       0x5e /usr/local/CrossPack-AVR-20131216/lib/gcc/avr/4.8.1/avr6/libgcc.a(_clear_bss.o)

.debug_frame    0x00000000      0x230
 *(.debug_frame)
 .debug_frame   0x00000000       0xe4 SharpSensor.o
 .debug_frame   0x000000e4       0x34 app.o
 .debug_frame   0x00000118      0x118 ../lcd/lcd.o

.debug_str      0x00000000      0x37f
 *(.debug_str)
 .debug_str     0x00000000      0x22d SharpSensor.o
                                0x270 (size before relaxing)
 .debug_str     0x0000022d       0x45 app.o
                                0x173 (size before relaxing)
 .debug_str     0x00000272      0x10d ../lcd/lcd.o
                                0x22a (size before relaxing)

.debug_loc      0x00000000      0x914
 *(.debug_loc)
 .debug_loc     0x00000000      0x424 SharpSensor.o
 .debug_loc     0x00000424       0x69 app.o
 .debug_loc     0x0000048d      0x487 ../lcd/lcd.o

.debug_macinfo
 *(.debug_macinfo)

.debug_pubtypes
 *(.debug_pubtypes)

.debug_ranges   0x00000000       0x10
 *(.debug_ranges)
 .debug_ranges  0x00000000       0x10 app.o

.debug_macro
 *(.debug_macro)
OUTPUT(app.out elf32-avr)
LOAD linker stubs
