Archive member included because of file (symbol)

/usr/lib/gcc/avr/4.8.2/../../../avr/lib/avr6/libm.a(addsf3.o)
                              hardware_control.o (__subsf3)
/usr/lib/gcc/avr/4.8.2/../../../avr/lib/avr6/libm.a(addsf3x.o)
                              /usr/lib/gcc/avr/4.8.2/../../../avr/lib/avr6/libm.a(addsf3.o) (__addsf3x)
/usr/lib/gcc/avr/4.8.2/../../../avr/lib/avr6/libm.a(atan2.o)
                              ../map/map.o (atan2)
/usr/lib/gcc/avr/4.8.2/../../../avr/lib/avr6/libm.a(atan.o)
                              /usr/lib/gcc/avr/4.8.2/../../../avr/lib/avr6/libm.a(atan2.o) (atan)
/usr/lib/gcc/avr/4.8.2/../../../avr/lib/avr6/libm.a(cmpsf2.o)
                              ../map/map.o (__ltsf2)
/usr/lib/gcc/avr/4.8.2/../../../avr/lib/avr6/libm.a(divsf3.o)
                              ../map/map.o (__divsf3)
/usr/lib/gcc/avr/4.8.2/../../../avr/lib/avr6/libm.a(divsf3x.o)
                              /usr/lib/gcc/avr/4.8.2/../../../avr/lib/avr6/libm.a(divsf3.o) (__divsf3x)
/usr/lib/gcc/avr/4.8.2/../../../avr/lib/avr6/libm.a(fixsfsi.o)
                              hardware_control.o (__fixsfsi)
/usr/lib/gcc/avr/4.8.2/../../../avr/lib/avr6/libm.a(fixunssfsi.o)
                              hardware_control.o (__fixunssfsi)
/usr/lib/gcc/avr/4.8.2/../../../avr/lib/avr6/libm.a(floatsisf.o)
                              ../move_bot/move_bot.o (__floatunsisf)
/usr/lib/gcc/avr/4.8.2/../../../avr/lib/avr6/libm.a(fmod.o)
                              ../map/map.o (fmod)
/usr/lib/gcc/avr/4.8.2/../../../avr/lib/avr6/libm.a(fp_cmp.o)
                              /usr/lib/gcc/avr/4.8.2/../../../avr/lib/avr6/libm.a(cmpsf2.o) (__fp_cmp)
/usr/lib/gcc/avr/4.8.2/../../../avr/lib/avr6/libm.a(fp_inf.o)
                              /usr/lib/gcc/avr/4.8.2/../../../avr/lib/avr6/libm.a(addsf3x.o) (__fp_inf)
/usr/lib/gcc/avr/4.8.2/../../../avr/lib/avr6/libm.a(fp_mpack.o)
                              /usr/lib/gcc/avr/4.8.2/../../../avr/lib/avr6/libm.a(fmod.o) (__fp_mpack)
/usr/lib/gcc/avr/4.8.2/../../../avr/lib/avr6/libm.a(fp_nan.o)
                              /usr/lib/gcc/avr/4.8.2/../../../avr/lib/avr6/libm.a(addsf3x.o) (__fp_nan)
/usr/lib/gcc/avr/4.8.2/../../../avr/lib/avr6/libm.a(fp_powser.o)
                              /usr/lib/gcc/avr/4.8.2/../../../avr/lib/avr6/libm.a(atan.o) (__fp_powser)
/usr/lib/gcc/avr/4.8.2/../../../avr/lib/avr6/libm.a(fp_pscA.o)
                              /usr/lib/gcc/avr/4.8.2/../../../avr/lib/avr6/libm.a(addsf3x.o) (__fp_pscA)
/usr/lib/gcc/avr/4.8.2/../../../avr/lib/avr6/libm.a(fp_pscB.o)
                              /usr/lib/gcc/avr/4.8.2/../../../avr/lib/avr6/libm.a(addsf3x.o) (__fp_pscB)
/usr/lib/gcc/avr/4.8.2/../../../avr/lib/avr6/libm.a(fp_round.o)
                              /usr/lib/gcc/avr/4.8.2/../../../avr/lib/avr6/libm.a(addsf3.o) (__fp_round)
/usr/lib/gcc/avr/4.8.2/../../../avr/lib/avr6/libm.a(fp_split3.o)
                              /usr/lib/gcc/avr/4.8.2/../../../avr/lib/avr6/libm.a(addsf3x.o) (__fp_split3)
/usr/lib/gcc/avr/4.8.2/../../../avr/lib/avr6/libm.a(fp_zero.o)
                              /usr/lib/gcc/avr/4.8.2/../../../avr/lib/avr6/libm.a(addsf3x.o) (__fp_zero)
/usr/lib/gcc/avr/4.8.2/../../../avr/lib/avr6/libm.a(gesf2.o)
                              ../map/map.o (__gesf2)
/usr/lib/gcc/avr/4.8.2/../../../avr/lib/avr6/libm.a(inverse.o)
                              /usr/lib/gcc/avr/4.8.2/../../../avr/lib/avr6/libm.a(atan.o) (inverse)
/usr/lib/gcc/avr/4.8.2/../../../avr/lib/avr6/libm.a(mulsf3.o)
                              hardware_control.o (__mulsf3)
/usr/lib/gcc/avr/4.8.2/../../../avr/lib/avr6/libm.a(mulsf3x.o)
                              /usr/lib/gcc/avr/4.8.2/../../../avr/lib/avr6/libm.a(atan.o) (__mulsf3x)
/usr/lib/gcc/avr/4.8.2/../../../avr/lib/avr6/libm.a(pow.o)
                              ../seven_segment/seven_segment.o (pow)
/usr/lib/gcc/avr/4.8.2/../../../avr/lib/avr6/libm.a(sqrt.o)
                              hardware_control.o (sqrt)
/usr/lib/gcc/avr/4.8.2/../../../avr/lib/avr6/libm.a(square.o)
                              /usr/lib/gcc/avr/4.8.2/../../../avr/lib/avr6/libm.a(atan.o) (square)
/usr/lib/gcc/avr/4.8.2/../../../avr/lib/avr6/libm.a(exp.o)
                              /usr/lib/gcc/avr/4.8.2/../../../avr/lib/avr6/libm.a(pow.o) (exp)
/usr/lib/gcc/avr/4.8.2/../../../avr/lib/avr6/libm.a(fp_norm2.o)
                              /usr/lib/gcc/avr/4.8.2/../../../avr/lib/avr6/libm.a(sqrt.o) (__fp_norm2)
/usr/lib/gcc/avr/4.8.2/../../../avr/lib/avr6/libm.a(ldexp.o)
                              /usr/lib/gcc/avr/4.8.2/../../../avr/lib/avr6/libm.a(exp.o) (ldexp)
/usr/lib/gcc/avr/4.8.2/../../../avr/lib/avr6/libm.a(log.o)
                              /usr/lib/gcc/avr/4.8.2/../../../avr/lib/avr6/libm.a(pow.o) (log)
/usr/lib/gcc/avr/4.8.2/../../../avr/lib/avr6/libm.a(modf.o)
                              /usr/lib/gcc/avr/4.8.2/../../../avr/lib/avr6/libm.a(exp.o) (modf)
/usr/lib/gcc/avr/4.8.2/avr6/libgcc.a(_udivmodqi4.o)
                              hardware_control.o (__udivmodqi4)
/usr/lib/gcc/avr/4.8.2/avr6/libgcc.a(_udivmodhi4.o)
                              ../lcd/lcd.o (__udivmodhi4)
/usr/lib/gcc/avr/4.8.2/avr6/libgcc.a(_divmodhi4.o)
                              ../seven_segment/seven_segment.o (__divmodhi4)
/usr/lib/gcc/avr/4.8.2/avr6/libgcc.a(_divmodsi4.o)
                              ../timer/timer.o (__divmodsi4)
/usr/lib/gcc/avr/4.8.2/avr6/libgcc.a(_negsi2.o)
                              /usr/lib/gcc/avr/4.8.2/avr6/libgcc.a(_divmodsi4.o) (__negsi2)
/usr/lib/gcc/avr/4.8.2/avr6/libgcc.a(_exit.o)
                              /usr/lib/gcc/avr/4.8.2/../../../avr/lib/avr6/crtm2560.o (exit)
/usr/lib/gcc/avr/4.8.2/avr6/libgcc.a(_copy_data.o)
                              hardware_control.o (__do_copy_data)
/usr/lib/gcc/avr/4.8.2/avr6/libgcc.a(_clear_bss.o)
                              ../map/map.o (__do_clear_bss)
/usr/lib/gcc/avr/4.8.2/avr6/libgcc.a(_udivmodsi4.o)
                              /usr/lib/gcc/avr/4.8.2/avr6/libgcc.a(_divmodsi4.o) (__udivmodsi4)
/usr/lib/gcc/avr/4.8.2/../../../avr/lib/avr6/libc.a(malloc.o)
                              ../map/map.o (malloc)
/usr/lib/gcc/avr/4.8.2/../../../avr/lib/avr6/libc.a(strcmp.o)
                              ../map/map.o (strcmp)
/usr/lib/gcc/avr/4.8.2/../../../avr/lib/avr6/libc.a(puts.o)
                              ../dijkstra/dijkstra.o (puts)
/usr/lib/gcc/avr/4.8.2/../../../avr/lib/avr6/libc.a(vsnprintf.o)
                              ../lcd/lcd.o (vsnprintf)
/usr/lib/gcc/avr/4.8.2/../../../avr/lib/avr6/libc.a(vfprintf_std.o)
                              /usr/lib/gcc/avr/4.8.2/../../../avr/lib/avr6/libc.a(vsnprintf.o) (vfprintf)
/usr/lib/gcc/avr/4.8.2/../../../avr/lib/avr6/libc.a(strnlen_P.o)
                              /usr/lib/gcc/avr/4.8.2/../../../avr/lib/avr6/libc.a(vfprintf_std.o) (strnlen_P)
/usr/lib/gcc/avr/4.8.2/../../../avr/lib/avr6/libc.a(strnlen.o)
                              /usr/lib/gcc/avr/4.8.2/../../../avr/lib/avr6/libc.a(vfprintf_std.o) (strnlen)
/usr/lib/gcc/avr/4.8.2/../../../avr/lib/avr6/libc.a(fputc.o)
                              /usr/lib/gcc/avr/4.8.2/../../../avr/lib/avr6/libc.a(vfprintf_std.o) (fputc)
/usr/lib/gcc/avr/4.8.2/../../../avr/lib/avr6/libc.a(iob.o)
                              /usr/lib/gcc/avr/4.8.2/../../../avr/lib/avr6/libc.a(puts.o) (__iob)
/usr/lib/gcc/avr/4.8.2/../../../avr/lib/avr6/libc.a(ultoa_invert.o)
                              /usr/lib/gcc/avr/4.8.2/../../../avr/lib/avr6/libc.a(vfprintf_std.o) (__ultoa_invert)

Allocating common symbols
Common symbol       size              file

compc_h             0x1               ../timer/timer.o
Degrees             0x2               ../pos_encoder/pos_encoder.o
degrees             0x2               ../move_bot/move_bot.o
million             0x2               ../lcd/lcd.o
curve_info          0x2               ../map/map.o
temp                0x2               ../lcd/lcd.o
compc_val           0x2               ../timer/timer.o
__brkval            0x2               /usr/lib/gcc/avr/4.8.2/../../../avr/lib/avr6/libc.a(malloc.o)
ADC_value           0x1               ../move_bot/move_bot.o
ADC_Value           0x1               ../bl_sensor/bl_sensor.o
compc_l             0x1               ../timer/timer.o
compa_l             0x1               ../timer/timer.o
compb_h             0x1               ../timer/timer.o
found_node          0x2               ../map/map.o
compa_val           0x2               ../timer/timer.o
current_search_name
                    0x2               ../map/map.o
tens                0x2               ../lcd/lcd.o
our_bot             0x2               ../bot_memory/bot_memory.o
our_graph           0x2               ../map/map.o
bot_info            0x2               ../map/map.o
hundred             0x2               ../lcd/lcd.o
__flp               0x2               /usr/lib/gcc/avr/4.8.2/../../../avr/lib/avr6/libc.a(malloc.o)
compa_h             0x1               ../timer/timer.o
unit                0x2               ../lcd/lcd.o
callback            0x2               ../timer/timer.o
thousand            0x2               ../lcd/lcd.o
compb_l             0x1               ../timer/timer.o
__iob               0x6               /usr/lib/gcc/avr/4.8.2/../../../avr/lib/avr6/libc.a(iob.o)
compb_val           0x2               ../timer/timer.o

Memory Configuration

Name             Origin             Length             Attributes
text             0x0000000000000000 0x0000000000100000 xr
data             0x0000000000800200 0x000000000000fe00 rw !x
eeprom           0x0000000000810000 0x0000000000010000 rw !x
fuse             0x0000000000820000 0x0000000000000400 rw !x
lock             0x0000000000830000 0x0000000000000400 rw !x
signature        0x0000000000840000 0x0000000000000400 rw !x
user_signatures  0x0000000000850000 0x0000000000000400 rw !x
*default*        0x0000000000000000 0xffffffffffffffff

Linker script and memory map

Address of section .data set to 0x800200
LOAD /usr/lib/gcc/avr/4.8.2/../../../avr/lib/avr6/crtm2560.o
LOAD hardware_control.o
LOAD app.o
LOAD ../map/map.o
LOAD ../move_bot/move_bot.o
LOAD ../bl_sensor/bl_sensor.o
LOAD ../dijkstra/dijkstra.o
LOAD ../bot_memory/bot_memory.o
LOAD ../pos_encoder/pos_encoder.o
LOAD ../lcd/lcd.o
LOAD ../fake_gcc_fns/fake_gcc_fns.o
LOAD ../timer/timer.o
LOAD ../seven_segment/seven_segment.o
LOAD /usr/lib/gcc/avr/4.8.2/../../../avr/lib/avr6/libm.a
START GROUP
LOAD /usr/lib/gcc/avr/4.8.2/avr6/libgcc.a
LOAD /usr/lib/gcc/avr/4.8.2/../../../avr/lib/avr6/libm.a
LOAD /usr/lib/gcc/avr/4.8.2/../../../avr/lib/avr6/libc.a
END GROUP

.hash
 *(.hash)

.dynsym
 *(.dynsym)

.dynstr
 *(.dynstr)

.gnu.version
 *(.gnu.version)

.gnu.version_d
 *(.gnu.version_d)

.gnu.version_r
 *(.gnu.version_r)

.rel.init
 *(.rel.init)

.rela.init
 *(.rela.init)

.rel.text
 *(.rel.text)
 *(.rel.text.*)
 *(.rel.gnu.linkonce.t*)

.rela.text
 *(.rela.text)
 *(.rela.text.*)
 *(.rela.gnu.linkonce.t*)

.rel.fini
 *(.rel.fini)

.rela.fini
 *(.rela.fini)

.rel.rodata
 *(.rel.rodata)
 *(.rel.rodata.*)
 *(.rel.gnu.linkonce.r*)

.rela.rodata
 *(.rela.rodata)
 *(.rela.rodata.*)
 *(.rela.gnu.linkonce.r*)

.rel.data
 *(.rel.data)
 *(.rel.data.*)
 *(.rel.gnu.linkonce.d*)

.rela.data
 *(.rela.data)
 *(.rela.data.*)
 *(.rela.gnu.linkonce.d*)

.rel.ctors
 *(.rel.ctors)

.rela.ctors
 *(.rela.ctors)

.rel.dtors
 *(.rel.dtors)

.rela.dtors
 *(.rela.dtors)

.rel.got
 *(.rel.got)

.rela.got
 *(.rela.got)

.rel.bss
 *(.rel.bss)

.rela.bss
 *(.rela.bss)

.rel.plt
 *(.rel.plt)

.rela.plt
 *(.rela.plt)

.text           0x0000000000000000     0x42de
 *(.vectors)
 .vectors       0x0000000000000000       0xe4 /usr/lib/gcc/avr/4.8.2/../../../avr/lib/avr6/crtm2560.o
                0x0000000000000000                __vectors
                0x0000000000000000                __vector_default
 *(.vectors)
 *(.progmem.gcc*)
 .progmem.gcc_fplib
                0x00000000000000e4       0x2d /usr/lib/gcc/avr/4.8.2/../../../avr/lib/avr6/libm.a(atan.o)
 .progmem.gcc_fplib
                0x0000000000000111       0x28 /usr/lib/gcc/avr/4.8.2/../../../avr/lib/avr6/libm.a(exp.o)
 .progmem.gcc_fplib
                0x0000000000000139       0x5a /usr/lib/gcc/avr/4.8.2/../../../avr/lib/avr6/libm.a(log.o)
 *(.progmem*)
                0x0000000000000194                . = ALIGN (0x2)
 *fill*         0x0000000000000193        0x1 
                0x0000000000000194                __trampolines_start = .
 *(.trampolines)
 .trampolines   0x0000000000000194       0x10 linker stubs
 *(.trampolines*)
                0x00000000000001a4                __trampolines_end = .
 *(.jumptables)
 *(.jumptables*)
 *(.lowtext)
 *(.lowtext*)
                0x00000000000001a4                __ctors_start = .
 *(.ctors)
                0x00000000000001a4                __ctors_end = .
                0x00000000000001a4                __dtors_start = .
 *(.dtors)
                0x00000000000001a4                __dtors_end = .
 SORT(*)(.ctors)
 SORT(*)(.dtors)
 *(.init0)
 .init0         0x00000000000001a4        0x0 /usr/lib/gcc/avr/4.8.2/../../../avr/lib/avr6/crtm2560.o
                0x00000000000001a4                __init
 *(.init0)
 *(.init1)
 *(.init1)
 *(.init2)
 .init2         0x00000000000001a4       0x10 /usr/lib/gcc/avr/4.8.2/../../../avr/lib/avr6/crtm2560.o
 *(.init2)
 *(.init3)
 *(.init3)
 *(.init4)
 .init4         0x00000000000001b4       0x1a /usr/lib/gcc/avr/4.8.2/avr6/libgcc.a(_copy_data.o)
                0x00000000000001b4                __do_copy_data
 .init4         0x00000000000001ce       0x10 /usr/lib/gcc/avr/4.8.2/avr6/libgcc.a(_clear_bss.o)
                0x00000000000001ce                __do_clear_bss
 *(.init4)
 *(.init5)
 *(.init5)
 *(.init6)
 *(.init6)
 *(.init7)
 *(.init7)
 *(.init8)
 *(.init8)
 *(.init9)
 .init9         0x00000000000001de        0x8 /usr/lib/gcc/avr/4.8.2/../../../avr/lib/avr6/crtm2560.o
 *(.init9)
 *(.text)
 .text          0x00000000000001e6        0x4 /usr/lib/gcc/avr/4.8.2/../../../avr/lib/avr6/crtm2560.o
                0x00000000000001e6                __vector_38
                0x00000000000001e6                __vector_22
                0x00000000000001e6                __vector_28
                0x00000000000001e6                __vector_1
                0x00000000000001e6                __vector_24
                0x00000000000001e6                __vector_12
                0x00000000000001e6                __vector_55
                0x00000000000001e6                __vector_46
                0x00000000000001e6                __bad_interrupt
                0x00000000000001e6                __vector_31
                0x00000000000001e6                __vector_35
                0x00000000000001e6                __vector_39
                0x00000000000001e6                __vector_3
                0x00000000000001e6                __vector_23
                0x00000000000001e6                __vector_30
                0x00000000000001e6                __vector_45
                0x00000000000001e6                __vector_25
                0x00000000000001e6                __vector_11
                0x00000000000001e6                __vector_54
                0x00000000000001e6                __vector_13
                0x00000000000001e6                __vector_17
                0x00000000000001e6                __vector_19
                0x00000000000001e6                __vector_56
                0x00000000000001e6                __vector_7
                0x00000000000001e6                __vector_49
                0x00000000000001e6                __vector_41
                0x00000000000001e6                __vector_43
                0x00000000000001e6                __vector_27
                0x00000000000001e6                __vector_47
                0x00000000000001e6                __vector_52
                0x00000000000001e6                __vector_37
                0x00000000000001e6                __vector_4
                0x00000000000001e6                __vector_44
                0x00000000000001e6                __vector_51
                0x00000000000001e6                __vector_9
                0x00000000000001e6                __vector_2
                0x00000000000001e6                __vector_21
                0x00000000000001e6                __vector_15
                0x00000000000001e6                __vector_36
                0x00000000000001e6                __vector_29
                0x00000000000001e6                __vector_40
                0x00000000000001e6                __vector_8
                0x00000000000001e6                __vector_26
                0x00000000000001e6                __vector_48
                0x00000000000001e6                __vector_14
                0x00000000000001e6                __vector_53
                0x00000000000001e6                __vector_10
                0x00000000000001e6                __vector_50
                0x00000000000001e6                __vector_16
                0x00000000000001e6                __vector_18
                0x00000000000001e6                __vector_20
                0x00000000000001e6                __vector_42
 .text          0x00000000000001ea      0x488 hardware_control.o
                0x00000000000001ea                CurveTowards
                0x000000000000035a                MoveBotToNode
 .text          0x0000000000000672        0x0 app.o
 .text          0x0000000000000672     0x12ee ../map/map.o
                0x0000000000000672                CheckNodeName
                0x00000000000006a0                CreateNode
                0x0000000000000770                ConnectNodes
                0x00000000000007f4                InitGraph
                0x0000000000001642                GetCurrentNode
                0x0000000000001656                DFSEval
                0x00000000000016c0                GetNodeByName
                0x000000000000172a                IndexOfNode
                0x0000000000001744                UpdateNodeInArray
                0x000000000000178c                GetCurveInfo
                0x0000000000001796                GetGraph
                0x00000000000017a0                GetRotationCost
                0x00000000000017ae                GetShortestDeg
                0x00000000000017ca                RadToDeg
                0x00000000000017e4                MakePositiveDeg
                0x0000000000001820                MakePositiveRad
                0x0000000000001866                GetAngularVelocity
                0x0000000000001946                GetCurveDirection
 .text          0x0000000000001960      0x52c ../move_bot/move_bot.o
                0x0000000000001960                MoveBotInitDevices
                0x000000000000196c                IsBlack
                0x000000000000197c                AnyBlack
                0x00000000000019ac                CenterBlack
                0x00000000000019b4                AngleRotate
                0x0000000000001ab0                MoveBot
                0x0000000000001d08                MoveBotForward
                0x0000000000001d3c                RotateBot
                0x0000000000001e58                MoveBotBackward
 .text          0x0000000000001e8c       0xb0 ../bl_sensor/bl_sensor.o
                0x0000000000001e8c                BlSensorAdcPinConfig
                0x0000000000001e9a                BlSensorPortInit
                0x0000000000001e9e                BlSensorTimer5Init
                0x0000000000001ed4                BlSensorAdcInit
                0x0000000000001eee                BlSensorAdcConversion
                0x0000000000001f26                BlSensorGet
                0x0000000000001f2a                BlSensorInitDevices
 .text          0x0000000000001f3c      0x400 ../dijkstra/dijkstra.o
                0x0000000000001f3c                InitNodesDijkstra
                0x0000000000001f54                GetLowestUndone
                0x0000000000001ff8                Dijkstra
                0x0000000000002324                DijkstraFree
 .text          0x000000000000233c       0xf4 ../bot_memory/bot_memory.o
                0x000000000000233c                InitBotInfo
                0x0000000000002426                GetBotInfo
 .text          0x0000000000002430      0x3e2 ../pos_encoder/pos_encoder.o
                0x0000000000002430                PosEncoderMotionPinConfig
                0x0000000000002452                LeftEncoderPinConfig
                0x0000000000002458                RightEncoderPinConfig
                0x000000000000245e                PosEncoderPortInit
                0x000000000000246a                LeftPositionEncoderInterruptInit
                0x000000000000247c                RightPositionEncoderInterruptInit
                0x000000000000248e                PosEncoderTimer5Init
                0x00000000000024c4                __vector_6
                0x000000000000250e                __vector_5
                0x0000000000002558                PosEncoderMotionSet
                0x0000000000002564                PosEncoderVelocity
                0x000000000000256e                PosEncoderForward
                0x0000000000002574                PosEncoderBack
                0x000000000000257a                PosEncoderLeft
                0x0000000000002580                PosEncoderRight
                0x0000000000002586                PosEncoderSoftLeft
                0x000000000000258c                PosEncoderSoftRight
                0x0000000000002592                PosEncoderSoftLeft2
                0x0000000000002598                PosEncoderSoftRight2
                0x000000000000259e                PosEncoderStop
                0x00000000000025a4                PosEncoderAngleRotate
                0x0000000000002624                PosEncoderLinearDistanceMm
                0x00000000000026ae                PosEncoderForwardMm
                0x00000000000026d2                PosEncoderBackMm
                0x00000000000026f6                PosEncoderLeftDegrees
                0x000000000000271a                PosEncoderRightDegrees
                0x000000000000273e                PosEncoderSoftLeftDegrees
                0x0000000000002756                PosEncoderSoftRightDegrees
                0x000000000000276e                PosEncoderSoftLeft2Degrees
                0x0000000000002786                PosEncoderSoftRight2Degrees
                0x000000000000279e                PosEncoderInitDevices
                0x00000000000027b0                PosEncoderRotateBot
                0x00000000000027ca                ResetRightShaft
                0x00000000000027dc                ResetLeftShaft
                0x00000000000027ee                GetShaftCountRight
                0x0000000000002800                GetShaftCountLeft
 .text          0x0000000000002812      0x33e ../lcd/lcd.o
                0x0000000000002812                LcdPortConfig
                0x0000000000002820                LcdPortInit
                0x0000000000002824                LcdInitDevices
                0x000000000000282e                LcdSet4Bit
                0x00000000000028b6                LcdWrCommand
                0x0000000000002900                LcdInit
                0x0000000000002930                LcdWrChar
                0x000000000000297a                LcdHome
                0x0000000000002980                LcdString
                0x00000000000029be                LcdPrintf
                0x0000000000002a14                LcdCursor
                0x0000000000002a40                LcdPrint
 .text          0x0000000000002b50       0x5c ../fake_gcc_fns/fake_gcc_fns.o
                0x0000000000002b50                printf
                0x0000000000002baa                sleep
 .text          0x0000000000002bac      0x318 ../timer/timer.o
                0x0000000000002bac                UpdateDisplay
                0x0000000000002bfa                Timer3Init
                0x0000000000002c4e                __vector_32
                0x0000000000002cd0                __vector_33
                0x0000000000002d24                __vector_34
                0x0000000000002d78                GetCallbackTime
                0x0000000000002d82                VictoryTime
                0x0000000000002d8a                FreezeDisplay
                0x0000000000002d9c                RegisterCallback
                0x0000000000002dc0                GetCurrentTime
                0x0000000000002de8                ResetTime
                0x0000000000002dfa                InitTimer
 .text          0x0000000000002ec4      0x14a ../seven_segment/seven_segment.o
                0x0000000000002ec4                SevenSegmentPinConfig
                0x0000000000002ed6                SevenPortInit
                0x0000000000002eda                SevenInitDevices
                0x0000000000002ee4                SevenConvertToHex
                0x0000000000002f74                SevenDisplayNum
 .text          0x000000000000300e        0x0 /usr/lib/gcc/avr/4.8.2/../../../avr/lib/avr6/libm.a(addsf3.o)
 .text          0x000000000000300e        0x0 /usr/lib/gcc/avr/4.8.2/../../../avr/lib/avr6/libm.a(addsf3x.o)
 .text          0x000000000000300e        0x0 /usr/lib/gcc/avr/4.8.2/../../../avr/lib/avr6/libm.a(atan2.o)
 .text          0x000000000000300e        0x0 /usr/lib/gcc/avr/4.8.2/../../../avr/lib/avr6/libm.a(atan.o)
 .text          0x000000000000300e        0x0 /usr/lib/gcc/avr/4.8.2/../../../avr/lib/avr6/libm.a(cmpsf2.o)
 .text          0x000000000000300e        0x0 /usr/lib/gcc/avr/4.8.2/../../../avr/lib/avr6/libm.a(divsf3.o)
 .text          0x000000000000300e        0x0 /usr/lib/gcc/avr/4.8.2/../../../avr/lib/avr6/libm.a(divsf3x.o)
 .text          0x000000000000300e        0x0 /usr/lib/gcc/avr/4.8.2/../../../avr/lib/avr6/libm.a(fixsfsi.o)
 .text          0x000000000000300e        0x0 /usr/lib/gcc/avr/4.8.2/../../../avr/lib/avr6/libm.a(fixunssfsi.o)
 .text          0x000000000000300e        0x0 /usr/lib/gcc/avr/4.8.2/../../../avr/lib/avr6/libm.a(floatsisf.o)
 .text          0x000000000000300e        0x0 /usr/lib/gcc/avr/4.8.2/../../../avr/lib/avr6/libm.a(fmod.o)
 .text          0x000000000000300e        0x0 /usr/lib/gcc/avr/4.8.2/../../../avr/lib/avr6/libm.a(fp_cmp.o)
 .text          0x000000000000300e        0x0 /usr/lib/gcc/avr/4.8.2/../../../avr/lib/avr6/libm.a(fp_inf.o)
 .text          0x000000000000300e        0x0 /usr/lib/gcc/avr/4.8.2/../../../avr/lib/avr6/libm.a(fp_mpack.o)
 .text          0x000000000000300e        0x0 /usr/lib/gcc/avr/4.8.2/../../../avr/lib/avr6/libm.a(fp_nan.o)
 .text          0x000000000000300e        0x0 /usr/lib/gcc/avr/4.8.2/../../../avr/lib/avr6/libm.a(fp_powser.o)
 .text          0x000000000000300e        0x0 /usr/lib/gcc/avr/4.8.2/../../../avr/lib/avr6/libm.a(fp_pscA.o)
 .text          0x000000000000300e        0x0 /usr/lib/gcc/avr/4.8.2/../../../avr/lib/avr6/libm.a(fp_pscB.o)
 .text          0x000000000000300e        0x0 /usr/lib/gcc/avr/4.8.2/../../../avr/lib/avr6/libm.a(fp_round.o)
 .text          0x000000000000300e        0x0 /usr/lib/gcc/avr/4.8.2/../../../avr/lib/avr6/libm.a(fp_split3.o)
 .text          0x000000000000300e        0x0 /usr/lib/gcc/avr/4.8.2/../../../avr/lib/avr6/libm.a(fp_zero.o)
 .text          0x000000000000300e        0x0 /usr/lib/gcc/avr/4.8.2/../../../avr/lib/avr6/libm.a(gesf2.o)
 .text          0x000000000000300e        0x0 /usr/lib/gcc/avr/4.8.2/../../../avr/lib/avr6/libm.a(inverse.o)
 .text          0x000000000000300e        0x0 /usr/lib/gcc/avr/4.8.2/../../../avr/lib/avr6/libm.a(mulsf3.o)
 .text          0x000000000000300e        0x0 /usr/lib/gcc/avr/4.8.2/../../../avr/lib/avr6/libm.a(mulsf3x.o)
 .text          0x000000000000300e        0x0 /usr/lib/gcc/avr/4.8.2/../../../avr/lib/avr6/libm.a(pow.o)
 .text          0x000000000000300e        0x0 /usr/lib/gcc/avr/4.8.2/../../../avr/lib/avr6/libm.a(sqrt.o)
 .text          0x000000000000300e        0x0 /usr/lib/gcc/avr/4.8.2/../../../avr/lib/avr6/libm.a(square.o)
 .text          0x000000000000300e        0x0 /usr/lib/gcc/avr/4.8.2/../../../avr/lib/avr6/libm.a(exp.o)
 .text          0x000000000000300e        0x0 /usr/lib/gcc/avr/4.8.2/../../../avr/lib/avr6/libm.a(fp_norm2.o)
 .text          0x000000000000300e        0x0 /usr/lib/gcc/avr/4.8.2/../../../avr/lib/avr6/libm.a(ldexp.o)
 .text          0x000000000000300e        0x0 /usr/lib/gcc/avr/4.8.2/../../../avr/lib/avr6/libm.a(log.o)
 .text          0x000000000000300e        0x0 /usr/lib/gcc/avr/4.8.2/../../../avr/lib/avr6/libm.a(modf.o)
 .text          0x000000000000300e        0x0 /usr/lib/gcc/avr/4.8.2/avr6/libgcc.a(_udivmodqi4.o)
 .text          0x000000000000300e        0x0 /usr/lib/gcc/avr/4.8.2/avr6/libgcc.a(_udivmodhi4.o)
 .text          0x000000000000300e        0x0 /usr/lib/gcc/avr/4.8.2/avr6/libgcc.a(_divmodhi4.o)
 .text          0x000000000000300e        0x0 /usr/lib/gcc/avr/4.8.2/avr6/libgcc.a(_divmodsi4.o)
 .text          0x000000000000300e        0x0 /usr/lib/gcc/avr/4.8.2/avr6/libgcc.a(_negsi2.o)
 .text          0x000000000000300e        0x0 /usr/lib/gcc/avr/4.8.2/avr6/libgcc.a(_exit.o)
 .text          0x000000000000300e        0x0 /usr/lib/gcc/avr/4.8.2/avr6/libgcc.a(_copy_data.o)
 .text          0x000000000000300e        0x0 /usr/lib/gcc/avr/4.8.2/avr6/libgcc.a(_clear_bss.o)
 .text          0x000000000000300e        0x0 /usr/lib/gcc/avr/4.8.2/avr6/libgcc.a(_udivmodsi4.o)
 .text          0x000000000000300e        0x0 /usr/lib/gcc/avr/4.8.2/../../../avr/lib/avr6/libc.a(malloc.o)
 .text          0x000000000000300e        0x0 /usr/lib/gcc/avr/4.8.2/../../../avr/lib/avr6/libc.a(strcmp.o)
 .text          0x000000000000300e        0x0 /usr/lib/gcc/avr/4.8.2/../../../avr/lib/avr6/libc.a(puts.o)
 .text          0x000000000000300e        0x0 /usr/lib/gcc/avr/4.8.2/../../../avr/lib/avr6/libc.a(vsnprintf.o)
 .text          0x000000000000300e        0x0 /usr/lib/gcc/avr/4.8.2/../../../avr/lib/avr6/libc.a(vfprintf_std.o)
 .text          0x000000000000300e        0x0 /usr/lib/gcc/avr/4.8.2/../../../avr/lib/avr6/libc.a(strnlen_P.o)
 .text          0x000000000000300e        0x0 /usr/lib/gcc/avr/4.8.2/../../../avr/lib/avr6/libc.a(strnlen.o)
 .text          0x000000000000300e        0x0 /usr/lib/gcc/avr/4.8.2/../../../avr/lib/avr6/libc.a(fputc.o)
 .text          0x000000000000300e        0x0 /usr/lib/gcc/avr/4.8.2/../../../avr/lib/avr6/libc.a(iob.o)
 .text          0x000000000000300e        0x0 /usr/lib/gcc/avr/4.8.2/../../../avr/lib/avr6/libc.a(ultoa_invert.o)
                0x000000000000300e                . = ALIGN (0x2)
 *(.text.*)
 .text.startup  0x000000000000300e       0x7c app.o
                0x000000000000300e                main
 .text.avr-libc.fplib
                0x000000000000308a        0xa /usr/lib/gcc/avr/4.8.2/../../../avr/lib/avr6/libm.a(addsf3.o)
                0x000000000000308a                __subsf3
                0x000000000000308c                __addsf3
 .text.avr-libc.fplib
                0x0000000000003094       0xc0 /usr/lib/gcc/avr/4.8.2/../../../avr/lib/avr6/libm.a(addsf3x.o)
                0x00000000000030ae                __addsf3x
 .text.avr-libc.fplib
                0x0000000000003154       0x74 /usr/lib/gcc/avr/4.8.2/../../../avr/lib/avr6/libm.a(atan2.o)
                0x0000000000003172                atan2
 .text.avr-libc.fplib
                0x00000000000031c8       0x50 /usr/lib/gcc/avr/4.8.2/../../../avr/lib/avr6/libm.a(atan.o)
                0x00000000000031c8                atan
 .text.avr-libc.fplib
                0x0000000000003218        0x8 /usr/lib/gcc/avr/4.8.2/../../../avr/lib/avr6/libm.a(cmpsf2.o)
                0x0000000000003218                __lesf2
                0x0000000000003218                __nesf2
                0x0000000000003218                __eqsf2
                0x0000000000003218                __cmpsf2
                0x0000000000003218                __ltsf2
 .text.avr-libc.fplib
                0x0000000000003220        0x4 /usr/lib/gcc/avr/4.8.2/../../../avr/lib/avr6/libm.a(divsf3.o)
                0x0000000000003220                __divsf3
 .text.avr-libc.fplib
                0x0000000000003224       0xcc /usr/lib/gcc/avr/4.8.2/../../../avr/lib/avr6/libm.a(divsf3x.o)
                0x000000000000323a                __divsf3x
                0x000000000000323e                __divsf3_pse
 .text.avr-libc.fplib
                0x00000000000032f0        0xa /usr/lib/gcc/avr/4.8.2/../../../avr/lib/avr6/libm.a(fixsfsi.o)
                0x00000000000032f0                __fixsfsi
 .text.avr-libc.fplib
                0x00000000000032fa       0x58 /usr/lib/gcc/avr/4.8.2/../../../avr/lib/avr6/libm.a(fixunssfsi.o)
                0x00000000000032fa                __fixunssfsi
 .text.avr-libc.fplib
                0x0000000000003352       0x7a /usr/lib/gcc/avr/4.8.2/../../../avr/lib/avr6/libm.a(floatsisf.o)
                0x0000000000003352                __floatunsisf
                0x0000000000003356                __floatsisf
 .text.avr-libc.fplib
                0x00000000000033cc       0x9c /usr/lib/gcc/avr/4.8.2/../../../avr/lib/avr6/libm.a(fmod.o)
                0x00000000000033da                fmod
 .text.avr-libc.fplib
                0x0000000000003468       0x48 /usr/lib/gcc/avr/4.8.2/../../../avr/lib/avr6/libm.a(fp_cmp.o)
                0x0000000000003468                __fp_cmp
 .text.avr-libc.fplib
                0x00000000000034b0        0xc /usr/lib/gcc/avr/4.8.2/../../../avr/lib/avr6/libm.a(fp_inf.o)
                0x00000000000034b0                __fp_inf
 .text.avr-libc.fplib
                0x00000000000034bc       0x1c /usr/lib/gcc/avr/4.8.2/../../../avr/lib/avr6/libm.a(fp_mpack.o)
                0x00000000000034bc                __fp_mpack
                0x00000000000034c0                __fp_mpack_finite
 .text.avr-libc.fplib
                0x00000000000034d8        0x6 /usr/lib/gcc/avr/4.8.2/../../../avr/lib/avr6/libm.a(fp_nan.o)
                0x00000000000034d8                __fp_nan
 .text.avr-libc.fplib
                0x00000000000034de       0x4a /usr/lib/gcc/avr/4.8.2/../../../avr/lib/avr6/libm.a(fp_powser.o)
                0x00000000000034de                __fp_powser
 .text.avr-libc.fplib
                0x0000000000003528        0xe /usr/lib/gcc/avr/4.8.2/../../../avr/lib/avr6/libm.a(fp_pscA.o)
                0x0000000000003528                __fp_pscA
 .text.avr-libc.fplib
                0x0000000000003536        0xe /usr/lib/gcc/avr/4.8.2/../../../avr/lib/avr6/libm.a(fp_pscB.o)
                0x0000000000003536                __fp_pscB
 .text.avr-libc.fplib
                0x0000000000003544       0x22 /usr/lib/gcc/avr/4.8.2/../../../avr/lib/avr6/libm.a(fp_round.o)
                0x0000000000003544                __fp_round
 .text.avr-libc.fplib
                0x0000000000003566       0x44 /usr/lib/gcc/avr/4.8.2/../../../avr/lib/avr6/libm.a(fp_split3.o)
                0x0000000000003566                __fp_split3
                0x0000000000003576                __fp_splitA
 .text.avr-libc.fplib
                0x00000000000035aa        0xe /usr/lib/gcc/avr/4.8.2/../../../avr/lib/avr6/libm.a(fp_zero.o)
                0x00000000000035aa                __fp_zero
                0x00000000000035ac                __fp_szero
 .text.avr-libc.fplib
                0x00000000000035b8        0x8 /usr/lib/gcc/avr/4.8.2/../../../avr/lib/avr6/libm.a(gesf2.o)
                0x00000000000035b8                __gtsf2
                0x00000000000035b8                __gesf2
 .text.avr-libc.fplib
                0x00000000000035c0        0xe /usr/lib/gcc/avr/4.8.2/../../../avr/lib/avr6/libm.a(inverse.o)
                0x00000000000035c0                inverse
 .text.avr-libc.fplib
                0x00000000000035ce        0x4 /usr/lib/gcc/avr/4.8.2/../../../avr/lib/avr6/libm.a(mulsf3.o)
                0x00000000000035ce                __mulsf3
 .text.avr-libc.fplib
                0x00000000000035d2       0xc2 /usr/lib/gcc/avr/4.8.2/../../../avr/lib/avr6/libm.a(mulsf3x.o)
                0x00000000000035e6                __mulsf3x
                0x00000000000035ea                __mulsf3_pse
 .text.avr-libc.fplib
                0x0000000000003694       0x98 /usr/lib/gcc/avr/4.8.2/../../../avr/lib/avr6/libm.a(pow.o)
                0x0000000000003694                pow
 .text.avr-libc.fplib
                0x000000000000372c       0x84 /usr/lib/gcc/avr/4.8.2/../../../avr/lib/avr6/libm.a(sqrt.o)
                0x0000000000003734                sqrt
 .text.avr-libc.fplib
                0x00000000000037b0        0x6 /usr/lib/gcc/avr/4.8.2/../../../avr/lib/avr6/libm.a(square.o)
                0x00000000000037b0                square
 .text.avr-libc.fplib
                0x00000000000037b6       0x62 /usr/lib/gcc/avr/4.8.2/../../../avr/lib/avr6/libm.a(exp.o)
                0x00000000000037c0                exp
 .text.avr-libc.fplib
                0x0000000000003818        0xe /usr/lib/gcc/avr/4.8.2/../../../avr/lib/avr6/libm.a(fp_norm2.o)
                0x0000000000003818                __fp_norm2
 .text.avr-libc.fplib
                0x0000000000003826       0x6c /usr/lib/gcc/avr/4.8.2/../../../avr/lib/avr6/libm.a(ldexp.o)
                0x000000000000382a                ldexp
 .text.avr-libc.fplib
                0x0000000000003892       0x8a /usr/lib/gcc/avr/4.8.2/../../../avr/lib/avr6/libm.a(log.o)
                0x000000000000389c                log
 .text.avr-libc.fplib
                0x000000000000391c       0x66 /usr/lib/gcc/avr/4.8.2/../../../avr/lib/avr6/libm.a(modf.o)
                0x000000000000391c                modff
                0x000000000000391c                modf
 .text.libgcc.mul
                0x0000000000003982        0x0 /usr/lib/gcc/avr/4.8.2/avr6/libgcc.a(_udivmodqi4.o)
 .text.libgcc.div
                0x0000000000003982       0x18 /usr/lib/gcc/avr/4.8.2/avr6/libgcc.a(_udivmodqi4.o)
                0x0000000000003982                __udivmodqi4
 .text.libgcc   0x000000000000399a        0x0 /usr/lib/gcc/avr/4.8.2/avr6/libgcc.a(_udivmodqi4.o)
 .text.libgcc.prologue
                0x000000000000399a        0x0 /usr/lib/gcc/avr/4.8.2/avr6/libgcc.a(_udivmodqi4.o)
 .text.libgcc.builtins
                0x000000000000399a        0x0 /usr/lib/gcc/avr/4.8.2/avr6/libgcc.a(_udivmodqi4.o)
 .text.libgcc.fmul
                0x000000000000399a        0x0 /usr/lib/gcc/avr/4.8.2/avr6/libgcc.a(_udivmodqi4.o)
 .text.libgcc.fixed
                0x000000000000399a        0x0 /usr/lib/gcc/avr/4.8.2/avr6/libgcc.a(_udivmodqi4.o)
 .text.libgcc.mul
                0x000000000000399a        0x0 /usr/lib/gcc/avr/4.8.2/avr6/libgcc.a(_udivmodhi4.o)
 .text.libgcc.div
                0x000000000000399a       0x28 /usr/lib/gcc/avr/4.8.2/avr6/libgcc.a(_udivmodhi4.o)
                0x000000000000399a                __udivmodhi4
 .text.libgcc   0x00000000000039c2        0x0 /usr/lib/gcc/avr/4.8.2/avr6/libgcc.a(_udivmodhi4.o)
 .text.libgcc.prologue
                0x00000000000039c2        0x0 /usr/lib/gcc/avr/4.8.2/avr6/libgcc.a(_udivmodhi4.o)
 .text.libgcc.builtins
                0x00000000000039c2        0x0 /usr/lib/gcc/avr/4.8.2/avr6/libgcc.a(_udivmodhi4.o)
 .text.libgcc.fmul
                0x00000000000039c2        0x0 /usr/lib/gcc/avr/4.8.2/avr6/libgcc.a(_udivmodhi4.o)
 .text.libgcc.fixed
                0x00000000000039c2        0x0 /usr/lib/gcc/avr/4.8.2/avr6/libgcc.a(_udivmodhi4.o)
 .text.libgcc.mul
                0x00000000000039c2        0x0 /usr/lib/gcc/avr/4.8.2/avr6/libgcc.a(_divmodhi4.o)
 .text.libgcc.div
                0x00000000000039c2       0x28 /usr/lib/gcc/avr/4.8.2/avr6/libgcc.a(_divmodhi4.o)
                0x00000000000039c2                __divmodhi4
                0x00000000000039c2                _div
 .text.libgcc   0x00000000000039ea        0x0 /usr/lib/gcc/avr/4.8.2/avr6/libgcc.a(_divmodhi4.o)
 .text.libgcc.prologue
                0x00000000000039ea        0x0 /usr/lib/gcc/avr/4.8.2/avr6/libgcc.a(_divmodhi4.o)
 .text.libgcc.builtins
                0x00000000000039ea        0x0 /usr/lib/gcc/avr/4.8.2/avr6/libgcc.a(_divmodhi4.o)
 .text.libgcc.fmul
                0x00000000000039ea        0x0 /usr/lib/gcc/avr/4.8.2/avr6/libgcc.a(_divmodhi4.o)
 .text.libgcc.fixed
                0x00000000000039ea        0x0 /usr/lib/gcc/avr/4.8.2/avr6/libgcc.a(_divmodhi4.o)
 .text.libgcc.mul
                0x00000000000039ea        0x0 /usr/lib/gcc/avr/4.8.2/avr6/libgcc.a(_divmodsi4.o)
 .text.libgcc.div
                0x00000000000039ea       0x2e /usr/lib/gcc/avr/4.8.2/avr6/libgcc.a(_divmodsi4.o)
                0x00000000000039ea                __divmodsi4
 .text.libgcc   0x0000000000003a18        0x0 /usr/lib/gcc/avr/4.8.2/avr6/libgcc.a(_divmodsi4.o)
 .text.libgcc.prologue
                0x0000000000003a18        0x0 /usr/lib/gcc/avr/4.8.2/avr6/libgcc.a(_divmodsi4.o)
 .text.libgcc.builtins
                0x0000000000003a18        0x0 /usr/lib/gcc/avr/4.8.2/avr6/libgcc.a(_divmodsi4.o)
 .text.libgcc.fmul
                0x0000000000003a18        0x0 /usr/lib/gcc/avr/4.8.2/avr6/libgcc.a(_divmodsi4.o)
 .text.libgcc.fixed
                0x0000000000003a18        0x0 /usr/lib/gcc/avr/4.8.2/avr6/libgcc.a(_divmodsi4.o)
 .text.libgcc.mul
                0x0000000000003a18        0x0 /usr/lib/gcc/avr/4.8.2/avr6/libgcc.a(_negsi2.o)
 .text.libgcc.div
                0x0000000000003a18       0x10 /usr/lib/gcc/avr/4.8.2/avr6/libgcc.a(_negsi2.o)
                0x0000000000003a18                __negsi2
 .text.libgcc   0x0000000000003a28        0x0 /usr/lib/gcc/avr/4.8.2/avr6/libgcc.a(_negsi2.o)
 .text.libgcc.prologue
                0x0000000000003a28        0x0 /usr/lib/gcc/avr/4.8.2/avr6/libgcc.a(_negsi2.o)
 .text.libgcc.builtins
                0x0000000000003a28        0x0 /usr/lib/gcc/avr/4.8.2/avr6/libgcc.a(_negsi2.o)
 .text.libgcc.fmul
                0x0000000000003a28        0x0 /usr/lib/gcc/avr/4.8.2/avr6/libgcc.a(_negsi2.o)
 .text.libgcc.fixed
                0x0000000000003a28        0x0 /usr/lib/gcc/avr/4.8.2/avr6/libgcc.a(_negsi2.o)
 .text.libgcc.mul
                0x0000000000003a28        0x0 /usr/lib/gcc/avr/4.8.2/avr6/libgcc.a(_exit.o)
 .text.libgcc.div
                0x0000000000003a28        0x0 /usr/lib/gcc/avr/4.8.2/avr6/libgcc.a(_exit.o)
 .text.libgcc   0x0000000000003a28        0x0 /usr/lib/gcc/avr/4.8.2/avr6/libgcc.a(_exit.o)
 .text.libgcc.prologue
                0x0000000000003a28        0x0 /usr/lib/gcc/avr/4.8.2/avr6/libgcc.a(_exit.o)
 .text.libgcc.builtins
                0x0000000000003a28        0x0 /usr/lib/gcc/avr/4.8.2/avr6/libgcc.a(_exit.o)
 .text.libgcc.fmul
                0x0000000000003a28        0x0 /usr/lib/gcc/avr/4.8.2/avr6/libgcc.a(_exit.o)
 .text.libgcc.fixed
                0x0000000000003a28        0x0 /usr/lib/gcc/avr/4.8.2/avr6/libgcc.a(_exit.o)
 .text.libgcc.mul
                0x0000000000003a28        0x0 /usr/lib/gcc/avr/4.8.2/avr6/libgcc.a(_copy_data.o)
 .text.libgcc.div
                0x0000000000003a28        0x0 /usr/lib/gcc/avr/4.8.2/avr6/libgcc.a(_copy_data.o)
 .text.libgcc   0x0000000000003a28        0x0 /usr/lib/gcc/avr/4.8.2/avr6/libgcc.a(_copy_data.o)
 .text.libgcc.prologue
                0x0000000000003a28        0x0 /usr/lib/gcc/avr/4.8.2/avr6/libgcc.a(_copy_data.o)
 .text.libgcc.builtins
                0x0000000000003a28        0x0 /usr/lib/gcc/avr/4.8.2/avr6/libgcc.a(_copy_data.o)
 .text.libgcc.fmul
                0x0000000000003a28        0x0 /usr/lib/gcc/avr/4.8.2/avr6/libgcc.a(_copy_data.o)
 .text.libgcc.fixed
                0x0000000000003a28        0x0 /usr/lib/gcc/avr/4.8.2/avr6/libgcc.a(_copy_data.o)
 .text.libgcc.mul
                0x0000000000003a28        0x0 /usr/lib/gcc/avr/4.8.2/avr6/libgcc.a(_clear_bss.o)
 .text.libgcc.div
                0x0000000000003a28        0x0 /usr/lib/gcc/avr/4.8.2/avr6/libgcc.a(_clear_bss.o)
 .text.libgcc   0x0000000000003a28        0x0 /usr/lib/gcc/avr/4.8.2/avr6/libgcc.a(_clear_bss.o)
 .text.libgcc.prologue
                0x0000000000003a28        0x0 /usr/lib/gcc/avr/4.8.2/avr6/libgcc.a(_clear_bss.o)
 .text.libgcc.builtins
                0x0000000000003a28        0x0 /usr/lib/gcc/avr/4.8.2/avr6/libgcc.a(_clear_bss.o)
 .text.libgcc.fmul
                0x0000000000003a28        0x0 /usr/lib/gcc/avr/4.8.2/avr6/libgcc.a(_clear_bss.o)
 .text.libgcc.fixed
                0x0000000000003a28        0x0 /usr/lib/gcc/avr/4.8.2/avr6/libgcc.a(_clear_bss.o)
 .text.libgcc.mul
                0x0000000000003a28        0x0 /usr/lib/gcc/avr/4.8.2/avr6/libgcc.a(_udivmodsi4.o)
 .text.libgcc.div
                0x0000000000003a28       0x44 /usr/lib/gcc/avr/4.8.2/avr6/libgcc.a(_udivmodsi4.o)
                0x0000000000003a28                __udivmodsi4
 .text.libgcc   0x0000000000003a6c        0x0 /usr/lib/gcc/avr/4.8.2/avr6/libgcc.a(_udivmodsi4.o)
 .text.libgcc.prologue
                0x0000000000003a6c        0x0 /usr/lib/gcc/avr/4.8.2/avr6/libgcc.a(_udivmodsi4.o)
 .text.libgcc.builtins
                0x0000000000003a6c        0x0 /usr/lib/gcc/avr/4.8.2/avr6/libgcc.a(_udivmodsi4.o)
 .text.libgcc.fmul
                0x0000000000003a6c        0x0 /usr/lib/gcc/avr/4.8.2/avr6/libgcc.a(_udivmodsi4.o)
 .text.libgcc.fixed
                0x0000000000003a6c        0x0 /usr/lib/gcc/avr/4.8.2/avr6/libgcc.a(_udivmodsi4.o)
 .text.avr-libc
                0x0000000000003a6c      0x24e /usr/lib/gcc/avr/4.8.2/../../../avr/lib/avr6/libc.a(malloc.o)
                0x0000000000003a6c                malloc
                0x0000000000003b9c                free
 .text.avr-libc
                0x0000000000003cba       0x12 /usr/lib/gcc/avr/4.8.2/../../../avr/lib/avr6/libc.a(strcmp.o)
                0x0000000000003cba                strcmp
 .text.avr-libc
                0x0000000000003ccc       0x5a /usr/lib/gcc/avr/4.8.2/../../../avr/lib/avr6/libc.a(puts.o)
                0x0000000000003ccc                puts
 .text.avr-libc
                0x0000000000003d26       0x72 /usr/lib/gcc/avr/4.8.2/../../../avr/lib/avr6/libc.a(vsnprintf.o)
                0x0000000000003d26                vsnprintf
 .text.avr-libc
                0x0000000000003d98      0x3f6 /usr/lib/gcc/avr/4.8.2/../../../avr/lib/avr6/libc.a(vfprintf_std.o)
                0x0000000000003d98                vfprintf
 .text.avr-libc
                0x000000000000418e       0x16 /usr/lib/gcc/avr/4.8.2/../../../avr/lib/avr6/libc.a(strnlen_P.o)
                0x000000000000418e                strnlen_P
 .text.avr-libc
                0x00000000000041a4       0x16 /usr/lib/gcc/avr/4.8.2/../../../avr/lib/avr6/libc.a(strnlen.o)
                0x00000000000041a4                strnlen
 .text.avr-libc
                0x00000000000041ba       0x64 /usr/lib/gcc/avr/4.8.2/../../../avr/lib/avr6/libc.a(fputc.o)
                0x00000000000041ba                fputc
 .text.avr-libc
                0x000000000000421e       0xbc /usr/lib/gcc/avr/4.8.2/../../../avr/lib/avr6/libc.a(ultoa_invert.o)
                0x000000000000421e                __ultoa_invert
                0x00000000000042da                . = ALIGN (0x2)
 *(.fini9)
 .fini9         0x00000000000042da        0x0 /usr/lib/gcc/avr/4.8.2/avr6/libgcc.a(_exit.o)
                0x00000000000042da                exit
                0x00000000000042da                _exit
 *(.fini9)
 *(.fini8)
 *(.fini8)
 *(.fini7)
 *(.fini7)
 *(.fini6)
 *(.fini6)
 *(.fini5)
 *(.fini5)
 *(.fini4)
 *(.fini4)
 *(.fini3)
 *(.fini3)
 *(.fini2)
 *(.fini2)
 *(.fini1)
 *(.fini1)
 *(.fini0)
 .fini0         0x00000000000042da        0x4 /usr/lib/gcc/avr/4.8.2/avr6/libgcc.a(_exit.o)
 *(.fini0)
                0x00000000000042de                _etext = .

.data           0x0000000000800200      0x1aa load address 0x00000000000042de
                0x0000000000800200                PROVIDE (__data_start, .)
 *(.data)
 .data          0x0000000000800200        0x0 /usr/lib/gcc/avr/4.8.2/../../../avr/lib/avr6/crtm2560.o
 .data          0x0000000000800200        0x0 hardware_control.o
 .data          0x0000000000800200        0x0 app.o
 .data          0x0000000000800200        0x0 ../map/map.o
 .data          0x0000000000800200        0x2 ../move_bot/move_bot.o
                0x0000000000800200                correction_val_backward
                0x0000000000800201                correction_val_forward
 .data          0x0000000000800202        0x0 ../bl_sensor/bl_sensor.o
 .data          0x0000000000800202        0x0 ../dijkstra/dijkstra.o
 .data          0x0000000000800202        0x0 ../bot_memory/bot_memory.o
 .data          0x0000000000800202        0x0 ../pos_encoder/pos_encoder.o
 .data          0x0000000000800202        0x0 ../lcd/lcd.o
 .data          0x0000000000800202        0x0 ../fake_gcc_fns/fake_gcc_fns.o
 .data          0x0000000000800202        0xa ../timer/timer.o
                0x0000000000800202                frozen_time
                0x0000000000800204                refresh_rate
                0x0000000000800206                prescaler
                0x0000000000800208                freq
 .data          0x000000000080020c        0x0 ../seven_segment/seven_segment.o
 .data          0x000000000080020c        0x0 /usr/lib/gcc/avr/4.8.2/../../../avr/lib/avr6/libm.a(addsf3.o)
 .data          0x000000000080020c        0x0 /usr/lib/gcc/avr/4.8.2/../../../avr/lib/avr6/libm.a(addsf3x.o)
 .data          0x000000000080020c        0x0 /usr/lib/gcc/avr/4.8.2/../../../avr/lib/avr6/libm.a(atan2.o)
 .data          0x000000000080020c        0x0 /usr/lib/gcc/avr/4.8.2/../../../avr/lib/avr6/libm.a(atan.o)
 .data          0x000000000080020c        0x0 /usr/lib/gcc/avr/4.8.2/../../../avr/lib/avr6/libm.a(cmpsf2.o)
 .data          0x000000000080020c        0x0 /usr/lib/gcc/avr/4.8.2/../../../avr/lib/avr6/libm.a(divsf3.o)
 .data          0x000000000080020c        0x0 /usr/lib/gcc/avr/4.8.2/../../../avr/lib/avr6/libm.a(divsf3x.o)
 .data          0x000000000080020c        0x0 /usr/lib/gcc/avr/4.8.2/../../../avr/lib/avr6/libm.a(fixsfsi.o)
 .data          0x000000000080020c        0x0 /usr/lib/gcc/avr/4.8.2/../../../avr/lib/avr6/libm.a(fixunssfsi.o)
 .data          0x000000000080020c        0x0 /usr/lib/gcc/avr/4.8.2/../../../avr/lib/avr6/libm.a(floatsisf.o)
 .data          0x000000000080020c        0x0 /usr/lib/gcc/avr/4.8.2/../../../avr/lib/avr6/libm.a(fmod.o)
 .data          0x000000000080020c        0x0 /usr/lib/gcc/avr/4.8.2/../../../avr/lib/avr6/libm.a(fp_cmp.o)
 .data          0x000000000080020c        0x0 /usr/lib/gcc/avr/4.8.2/../../../avr/lib/avr6/libm.a(fp_inf.o)
 .data          0x000000000080020c        0x0 /usr/lib/gcc/avr/4.8.2/../../../avr/lib/avr6/libm.a(fp_mpack.o)
 .data          0x000000000080020c        0x0 /usr/lib/gcc/avr/4.8.2/../../../avr/lib/avr6/libm.a(fp_nan.o)
 .data          0x000000000080020c        0x0 /usr/lib/gcc/avr/4.8.2/../../../avr/lib/avr6/libm.a(fp_powser.o)
 .data          0x000000000080020c        0x0 /usr/lib/gcc/avr/4.8.2/../../../avr/lib/avr6/libm.a(fp_pscA.o)
 .data          0x000000000080020c        0x0 /usr/lib/gcc/avr/4.8.2/../../../avr/lib/avr6/libm.a(fp_pscB.o)
 .data          0x000000000080020c        0x0 /usr/lib/gcc/avr/4.8.2/../../../avr/lib/avr6/libm.a(fp_round.o)
 .data          0x000000000080020c        0x0 /usr/lib/gcc/avr/4.8.2/../../../avr/lib/avr6/libm.a(fp_split3.o)
 .data          0x000000000080020c        0x0 /usr/lib/gcc/avr/4.8.2/../../../avr/lib/avr6/libm.a(fp_zero.o)
 .data          0x000000000080020c        0x0 /usr/lib/gcc/avr/4.8.2/../../../avr/lib/avr6/libm.a(gesf2.o)
 .data          0x000000000080020c        0x0 /usr/lib/gcc/avr/4.8.2/../../../avr/lib/avr6/libm.a(inverse.o)
 .data          0x000000000080020c        0x0 /usr/lib/gcc/avr/4.8.2/../../../avr/lib/avr6/libm.a(mulsf3.o)
 .data          0x000000000080020c        0x0 /usr/lib/gcc/avr/4.8.2/../../../avr/lib/avr6/libm.a(mulsf3x.o)
 .data          0x000000000080020c        0x0 /usr/lib/gcc/avr/4.8.2/../../../avr/lib/avr6/libm.a(pow.o)
 .data          0x000000000080020c        0x0 /usr/lib/gcc/avr/4.8.2/../../../avr/lib/avr6/libm.a(sqrt.o)
 .data          0x000000000080020c        0x0 /usr/lib/gcc/avr/4.8.2/../../../avr/lib/avr6/libm.a(square.o)
 .data          0x000000000080020c        0x0 /usr/lib/gcc/avr/4.8.2/../../../avr/lib/avr6/libm.a(exp.o)
 .data          0x000000000080020c        0x0 /usr/lib/gcc/avr/4.8.2/../../../avr/lib/avr6/libm.a(fp_norm2.o)
 .data          0x000000000080020c        0x0 /usr/lib/gcc/avr/4.8.2/../../../avr/lib/avr6/libm.a(ldexp.o)
 .data          0x000000000080020c        0x0 /usr/lib/gcc/avr/4.8.2/../../../avr/lib/avr6/libm.a(log.o)
 .data          0x000000000080020c        0x0 /usr/lib/gcc/avr/4.8.2/../../../avr/lib/avr6/libm.a(modf.o)
 .data          0x000000000080020c        0x0 /usr/lib/gcc/avr/4.8.2/avr6/libgcc.a(_udivmodqi4.o)
 .data          0x000000000080020c        0x0 /usr/lib/gcc/avr/4.8.2/avr6/libgcc.a(_udivmodhi4.o)
 .data          0x000000000080020c        0x0 /usr/lib/gcc/avr/4.8.2/avr6/libgcc.a(_divmodhi4.o)
 .data          0x000000000080020c        0x0 /usr/lib/gcc/avr/4.8.2/avr6/libgcc.a(_divmodsi4.o)
 .data          0x000000000080020c        0x0 /usr/lib/gcc/avr/4.8.2/avr6/libgcc.a(_negsi2.o)
 .data          0x000000000080020c        0x0 /usr/lib/gcc/avr/4.8.2/avr6/libgcc.a(_exit.o)
 .data          0x000000000080020c        0x0 /usr/lib/gcc/avr/4.8.2/avr6/libgcc.a(_copy_data.o)
 .data          0x000000000080020c        0x0 /usr/lib/gcc/avr/4.8.2/avr6/libgcc.a(_clear_bss.o)
 .data          0x000000000080020c        0x0 /usr/lib/gcc/avr/4.8.2/avr6/libgcc.a(_udivmodsi4.o)
 .data          0x000000000080020c        0x6 /usr/lib/gcc/avr/4.8.2/../../../avr/lib/avr6/libc.a(malloc.o)
                0x000000000080020c                __malloc_heap_end
                0x000000000080020e                __malloc_heap_start
                0x0000000000800210                __malloc_margin
 .data          0x0000000000800212        0x0 /usr/lib/gcc/avr/4.8.2/../../../avr/lib/avr6/libc.a(strcmp.o)
 .data          0x0000000000800212        0x0 /usr/lib/gcc/avr/4.8.2/../../../avr/lib/avr6/libc.a(puts.o)
 .data          0x0000000000800212        0x0 /usr/lib/gcc/avr/4.8.2/../../../avr/lib/avr6/libc.a(vsnprintf.o)
 .data          0x0000000000800212        0x0 /usr/lib/gcc/avr/4.8.2/../../../avr/lib/avr6/libc.a(vfprintf_std.o)
 .data          0x0000000000800212        0x0 /usr/lib/gcc/avr/4.8.2/../../../avr/lib/avr6/libc.a(strnlen_P.o)
 .data          0x0000000000800212        0x0 /usr/lib/gcc/avr/4.8.2/../../../avr/lib/avr6/libc.a(strnlen.o)
 .data          0x0000000000800212        0x0 /usr/lib/gcc/avr/4.8.2/../../../avr/lib/avr6/libc.a(fputc.o)
 .data          0x0000000000800212        0x0 /usr/lib/gcc/avr/4.8.2/../../../avr/lib/avr6/libc.a(iob.o)
 .data          0x0000000000800212        0x0 /usr/lib/gcc/avr/4.8.2/../../../avr/lib/avr6/libc.a(ultoa_invert.o)
 *(.data*)
 *(.rodata)
 .rodata        0x0000000000800212        0x2 hardware_control.o
                0x0000000000800212                curve_offset
 .rodata        0x0000000000800214        0x6 ../move_bot/move_bot.o
                0x0000000000800214                distance_to_fix
                0x0000000000800216                dist_threshold
                0x0000000000800218                rotation_threshold
 .rodata        0x000000000080021a        0x2 ../dijkstra/dijkstra.o
                0x000000000080021a                curve_deg_change
 .rodata        0x000000000080021c        0x2 ../timer/timer.o
                0x000000000080021c                FREEZE_TIME
 *(.rodata*)
 .rodata.str1.1
                0x000000000080021e       0x16 hardware_control.o
 .rodata.str1.1
                0x0000000000800234       0x1f app.o
 .rodata.str1.1
                0x0000000000800253      0x10a ../map/map.o
                                        0x11a (size before relaxing)
 .rodata.str1.1
                0x000000000080035d       0x4d ../dijkstra/dijkstra.o
 *(.gnu.linkonce.d*)
                0x00000000008003aa                . = ALIGN (0x2)
                0x00000000008003aa                _edata = .
                0x00000000008003aa                PROVIDE (__data_end, .)

.bss            0x00000000008003aa       0x52
                0x00000000008003aa                PROVIDE (__bss_start, .)
 *(.bss)
 .bss           0x00000000008003aa        0x0 /usr/lib/gcc/avr/4.8.2/../../../avr/lib/avr6/crtm2560.o
 .bss           0x00000000008003aa        0x0 hardware_control.o
 .bss           0x00000000008003aa        0x0 app.o
 .bss           0x00000000008003aa        0x0 ../map/map.o
 .bss           0x00000000008003aa        0x9 ../move_bot/move_bot.o
                0x00000000008003aa                last_right
                0x00000000008003ac                last_center
                0x00000000008003ae                last_left
                0x00000000008003b0                right_black_line
                0x00000000008003b1                center_black_line
                0x00000000008003b2                left_black_line
 .bss           0x00000000008003b3        0x4 ../bl_sensor/bl_sensor.o
                0x00000000008003b3                Right_black_line
                0x00000000008003b4                Center_black_line
                0x00000000008003b5                Left_black_line
                0x00000000008003b6                flag
 .bss           0x00000000008003b7        0x0 ../dijkstra/dijkstra.o
 .bss           0x00000000008003b7        0x0 ../bot_memory/bot_memory.o
 .bss           0x00000000008003b7        0x8 ../pos_encoder/pos_encoder.o
                0x00000000008003b7                ShaftCountRight
                0x00000000008003bb                ShaftCountLeft
 .bss           0x00000000008003bf        0x0 ../lcd/lcd.o
 .bss           0x00000000008003bf        0x0 ../fake_gcc_fns/fake_gcc_fns.o
 .bss           0x00000000008003bf        0x7 ../timer/timer.o
                0x00000000008003bf                all_delivered
                0x00000000008003c0                callback_delay
                0x00000000008003c2                time_count
 .bss           0x00000000008003c6        0x0 ../seven_segment/seven_segment.o
 .bss           0x00000000008003c6        0x0 /usr/lib/gcc/avr/4.8.2/../../../avr/lib/avr6/libm.a(addsf3.o)
 .bss           0x00000000008003c6        0x0 /usr/lib/gcc/avr/4.8.2/../../../avr/lib/avr6/libm.a(addsf3x.o)
 .bss           0x00000000008003c6        0x0 /usr/lib/gcc/avr/4.8.2/../../../avr/lib/avr6/libm.a(atan2.o)
 .bss           0x00000000008003c6        0x0 /usr/lib/gcc/avr/4.8.2/../../../avr/lib/avr6/libm.a(atan.o)
 .bss           0x00000000008003c6        0x0 /usr/lib/gcc/avr/4.8.2/../../../avr/lib/avr6/libm.a(cmpsf2.o)
 .bss           0x00000000008003c6        0x0 /usr/lib/gcc/avr/4.8.2/../../../avr/lib/avr6/libm.a(divsf3.o)
 .bss           0x00000000008003c6        0x0 /usr/lib/gcc/avr/4.8.2/../../../avr/lib/avr6/libm.a(divsf3x.o)
 .bss           0x00000000008003c6        0x0 /usr/lib/gcc/avr/4.8.2/../../../avr/lib/avr6/libm.a(fixsfsi.o)
 .bss           0x00000000008003c6        0x0 /usr/lib/gcc/avr/4.8.2/../../../avr/lib/avr6/libm.a(fixunssfsi.o)
 .bss           0x00000000008003c6        0x0 /usr/lib/gcc/avr/4.8.2/../../../avr/lib/avr6/libm.a(floatsisf.o)
 .bss           0x00000000008003c6        0x0 /usr/lib/gcc/avr/4.8.2/../../../avr/lib/avr6/libm.a(fmod.o)
 .bss           0x00000000008003c6        0x0 /usr/lib/gcc/avr/4.8.2/../../../avr/lib/avr6/libm.a(fp_cmp.o)
 .bss           0x00000000008003c6        0x0 /usr/lib/gcc/avr/4.8.2/../../../avr/lib/avr6/libm.a(fp_inf.o)
 .bss           0x00000000008003c6        0x0 /usr/lib/gcc/avr/4.8.2/../../../avr/lib/avr6/libm.a(fp_mpack.o)
 .bss           0x00000000008003c6        0x0 /usr/lib/gcc/avr/4.8.2/../../../avr/lib/avr6/libm.a(fp_nan.o)
 .bss           0x00000000008003c6        0x0 /usr/lib/gcc/avr/4.8.2/../../../avr/lib/avr6/libm.a(fp_powser.o)
 .bss           0x00000000008003c6        0x0 /usr/lib/gcc/avr/4.8.2/../../../avr/lib/avr6/libm.a(fp_pscA.o)
 .bss           0x00000000008003c6        0x0 /usr/lib/gcc/avr/4.8.2/../../../avr/lib/avr6/libm.a(fp_pscB.o)
 .bss           0x00000000008003c6        0x0 /usr/lib/gcc/avr/4.8.2/../../../avr/lib/avr6/libm.a(fp_round.o)
 .bss           0x00000000008003c6        0x0 /usr/lib/gcc/avr/4.8.2/../../../avr/lib/avr6/libm.a(fp_split3.o)
 .bss           0x00000000008003c6        0x0 /usr/lib/gcc/avr/4.8.2/../../../avr/lib/avr6/libm.a(fp_zero.o)
 .bss           0x00000000008003c6        0x0 /usr/lib/gcc/avr/4.8.2/../../../avr/lib/avr6/libm.a(gesf2.o)
 .bss           0x00000000008003c6        0x0 /usr/lib/gcc/avr/4.8.2/../../../avr/lib/avr6/libm.a(inverse.o)
 .bss           0x00000000008003c6        0x0 /usr/lib/gcc/avr/4.8.2/../../../avr/lib/avr6/libm.a(mulsf3.o)
 .bss           0x00000000008003c6        0x0 /usr/lib/gcc/avr/4.8.2/../../../avr/lib/avr6/libm.a(mulsf3x.o)
 .bss           0x00000000008003c6        0x0 /usr/lib/gcc/avr/4.8.2/../../../avr/lib/avr6/libm.a(pow.o)
 .bss           0x00000000008003c6        0x0 /usr/lib/gcc/avr/4.8.2/../../../avr/lib/avr6/libm.a(sqrt.o)
 .bss           0x00000000008003c6        0x0 /usr/lib/gcc/avr/4.8.2/../../../avr/lib/avr6/libm.a(square.o)
 .bss           0x00000000008003c6        0x0 /usr/lib/gcc/avr/4.8.2/../../../avr/lib/avr6/libm.a(exp.o)
 .bss           0x00000000008003c6        0x0 /usr/lib/gcc/avr/4.8.2/../../../avr/lib/avr6/libm.a(fp_norm2.o)
 .bss           0x00000000008003c6        0x0 /usr/lib/gcc/avr/4.8.2/../../../avr/lib/avr6/libm.a(ldexp.o)
 .bss           0x00000000008003c6        0x0 /usr/lib/gcc/avr/4.8.2/../../../avr/lib/avr6/libm.a(log.o)
 .bss           0x00000000008003c6        0x0 /usr/lib/gcc/avr/4.8.2/../../../avr/lib/avr6/libm.a(modf.o)
 .bss           0x00000000008003c6        0x0 /usr/lib/gcc/avr/4.8.2/avr6/libgcc.a(_udivmodqi4.o)
 .bss           0x00000000008003c6        0x0 /usr/lib/gcc/avr/4.8.2/avr6/libgcc.a(_udivmodhi4.o)
 .bss           0x00000000008003c6        0x0 /usr/lib/gcc/avr/4.8.2/avr6/libgcc.a(_divmodhi4.o)
 .bss           0x00000000008003c6        0x0 /usr/lib/gcc/avr/4.8.2/avr6/libgcc.a(_divmodsi4.o)
 .bss           0x00000000008003c6        0x0 /usr/lib/gcc/avr/4.8.2/avr6/libgcc.a(_negsi2.o)
 .bss           0x00000000008003c6        0x0 /usr/lib/gcc/avr/4.8.2/avr6/libgcc.a(_exit.o)
 .bss           0x00000000008003c6        0x0 /usr/lib/gcc/avr/4.8.2/avr6/libgcc.a(_copy_data.o)
 .bss           0x00000000008003c6        0x0 /usr/lib/gcc/avr/4.8.2/avr6/libgcc.a(_clear_bss.o)
 .bss           0x00000000008003c6        0x0 /usr/lib/gcc/avr/4.8.2/avr6/libgcc.a(_udivmodsi4.o)
 .bss           0x00000000008003c6        0x0 /usr/lib/gcc/avr/4.8.2/../../../avr/lib/avr6/libc.a(malloc.o)
 .bss           0x00000000008003c6        0x0 /usr/lib/gcc/avr/4.8.2/../../../avr/lib/avr6/libc.a(strcmp.o)
 .bss           0x00000000008003c6        0x0 /usr/lib/gcc/avr/4.8.2/../../../avr/lib/avr6/libc.a(puts.o)
 .bss           0x00000000008003c6        0x0 /usr/lib/gcc/avr/4.8.2/../../../avr/lib/avr6/libc.a(vsnprintf.o)
 .bss           0x00000000008003c6        0x0 /usr/lib/gcc/avr/4.8.2/../../../avr/lib/avr6/libc.a(vfprintf_std.o)
 .bss           0x00000000008003c6        0x0 /usr/lib/gcc/avr/4.8.2/../../../avr/lib/avr6/libc.a(strnlen_P.o)
 .bss           0x00000000008003c6        0x0 /usr/lib/gcc/avr/4.8.2/../../../avr/lib/avr6/libc.a(strnlen.o)
 .bss           0x00000000008003c6        0x0 /usr/lib/gcc/avr/4.8.2/../../../avr/lib/avr6/libc.a(fputc.o)
 .bss           0x00000000008003c6        0x0 /usr/lib/gcc/avr/4.8.2/../../../avr/lib/avr6/libc.a(iob.o)
 .bss           0x00000000008003c6        0x0 /usr/lib/gcc/avr/4.8.2/../../../avr/lib/avr6/libc.a(ultoa_invert.o)
 *(.bss*)
 *(COMMON)
 COMMON         0x00000000008003c6        0xa ../map/map.o
                0x00000000008003c6                curve_info
                0x00000000008003c8                found_node
                0x00000000008003ca                current_search_name
                0x00000000008003cc                our_graph
                0x00000000008003ce                bot_info
 COMMON         0x00000000008003d0        0x3 ../move_bot/move_bot.o
                0x00000000008003d0                degrees
                0x00000000008003d2                ADC_value
 COMMON         0x00000000008003d3        0x1 ../bl_sensor/bl_sensor.o
                0x00000000008003d3                ADC_Value
 COMMON         0x00000000008003d4        0x2 ../bot_memory/bot_memory.o
                0x00000000008003d4                our_bot
 COMMON         0x00000000008003d6        0x2 ../pos_encoder/pos_encoder.o
                0x00000000008003d6                Degrees
 COMMON         0x00000000008003d8        0xc ../lcd/lcd.o
                0x00000000008003d8                million
                0x00000000008003da                temp
                0x00000000008003dc                tens
                0x00000000008003de                hundred
                0x00000000008003e0                unit
                0x00000000008003e2                thousand
 COMMON         0x00000000008003e4        0xe ../timer/timer.o
                0x00000000008003e4                compc_h
                0x00000000008003e5                compc_val
                0x00000000008003e7                compc_l
                0x00000000008003e8                compa_l
                0x00000000008003e9                compb_h
                0x00000000008003ea                compa_val
                0x00000000008003ec                compa_h
                0x00000000008003ed                callback
                0x00000000008003ef                compb_l
                0x00000000008003f0                compb_val
 COMMON         0x00000000008003f2        0x4 /usr/lib/gcc/avr/4.8.2/../../../avr/lib/avr6/libc.a(malloc.o)
                0x00000000008003f2                __brkval
                0x00000000008003f4                __flp
 COMMON         0x00000000008003f6        0x6 /usr/lib/gcc/avr/4.8.2/../../../avr/lib/avr6/libc.a(iob.o)
                0x00000000008003f6                __iob
                0x00000000008003fc                PROVIDE (__bss_end, .)
                0x00000000000042de                __data_load_start = LOADADDR (.data)
                0x0000000000004488                __data_load_end = (__data_load_start + SIZEOF (.data))

.noinit         0x00000000008003fc        0x0
                0x00000000008003fc                PROVIDE (__noinit_start, .)
 *(.noinit*)
                0x00000000008003fc                PROVIDE (__noinit_end, .)
                0x00000000008003fc                _end = .
                0x00000000008003fc                PROVIDE (__heap_start, .)

.eeprom         0x0000000000810000        0x0
 *(.eeprom*)
                0x0000000000810000                __eeprom_end = .

.fuse
 *(.fuse)
 *(.lfuse)
 *(.hfuse)
 *(.efuse)

.lock
 *(.lock*)

.signature
 *(.signature*)

.user_signatures
 *(.user_signatures*)

.stab           0x0000000000000000     0xe4f0
 *(.stab)
 .stab          0x0000000000000000      0x6e4 /usr/lib/gcc/avr/4.8.2/../../../avr/lib/avr6/crtm2560.o
 .stab          0x00000000000006e4      0xab0 hardware_control.o
                                        0xabc (size before relaxing)
 .stab          0x0000000000001194      0x414 app.o
                                        0x7f8 (size before relaxing)
 .stab          0x00000000000015a8     0x1878 ../map/map.o
                                       0x1b18 (size before relaxing)
 .stab          0x0000000000002e20      0xd2c ../move_bot/move_bot.o
                                        0xf24 (size before relaxing)
 .stab          0x0000000000003b4c      0x684 ../bl_sensor/bl_sensor.o
                                        0x84c (size before relaxing)
 .stab          0x00000000000041d0      0x87c ../dijkstra/dijkstra.o
                                        0xad4 (size before relaxing)
 .stab          0x0000000000004a4c      0x4ec ../bot_memory/bot_memory.o
                                        0x810 (size before relaxing)
 .stab          0x0000000000004f38     0x117c ../pos_encoder/pos_encoder.o
                                       0x1398 (size before relaxing)
 .stab          0x00000000000060b4      0xd38 ../lcd/lcd.o
                                        0xf54 (size before relaxing)
 .stab          0x0000000000006dec      0x3b4 ../fake_gcc_fns/fake_gcc_fns.o
                                        0x5d0 (size before relaxing)
 .stab          0x00000000000071a0      0x930 ../timer/timer.o
                                        0xb4c (size before relaxing)
 .stab          0x0000000000007ad0      0x5a0 ../seven_segment/seven_segment.o
                                        0x7bc (size before relaxing)
 .stab          0x0000000000008070       0x78 /usr/lib/gcc/avr/4.8.2/../../../avr/lib/avr6/libm.a(addsf3.o)
                                         0x84 (size before relaxing)
 .stab          0x00000000000080e8      0x4bc /usr/lib/gcc/avr/4.8.2/../../../avr/lib/avr6/libm.a(addsf3x.o)
                                        0x4c8 (size before relaxing)
 .stab          0x00000000000085a4      0x2f4 /usr/lib/gcc/avr/4.8.2/../../../avr/lib/avr6/libm.a(atan2.o)
                                        0x300 (size before relaxing)
 .stab          0x0000000000008898      0x210 /usr/lib/gcc/avr/4.8.2/../../../avr/lib/avr6/libm.a(atan.o)
                                        0x21c (size before relaxing)
 .stab          0x0000000000008aa8       0x90 /usr/lib/gcc/avr/4.8.2/../../../avr/lib/avr6/libm.a(cmpsf2.o)
                                         0x9c (size before relaxing)
 .stab          0x0000000000008b38       0x48 /usr/lib/gcc/avr/4.8.2/../../../avr/lib/avr6/libm.a(divsf3.o)
                                         0x54 (size before relaxing)
 .stab          0x0000000000008b80      0x510 /usr/lib/gcc/avr/4.8.2/../../../avr/lib/avr6/libm.a(divsf3x.o)
                                        0x51c (size before relaxing)
 .stab          0x0000000000009090       0x6c /usr/lib/gcc/avr/4.8.2/../../../avr/lib/avr6/libm.a(fixsfsi.o)
                                         0x78 (size before relaxing)
 .stab          0x00000000000090fc      0x240 /usr/lib/gcc/avr/4.8.2/../../../avr/lib/avr6/libm.a(fixunssfsi.o)
                                        0x24c (size before relaxing)
 .stab          0x000000000000933c      0x318 /usr/lib/gcc/avr/4.8.2/../../../avr/lib/avr6/libm.a(floatsisf.o)
                                        0x324 (size before relaxing)
 .stab          0x0000000000009654      0x3e4 /usr/lib/gcc/avr/4.8.2/../../../avr/lib/avr6/libm.a(fmod.o)
                                        0x3f0 (size before relaxing)
 .stab          0x0000000000009a38      0x1e0 /usr/lib/gcc/avr/4.8.2/../../../avr/lib/avr6/libm.a(fp_cmp.o)
                                        0x1ec (size before relaxing)
 .stab          0x0000000000009c18       0x78 /usr/lib/gcc/avr/4.8.2/../../../avr/lib/avr6/libm.a(fp_inf.o)
                                         0x84 (size before relaxing)
 .stab          0x0000000000009c90       0xe4 /usr/lib/gcc/avr/4.8.2/../../../avr/lib/avr6/libm.a(fp_mpack.o)
                                         0xf0 (size before relaxing)
 .stab          0x0000000000009d74       0x54 /usr/lib/gcc/avr/4.8.2/../../../avr/lib/avr6/libm.a(fp_nan.o)
                                         0x60 (size before relaxing)
 .stab          0x0000000000009dc8      0x1ec /usr/lib/gcc/avr/4.8.2/../../../avr/lib/avr6/libm.a(fp_powser.o)
                                        0x1f8 (size before relaxing)
 .stab          0x0000000000009fb4       0x84 /usr/lib/gcc/avr/4.8.2/../../../avr/lib/avr6/libm.a(fp_pscA.o)
                                         0x90 (size before relaxing)
 .stab          0x000000000000a038       0x84 /usr/lib/gcc/avr/4.8.2/../../../avr/lib/avr6/libm.a(fp_pscB.o)
                                         0x90 (size before relaxing)
 .stab          0x000000000000a0bc       0xfc /usr/lib/gcc/avr/4.8.2/../../../avr/lib/avr6/libm.a(fp_round.o)
                                        0x108 (size before relaxing)
 .stab          0x000000000000a1b8      0x1d4 /usr/lib/gcc/avr/4.8.2/../../../avr/lib/avr6/libm.a(fp_split3.o)
                                        0x1e0 (size before relaxing)
 .stab          0x000000000000a38c       0x90 /usr/lib/gcc/avr/4.8.2/../../../avr/lib/avr6/libm.a(fp_zero.o)
                                         0x9c (size before relaxing)
 .stab          0x000000000000a41c       0x6c /usr/lib/gcc/avr/4.8.2/../../../avr/lib/avr6/libm.a(gesf2.o)
                                         0x78 (size before relaxing)
 .stab          0x000000000000a488       0x84 /usr/lib/gcc/avr/4.8.2/../../../avr/lib/avr6/libm.a(inverse.o)
                                         0x90 (size before relaxing)
 .stab          0x000000000000a50c       0x48 /usr/lib/gcc/avr/4.8.2/../../../avr/lib/avr6/libm.a(mulsf3.o)
                                         0x54 (size before relaxing)
 .stab          0x000000000000a554      0x4d4 /usr/lib/gcc/avr/4.8.2/../../../avr/lib/avr6/libm.a(mulsf3x.o)
                                        0x4e0 (size before relaxing)
 .stab          0x000000000000aa28      0x3c0 /usr/lib/gcc/avr/4.8.2/../../../avr/lib/avr6/libm.a(pow.o)
                                        0x3cc (size before relaxing)
 .stab          0x000000000000ade8      0x354 /usr/lib/gcc/avr/4.8.2/../../../avr/lib/avr6/libm.a(sqrt.o)
                                        0x360 (size before relaxing)
 .stab          0x000000000000b13c       0x54 /usr/lib/gcc/avr/4.8.2/../../../avr/lib/avr6/libm.a(square.o)
                                         0x60 (size before relaxing)
 .stab          0x000000000000b190      0x288 /usr/lib/gcc/avr/4.8.2/../../../avr/lib/avr6/libm.a(exp.o)
                                        0x294 (size before relaxing)
 .stab          0x000000000000b418       0x84 /usr/lib/gcc/avr/4.8.2/../../../avr/lib/avr6/libm.a(fp_norm2.o)
                                         0x90 (size before relaxing)
 .stab          0x000000000000b49c      0x2c4 /usr/lib/gcc/avr/4.8.2/../../../avr/lib/avr6/libm.a(ldexp.o)
                                        0x2d0 (size before relaxing)
 .stab          0x000000000000b760      0x378 /usr/lib/gcc/avr/4.8.2/../../../avr/lib/avr6/libm.a(log.o)
                                        0x384 (size before relaxing)
 .stab          0x000000000000bad8      0x2a0 /usr/lib/gcc/avr/4.8.2/../../../avr/lib/avr6/libm.a(modf.o)
                                        0x2ac (size before relaxing)
 .stab          0x000000000000bd78      0x8b8 /usr/lib/gcc/avr/4.8.2/../../../avr/lib/avr6/libc.a(malloc.o)
                                        0x8e8 (size before relaxing)
 .stab          0x000000000000c630       0x84 /usr/lib/gcc/avr/4.8.2/../../../avr/lib/avr6/libc.a(strcmp.o)
                                         0x90 (size before relaxing)
 .stab          0x000000000000c6b4      0x384 /usr/lib/gcc/avr/4.8.2/../../../avr/lib/avr6/libc.a(puts.o)
                                        0x54c (size before relaxing)
 .stab          0x000000000000ca38      0x3a8 /usr/lib/gcc/avr/4.8.2/../../../avr/lib/avr6/libc.a(vsnprintf.o)
                                        0x588 (size before relaxing)
 .stab          0x000000000000cde0      0xb58 /usr/lib/gcc/avr/4.8.2/../../../avr/lib/avr6/libc.a(vfprintf_std.o)
                                        0xd80 (size before relaxing)
 .stab          0x000000000000d938       0x9c /usr/lib/gcc/avr/4.8.2/../../../avr/lib/avr6/libc.a(strnlen_P.o)
                                         0xa8 (size before relaxing)
 .stab          0x000000000000d9d4       0x9c /usr/lib/gcc/avr/4.8.2/../../../avr/lib/avr6/libc.a(strnlen.o)
                                         0xa8 (size before relaxing)
 .stab          0x000000000000da70      0x354 /usr/lib/gcc/avr/4.8.2/../../../avr/lib/avr6/libc.a(fputc.o)
                                        0x534 (size before relaxing)
 .stab          0x000000000000ddc4      0x2ac /usr/lib/gcc/avr/4.8.2/../../../avr/lib/avr6/libc.a(iob.o)
                                        0x48c (size before relaxing)
 .stab          0x000000000000e070      0x480 /usr/lib/gcc/avr/4.8.2/../../../avr/lib/avr6/libc.a(ultoa_invert.o)
                                        0x48c (size before relaxing)

.stabstr        0x0000000000000000     0x4f0c
 *(.stabstr)
 .stabstr       0x0000000000000000     0x4f0c /usr/lib/gcc/avr/4.8.2/../../../avr/lib/avr6/crtm2560.o

.stab.excl
 *(.stab.excl)

.stab.exclstr
 *(.stab.exclstr)

.stab.index
 *(.stab.index)

.stab.indexstr
 *(.stab.indexstr)

.comment        0x0000000000000000       0x11
 *(.comment)
 .comment       0x0000000000000000       0x11 hardware_control.o
                                         0x12 (size before relaxing)
 .comment       0x0000000000000000       0x12 app.o
 .comment       0x0000000000000000       0x12 ../map/map.o
 .comment       0x0000000000000000       0x12 ../move_bot/move_bot.o
 .comment       0x0000000000000000       0x12 ../bl_sensor/bl_sensor.o
 .comment       0x0000000000000000       0x12 ../dijkstra/dijkstra.o
 .comment       0x0000000000000000       0x12 ../bot_memory/bot_memory.o
 .comment       0x0000000000000000       0x12 ../pos_encoder/pos_encoder.o
 .comment       0x0000000000000000       0x12 ../lcd/lcd.o
 .comment       0x0000000000000000       0x12 ../fake_gcc_fns/fake_gcc_fns.o
 .comment       0x0000000000000000       0x12 ../timer/timer.o
 .comment       0x0000000000000000       0x12 ../seven_segment/seven_segment.o
 .comment       0x0000000000000000       0x12 /usr/lib/gcc/avr/4.8.2/../../../avr/lib/avr6/libc.a(malloc.o)
 .comment       0x0000000000000000       0x12 /usr/lib/gcc/avr/4.8.2/../../../avr/lib/avr6/libc.a(puts.o)
 .comment       0x0000000000000000       0x12 /usr/lib/gcc/avr/4.8.2/../../../avr/lib/avr6/libc.a(vsnprintf.o)
 .comment       0x0000000000000000       0x12 /usr/lib/gcc/avr/4.8.2/../../../avr/lib/avr6/libc.a(vfprintf_std.o)
 .comment       0x0000000000000000       0x12 /usr/lib/gcc/avr/4.8.2/../../../avr/lib/avr6/libc.a(fputc.o)
 .comment       0x0000000000000000       0x12 /usr/lib/gcc/avr/4.8.2/../../../avr/lib/avr6/libc.a(iob.o)

.debug
 *(.debug)

.line
 *(.line)

.debug_srcinfo
 *(.debug_srcinfo)

.debug_sfnames
 *(.debug_sfnames)

.debug_aranges
 *(.debug_aranges)

.debug_pubnames
 *(.debug_pubnames)

.debug_info
 *(.debug_info)
 *(.gnu.linkonce.wi.*)

.debug_abbrev
 *(.debug_abbrev)

.debug_line
 *(.debug_line)

.debug_frame
 *(.debug_frame)

.debug_str
 *(.debug_str)

.debug_loc
 *(.debug_loc)

.debug_macinfo
 *(.debug_macinfo)

.debug_pubtypes
 *(.debug_pubtypes)

.debug_ranges
 *(.debug_ranges)

.debug_macro
 *(.debug_macro)
OUTPUT(app.out elf32-avr)
LOAD linker stubs
