Archive member included because of file (symbol)

/usr/lib/gcc/avr/4.8.2/../../../avr/lib/avr6/libm.a(addsf3.o)
                              hardware_control.o (__subsf3)
/usr/lib/gcc/avr/4.8.2/../../../avr/lib/avr6/libm.a(addsf3x.o)
                              /usr/lib/gcc/avr/4.8.2/../../../avr/lib/avr6/libm.a(addsf3.o) (__addsf3x)
/usr/lib/gcc/avr/4.8.2/../../../avr/lib/avr6/libm.a(atan2.o)
                              ../map/map.o (atan2)
/usr/lib/gcc/avr/4.8.2/../../../avr/lib/avr6/libm.a(atan.o)
                              /usr/lib/gcc/avr/4.8.2/../../../avr/lib/avr6/libm.a(atan2.o) (atan)
/usr/lib/gcc/avr/4.8.2/../../../avr/lib/avr6/libm.a(cmpsf2.o)
                              ../map/map.o (__ltsf2)
/usr/lib/gcc/avr/4.8.2/../../../avr/lib/avr6/libm.a(divsf3.o)
                              ../map/map.o (__divsf3)
/usr/lib/gcc/avr/4.8.2/../../../avr/lib/avr6/libm.a(divsf3x.o)
                              /usr/lib/gcc/avr/4.8.2/../../../avr/lib/avr6/libm.a(divsf3.o) (__divsf3x)
/usr/lib/gcc/avr/4.8.2/../../../avr/lib/avr6/libm.a(fixsfsi.o)
                              hardware_control.o (__fixsfsi)
/usr/lib/gcc/avr/4.8.2/../../../avr/lib/avr6/libm.a(fixunssfsi.o)
                              hardware_control.o (__fixunssfsi)
/usr/lib/gcc/avr/4.8.2/../../../avr/lib/avr6/libm.a(floatsisf.o)
                              ../move_bot/move_bot.o (__floatunsisf)
/usr/lib/gcc/avr/4.8.2/../../../avr/lib/avr6/libm.a(fmod.o)
                              ../map/map.o (fmod)
/usr/lib/gcc/avr/4.8.2/../../../avr/lib/avr6/libm.a(fp_cmp.o)
                              /usr/lib/gcc/avr/4.8.2/../../../avr/lib/avr6/libm.a(cmpsf2.o) (__fp_cmp)
/usr/lib/gcc/avr/4.8.2/../../../avr/lib/avr6/libm.a(fp_inf.o)
                              /usr/lib/gcc/avr/4.8.2/../../../avr/lib/avr6/libm.a(addsf3x.o) (__fp_inf)
/usr/lib/gcc/avr/4.8.2/../../../avr/lib/avr6/libm.a(fp_mpack.o)
                              /usr/lib/gcc/avr/4.8.2/../../../avr/lib/avr6/libm.a(fmod.o) (__fp_mpack)
/usr/lib/gcc/avr/4.8.2/../../../avr/lib/avr6/libm.a(fp_nan.o)
                              /usr/lib/gcc/avr/4.8.2/../../../avr/lib/avr6/libm.a(addsf3x.o) (__fp_nan)
/usr/lib/gcc/avr/4.8.2/../../../avr/lib/avr6/libm.a(fp_powser.o)
                              /usr/lib/gcc/avr/4.8.2/../../../avr/lib/avr6/libm.a(atan.o) (__fp_powser)
/usr/lib/gcc/avr/4.8.2/../../../avr/lib/avr6/libm.a(fp_pscA.o)
                              /usr/lib/gcc/avr/4.8.2/../../../avr/lib/avr6/libm.a(addsf3x.o) (__fp_pscA)
/usr/lib/gcc/avr/4.8.2/../../../avr/lib/avr6/libm.a(fp_pscB.o)
                              /usr/lib/gcc/avr/4.8.2/../../../avr/lib/avr6/libm.a(addsf3x.o) (__fp_pscB)
/usr/lib/gcc/avr/4.8.2/../../../avr/lib/avr6/libm.a(fp_round.o)
                              /usr/lib/gcc/avr/4.8.2/../../../avr/lib/avr6/libm.a(addsf3.o) (__fp_round)
/usr/lib/gcc/avr/4.8.2/../../../avr/lib/avr6/libm.a(fp_split3.o)
                              /usr/lib/gcc/avr/4.8.2/../../../avr/lib/avr6/libm.a(addsf3x.o) (__fp_split3)
/usr/lib/gcc/avr/4.8.2/../../../avr/lib/avr6/libm.a(fp_zero.o)
                              /usr/lib/gcc/avr/4.8.2/../../../avr/lib/avr6/libm.a(addsf3x.o) (__fp_zero)
/usr/lib/gcc/avr/4.8.2/../../../avr/lib/avr6/libm.a(gesf2.o)
                              ../map/map.o (__gesf2)
/usr/lib/gcc/avr/4.8.2/../../../avr/lib/avr6/libm.a(inverse.o)
                              /usr/lib/gcc/avr/4.8.2/../../../avr/lib/avr6/libm.a(atan.o) (inverse)
/usr/lib/gcc/avr/4.8.2/../../../avr/lib/avr6/libm.a(mulsf3.o)
                              hardware_control.o (__mulsf3)
/usr/lib/gcc/avr/4.8.2/../../../avr/lib/avr6/libm.a(mulsf3x.o)
                              /usr/lib/gcc/avr/4.8.2/../../../avr/lib/avr6/libm.a(atan.o) (__mulsf3x)
/usr/lib/gcc/avr/4.8.2/../../../avr/lib/avr6/libm.a(pow.o)
                              ../seven_segment/seven_segment.o (pow)
/usr/lib/gcc/avr/4.8.2/../../../avr/lib/avr6/libm.a(sqrt.o)
                              hardware_control.o (sqrt)
/usr/lib/gcc/avr/4.8.2/../../../avr/lib/avr6/libm.a(square.o)
                              /usr/lib/gcc/avr/4.8.2/../../../avr/lib/avr6/libm.a(atan.o) (square)
/usr/lib/gcc/avr/4.8.2/../../../avr/lib/avr6/libm.a(exp.o)
                              /usr/lib/gcc/avr/4.8.2/../../../avr/lib/avr6/libm.a(pow.o) (exp)
/usr/lib/gcc/avr/4.8.2/../../../avr/lib/avr6/libm.a(fp_norm2.o)
                              /usr/lib/gcc/avr/4.8.2/../../../avr/lib/avr6/libm.a(sqrt.o) (__fp_norm2)
/usr/lib/gcc/avr/4.8.2/../../../avr/lib/avr6/libm.a(ldexp.o)
                              /usr/lib/gcc/avr/4.8.2/../../../avr/lib/avr6/libm.a(exp.o) (ldexp)
/usr/lib/gcc/avr/4.8.2/../../../avr/lib/avr6/libm.a(log.o)
                              /usr/lib/gcc/avr/4.8.2/../../../avr/lib/avr6/libm.a(pow.o) (log)
/usr/lib/gcc/avr/4.8.2/../../../avr/lib/avr6/libm.a(modf.o)
                              /usr/lib/gcc/avr/4.8.2/../../../avr/lib/avr6/libm.a(exp.o) (modf)
/usr/lib/gcc/avr/4.8.2/avr6/libgcc.a(_umulhisi3.o)
                              ../lcd/lcd.o (__umulhisi3)
/usr/lib/gcc/avr/4.8.2/avr6/libgcc.a(_udivmodqi4.o)
                              hardware_control.o (__udivmodqi4)
/usr/lib/gcc/avr/4.8.2/avr6/libgcc.a(_divmodhi4.o)
                              ../timer/timer.o (__divmodhi4)
/usr/lib/gcc/avr/4.8.2/avr6/libgcc.a(_divmodsi4.o)
                              ../timer/timer.o (__divmodsi4)
/usr/lib/gcc/avr/4.8.2/avr6/libgcc.a(_negsi2.o)
                              /usr/lib/gcc/avr/4.8.2/avr6/libgcc.a(_divmodsi4.o) (__negsi2)
/usr/lib/gcc/avr/4.8.2/avr6/libgcc.a(_exit.o)
                              /usr/lib/gcc/avr/4.8.2/../../../avr/lib/avr6/crtm2560.o (exit)
/usr/lib/gcc/avr/4.8.2/avr6/libgcc.a(_copy_data.o)
                              hardware_control.o (__do_copy_data)
/usr/lib/gcc/avr/4.8.2/avr6/libgcc.a(_clear_bss.o)
                              ../map/map.o (__do_clear_bss)
/usr/lib/gcc/avr/4.8.2/avr6/libgcc.a(_udivmodhi4.o)
                              /usr/lib/gcc/avr/4.8.2/avr6/libgcc.a(_divmodhi4.o) (__udivmodhi4)
/usr/lib/gcc/avr/4.8.2/avr6/libgcc.a(_udivmodsi4.o)
                              /usr/lib/gcc/avr/4.8.2/avr6/libgcc.a(_divmodsi4.o) (__udivmodsi4)
/usr/lib/gcc/avr/4.8.2/../../../avr/lib/avr6/libc.a(malloc.o)
                              ../map/map.o (malloc)
/usr/lib/gcc/avr/4.8.2/../../../avr/lib/avr6/libc.a(strcmp.o)
                              ../map/map.o (strcmp)
/usr/lib/gcc/avr/4.8.2/../../../avr/lib/avr6/libc.a(puts.o)
                              ../dijkstra/dijkstra.o (puts)
/usr/lib/gcc/avr/4.8.2/../../../avr/lib/avr6/libc.a(vsnprintf.o)
                              ../lcd/lcd.o (vsnprintf)
/usr/lib/gcc/avr/4.8.2/../../../avr/lib/avr6/libc.a(vfprintf_std.o)
                              /usr/lib/gcc/avr/4.8.2/../../../avr/lib/avr6/libc.a(vsnprintf.o) (vfprintf)
/usr/lib/gcc/avr/4.8.2/../../../avr/lib/avr6/libc.a(strnlen_P.o)
                              /usr/lib/gcc/avr/4.8.2/../../../avr/lib/avr6/libc.a(vfprintf_std.o) (strnlen_P)
/usr/lib/gcc/avr/4.8.2/../../../avr/lib/avr6/libc.a(strnlen.o)
                              /usr/lib/gcc/avr/4.8.2/../../../avr/lib/avr6/libc.a(vfprintf_std.o) (strnlen)
/usr/lib/gcc/avr/4.8.2/../../../avr/lib/avr6/libc.a(fputc.o)
                              /usr/lib/gcc/avr/4.8.2/../../../avr/lib/avr6/libc.a(vfprintf_std.o) (fputc)
/usr/lib/gcc/avr/4.8.2/../../../avr/lib/avr6/libc.a(iob.o)
                              /usr/lib/gcc/avr/4.8.2/../../../avr/lib/avr6/libc.a(puts.o) (__iob)
/usr/lib/gcc/avr/4.8.2/../../../avr/lib/avr6/libc.a(ultoa_invert.o)
                              /usr/lib/gcc/avr/4.8.2/../../../avr/lib/avr6/libc.a(vfprintf_std.o) (__ultoa_invert)

Allocating common symbols
Common symbol       size              file

compc_h             0x1               ../timer/timer.o
Degrees             0x2               ../pos_encoder/pos_encoder.o
degrees             0x2               ../move_bot/move_bot.o
million             0x2               ../lcd/lcd.o
curve_info          0x2               ../map/map.o
temp                0x2               ../lcd/lcd.o
compc_val           0x2               ../timer/timer.o
__brkval            0x2               /usr/lib/gcc/avr/4.8.2/../../../avr/lib/avr6/libc.a(malloc.o)
ADC_value           0x1               ../move_bot/move_bot.o
ADC_Value           0x1               ../bl_sensor/bl_sensor.o
compc_l             0x1               ../timer/timer.o
compa_l             0x1               ../timer/timer.o
compb_h             0x1               ../timer/timer.o
found_node          0x2               ../map/map.o
compa_val           0x2               ../timer/timer.o
current_search_name
                    0x2               ../map/map.o
tens                0x2               ../lcd/lcd.o
our_bot             0x2               ../bot_memory/bot_memory.o
our_graph           0x2               ../map/map.o
bot_info            0x2               ../map/map.o
hundred             0x2               ../lcd/lcd.o
__flp               0x2               /usr/lib/gcc/avr/4.8.2/../../../avr/lib/avr6/libc.a(malloc.o)
compa_h             0x1               ../timer/timer.o
unit                0x2               ../lcd/lcd.o
callback            0x2               ../timer/timer.o
thousand            0x2               ../lcd/lcd.o
compb_l             0x1               ../timer/timer.o
__iob               0x6               /usr/lib/gcc/avr/4.8.2/../../../avr/lib/avr6/libc.a(iob.o)
compb_val           0x2               ../timer/timer.o
subtract_count      0x2               ../timer/timer.o

Memory Configuration

Name             Origin             Length             Attributes
text             0x0000000000000000 0x0000000000100000 xr
data             0x0000000000800200 0x000000000000fe00 rw !x
eeprom           0x0000000000810000 0x0000000000010000 rw !x
fuse             0x0000000000820000 0x0000000000000400 rw !x
lock             0x0000000000830000 0x0000000000000400 rw !x
signature        0x0000000000840000 0x0000000000000400 rw !x
user_signatures  0x0000000000850000 0x0000000000000400 rw !x
*default*        0x0000000000000000 0xffffffffffffffff

Linker script and memory map

Address of section .data set to 0x800200
LOAD /usr/lib/gcc/avr/4.8.2/../../../avr/lib/avr6/crtm2560.o
LOAD hardware_control.o
LOAD app.o
LOAD ../map/map.o
LOAD ../move_bot/move_bot.o
LOAD ../bl_sensor/bl_sensor.o
LOAD ../dijkstra/dijkstra.o
LOAD ../bot_memory/bot_memory.o
LOAD ../pos_encoder/pos_encoder.o
LOAD ../lcd/lcd.o
LOAD ../fake_gcc_fns/fake_gcc_fns.o
LOAD ../timer/timer.o
LOAD ../seven_segment/seven_segment.o
LOAD /usr/lib/gcc/avr/4.8.2/../../../avr/lib/avr6/libm.a
START GROUP
LOAD /usr/lib/gcc/avr/4.8.2/avr6/libgcc.a
LOAD /usr/lib/gcc/avr/4.8.2/../../../avr/lib/avr6/libm.a
LOAD /usr/lib/gcc/avr/4.8.2/../../../avr/lib/avr6/libc.a
END GROUP

.hash
 *(.hash)

.dynsym
 *(.dynsym)

.dynstr
 *(.dynstr)

.gnu.version
 *(.gnu.version)

.gnu.version_d
 *(.gnu.version_d)

.gnu.version_r
 *(.gnu.version_r)

.rel.init
 *(.rel.init)

.rela.init
 *(.rela.init)

.rel.text
 *(.rel.text)
 *(.rel.text.*)
 *(.rel.gnu.linkonce.t*)

.rela.text
 *(.rela.text)
 *(.rela.text.*)
 *(.rela.gnu.linkonce.t*)

.rel.fini
 *(.rel.fini)

.rela.fini
 *(.rela.fini)

.rel.rodata
 *(.rel.rodata)
 *(.rel.rodata.*)
 *(.rel.gnu.linkonce.r*)

.rela.rodata
 *(.rela.rodata)
 *(.rela.rodata.*)
 *(.rela.gnu.linkonce.r*)

.rel.data
 *(.rel.data)
 *(.rel.data.*)
 *(.rel.gnu.linkonce.d*)

.rela.data
 *(.rela.data)
 *(.rela.data.*)
 *(.rela.gnu.linkonce.d*)

.rel.ctors
 *(.rel.ctors)

.rela.ctors
 *(.rela.ctors)

.rel.dtors
 *(.rel.dtors)

.rela.dtors
 *(.rela.dtors)

.rel.got
 *(.rel.got)

.rela.got
 *(.rela.got)

.rel.bss
 *(.rel.bss)

.rela.bss
 *(.rela.bss)

.rel.plt
 *(.rel.plt)

.rela.plt
 *(.rela.plt)

.text           0x0000000000000000     0x840a
 *(.vectors)
 .vectors       0x0000000000000000       0xe4 /usr/lib/gcc/avr/4.8.2/../../../avr/lib/avr6/crtm2560.o
                0x0000000000000000                __vectors
                0x0000000000000000                __vector_default
 *(.vectors)
 *(.progmem.gcc*)
 .progmem.gcc_fplib
                0x00000000000000e4       0x2d /usr/lib/gcc/avr/4.8.2/../../../avr/lib/avr6/libm.a(atan.o)
 .progmem.gcc_fplib
                0x0000000000000111       0x28 /usr/lib/gcc/avr/4.8.2/../../../avr/lib/avr6/libm.a(exp.o)
 .progmem.gcc_fplib
                0x0000000000000139       0x5a /usr/lib/gcc/avr/4.8.2/../../../avr/lib/avr6/libm.a(log.o)
 *(.progmem*)
                0x0000000000000194                . = ALIGN (0x2)
 *fill*         0x0000000000000193        0x1 
                0x0000000000000194                __trampolines_start = .
 *(.trampolines)
 .trampolines   0x0000000000000194        0xc linker stubs
 *(.trampolines*)
                0x00000000000001a0                __trampolines_end = .
 *(.jumptables)
 *(.jumptables*)
 *(.lowtext)
 *(.lowtext*)
                0x00000000000001a0                __ctors_start = .
 *(.ctors)
                0x00000000000001a0                __ctors_end = .
                0x00000000000001a0                __dtors_start = .
 *(.dtors)
                0x00000000000001a0                __dtors_end = .
 SORT(*)(.ctors)
 SORT(*)(.dtors)
 *(.init0)
 .init0         0x00000000000001a0        0x0 /usr/lib/gcc/avr/4.8.2/../../../avr/lib/avr6/crtm2560.o
                0x00000000000001a0                __init
 *(.init0)
 *(.init1)
 *(.init1)
 *(.init2)
 .init2         0x00000000000001a0       0x10 /usr/lib/gcc/avr/4.8.2/../../../avr/lib/avr6/crtm2560.o
 *(.init2)
 *(.init3)
 *(.init3)
 *(.init4)
 .init4         0x00000000000001b0       0x1a /usr/lib/gcc/avr/4.8.2/avr6/libgcc.a(_copy_data.o)
                0x00000000000001b0                __do_copy_data
 .init4         0x00000000000001ca       0x10 /usr/lib/gcc/avr/4.8.2/avr6/libgcc.a(_clear_bss.o)
                0x00000000000001ca                __do_clear_bss
 *(.init4)
 *(.init5)
 *(.init5)
 *(.init6)
 *(.init6)
 *(.init7)
 *(.init7)
 *(.init8)
 *(.init8)
 *(.init9)
 .init9         0x00000000000001da        0x8 /usr/lib/gcc/avr/4.8.2/../../../avr/lib/avr6/crtm2560.o
 *(.init9)
 *(.text)
 .text          0x00000000000001e2        0x4 /usr/lib/gcc/avr/4.8.2/../../../avr/lib/avr6/crtm2560.o
                0x00000000000001e2                __vector_38
                0x00000000000001e2                __vector_22
                0x00000000000001e2                __vector_28
                0x00000000000001e2                __vector_1
                0x00000000000001e2                __vector_24
                0x00000000000001e2                __vector_12
                0x00000000000001e2                __vector_55
                0x00000000000001e2                __vector_46
                0x00000000000001e2                __bad_interrupt
                0x00000000000001e2                __vector_31
                0x00000000000001e2                __vector_35
                0x00000000000001e2                __vector_39
                0x00000000000001e2                __vector_3
                0x00000000000001e2                __vector_23
                0x00000000000001e2                __vector_30
                0x00000000000001e2                __vector_45
                0x00000000000001e2                __vector_25
                0x00000000000001e2                __vector_11
                0x00000000000001e2                __vector_54
                0x00000000000001e2                __vector_13
                0x00000000000001e2                __vector_17
                0x00000000000001e2                __vector_19
                0x00000000000001e2                __vector_56
                0x00000000000001e2                __vector_7
                0x00000000000001e2                __vector_49
                0x00000000000001e2                __vector_41
                0x00000000000001e2                __vector_43
                0x00000000000001e2                __vector_27
                0x00000000000001e2                __vector_47
                0x00000000000001e2                __vector_52
                0x00000000000001e2                __vector_37
                0x00000000000001e2                __vector_4
                0x00000000000001e2                __vector_44
                0x00000000000001e2                __vector_51
                0x00000000000001e2                __vector_9
                0x00000000000001e2                __vector_2
                0x00000000000001e2                __vector_21
                0x00000000000001e2                __vector_15
                0x00000000000001e2                __vector_36
                0x00000000000001e2                __vector_29
                0x00000000000001e2                __vector_40
                0x00000000000001e2                __vector_8
                0x00000000000001e2                __vector_26
                0x00000000000001e2                __vector_48
                0x00000000000001e2                __vector_14
                0x00000000000001e2                __vector_53
                0x00000000000001e2                __vector_10
                0x00000000000001e2                __vector_50
                0x00000000000001e2                __vector_16
                0x00000000000001e2                __vector_18
                0x00000000000001e2                __vector_20
                0x00000000000001e2                __vector_42
 .text          0x00000000000001e6      0x488 hardware_control.o
                0x00000000000001e6                CurveTowards
                0x0000000000000356                MoveBotToNode
 .text          0x000000000000066e        0x0 app.o
 .text          0x000000000000066e     0x4706 ../map/map.o
                0x000000000000066e                CheckNodeName
                0x0000000000000c3e                CreateNode
                0x0000000000000d1c                ConnectNodes
                0x0000000000000da4                InitGraph
                0x00000000000043b0                GetCurrentNode
                0x00000000000043c4                DFSEval
                0x0000000000004820                GetNodeByName
                0x000000000000490e                IndexOfNode
                0x0000000000004940                UpdateNodeInArray
                0x000000000000498e                GetCurveInfo
                0x0000000000004998                GetGraph
                0x00000000000049a2                GetRotationCost
                0x00000000000049b0                GetShortestDeg
                0x00000000000049d0                RadToDeg
                0x00000000000049ea                MakePositiveDeg
                0x0000000000004a26                MakePositiveRad
                0x0000000000004a7c                GetAngularVelocity
                0x0000000000004bee                GetCurveDirection
 .text          0x0000000000004d74      0x8d8 ../move_bot/move_bot.o
                0x0000000000004d74                AnyBlack
                0x0000000000004d9e                CenterBlack
                0x0000000000004ede                MoveBotInitDevices
                0x0000000000004eea                IsBlack
                0x0000000000004efa                AngleRotate
                0x0000000000004ff8                RotateBot
                0x000000000000538e                MoveBot
                0x00000000000055e4                MoveBotForward
                0x0000000000005618                MoveBotBackward
 .text          0x000000000000564c      0x13a ../bl_sensor/bl_sensor.o
                0x000000000000564c                BlSensorAdcPinConfig
                0x000000000000565a                BlSensorPortInit
                0x0000000000005668                BlSensorTimer5Init
                0x000000000000569e                BlSensorAdcInit
                0x00000000000056b8                BlSensorAdcConversion
                0x00000000000056f0                BlSensorGet
                0x0000000000005728                BlSensorInitDevices
 .text          0x0000000000005786      0x49e ../dijkstra/dijkstra.o
                0x0000000000005786                InitNodesDijkstra
                0x000000000000579e                GetLowestUndone
                0x000000000000583c                Dijkstra
                0x0000000000005c0c                DijkstraFree
 .text          0x0000000000005c24       0xf4 ../bot_memory/bot_memory.o
                0x0000000000005c24                InitBotInfo
                0x0000000000005d0e                GetBotInfo
 .text          0x0000000000005d18      0x428 ../pos_encoder/pos_encoder.o
                0x0000000000005d18                PosEncoderMotionPinConfig
                0x0000000000005d3a                LeftEncoderPinConfig
                0x0000000000005d40                RightEncoderPinConfig
                0x0000000000005d46                PosEncoderPortInit
                0x0000000000005d52                LeftPositionEncoderInterruptInit
                0x0000000000005d64                RightPositionEncoderInterruptInit
                0x0000000000005d76                PosEncoderTimer5Init
                0x0000000000005dac                __vector_6
                0x0000000000005df6                __vector_5
                0x0000000000005e40                PosEncoderMotionSet
                0x0000000000005e4c                PosEncoderVelocity
                0x0000000000005e56                PosEncoderForward
                0x0000000000005e5c                PosEncoderBack
                0x0000000000005e62                PosEncoderLeft
                0x0000000000005e68                PosEncoderRight
                0x0000000000005e6e                PosEncoderSoftLeft
                0x0000000000005e74                PosEncoderSoftRight
                0x0000000000005e7a                PosEncoderSoftLeft2
                0x0000000000005e80                PosEncoderSoftRight2
                0x0000000000005e86                PosEncoderStop
                0x0000000000005e8c                PosEncoderAngleRotate
                0x0000000000005f0c                PosEncoderLinearDistanceMm
                0x0000000000005f96                PosEncoderForwardMm
                0x0000000000005fba                PosEncoderBackMm
                0x0000000000005fde                PosEncoderLeftDegrees
                0x0000000000006002                PosEncoderRightDegrees
                0x0000000000006026                PosEncoderSoftLeftDegrees
                0x000000000000603e                PosEncoderSoftRightDegrees
                0x0000000000006056                PosEncoderSoftLeft2Degrees
                0x000000000000606e                PosEncoderSoftRight2Degrees
                0x0000000000006086                PosEncoderInitDevices
                0x0000000000006098                PosEncoderRotateBot
                0x00000000000060f8                ResetRightShaft
                0x000000000000610a                ResetLeftShaft
                0x000000000000611c                GetShaftCountRight
                0x000000000000612e                GetShaftCountLeft
 .text          0x0000000000006140      0x8b8 ../lcd/lcd.o
                0x0000000000006140                LcdPortConfig
                0x000000000000614e                LcdPortInit
                0x000000000000615c                LcdInitDevices
                0x000000000000616e                LcdSet4Bit
                0x00000000000061f6                LcdInit
                0x000000000000633e                LcdWrCommand
                0x0000000000006388                LcdWrChar
                0x00000000000063d2                LcdHome
                0x000000000000640e                LcdPrintf
                0x00000000000064ee                LcdString
                0x0000000000006582                LcdCursor
                0x00000000000065f0                LcdPrint
 .text          0x00000000000069f8       0x14 ../fake_gcc_fns/fake_gcc_fns.o
                0x00000000000069f8                printf
                0x0000000000006a0a                sleep
 .text          0x0000000000006a0c      0x4a2 ../timer/timer.o
                0x0000000000006a0c                UpdateDisplay
                0x0000000000006a60                Timer3Init
                0x0000000000006ab4                __vector_32
                0x0000000000006bb6                __vector_33
                0x0000000000006c4e                __vector_34
                0x0000000000006ce6                GetCallbackTime
                0x0000000000006cf0                VictoryTime
                0x0000000000006cf8                FreezeDisplay
                0x0000000000006d26                RegisterCallback
                0x0000000000006d4a                GetCurrentTime
                0x0000000000006d72                ResetTime
                0x0000000000006d84                InitTimer
 .text          0x0000000000006eae      0x1d2 ../seven_segment/seven_segment.o
                0x0000000000006eae                SevenSegmentPinConfig
                0x0000000000006ec0                SevenPortInit
                0x0000000000006ed2                SevenInitDevices
                0x0000000000006ee8                SevenConvertToHex
                0x0000000000006f78                SevenDisplayNum
 .text          0x0000000000007080        0x0 /usr/lib/gcc/avr/4.8.2/../../../avr/lib/avr6/libm.a(addsf3.o)
 .text          0x0000000000007080        0x0 /usr/lib/gcc/avr/4.8.2/../../../avr/lib/avr6/libm.a(addsf3x.o)
 .text          0x0000000000007080        0x0 /usr/lib/gcc/avr/4.8.2/../../../avr/lib/avr6/libm.a(atan2.o)
 .text          0x0000000000007080        0x0 /usr/lib/gcc/avr/4.8.2/../../../avr/lib/avr6/libm.a(atan.o)
 .text          0x0000000000007080        0x0 /usr/lib/gcc/avr/4.8.2/../../../avr/lib/avr6/libm.a(cmpsf2.o)
 .text          0x0000000000007080        0x0 /usr/lib/gcc/avr/4.8.2/../../../avr/lib/avr6/libm.a(divsf3.o)
 .text          0x0000000000007080        0x0 /usr/lib/gcc/avr/4.8.2/../../../avr/lib/avr6/libm.a(divsf3x.o)
 .text          0x0000000000007080        0x0 /usr/lib/gcc/avr/4.8.2/../../../avr/lib/avr6/libm.a(fixsfsi.o)
 .text          0x0000000000007080        0x0 /usr/lib/gcc/avr/4.8.2/../../../avr/lib/avr6/libm.a(fixunssfsi.o)
 .text          0x0000000000007080        0x0 /usr/lib/gcc/avr/4.8.2/../../../avr/lib/avr6/libm.a(floatsisf.o)
 .text          0x0000000000007080        0x0 /usr/lib/gcc/avr/4.8.2/../../../avr/lib/avr6/libm.a(fmod.o)
 .text          0x0000000000007080        0x0 /usr/lib/gcc/avr/4.8.2/../../../avr/lib/avr6/libm.a(fp_cmp.o)
 .text          0x0000000000007080        0x0 /usr/lib/gcc/avr/4.8.2/../../../avr/lib/avr6/libm.a(fp_inf.o)
 .text          0x0000000000007080        0x0 /usr/lib/gcc/avr/4.8.2/../../../avr/lib/avr6/libm.a(fp_mpack.o)
 .text          0x0000000000007080        0x0 /usr/lib/gcc/avr/4.8.2/../../../avr/lib/avr6/libm.a(fp_nan.o)
 .text          0x0000000000007080        0x0 /usr/lib/gcc/avr/4.8.2/../../../avr/lib/avr6/libm.a(fp_powser.o)
 .text          0x0000000000007080        0x0 /usr/lib/gcc/avr/4.8.2/../../../avr/lib/avr6/libm.a(fp_pscA.o)
 .text          0x0000000000007080        0x0 /usr/lib/gcc/avr/4.8.2/../../../avr/lib/avr6/libm.a(fp_pscB.o)
 .text          0x0000000000007080        0x0 /usr/lib/gcc/avr/4.8.2/../../../avr/lib/avr6/libm.a(fp_round.o)
 .text          0x0000000000007080        0x0 /usr/lib/gcc/avr/4.8.2/../../../avr/lib/avr6/libm.a(fp_split3.o)
 .text          0x0000000000007080        0x0 /usr/lib/gcc/avr/4.8.2/../../../avr/lib/avr6/libm.a(fp_zero.o)
 .text          0x0000000000007080        0x0 /usr/lib/gcc/avr/4.8.2/../../../avr/lib/avr6/libm.a(gesf2.o)
 .text          0x0000000000007080        0x0 /usr/lib/gcc/avr/4.8.2/../../../avr/lib/avr6/libm.a(inverse.o)
 .text          0x0000000000007080        0x0 /usr/lib/gcc/avr/4.8.2/../../../avr/lib/avr6/libm.a(mulsf3.o)
 .text          0x0000000000007080        0x0 /usr/lib/gcc/avr/4.8.2/../../../avr/lib/avr6/libm.a(mulsf3x.o)
 .text          0x0000000000007080        0x0 /usr/lib/gcc/avr/4.8.2/../../../avr/lib/avr6/libm.a(pow.o)
 .text          0x0000000000007080        0x0 /usr/lib/gcc/avr/4.8.2/../../../avr/lib/avr6/libm.a(sqrt.o)
 .text          0x0000000000007080        0x0 /usr/lib/gcc/avr/4.8.2/../../../avr/lib/avr6/libm.a(square.o)
 .text          0x0000000000007080        0x0 /usr/lib/gcc/avr/4.8.2/../../../avr/lib/avr6/libm.a(exp.o)
 .text          0x0000000000007080        0x0 /usr/lib/gcc/avr/4.8.2/../../../avr/lib/avr6/libm.a(fp_norm2.o)
 .text          0x0000000000007080        0x0 /usr/lib/gcc/avr/4.8.2/../../../avr/lib/avr6/libm.a(ldexp.o)
 .text          0x0000000000007080        0x0 /usr/lib/gcc/avr/4.8.2/../../../avr/lib/avr6/libm.a(log.o)
 .text          0x0000000000007080        0x0 /usr/lib/gcc/avr/4.8.2/../../../avr/lib/avr6/libm.a(modf.o)
 .text          0x0000000000007080        0x0 /usr/lib/gcc/avr/4.8.2/avr6/libgcc.a(_umulhisi3.o)
 .text          0x0000000000007080        0x0 /usr/lib/gcc/avr/4.8.2/avr6/libgcc.a(_udivmodqi4.o)
 .text          0x0000000000007080        0x0 /usr/lib/gcc/avr/4.8.2/avr6/libgcc.a(_divmodhi4.o)
 .text          0x0000000000007080        0x0 /usr/lib/gcc/avr/4.8.2/avr6/libgcc.a(_divmodsi4.o)
 .text          0x0000000000007080        0x0 /usr/lib/gcc/avr/4.8.2/avr6/libgcc.a(_negsi2.o)
 .text          0x0000000000007080        0x0 /usr/lib/gcc/avr/4.8.2/avr6/libgcc.a(_exit.o)
 .text          0x0000000000007080        0x0 /usr/lib/gcc/avr/4.8.2/avr6/libgcc.a(_copy_data.o)
 .text          0x0000000000007080        0x0 /usr/lib/gcc/avr/4.8.2/avr6/libgcc.a(_clear_bss.o)
 .text          0x0000000000007080        0x0 /usr/lib/gcc/avr/4.8.2/avr6/libgcc.a(_udivmodhi4.o)
 .text          0x0000000000007080        0x0 /usr/lib/gcc/avr/4.8.2/avr6/libgcc.a(_udivmodsi4.o)
 .text          0x0000000000007080        0x0 /usr/lib/gcc/avr/4.8.2/../../../avr/lib/avr6/libc.a(malloc.o)
 .text          0x0000000000007080        0x0 /usr/lib/gcc/avr/4.8.2/../../../avr/lib/avr6/libc.a(strcmp.o)
 .text          0x0000000000007080        0x0 /usr/lib/gcc/avr/4.8.2/../../../avr/lib/avr6/libc.a(puts.o)
 .text          0x0000000000007080        0x0 /usr/lib/gcc/avr/4.8.2/../../../avr/lib/avr6/libc.a(vsnprintf.o)
 .text          0x0000000000007080        0x0 /usr/lib/gcc/avr/4.8.2/../../../avr/lib/avr6/libc.a(vfprintf_std.o)
 .text          0x0000000000007080        0x0 /usr/lib/gcc/avr/4.8.2/../../../avr/lib/avr6/libc.a(strnlen_P.o)
 .text          0x0000000000007080        0x0 /usr/lib/gcc/avr/4.8.2/../../../avr/lib/avr6/libc.a(strnlen.o)
 .text          0x0000000000007080        0x0 /usr/lib/gcc/avr/4.8.2/../../../avr/lib/avr6/libc.a(fputc.o)
 .text          0x0000000000007080        0x0 /usr/lib/gcc/avr/4.8.2/../../../avr/lib/avr6/libc.a(iob.o)
 .text          0x0000000000007080        0x0 /usr/lib/gcc/avr/4.8.2/../../../avr/lib/avr6/libc.a(ultoa_invert.o)
                0x0000000000007080                . = ALIGN (0x2)
 *(.text.*)
 .text.startup  0x0000000000007080      0x118 app.o
                0x0000000000007080                main
 .text.avr-libc.fplib
                0x0000000000007198        0xa /usr/lib/gcc/avr/4.8.2/../../../avr/lib/avr6/libm.a(addsf3.o)
                0x0000000000007198                __subsf3
                0x000000000000719a                __addsf3
 .text.avr-libc.fplib
                0x00000000000071a2       0xc0 /usr/lib/gcc/avr/4.8.2/../../../avr/lib/avr6/libm.a(addsf3x.o)
                0x00000000000071bc                __addsf3x
 .text.avr-libc.fplib
                0x0000000000007262       0x74 /usr/lib/gcc/avr/4.8.2/../../../avr/lib/avr6/libm.a(atan2.o)
                0x0000000000007280                atan2
 .text.avr-libc.fplib
                0x00000000000072d6       0x50 /usr/lib/gcc/avr/4.8.2/../../../avr/lib/avr6/libm.a(atan.o)
                0x00000000000072d6                atan
 .text.avr-libc.fplib
                0x0000000000007326        0x8 /usr/lib/gcc/avr/4.8.2/../../../avr/lib/avr6/libm.a(cmpsf2.o)
                0x0000000000007326                __lesf2
                0x0000000000007326                __nesf2
                0x0000000000007326                __eqsf2
                0x0000000000007326                __cmpsf2
                0x0000000000007326                __ltsf2
 .text.avr-libc.fplib
                0x000000000000732e        0x4 /usr/lib/gcc/avr/4.8.2/../../../avr/lib/avr6/libm.a(divsf3.o)
                0x000000000000732e                __divsf3
 .text.avr-libc.fplib
                0x0000000000007332       0xcc /usr/lib/gcc/avr/4.8.2/../../../avr/lib/avr6/libm.a(divsf3x.o)
                0x0000000000007348                __divsf3x
                0x000000000000734c                __divsf3_pse
 .text.avr-libc.fplib
                0x00000000000073fe        0xa /usr/lib/gcc/avr/4.8.2/../../../avr/lib/avr6/libm.a(fixsfsi.o)
                0x00000000000073fe                __fixsfsi
 .text.avr-libc.fplib
                0x0000000000007408       0x58 /usr/lib/gcc/avr/4.8.2/../../../avr/lib/avr6/libm.a(fixunssfsi.o)
                0x0000000000007408                __fixunssfsi
 .text.avr-libc.fplib
                0x0000000000007460       0x7a /usr/lib/gcc/avr/4.8.2/../../../avr/lib/avr6/libm.a(floatsisf.o)
                0x0000000000007460                __floatunsisf
                0x0000000000007464                __floatsisf
 .text.avr-libc.fplib
                0x00000000000074da       0x9c /usr/lib/gcc/avr/4.8.2/../../../avr/lib/avr6/libm.a(fmod.o)
                0x00000000000074e8                fmod
 .text.avr-libc.fplib
                0x0000000000007576       0x48 /usr/lib/gcc/avr/4.8.2/../../../avr/lib/avr6/libm.a(fp_cmp.o)
                0x0000000000007576                __fp_cmp
 .text.avr-libc.fplib
                0x00000000000075be        0xc /usr/lib/gcc/avr/4.8.2/../../../avr/lib/avr6/libm.a(fp_inf.o)
                0x00000000000075be                __fp_inf
 .text.avr-libc.fplib
                0x00000000000075ca       0x1c /usr/lib/gcc/avr/4.8.2/../../../avr/lib/avr6/libm.a(fp_mpack.o)
                0x00000000000075ca                __fp_mpack
                0x00000000000075ce                __fp_mpack_finite
 .text.avr-libc.fplib
                0x00000000000075e6        0x6 /usr/lib/gcc/avr/4.8.2/../../../avr/lib/avr6/libm.a(fp_nan.o)
                0x00000000000075e6                __fp_nan
 .text.avr-libc.fplib
                0x00000000000075ec       0x4a /usr/lib/gcc/avr/4.8.2/../../../avr/lib/avr6/libm.a(fp_powser.o)
                0x00000000000075ec                __fp_powser
 .text.avr-libc.fplib
                0x0000000000007636        0xe /usr/lib/gcc/avr/4.8.2/../../../avr/lib/avr6/libm.a(fp_pscA.o)
                0x0000000000007636                __fp_pscA
 .text.avr-libc.fplib
                0x0000000000007644        0xe /usr/lib/gcc/avr/4.8.2/../../../avr/lib/avr6/libm.a(fp_pscB.o)
                0x0000000000007644                __fp_pscB
 .text.avr-libc.fplib
                0x0000000000007652       0x22 /usr/lib/gcc/avr/4.8.2/../../../avr/lib/avr6/libm.a(fp_round.o)
                0x0000000000007652                __fp_round
 .text.avr-libc.fplib
                0x0000000000007674       0x44 /usr/lib/gcc/avr/4.8.2/../../../avr/lib/avr6/libm.a(fp_split3.o)
                0x0000000000007674                __fp_split3
                0x0000000000007684                __fp_splitA
 .text.avr-libc.fplib
                0x00000000000076b8        0xe /usr/lib/gcc/avr/4.8.2/../../../avr/lib/avr6/libm.a(fp_zero.o)
                0x00000000000076b8                __fp_zero
                0x00000000000076ba                __fp_szero
 .text.avr-libc.fplib
                0x00000000000076c6        0x8 /usr/lib/gcc/avr/4.8.2/../../../avr/lib/avr6/libm.a(gesf2.o)
                0x00000000000076c6                __gtsf2
                0x00000000000076c6                __gesf2
 .text.avr-libc.fplib
                0x00000000000076ce        0xe /usr/lib/gcc/avr/4.8.2/../../../avr/lib/avr6/libm.a(inverse.o)
                0x00000000000076ce                inverse
 .text.avr-libc.fplib
                0x00000000000076dc        0x4 /usr/lib/gcc/avr/4.8.2/../../../avr/lib/avr6/libm.a(mulsf3.o)
                0x00000000000076dc                __mulsf3
 .text.avr-libc.fplib
                0x00000000000076e0       0xc2 /usr/lib/gcc/avr/4.8.2/../../../avr/lib/avr6/libm.a(mulsf3x.o)
                0x00000000000076f4                __mulsf3x
                0x00000000000076f8                __mulsf3_pse
 .text.avr-libc.fplib
                0x00000000000077a2       0x98 /usr/lib/gcc/avr/4.8.2/../../../avr/lib/avr6/libm.a(pow.o)
                0x00000000000077a2                pow
 .text.avr-libc.fplib
                0x000000000000783a       0x84 /usr/lib/gcc/avr/4.8.2/../../../avr/lib/avr6/libm.a(sqrt.o)
                0x0000000000007842                sqrt
 .text.avr-libc.fplib
                0x00000000000078be        0x6 /usr/lib/gcc/avr/4.8.2/../../../avr/lib/avr6/libm.a(square.o)
                0x00000000000078be                square
 .text.avr-libc.fplib
                0x00000000000078c4       0x62 /usr/lib/gcc/avr/4.8.2/../../../avr/lib/avr6/libm.a(exp.o)
                0x00000000000078ce                exp
 .text.avr-libc.fplib
                0x0000000000007926        0xe /usr/lib/gcc/avr/4.8.2/../../../avr/lib/avr6/libm.a(fp_norm2.o)
                0x0000000000007926                __fp_norm2
 .text.avr-libc.fplib
                0x0000000000007934       0x6c /usr/lib/gcc/avr/4.8.2/../../../avr/lib/avr6/libm.a(ldexp.o)
                0x0000000000007938                ldexp
 .text.avr-libc.fplib
                0x00000000000079a0       0x8a /usr/lib/gcc/avr/4.8.2/../../../avr/lib/avr6/libm.a(log.o)
                0x00000000000079aa                log
 .text.avr-libc.fplib
                0x0000000000007a2a       0x66 /usr/lib/gcc/avr/4.8.2/../../../avr/lib/avr6/libm.a(modf.o)
                0x0000000000007a2a                modff
                0x0000000000007a2a                modf
 .text.libgcc.mul
                0x0000000000007a90       0x1e /usr/lib/gcc/avr/4.8.2/avr6/libgcc.a(_umulhisi3.o)
                0x0000000000007a90                __umulhisi3
 .text.libgcc.div
                0x0000000000007aae        0x0 /usr/lib/gcc/avr/4.8.2/avr6/libgcc.a(_umulhisi3.o)
 .text.libgcc   0x0000000000007aae        0x0 /usr/lib/gcc/avr/4.8.2/avr6/libgcc.a(_umulhisi3.o)
 .text.libgcc.prologue
                0x0000000000007aae        0x0 /usr/lib/gcc/avr/4.8.2/avr6/libgcc.a(_umulhisi3.o)
 .text.libgcc.builtins
                0x0000000000007aae        0x0 /usr/lib/gcc/avr/4.8.2/avr6/libgcc.a(_umulhisi3.o)
 .text.libgcc.fmul
                0x0000000000007aae        0x0 /usr/lib/gcc/avr/4.8.2/avr6/libgcc.a(_umulhisi3.o)
 .text.libgcc.fixed
                0x0000000000007aae        0x0 /usr/lib/gcc/avr/4.8.2/avr6/libgcc.a(_umulhisi3.o)
 .text.libgcc.mul
                0x0000000000007aae        0x0 /usr/lib/gcc/avr/4.8.2/avr6/libgcc.a(_udivmodqi4.o)
 .text.libgcc.div
                0x0000000000007aae       0x18 /usr/lib/gcc/avr/4.8.2/avr6/libgcc.a(_udivmodqi4.o)
                0x0000000000007aae                __udivmodqi4
 .text.libgcc   0x0000000000007ac6        0x0 /usr/lib/gcc/avr/4.8.2/avr6/libgcc.a(_udivmodqi4.o)
 .text.libgcc.prologue
                0x0000000000007ac6        0x0 /usr/lib/gcc/avr/4.8.2/avr6/libgcc.a(_udivmodqi4.o)
 .text.libgcc.builtins
                0x0000000000007ac6        0x0 /usr/lib/gcc/avr/4.8.2/avr6/libgcc.a(_udivmodqi4.o)
 .text.libgcc.fmul
                0x0000000000007ac6        0x0 /usr/lib/gcc/avr/4.8.2/avr6/libgcc.a(_udivmodqi4.o)
 .text.libgcc.fixed
                0x0000000000007ac6        0x0 /usr/lib/gcc/avr/4.8.2/avr6/libgcc.a(_udivmodqi4.o)
 .text.libgcc.mul
                0x0000000000007ac6        0x0 /usr/lib/gcc/avr/4.8.2/avr6/libgcc.a(_divmodhi4.o)
 .text.libgcc.div
                0x0000000000007ac6       0x28 /usr/lib/gcc/avr/4.8.2/avr6/libgcc.a(_divmodhi4.o)
                0x0000000000007ac6                __divmodhi4
                0x0000000000007ac6                _div
 .text.libgcc   0x0000000000007aee        0x0 /usr/lib/gcc/avr/4.8.2/avr6/libgcc.a(_divmodhi4.o)
 .text.libgcc.prologue
                0x0000000000007aee        0x0 /usr/lib/gcc/avr/4.8.2/avr6/libgcc.a(_divmodhi4.o)
 .text.libgcc.builtins
                0x0000000000007aee        0x0 /usr/lib/gcc/avr/4.8.2/avr6/libgcc.a(_divmodhi4.o)
 .text.libgcc.fmul
                0x0000000000007aee        0x0 /usr/lib/gcc/avr/4.8.2/avr6/libgcc.a(_divmodhi4.o)
 .text.libgcc.fixed
                0x0000000000007aee        0x0 /usr/lib/gcc/avr/4.8.2/avr6/libgcc.a(_divmodhi4.o)
 .text.libgcc.mul
                0x0000000000007aee        0x0 /usr/lib/gcc/avr/4.8.2/avr6/libgcc.a(_divmodsi4.o)
 .text.libgcc.div
                0x0000000000007aee       0x2e /usr/lib/gcc/avr/4.8.2/avr6/libgcc.a(_divmodsi4.o)
                0x0000000000007aee                __divmodsi4
 .text.libgcc   0x0000000000007b1c        0x0 /usr/lib/gcc/avr/4.8.2/avr6/libgcc.a(_divmodsi4.o)
 .text.libgcc.prologue
                0x0000000000007b1c        0x0 /usr/lib/gcc/avr/4.8.2/avr6/libgcc.a(_divmodsi4.o)
 .text.libgcc.builtins
                0x0000000000007b1c        0x0 /usr/lib/gcc/avr/4.8.2/avr6/libgcc.a(_divmodsi4.o)
 .text.libgcc.fmul
                0x0000000000007b1c        0x0 /usr/lib/gcc/avr/4.8.2/avr6/libgcc.a(_divmodsi4.o)
 .text.libgcc.fixed
                0x0000000000007b1c        0x0 /usr/lib/gcc/avr/4.8.2/avr6/libgcc.a(_divmodsi4.o)
 .text.libgcc.mul
                0x0000000000007b1c        0x0 /usr/lib/gcc/avr/4.8.2/avr6/libgcc.a(_negsi2.o)
 .text.libgcc.div
                0x0000000000007b1c       0x10 /usr/lib/gcc/avr/4.8.2/avr6/libgcc.a(_negsi2.o)
                0x0000000000007b1c                __negsi2
 .text.libgcc   0x0000000000007b2c        0x0 /usr/lib/gcc/avr/4.8.2/avr6/libgcc.a(_negsi2.o)
 .text.libgcc.prologue
                0x0000000000007b2c        0x0 /usr/lib/gcc/avr/4.8.2/avr6/libgcc.a(_negsi2.o)
 .text.libgcc.builtins
                0x0000000000007b2c        0x0 /usr/lib/gcc/avr/4.8.2/avr6/libgcc.a(_negsi2.o)
 .text.libgcc.fmul
                0x0000000000007b2c        0x0 /usr/lib/gcc/avr/4.8.2/avr6/libgcc.a(_negsi2.o)
 .text.libgcc.fixed
                0x0000000000007b2c        0x0 /usr/lib/gcc/avr/4.8.2/avr6/libgcc.a(_negsi2.o)
 .text.libgcc.mul
                0x0000000000007b2c        0x0 /usr/lib/gcc/avr/4.8.2/avr6/libgcc.a(_exit.o)
 .text.libgcc.div
                0x0000000000007b2c        0x0 /usr/lib/gcc/avr/4.8.2/avr6/libgcc.a(_exit.o)
 .text.libgcc   0x0000000000007b2c        0x0 /usr/lib/gcc/avr/4.8.2/avr6/libgcc.a(_exit.o)
 .text.libgcc.prologue
                0x0000000000007b2c        0x0 /usr/lib/gcc/avr/4.8.2/avr6/libgcc.a(_exit.o)
 .text.libgcc.builtins
                0x0000000000007b2c        0x0 /usr/lib/gcc/avr/4.8.2/avr6/libgcc.a(_exit.o)
 .text.libgcc.fmul
                0x0000000000007b2c        0x0 /usr/lib/gcc/avr/4.8.2/avr6/libgcc.a(_exit.o)
 .text.libgcc.fixed
                0x0000000000007b2c        0x0 /usr/lib/gcc/avr/4.8.2/avr6/libgcc.a(_exit.o)
 .text.libgcc.mul
                0x0000000000007b2c        0x0 /usr/lib/gcc/avr/4.8.2/avr6/libgcc.a(_copy_data.o)
 .text.libgcc.div
                0x0000000000007b2c        0x0 /usr/lib/gcc/avr/4.8.2/avr6/libgcc.a(_copy_data.o)
 .text.libgcc   0x0000000000007b2c        0x0 /usr/lib/gcc/avr/4.8.2/avr6/libgcc.a(_copy_data.o)
 .text.libgcc.prologue
                0x0000000000007b2c        0x0 /usr/lib/gcc/avr/4.8.2/avr6/libgcc.a(_copy_data.o)
 .text.libgcc.builtins
                0x0000000000007b2c        0x0 /usr/lib/gcc/avr/4.8.2/avr6/libgcc.a(_copy_data.o)
 .text.libgcc.fmul
                0x0000000000007b2c        0x0 /usr/lib/gcc/avr/4.8.2/avr6/libgcc.a(_copy_data.o)
 .text.libgcc.fixed
                0x0000000000007b2c        0x0 /usr/lib/gcc/avr/4.8.2/avr6/libgcc.a(_copy_data.o)
 .text.libgcc.mul
                0x0000000000007b2c        0x0 /usr/lib/gcc/avr/4.8.2/avr6/libgcc.a(_clear_bss.o)
 .text.libgcc.div
                0x0000000000007b2c        0x0 /usr/lib/gcc/avr/4.8.2/avr6/libgcc.a(_clear_bss.o)
 .text.libgcc   0x0000000000007b2c        0x0 /usr/lib/gcc/avr/4.8.2/avr6/libgcc.a(_clear_bss.o)
 .text.libgcc.prologue
                0x0000000000007b2c        0x0 /usr/lib/gcc/avr/4.8.2/avr6/libgcc.a(_clear_bss.o)
 .text.libgcc.builtins
                0x0000000000007b2c        0x0 /usr/lib/gcc/avr/4.8.2/avr6/libgcc.a(_clear_bss.o)
 .text.libgcc.fmul
                0x0000000000007b2c        0x0 /usr/lib/gcc/avr/4.8.2/avr6/libgcc.a(_clear_bss.o)
 .text.libgcc.fixed
                0x0000000000007b2c        0x0 /usr/lib/gcc/avr/4.8.2/avr6/libgcc.a(_clear_bss.o)
 .text.libgcc.mul
                0x0000000000007b2c        0x0 /usr/lib/gcc/avr/4.8.2/avr6/libgcc.a(_udivmodhi4.o)
 .text.libgcc.div
                0x0000000000007b2c       0x28 /usr/lib/gcc/avr/4.8.2/avr6/libgcc.a(_udivmodhi4.o)
                0x0000000000007b2c                __udivmodhi4
 .text.libgcc   0x0000000000007b54        0x0 /usr/lib/gcc/avr/4.8.2/avr6/libgcc.a(_udivmodhi4.o)
 .text.libgcc.prologue
                0x0000000000007b54        0x0 /usr/lib/gcc/avr/4.8.2/avr6/libgcc.a(_udivmodhi4.o)
 .text.libgcc.builtins
                0x0000000000007b54        0x0 /usr/lib/gcc/avr/4.8.2/avr6/libgcc.a(_udivmodhi4.o)
 .text.libgcc.fmul
                0x0000000000007b54        0x0 /usr/lib/gcc/avr/4.8.2/avr6/libgcc.a(_udivmodhi4.o)
 .text.libgcc.fixed
                0x0000000000007b54        0x0 /usr/lib/gcc/avr/4.8.2/avr6/libgcc.a(_udivmodhi4.o)
 .text.libgcc.mul
                0x0000000000007b54        0x0 /usr/lib/gcc/avr/4.8.2/avr6/libgcc.a(_udivmodsi4.o)
 .text.libgcc.div
                0x0000000000007b54       0x44 /usr/lib/gcc/avr/4.8.2/avr6/libgcc.a(_udivmodsi4.o)
                0x0000000000007b54                __udivmodsi4
 .text.libgcc   0x0000000000007b98        0x0 /usr/lib/gcc/avr/4.8.2/avr6/libgcc.a(_udivmodsi4.o)
 .text.libgcc.prologue
                0x0000000000007b98        0x0 /usr/lib/gcc/avr/4.8.2/avr6/libgcc.a(_udivmodsi4.o)
 .text.libgcc.builtins
                0x0000000000007b98        0x0 /usr/lib/gcc/avr/4.8.2/avr6/libgcc.a(_udivmodsi4.o)
 .text.libgcc.fmul
                0x0000000000007b98        0x0 /usr/lib/gcc/avr/4.8.2/avr6/libgcc.a(_udivmodsi4.o)
 .text.libgcc.fixed
                0x0000000000007b98        0x0 /usr/lib/gcc/avr/4.8.2/avr6/libgcc.a(_udivmodsi4.o)
 .text.avr-libc
                0x0000000000007b98      0x24e /usr/lib/gcc/avr/4.8.2/../../../avr/lib/avr6/libc.a(malloc.o)
                0x0000000000007b98                malloc
                0x0000000000007cc8                free
 .text.avr-libc
                0x0000000000007de6       0x12 /usr/lib/gcc/avr/4.8.2/../../../avr/lib/avr6/libc.a(strcmp.o)
                0x0000000000007de6                strcmp
 .text.avr-libc
                0x0000000000007df8       0x5a /usr/lib/gcc/avr/4.8.2/../../../avr/lib/avr6/libc.a(puts.o)
                0x0000000000007df8                puts
 .text.avr-libc
                0x0000000000007e52       0x72 /usr/lib/gcc/avr/4.8.2/../../../avr/lib/avr6/libc.a(vsnprintf.o)
                0x0000000000007e52                vsnprintf
 .text.avr-libc
                0x0000000000007ec4      0x3f6 /usr/lib/gcc/avr/4.8.2/../../../avr/lib/avr6/libc.a(vfprintf_std.o)
                0x0000000000007ec4                vfprintf
 .text.avr-libc
                0x00000000000082ba       0x16 /usr/lib/gcc/avr/4.8.2/../../../avr/lib/avr6/libc.a(strnlen_P.o)
                0x00000000000082ba                strnlen_P
 .text.avr-libc
                0x00000000000082d0       0x16 /usr/lib/gcc/avr/4.8.2/../../../avr/lib/avr6/libc.a(strnlen.o)
                0x00000000000082d0                strnlen
 .text.avr-libc
                0x00000000000082e6       0x64 /usr/lib/gcc/avr/4.8.2/../../../avr/lib/avr6/libc.a(fputc.o)
                0x00000000000082e6                fputc
 .text.avr-libc
                0x000000000000834a       0xbc /usr/lib/gcc/avr/4.8.2/../../../avr/lib/avr6/libc.a(ultoa_invert.o)
                0x000000000000834a                __ultoa_invert
                0x0000000000008406                . = ALIGN (0x2)
 *(.fini9)
 .fini9         0x0000000000008406        0x0 /usr/lib/gcc/avr/4.8.2/avr6/libgcc.a(_exit.o)
                0x0000000000008406                exit
                0x0000000000008406                _exit
 *(.fini9)
 *(.fini8)
 *(.fini8)
 *(.fini7)
 *(.fini7)
 *(.fini6)
 *(.fini6)
 *(.fini5)
 *(.fini5)
 *(.fini4)
 *(.fini4)
 *(.fini3)
 *(.fini3)
 *(.fini2)
 *(.fini2)
 *(.fini1)
 *(.fini1)
 *(.fini0)
 .fini0         0x0000000000008406        0x4 /usr/lib/gcc/avr/4.8.2/avr6/libgcc.a(_exit.o)
 *(.fini0)
                0x000000000000840a                _etext = .

.data           0x0000000000800200      0x1aa load address 0x000000000000840a
                0x0000000000800200                PROVIDE (__data_start, .)
 *(.data)
 .data          0x0000000000800200        0x0 /usr/lib/gcc/avr/4.8.2/../../../avr/lib/avr6/crtm2560.o
 .data          0x0000000000800200        0x0 hardware_control.o
 .data          0x0000000000800200        0x0 app.o
 .data          0x0000000000800200        0x0 ../map/map.o
 .data          0x0000000000800200        0x2 ../move_bot/move_bot.o
                0x0000000000800200                correction_val_backward
                0x0000000000800201                correction_val_forward
 .data          0x0000000000800202        0x0 ../bl_sensor/bl_sensor.o
 .data          0x0000000000800202        0x0 ../dijkstra/dijkstra.o
 .data          0x0000000000800202        0x0 ../bot_memory/bot_memory.o
 .data          0x0000000000800202        0x0 ../pos_encoder/pos_encoder.o
 .data          0x0000000000800202        0x0 ../lcd/lcd.o
 .data          0x0000000000800202        0x0 ../fake_gcc_fns/fake_gcc_fns.o
 .data          0x0000000000800202        0xa ../timer/timer.o
                0x0000000000800202                frozen_time
                0x0000000000800204                refresh_rate
                0x0000000000800206                prescaler
                0x0000000000800208                freq
 .data          0x000000000080020c        0x0 ../seven_segment/seven_segment.o
 .data          0x000000000080020c        0x0 /usr/lib/gcc/avr/4.8.2/../../../avr/lib/avr6/libm.a(addsf3.o)
 .data          0x000000000080020c        0x0 /usr/lib/gcc/avr/4.8.2/../../../avr/lib/avr6/libm.a(addsf3x.o)
 .data          0x000000000080020c        0x0 /usr/lib/gcc/avr/4.8.2/../../../avr/lib/avr6/libm.a(atan2.o)
 .data          0x000000000080020c        0x0 /usr/lib/gcc/avr/4.8.2/../../../avr/lib/avr6/libm.a(atan.o)
 .data          0x000000000080020c        0x0 /usr/lib/gcc/avr/4.8.2/../../../avr/lib/avr6/libm.a(cmpsf2.o)
 .data          0x000000000080020c        0x0 /usr/lib/gcc/avr/4.8.2/../../../avr/lib/avr6/libm.a(divsf3.o)
 .data          0x000000000080020c        0x0 /usr/lib/gcc/avr/4.8.2/../../../avr/lib/avr6/libm.a(divsf3x.o)
 .data          0x000000000080020c        0x0 /usr/lib/gcc/avr/4.8.2/../../../avr/lib/avr6/libm.a(fixsfsi.o)
 .data          0x000000000080020c        0x0 /usr/lib/gcc/avr/4.8.2/../../../avr/lib/avr6/libm.a(fixunssfsi.o)
 .data          0x000000000080020c        0x0 /usr/lib/gcc/avr/4.8.2/../../../avr/lib/avr6/libm.a(floatsisf.o)
 .data          0x000000000080020c        0x0 /usr/lib/gcc/avr/4.8.2/../../../avr/lib/avr6/libm.a(fmod.o)
 .data          0x000000000080020c        0x0 /usr/lib/gcc/avr/4.8.2/../../../avr/lib/avr6/libm.a(fp_cmp.o)
 .data          0x000000000080020c        0x0 /usr/lib/gcc/avr/4.8.2/../../../avr/lib/avr6/libm.a(fp_inf.o)
 .data          0x000000000080020c        0x0 /usr/lib/gcc/avr/4.8.2/../../../avr/lib/avr6/libm.a(fp_mpack.o)
 .data          0x000000000080020c        0x0 /usr/lib/gcc/avr/4.8.2/../../../avr/lib/avr6/libm.a(fp_nan.o)
 .data          0x000000000080020c        0x0 /usr/lib/gcc/avr/4.8.2/../../../avr/lib/avr6/libm.a(fp_powser.o)
 .data          0x000000000080020c        0x0 /usr/lib/gcc/avr/4.8.2/../../../avr/lib/avr6/libm.a(fp_pscA.o)
 .data          0x000000000080020c        0x0 /usr/lib/gcc/avr/4.8.2/../../../avr/lib/avr6/libm.a(fp_pscB.o)
 .data          0x000000000080020c        0x0 /usr/lib/gcc/avr/4.8.2/../../../avr/lib/avr6/libm.a(fp_round.o)
 .data          0x000000000080020c        0x0 /usr/lib/gcc/avr/4.8.2/../../../avr/lib/avr6/libm.a(fp_split3.o)
 .data          0x000000000080020c        0x0 /usr/lib/gcc/avr/4.8.2/../../../avr/lib/avr6/libm.a(fp_zero.o)
 .data          0x000000000080020c        0x0 /usr/lib/gcc/avr/4.8.2/../../../avr/lib/avr6/libm.a(gesf2.o)
 .data          0x000000000080020c        0x0 /usr/lib/gcc/avr/4.8.2/../../../avr/lib/avr6/libm.a(inverse.o)
 .data          0x000000000080020c        0x0 /usr/lib/gcc/avr/4.8.2/../../../avr/lib/avr6/libm.a(mulsf3.o)
 .data          0x000000000080020c        0x0 /usr/lib/gcc/avr/4.8.2/../../../avr/lib/avr6/libm.a(mulsf3x.o)
 .data          0x000000000080020c        0x0 /usr/lib/gcc/avr/4.8.2/../../../avr/lib/avr6/libm.a(pow.o)
 .data          0x000000000080020c        0x0 /usr/lib/gcc/avr/4.8.2/../../../avr/lib/avr6/libm.a(sqrt.o)
 .data          0x000000000080020c        0x0 /usr/lib/gcc/avr/4.8.2/../../../avr/lib/avr6/libm.a(square.o)
 .data          0x000000000080020c        0x0 /usr/lib/gcc/avr/4.8.2/../../../avr/lib/avr6/libm.a(exp.o)
 .data          0x000000000080020c        0x0 /usr/lib/gcc/avr/4.8.2/../../../avr/lib/avr6/libm.a(fp_norm2.o)
 .data          0x000000000080020c        0x0 /usr/lib/gcc/avr/4.8.2/../../../avr/lib/avr6/libm.a(ldexp.o)
 .data          0x000000000080020c        0x0 /usr/lib/gcc/avr/4.8.2/../../../avr/lib/avr6/libm.a(log.o)
 .data          0x000000000080020c        0x0 /usr/lib/gcc/avr/4.8.2/../../../avr/lib/avr6/libm.a(modf.o)
 .data          0x000000000080020c        0x0 /usr/lib/gcc/avr/4.8.2/avr6/libgcc.a(_umulhisi3.o)
 .data          0x000000000080020c        0x0 /usr/lib/gcc/avr/4.8.2/avr6/libgcc.a(_udivmodqi4.o)
 .data          0x000000000080020c        0x0 /usr/lib/gcc/avr/4.8.2/avr6/libgcc.a(_divmodhi4.o)
 .data          0x000000000080020c        0x0 /usr/lib/gcc/avr/4.8.2/avr6/libgcc.a(_divmodsi4.o)
 .data          0x000000000080020c        0x0 /usr/lib/gcc/avr/4.8.2/avr6/libgcc.a(_negsi2.o)
 .data          0x000000000080020c        0x0 /usr/lib/gcc/avr/4.8.2/avr6/libgcc.a(_exit.o)
 .data          0x000000000080020c        0x0 /usr/lib/gcc/avr/4.8.2/avr6/libgcc.a(_copy_data.o)
 .data          0x000000000080020c        0x0 /usr/lib/gcc/avr/4.8.2/avr6/libgcc.a(_clear_bss.o)
 .data          0x000000000080020c        0x0 /usr/lib/gcc/avr/4.8.2/avr6/libgcc.a(_udivmodhi4.o)
 .data          0x000000000080020c        0x0 /usr/lib/gcc/avr/4.8.2/avr6/libgcc.a(_udivmodsi4.o)
 .data          0x000000000080020c        0x6 /usr/lib/gcc/avr/4.8.2/../../../avr/lib/avr6/libc.a(malloc.o)
                0x000000000080020c                __malloc_heap_end
                0x000000000080020e                __malloc_heap_start
                0x0000000000800210                __malloc_margin
 .data          0x0000000000800212        0x0 /usr/lib/gcc/avr/4.8.2/../../../avr/lib/avr6/libc.a(strcmp.o)
 .data          0x0000000000800212        0x0 /usr/lib/gcc/avr/4.8.2/../../../avr/lib/avr6/libc.a(puts.o)
 .data          0x0000000000800212        0x0 /usr/lib/gcc/avr/4.8.2/../../../avr/lib/avr6/libc.a(vsnprintf.o)
 .data          0x0000000000800212        0x0 /usr/lib/gcc/avr/4.8.2/../../../avr/lib/avr6/libc.a(vfprintf_std.o)
 .data          0x0000000000800212        0x0 /usr/lib/gcc/avr/4.8.2/../../../avr/lib/avr6/libc.a(strnlen_P.o)
 .data          0x0000000000800212        0x0 /usr/lib/gcc/avr/4.8.2/../../../avr/lib/avr6/libc.a(strnlen.o)
 .data          0x0000000000800212        0x0 /usr/lib/gcc/avr/4.8.2/../../../avr/lib/avr6/libc.a(fputc.o)
 .data          0x0000000000800212        0x0 /usr/lib/gcc/avr/4.8.2/../../../avr/lib/avr6/libc.a(iob.o)
 .data          0x0000000000800212        0x0 /usr/lib/gcc/avr/4.8.2/../../../avr/lib/avr6/libc.a(ultoa_invert.o)
 *(.data*)
 *(.rodata)
 .rodata        0x0000000000800212        0x2 hardware_control.o
                0x0000000000800212                curve_offset
 .rodata        0x0000000000800214        0x6 ../move_bot/move_bot.o
                0x0000000000800214                distance_to_fix
                0x0000000000800216                dist_threshold
                0x0000000000800218                rotation_threshold
 .rodata        0x000000000080021a        0x2 ../dijkstra/dijkstra.o
                0x000000000080021a                curve_deg_change
 .rodata        0x000000000080021c        0x2 ../timer/timer.o
                0x000000000080021c                FREEZE_TIME
 *(.rodata*)
 .rodata.str1.1
                0x000000000080021e       0x16 hardware_control.o
 .rodata.str1.1
                0x0000000000800234       0x1e app.o
 .rodata.str1.1
                0x0000000000800252      0x10b ../map/map.o
                                        0x11a (size before relaxing)
 .rodata.str1.1
                0x000000000080035d       0x4d ../dijkstra/dijkstra.o
 *(.gnu.linkonce.d*)
                0x00000000008003aa                . = ALIGN (0x2)
                0x00000000008003aa                _edata = .
                0x00000000008003aa                PROVIDE (__data_end, .)

.bss            0x00000000008003aa       0x54
                0x00000000008003aa                PROVIDE (__bss_start, .)
 *(.bss)
 .bss           0x00000000008003aa        0x0 /usr/lib/gcc/avr/4.8.2/../../../avr/lib/avr6/crtm2560.o
 .bss           0x00000000008003aa        0x0 hardware_control.o
 .bss           0x00000000008003aa        0x0 app.o
 .bss           0x00000000008003aa        0x0 ../map/map.o
 .bss           0x00000000008003aa        0x9 ../move_bot/move_bot.o
                0x00000000008003aa                last_right
                0x00000000008003ac                last_center
                0x00000000008003ae                last_left
                0x00000000008003b0                right_black_line
                0x00000000008003b1                center_black_line
                0x00000000008003b2                left_black_line
 .bss           0x00000000008003b3        0x4 ../bl_sensor/bl_sensor.o
                0x00000000008003b3                Right_black_line
                0x00000000008003b4                Center_black_line
                0x00000000008003b5                Left_black_line
                0x00000000008003b6                flag
 .bss           0x00000000008003b7        0x0 ../dijkstra/dijkstra.o
 .bss           0x00000000008003b7        0x0 ../bot_memory/bot_memory.o
 .bss           0x00000000008003b7        0x8 ../pos_encoder/pos_encoder.o
                0x00000000008003b7                ShaftCountRight
                0x00000000008003bb                ShaftCountLeft
 .bss           0x00000000008003bf        0x0 ../lcd/lcd.o
 .bss           0x00000000008003bf        0x0 ../fake_gcc_fns/fake_gcc_fns.o
 .bss           0x00000000008003bf        0x7 ../timer/timer.o
                0x00000000008003bf                all_delivered
                0x00000000008003c0                callback_delay
                0x00000000008003c2                time_count
 .bss           0x00000000008003c6        0x0 ../seven_segment/seven_segment.o
 .bss           0x00000000008003c6        0x0 /usr/lib/gcc/avr/4.8.2/../../../avr/lib/avr6/libm.a(addsf3.o)
 .bss           0x00000000008003c6        0x0 /usr/lib/gcc/avr/4.8.2/../../../avr/lib/avr6/libm.a(addsf3x.o)
 .bss           0x00000000008003c6        0x0 /usr/lib/gcc/avr/4.8.2/../../../avr/lib/avr6/libm.a(atan2.o)
 .bss           0x00000000008003c6        0x0 /usr/lib/gcc/avr/4.8.2/../../../avr/lib/avr6/libm.a(atan.o)
 .bss           0x00000000008003c6        0x0 /usr/lib/gcc/avr/4.8.2/../../../avr/lib/avr6/libm.a(cmpsf2.o)
 .bss           0x00000000008003c6        0x0 /usr/lib/gcc/avr/4.8.2/../../../avr/lib/avr6/libm.a(divsf3.o)
 .bss           0x00000000008003c6        0x0 /usr/lib/gcc/avr/4.8.2/../../../avr/lib/avr6/libm.a(divsf3x.o)
 .bss           0x00000000008003c6        0x0 /usr/lib/gcc/avr/4.8.2/../../../avr/lib/avr6/libm.a(fixsfsi.o)
 .bss           0x00000000008003c6        0x0 /usr/lib/gcc/avr/4.8.2/../../../avr/lib/avr6/libm.a(fixunssfsi.o)
 .bss           0x00000000008003c6        0x0 /usr/lib/gcc/avr/4.8.2/../../../avr/lib/avr6/libm.a(floatsisf.o)
 .bss           0x00000000008003c6        0x0 /usr/lib/gcc/avr/4.8.2/../../../avr/lib/avr6/libm.a(fmod.o)
 .bss           0x00000000008003c6        0x0 /usr/lib/gcc/avr/4.8.2/../../../avr/lib/avr6/libm.a(fp_cmp.o)
 .bss           0x00000000008003c6        0x0 /usr/lib/gcc/avr/4.8.2/../../../avr/lib/avr6/libm.a(fp_inf.o)
 .bss           0x00000000008003c6        0x0 /usr/lib/gcc/avr/4.8.2/../../../avr/lib/avr6/libm.a(fp_mpack.o)
 .bss           0x00000000008003c6        0x0 /usr/lib/gcc/avr/4.8.2/../../../avr/lib/avr6/libm.a(fp_nan.o)
 .bss           0x00000000008003c6        0x0 /usr/lib/gcc/avr/4.8.2/../../../avr/lib/avr6/libm.a(fp_powser.o)
 .bss           0x00000000008003c6        0x0 /usr/lib/gcc/avr/4.8.2/../../../avr/lib/avr6/libm.a(fp_pscA.o)
 .bss           0x00000000008003c6        0x0 /usr/lib/gcc/avr/4.8.2/../../../avr/lib/avr6/libm.a(fp_pscB.o)
 .bss           0x00000000008003c6        0x0 /usr/lib/gcc/avr/4.8.2/../../../avr/lib/avr6/libm.a(fp_round.o)
 .bss           0x00000000008003c6        0x0 /usr/lib/gcc/avr/4.8.2/../../../avr/lib/avr6/libm.a(fp_split3.o)
 .bss           0x00000000008003c6        0x0 /usr/lib/gcc/avr/4.8.2/../../../avr/lib/avr6/libm.a(fp_zero.o)
 .bss           0x00000000008003c6        0x0 /usr/lib/gcc/avr/4.8.2/../../../avr/lib/avr6/libm.a(gesf2.o)
 .bss           0x00000000008003c6        0x0 /usr/lib/gcc/avr/4.8.2/../../../avr/lib/avr6/libm.a(inverse.o)
 .bss           0x00000000008003c6        0x0 /usr/lib/gcc/avr/4.8.2/../../../avr/lib/avr6/libm.a(mulsf3.o)
 .bss           0x00000000008003c6        0x0 /usr/lib/gcc/avr/4.8.2/../../../avr/lib/avr6/libm.a(mulsf3x.o)
 .bss           0x00000000008003c6        0x0 /usr/lib/gcc/avr/4.8.2/../../../avr/lib/avr6/libm.a(pow.o)
 .bss           0x00000000008003c6        0x0 /usr/lib/gcc/avr/4.8.2/../../../avr/lib/avr6/libm.a(sqrt.o)
 .bss           0x00000000008003c6        0x0 /usr/lib/gcc/avr/4.8.2/../../../avr/lib/avr6/libm.a(square.o)
 .bss           0x00000000008003c6        0x0 /usr/lib/gcc/avr/4.8.2/../../../avr/lib/avr6/libm.a(exp.o)
 .bss           0x00000000008003c6        0x0 /usr/lib/gcc/avr/4.8.2/../../../avr/lib/avr6/libm.a(fp_norm2.o)
 .bss           0x00000000008003c6        0x0 /usr/lib/gcc/avr/4.8.2/../../../avr/lib/avr6/libm.a(ldexp.o)
 .bss           0x00000000008003c6        0x0 /usr/lib/gcc/avr/4.8.2/../../../avr/lib/avr6/libm.a(log.o)
 .bss           0x00000000008003c6        0x0 /usr/lib/gcc/avr/4.8.2/../../../avr/lib/avr6/libm.a(modf.o)
 .bss           0x00000000008003c6        0x0 /usr/lib/gcc/avr/4.8.2/avr6/libgcc.a(_umulhisi3.o)
 .bss           0x00000000008003c6        0x0 /usr/lib/gcc/avr/4.8.2/avr6/libgcc.a(_udivmodqi4.o)
 .bss           0x00000000008003c6        0x0 /usr/lib/gcc/avr/4.8.2/avr6/libgcc.a(_divmodhi4.o)
 .bss           0x00000000008003c6        0x0 /usr/lib/gcc/avr/4.8.2/avr6/libgcc.a(_divmodsi4.o)
 .bss           0x00000000008003c6        0x0 /usr/lib/gcc/avr/4.8.2/avr6/libgcc.a(_negsi2.o)
 .bss           0x00000000008003c6        0x0 /usr/lib/gcc/avr/4.8.2/avr6/libgcc.a(_exit.o)
 .bss           0x00000000008003c6        0x0 /usr/lib/gcc/avr/4.8.2/avr6/libgcc.a(_copy_data.o)
 .bss           0x00000000008003c6        0x0 /usr/lib/gcc/avr/4.8.2/avr6/libgcc.a(_clear_bss.o)
 .bss           0x00000000008003c6        0x0 /usr/lib/gcc/avr/4.8.2/avr6/libgcc.a(_udivmodhi4.o)
 .bss           0x00000000008003c6        0x0 /usr/lib/gcc/avr/4.8.2/avr6/libgcc.a(_udivmodsi4.o)
 .bss           0x00000000008003c6        0x0 /usr/lib/gcc/avr/4.8.2/../../../avr/lib/avr6/libc.a(malloc.o)
 .bss           0x00000000008003c6        0x0 /usr/lib/gcc/avr/4.8.2/../../../avr/lib/avr6/libc.a(strcmp.o)
 .bss           0x00000000008003c6        0x0 /usr/lib/gcc/avr/4.8.2/../../../avr/lib/avr6/libc.a(puts.o)
 .bss           0x00000000008003c6        0x0 /usr/lib/gcc/avr/4.8.2/../../../avr/lib/avr6/libc.a(vsnprintf.o)
 .bss           0x00000000008003c6        0x0 /usr/lib/gcc/avr/4.8.2/../../../avr/lib/avr6/libc.a(vfprintf_std.o)
 .bss           0x00000000008003c6        0x0 /usr/lib/gcc/avr/4.8.2/../../../avr/lib/avr6/libc.a(strnlen_P.o)
 .bss           0x00000000008003c6        0x0 /usr/lib/gcc/avr/4.8.2/../../../avr/lib/avr6/libc.a(strnlen.o)
 .bss           0x00000000008003c6        0x0 /usr/lib/gcc/avr/4.8.2/../../../avr/lib/avr6/libc.a(fputc.o)
 .bss           0x00000000008003c6        0x0 /usr/lib/gcc/avr/4.8.2/../../../avr/lib/avr6/libc.a(iob.o)
 .bss           0x00000000008003c6        0x0 /usr/lib/gcc/avr/4.8.2/../../../avr/lib/avr6/libc.a(ultoa_invert.o)
 *(.bss*)
 *(COMMON)
 COMMON         0x00000000008003c6        0xa ../map/map.o
                0x00000000008003c6                curve_info
                0x00000000008003c8                found_node
                0x00000000008003ca                current_search_name
                0x00000000008003cc                our_graph
                0x00000000008003ce                bot_info
 COMMON         0x00000000008003d0        0x3 ../move_bot/move_bot.o
                0x00000000008003d0                degrees
                0x00000000008003d2                ADC_value
 COMMON         0x00000000008003d3        0x1 ../bl_sensor/bl_sensor.o
                0x00000000008003d3                ADC_Value
 COMMON         0x00000000008003d4        0x2 ../bot_memory/bot_memory.o
                0x00000000008003d4                our_bot
 COMMON         0x00000000008003d6        0x2 ../pos_encoder/pos_encoder.o
                0x00000000008003d6                Degrees
 COMMON         0x00000000008003d8        0xc ../lcd/lcd.o
                0x00000000008003d8                million
                0x00000000008003da                temp
                0x00000000008003dc                tens
                0x00000000008003de                hundred
                0x00000000008003e0                unit
                0x00000000008003e2                thousand
 COMMON         0x00000000008003e4       0x10 ../timer/timer.o
                0x00000000008003e4                compc_h
                0x00000000008003e5                compc_val
                0x00000000008003e7                compc_l
                0x00000000008003e8                compa_l
                0x00000000008003e9                compb_h
                0x00000000008003ea                compa_val
                0x00000000008003ec                compa_h
                0x00000000008003ed                callback
                0x00000000008003ef                compb_l
                0x00000000008003f0                compb_val
                0x00000000008003f2                subtract_count
 COMMON         0x00000000008003f4        0x4 /usr/lib/gcc/avr/4.8.2/../../../avr/lib/avr6/libc.a(malloc.o)
                0x00000000008003f4                __brkval
                0x00000000008003f6                __flp
 COMMON         0x00000000008003f8        0x6 /usr/lib/gcc/avr/4.8.2/../../../avr/lib/avr6/libc.a(iob.o)
                0x00000000008003f8                __iob
                0x00000000008003fe                PROVIDE (__bss_end, .)
                0x000000000000840a                __data_load_start = LOADADDR (.data)
                0x00000000000085b4                __data_load_end = (__data_load_start + SIZEOF (.data))

.noinit         0x00000000008003fe        0x0
                0x00000000008003fe                PROVIDE (__noinit_start, .)
 *(.noinit*)
                0x00000000008003fe                PROVIDE (__noinit_end, .)
                0x00000000008003fe                _end = .
                0x00000000008003fe                PROVIDE (__heap_start, .)

.eeprom         0x0000000000810000        0x0
 *(.eeprom*)
                0x0000000000810000                __eeprom_end = .

.fuse
 *(.fuse)
 *(.lfuse)
 *(.hfuse)
 *(.efuse)

.lock
 *(.lock*)

.signature
 *(.signature*)

.user_signatures
 *(.user_signatures*)

.stab           0x0000000000000000    0x13710
 *(.stab)
 .stab          0x0000000000000000      0x6e4 /usr/lib/gcc/avr/4.8.2/../../../avr/lib/avr6/crtm2560.o
 .stab          0x00000000000006e4      0xab0 hardware_control.o
                                        0xabc (size before relaxing)
 .stab          0x0000000000001194      0x42c app.o
                                        0x810 (size before relaxing)
 .stab          0x00000000000015c0     0x4fe0 ../map/map.o
                                       0x5280 (size before relaxing)
 .stab          0x00000000000065a0     0x1128 ../move_bot/move_bot.o
                                       0x1320 (size before relaxing)
 .stab          0x00000000000076c8      0x804 ../bl_sensor/bl_sensor.o
                                        0x9cc (size before relaxing)
 .stab          0x0000000000007ecc      0x900 ../dijkstra/dijkstra.o
                                        0xb58 (size before relaxing)
 .stab          0x00000000000087cc      0x4ec ../bot_memory/bot_memory.o
                                        0x810 (size before relaxing)
 .stab          0x0000000000008cb8     0x1314 ../pos_encoder/pos_encoder.o
                                       0x1530 (size before relaxing)
 .stab          0x0000000000009fcc     0x1e18 ../lcd/lcd.o
                                       0x2034 (size before relaxing)
 .stab          0x000000000000bde4      0x36c ../fake_gcc_fns/fake_gcc_fns.o
                                        0x588 (size before relaxing)
 .stab          0x000000000000c150      0xaa4 ../timer/timer.o
                                        0xcc0 (size before relaxing)
 .stab          0x000000000000cbf4      0x69c ../seven_segment/seven_segment.o
                                        0x8b8 (size before relaxing)
 .stab          0x000000000000d290       0x78 /usr/lib/gcc/avr/4.8.2/../../../avr/lib/avr6/libm.a(addsf3.o)
                                         0x84 (size before relaxing)
 .stab          0x000000000000d308      0x4bc /usr/lib/gcc/avr/4.8.2/../../../avr/lib/avr6/libm.a(addsf3x.o)
                                        0x4c8 (size before relaxing)
 .stab          0x000000000000d7c4      0x2f4 /usr/lib/gcc/avr/4.8.2/../../../avr/lib/avr6/libm.a(atan2.o)
                                        0x300 (size before relaxing)
 .stab          0x000000000000dab8      0x210 /usr/lib/gcc/avr/4.8.2/../../../avr/lib/avr6/libm.a(atan.o)
                                        0x21c (size before relaxing)
 .stab          0x000000000000dcc8       0x90 /usr/lib/gcc/avr/4.8.2/../../../avr/lib/avr6/libm.a(cmpsf2.o)
                                         0x9c (size before relaxing)
 .stab          0x000000000000dd58       0x48 /usr/lib/gcc/avr/4.8.2/../../../avr/lib/avr6/libm.a(divsf3.o)
                                         0x54 (size before relaxing)
 .stab          0x000000000000dda0      0x510 /usr/lib/gcc/avr/4.8.2/../../../avr/lib/avr6/libm.a(divsf3x.o)
                                        0x51c (size before relaxing)
 .stab          0x000000000000e2b0       0x6c /usr/lib/gcc/avr/4.8.2/../../../avr/lib/avr6/libm.a(fixsfsi.o)
                                         0x78 (size before relaxing)
 .stab          0x000000000000e31c      0x240 /usr/lib/gcc/avr/4.8.2/../../../avr/lib/avr6/libm.a(fixunssfsi.o)
                                        0x24c (size before relaxing)
 .stab          0x000000000000e55c      0x318 /usr/lib/gcc/avr/4.8.2/../../../avr/lib/avr6/libm.a(floatsisf.o)
                                        0x324 (size before relaxing)
 .stab          0x000000000000e874      0x3e4 /usr/lib/gcc/avr/4.8.2/../../../avr/lib/avr6/libm.a(fmod.o)
                                        0x3f0 (size before relaxing)
 .stab          0x000000000000ec58      0x1e0 /usr/lib/gcc/avr/4.8.2/../../../avr/lib/avr6/libm.a(fp_cmp.o)
                                        0x1ec (size before relaxing)
 .stab          0x000000000000ee38       0x78 /usr/lib/gcc/avr/4.8.2/../../../avr/lib/avr6/libm.a(fp_inf.o)
                                         0x84 (size before relaxing)
 .stab          0x000000000000eeb0       0xe4 /usr/lib/gcc/avr/4.8.2/../../../avr/lib/avr6/libm.a(fp_mpack.o)
                                         0xf0 (size before relaxing)
 .stab          0x000000000000ef94       0x54 /usr/lib/gcc/avr/4.8.2/../../../avr/lib/avr6/libm.a(fp_nan.o)
                                         0x60 (size before relaxing)
 .stab          0x000000000000efe8      0x1ec /usr/lib/gcc/avr/4.8.2/../../../avr/lib/avr6/libm.a(fp_powser.o)
                                        0x1f8 (size before relaxing)
 .stab          0x000000000000f1d4       0x84 /usr/lib/gcc/avr/4.8.2/../../../avr/lib/avr6/libm.a(fp_pscA.o)
                                         0x90 (size before relaxing)
 .stab          0x000000000000f258       0x84 /usr/lib/gcc/avr/4.8.2/../../../avr/lib/avr6/libm.a(fp_pscB.o)
                                         0x90 (size before relaxing)
 .stab          0x000000000000f2dc       0xfc /usr/lib/gcc/avr/4.8.2/../../../avr/lib/avr6/libm.a(fp_round.o)
                                        0x108 (size before relaxing)
 .stab          0x000000000000f3d8      0x1d4 /usr/lib/gcc/avr/4.8.2/../../../avr/lib/avr6/libm.a(fp_split3.o)
                                        0x1e0 (size before relaxing)
 .stab          0x000000000000f5ac       0x90 /usr/lib/gcc/avr/4.8.2/../../../avr/lib/avr6/libm.a(fp_zero.o)
                                         0x9c (size before relaxing)
 .stab          0x000000000000f63c       0x6c /usr/lib/gcc/avr/4.8.2/../../../avr/lib/avr6/libm.a(gesf2.o)
                                         0x78 (size before relaxing)
 .stab          0x000000000000f6a8       0x84 /usr/lib/gcc/avr/4.8.2/../../../avr/lib/avr6/libm.a(inverse.o)
                                         0x90 (size before relaxing)
 .stab          0x000000000000f72c       0x48 /usr/lib/gcc/avr/4.8.2/../../../avr/lib/avr6/libm.a(mulsf3.o)
                                         0x54 (size before relaxing)
 .stab          0x000000000000f774      0x4d4 /usr/lib/gcc/avr/4.8.2/../../../avr/lib/avr6/libm.a(mulsf3x.o)
                                        0x4e0 (size before relaxing)
 .stab          0x000000000000fc48      0x3c0 /usr/lib/gcc/avr/4.8.2/../../../avr/lib/avr6/libm.a(pow.o)
                                        0x3cc (size before relaxing)
 .stab          0x0000000000010008      0x354 /usr/lib/gcc/avr/4.8.2/../../../avr/lib/avr6/libm.a(sqrt.o)
                                        0x360 (size before relaxing)
 .stab          0x000000000001035c       0x54 /usr/lib/gcc/avr/4.8.2/../../../avr/lib/avr6/libm.a(square.o)
                                         0x60 (size before relaxing)
 .stab          0x00000000000103b0      0x288 /usr/lib/gcc/avr/4.8.2/../../../avr/lib/avr6/libm.a(exp.o)
                                        0x294 (size before relaxing)
 .stab          0x0000000000010638       0x84 /usr/lib/gcc/avr/4.8.2/../../../avr/lib/avr6/libm.a(fp_norm2.o)
                                         0x90 (size before relaxing)
 .stab          0x00000000000106bc      0x2c4 /usr/lib/gcc/avr/4.8.2/../../../avr/lib/avr6/libm.a(ldexp.o)
                                        0x2d0 (size before relaxing)
 .stab          0x0000000000010980      0x378 /usr/lib/gcc/avr/4.8.2/../../../avr/lib/avr6/libm.a(log.o)
                                        0x384 (size before relaxing)
 .stab          0x0000000000010cf8      0x2a0 /usr/lib/gcc/avr/4.8.2/../../../avr/lib/avr6/libm.a(modf.o)
                                        0x2ac (size before relaxing)
 .stab          0x0000000000010f98      0x8b8 /usr/lib/gcc/avr/4.8.2/../../../avr/lib/avr6/libc.a(malloc.o)
                                        0x8e8 (size before relaxing)
 .stab          0x0000000000011850       0x84 /usr/lib/gcc/avr/4.8.2/../../../avr/lib/avr6/libc.a(strcmp.o)
                                         0x90 (size before relaxing)
 .stab          0x00000000000118d4      0x384 /usr/lib/gcc/avr/4.8.2/../../../avr/lib/avr6/libc.a(puts.o)
                                        0x54c (size before relaxing)
 .stab          0x0000000000011c58      0x3a8 /usr/lib/gcc/avr/4.8.2/../../../avr/lib/avr6/libc.a(vsnprintf.o)
                                        0x588 (size before relaxing)
 .stab          0x0000000000012000      0xb58 /usr/lib/gcc/avr/4.8.2/../../../avr/lib/avr6/libc.a(vfprintf_std.o)
                                        0xd80 (size before relaxing)
 .stab          0x0000000000012b58       0x9c /usr/lib/gcc/avr/4.8.2/../../../avr/lib/avr6/libc.a(strnlen_P.o)
                                         0xa8 (size before relaxing)
 .stab          0x0000000000012bf4       0x9c /usr/lib/gcc/avr/4.8.2/../../../avr/lib/avr6/libc.a(strnlen.o)
                                         0xa8 (size before relaxing)
 .stab          0x0000000000012c90      0x354 /usr/lib/gcc/avr/4.8.2/../../../avr/lib/avr6/libc.a(fputc.o)
                                        0x534 (size before relaxing)
 .stab          0x0000000000012fe4      0x2ac /usr/lib/gcc/avr/4.8.2/../../../avr/lib/avr6/libc.a(iob.o)
                                        0x48c (size before relaxing)
 .stab          0x0000000000013290      0x480 /usr/lib/gcc/avr/4.8.2/../../../avr/lib/avr6/libc.a(ultoa_invert.o)
                                        0x48c (size before relaxing)

.stabstr        0x0000000000000000     0x501a
 *(.stabstr)
 .stabstr       0x0000000000000000     0x501a /usr/lib/gcc/avr/4.8.2/../../../avr/lib/avr6/crtm2560.o

.stab.excl
 *(.stab.excl)

.stab.exclstr
 *(.stab.exclstr)

.stab.index
 *(.stab.index)

.stab.indexstr
 *(.stab.indexstr)

.comment        0x0000000000000000       0x11
 *(.comment)
 .comment       0x0000000000000000       0x11 hardware_control.o
                                         0x12 (size before relaxing)
 .comment       0x0000000000000000       0x12 app.o
 .comment       0x0000000000000000       0x12 ../map/map.o
 .comment       0x0000000000000000       0x12 ../move_bot/move_bot.o
 .comment       0x0000000000000000       0x12 ../bl_sensor/bl_sensor.o
 .comment       0x0000000000000000       0x12 ../dijkstra/dijkstra.o
 .comment       0x0000000000000000       0x12 ../bot_memory/bot_memory.o
 .comment       0x0000000000000000       0x12 ../pos_encoder/pos_encoder.o
 .comment       0x0000000000000000       0x12 ../lcd/lcd.o
 .comment       0x0000000000000000       0x12 ../fake_gcc_fns/fake_gcc_fns.o
 .comment       0x0000000000000000       0x12 ../timer/timer.o
 .comment       0x0000000000000000       0x12 ../seven_segment/seven_segment.o
 .comment       0x0000000000000000       0x12 /usr/lib/gcc/avr/4.8.2/../../../avr/lib/avr6/libc.a(malloc.o)
 .comment       0x0000000000000000       0x12 /usr/lib/gcc/avr/4.8.2/../../../avr/lib/avr6/libc.a(puts.o)
 .comment       0x0000000000000000       0x12 /usr/lib/gcc/avr/4.8.2/../../../avr/lib/avr6/libc.a(vsnprintf.o)
 .comment       0x0000000000000000       0x12 /usr/lib/gcc/avr/4.8.2/../../../avr/lib/avr6/libc.a(vfprintf_std.o)
 .comment       0x0000000000000000       0x12 /usr/lib/gcc/avr/4.8.2/../../../avr/lib/avr6/libc.a(fputc.o)
 .comment       0x0000000000000000       0x12 /usr/lib/gcc/avr/4.8.2/../../../avr/lib/avr6/libc.a(iob.o)

.debug
 *(.debug)

.line
 *(.line)

.debug_srcinfo
 *(.debug_srcinfo)

.debug_sfnames
 *(.debug_sfnames)

.debug_aranges
 *(.debug_aranges)

.debug_pubnames
 *(.debug_pubnames)

.debug_info
 *(.debug_info)
 *(.gnu.linkonce.wi.*)

.debug_abbrev
 *(.debug_abbrev)

.debug_line
 *(.debug_line)

.debug_frame
 *(.debug_frame)

.debug_str
 *(.debug_str)

.debug_loc
 *(.debug_loc)

.debug_macinfo
 *(.debug_macinfo)

.debug_pubtypes
 *(.debug_pubtypes)

.debug_ranges
 *(.debug_ranges)

.debug_macro
 *(.debug_macro)
OUTPUT(app.out elf32-avr)
LOAD linker stubs
