Archive member included because of file (symbol)

/usr/lib/gcc/avr/4.8.2/../../../avr/lib/avr6/libm.a(addsf3.o)
                              hardware_control.o (__subsf3)
/usr/lib/gcc/avr/4.8.2/../../../avr/lib/avr6/libm.a(addsf3x.o)
                              /usr/lib/gcc/avr/4.8.2/../../../avr/lib/avr6/libm.a(addsf3.o) (__addsf3x)
/usr/lib/gcc/avr/4.8.2/../../../avr/lib/avr6/libm.a(atan2.o)
                              ../map/map.o (atan2)
/usr/lib/gcc/avr/4.8.2/../../../avr/lib/avr6/libm.a(atan.o)
                              /usr/lib/gcc/avr/4.8.2/../../../avr/lib/avr6/libm.a(atan2.o) (atan)
/usr/lib/gcc/avr/4.8.2/../../../avr/lib/avr6/libm.a(cmpsf2.o)
                              ../map/map.o (__ltsf2)
/usr/lib/gcc/avr/4.8.2/../../../avr/lib/avr6/libm.a(divsf3.o)
                              ../map/map.o (__divsf3)
/usr/lib/gcc/avr/4.8.2/../../../avr/lib/avr6/libm.a(divsf3x.o)
                              /usr/lib/gcc/avr/4.8.2/../../../avr/lib/avr6/libm.a(divsf3.o) (__divsf3x)
/usr/lib/gcc/avr/4.8.2/../../../avr/lib/avr6/libm.a(fixsfsi.o)
                              hardware_control.o (__fixsfsi)
/usr/lib/gcc/avr/4.8.2/../../../avr/lib/avr6/libm.a(fixunssfsi.o)
                              hardware_control.o (__fixunssfsi)
/usr/lib/gcc/avr/4.8.2/../../../avr/lib/avr6/libm.a(floatsisf.o)
                              ../move_bot/move_bot.o (__floatunsisf)
/usr/lib/gcc/avr/4.8.2/../../../avr/lib/avr6/libm.a(fmod.o)
                              ../map/map.o (fmod)
/usr/lib/gcc/avr/4.8.2/../../../avr/lib/avr6/libm.a(fp_cmp.o)
                              /usr/lib/gcc/avr/4.8.2/../../../avr/lib/avr6/libm.a(cmpsf2.o) (__fp_cmp)
/usr/lib/gcc/avr/4.8.2/../../../avr/lib/avr6/libm.a(fp_inf.o)
                              /usr/lib/gcc/avr/4.8.2/../../../avr/lib/avr6/libm.a(addsf3x.o) (__fp_inf)
/usr/lib/gcc/avr/4.8.2/../../../avr/lib/avr6/libm.a(fp_mpack.o)
                              /usr/lib/gcc/avr/4.8.2/../../../avr/lib/avr6/libm.a(fmod.o) (__fp_mpack)
/usr/lib/gcc/avr/4.8.2/../../../avr/lib/avr6/libm.a(fp_nan.o)
                              /usr/lib/gcc/avr/4.8.2/../../../avr/lib/avr6/libm.a(addsf3x.o) (__fp_nan)
/usr/lib/gcc/avr/4.8.2/../../../avr/lib/avr6/libm.a(fp_powser.o)
                              /usr/lib/gcc/avr/4.8.2/../../../avr/lib/avr6/libm.a(atan.o) (__fp_powser)
/usr/lib/gcc/avr/4.8.2/../../../avr/lib/avr6/libm.a(fp_pscA.o)
                              /usr/lib/gcc/avr/4.8.2/../../../avr/lib/avr6/libm.a(addsf3x.o) (__fp_pscA)
/usr/lib/gcc/avr/4.8.2/../../../avr/lib/avr6/libm.a(fp_pscB.o)
                              /usr/lib/gcc/avr/4.8.2/../../../avr/lib/avr6/libm.a(addsf3x.o) (__fp_pscB)
/usr/lib/gcc/avr/4.8.2/../../../avr/lib/avr6/libm.a(fp_round.o)
                              /usr/lib/gcc/avr/4.8.2/../../../avr/lib/avr6/libm.a(addsf3.o) (__fp_round)
/usr/lib/gcc/avr/4.8.2/../../../avr/lib/avr6/libm.a(fp_split3.o)
                              /usr/lib/gcc/avr/4.8.2/../../../avr/lib/avr6/libm.a(addsf3x.o) (__fp_split3)
/usr/lib/gcc/avr/4.8.2/../../../avr/lib/avr6/libm.a(fp_zero.o)
                              /usr/lib/gcc/avr/4.8.2/../../../avr/lib/avr6/libm.a(addsf3x.o) (__fp_zero)
/usr/lib/gcc/avr/4.8.2/../../../avr/lib/avr6/libm.a(gesf2.o)
                              ../map/map.o (__gesf2)
/usr/lib/gcc/avr/4.8.2/../../../avr/lib/avr6/libm.a(inverse.o)
                              /usr/lib/gcc/avr/4.8.2/../../../avr/lib/avr6/libm.a(atan.o) (inverse)
/usr/lib/gcc/avr/4.8.2/../../../avr/lib/avr6/libm.a(mulsf3.o)
                              hardware_control.o (__mulsf3)
/usr/lib/gcc/avr/4.8.2/../../../avr/lib/avr6/libm.a(mulsf3x.o)
                              /usr/lib/gcc/avr/4.8.2/../../../avr/lib/avr6/libm.a(atan.o) (__mulsf3x)
/usr/lib/gcc/avr/4.8.2/../../../avr/lib/avr6/libm.a(sqrt.o)
                              hardware_control.o (sqrt)
/usr/lib/gcc/avr/4.8.2/../../../avr/lib/avr6/libm.a(square.o)
                              /usr/lib/gcc/avr/4.8.2/../../../avr/lib/avr6/libm.a(atan.o) (square)
/usr/lib/gcc/avr/4.8.2/../../../avr/lib/avr6/libm.a(fp_norm2.o)
                              /usr/lib/gcc/avr/4.8.2/../../../avr/lib/avr6/libm.a(sqrt.o) (__fp_norm2)
/usr/lib/gcc/avr/4.8.2/avr6/libgcc.a(_udivmodqi4.o)
                              hardware_control.o (__udivmodqi4)
/usr/lib/gcc/avr/4.8.2/avr6/libgcc.a(_udivmodhi4.o)
                              ../lcd/lcd.o (__udivmodhi4)
/usr/lib/gcc/avr/4.8.2/avr6/libgcc.a(_exit.o)
                              /usr/lib/gcc/avr/4.8.2/../../../avr/lib/avr6/crtm2560.o (exit)
/usr/lib/gcc/avr/4.8.2/avr6/libgcc.a(_copy_data.o)
                              hardware_control.o (__do_copy_data)
/usr/lib/gcc/avr/4.8.2/avr6/libgcc.a(_clear_bss.o)
                              ../map/map.o (__do_clear_bss)
/usr/lib/gcc/avr/4.8.2/../../../avr/lib/avr6/libc.a(malloc.o)
                              ../map/map.o (malloc)
/usr/lib/gcc/avr/4.8.2/../../../avr/lib/avr6/libc.a(strcmp.o)
                              ../map/map.o (strcmp)
/usr/lib/gcc/avr/4.8.2/../../../avr/lib/avr6/libc.a(puts.o)
                              ../dijkstra/dijkstra.o (puts)
/usr/lib/gcc/avr/4.8.2/../../../avr/lib/avr6/libc.a(vsnprintf.o)
                              ../lcd/lcd.o (vsnprintf)
/usr/lib/gcc/avr/4.8.2/../../../avr/lib/avr6/libc.a(vfprintf_std.o)
                              /usr/lib/gcc/avr/4.8.2/../../../avr/lib/avr6/libc.a(vsnprintf.o) (vfprintf)
/usr/lib/gcc/avr/4.8.2/../../../avr/lib/avr6/libc.a(strnlen_P.o)
                              /usr/lib/gcc/avr/4.8.2/../../../avr/lib/avr6/libc.a(vfprintf_std.o) (strnlen_P)
/usr/lib/gcc/avr/4.8.2/../../../avr/lib/avr6/libc.a(strnlen.o)
                              /usr/lib/gcc/avr/4.8.2/../../../avr/lib/avr6/libc.a(vfprintf_std.o) (strnlen)
/usr/lib/gcc/avr/4.8.2/../../../avr/lib/avr6/libc.a(fputc.o)
                              /usr/lib/gcc/avr/4.8.2/../../../avr/lib/avr6/libc.a(vfprintf_std.o) (fputc)
/usr/lib/gcc/avr/4.8.2/../../../avr/lib/avr6/libc.a(iob.o)
                              /usr/lib/gcc/avr/4.8.2/../../../avr/lib/avr6/libc.a(puts.o) (__iob)
/usr/lib/gcc/avr/4.8.2/../../../avr/lib/avr6/libc.a(ultoa_invert.o)
                              /usr/lib/gcc/avr/4.8.2/../../../avr/lib/avr6/libc.a(vfprintf_std.o) (__ultoa_invert)

Allocating common symbols
Common symbol       size              file

Degrees             0x2               ../pos_encoder/pos_encoder.o
degrees             0x2               ../move_bot/move_bot.o
million             0x2               ../lcd/lcd.o
curve_info          0x2               ../map/map.o
temp                0x2               ../lcd/lcd.o
__brkval            0x2               /usr/lib/gcc/avr/4.8.2/../../../avr/lib/avr6/libc.a(malloc.o)
ADC_value           0x1               ../move_bot/move_bot.o
ADC_Value           0x1               ../bl_sensor/bl_sensor.o
found_node          0x2               ../map/map.o
current_search_name
                    0x2               ../map/map.o
tens                0x2               ../lcd/lcd.o
our_bot             0x2               ../bot_memory/bot_memory.o
our_graph           0x2               ../map/map.o
bot_info            0x2               ../map/map.o
hundred             0x2               ../lcd/lcd.o
__flp               0x2               /usr/lib/gcc/avr/4.8.2/../../../avr/lib/avr6/libc.a(malloc.o)
unit                0x2               ../lcd/lcd.o
thousand            0x2               ../lcd/lcd.o
__iob               0x6               /usr/lib/gcc/avr/4.8.2/../../../avr/lib/avr6/libc.a(iob.o)

Memory Configuration

Name             Origin             Length             Attributes
text             0x0000000000000000 0x0000000000100000 xr
data             0x0000000000800200 0x000000000000fe00 rw !x
eeprom           0x0000000000810000 0x0000000000010000 rw !x
fuse             0x0000000000820000 0x0000000000000400 rw !x
lock             0x0000000000830000 0x0000000000000400 rw !x
signature        0x0000000000840000 0x0000000000000400 rw !x
user_signatures  0x0000000000850000 0x0000000000000400 rw !x
*default*        0x0000000000000000 0xffffffffffffffff

Linker script and memory map

Address of section .data set to 0x800200
LOAD /usr/lib/gcc/avr/4.8.2/../../../avr/lib/avr6/crtm2560.o
LOAD hardware_control.o
LOAD app.o
LOAD ../map/map.o
LOAD ../move_bot/move_bot.o
LOAD ../bl_sensor/bl_sensor.o
LOAD ../dijkstra/dijkstra.o
LOAD ../bot_memory/bot_memory.o
LOAD ../pos_encoder/pos_encoder.o
LOAD ../lcd/lcd.o
LOAD ../fake_gcc_fns/fake_gcc_fns.o
LOAD /usr/lib/gcc/avr/4.8.2/../../../avr/lib/avr6/libm.a
START GROUP
LOAD /usr/lib/gcc/avr/4.8.2/avr6/libgcc.a
LOAD /usr/lib/gcc/avr/4.8.2/../../../avr/lib/avr6/libm.a
LOAD /usr/lib/gcc/avr/4.8.2/../../../avr/lib/avr6/libc.a
END GROUP

.hash
 *(.hash)

.dynsym
 *(.dynsym)

.dynstr
 *(.dynstr)

.gnu.version
 *(.gnu.version)

.gnu.version_d
 *(.gnu.version_d)

.gnu.version_r
 *(.gnu.version_r)

.rel.init
 *(.rel.init)

.rela.init
 *(.rela.init)

.rel.text
 *(.rel.text)
 *(.rel.text.*)
 *(.rel.gnu.linkonce.t*)

.rela.text
 *(.rela.text)
 *(.rela.text.*)
 *(.rela.gnu.linkonce.t*)

.rel.fini
 *(.rel.fini)

.rela.fini
 *(.rela.fini)

.rel.rodata
 *(.rel.rodata)
 *(.rel.rodata.*)
 *(.rel.gnu.linkonce.r*)

.rela.rodata
 *(.rela.rodata)
 *(.rela.rodata.*)
 *(.rela.gnu.linkonce.r*)

.rel.data
 *(.rel.data)
 *(.rel.data.*)
 *(.rel.gnu.linkonce.d*)

.rela.data
 *(.rela.data)
 *(.rela.data.*)
 *(.rela.gnu.linkonce.d*)

.rel.ctors
 *(.rel.ctors)

.rela.ctors
 *(.rela.ctors)

.rel.dtors
 *(.rel.dtors)

.rela.dtors
 *(.rela.dtors)

.rel.got
 *(.rel.got)

.rela.got
 *(.rela.got)

.rel.bss
 *(.rel.bss)

.rela.bss
 *(.rela.bss)

.rel.plt
 *(.rel.plt)

.rela.plt
 *(.rela.plt)

.text           0x0000000000000000     0x3a10
 *(.vectors)
 .vectors       0x0000000000000000       0xe4 /usr/lib/gcc/avr/4.8.2/../../../avr/lib/avr6/crtm2560.o
                0x0000000000000000                __vectors
                0x0000000000000000                __vector_default
 *(.vectors)
 *(.progmem.gcc*)
 .progmem.gcc_fplib
                0x00000000000000e4       0x2d /usr/lib/gcc/avr/4.8.2/../../../avr/lib/avr6/libm.a(atan.o)
 *(.progmem*)
                0x0000000000000112                . = ALIGN (0x2)
 *fill*         0x0000000000000111        0x1 
                0x0000000000000112                __trampolines_start = .
 *(.trampolines)
 .trampolines   0x0000000000000112        0x8 linker stubs
 *(.trampolines*)
                0x000000000000011a                __trampolines_end = .
 *(.jumptables)
 *(.jumptables*)
 *(.lowtext)
 *(.lowtext*)
                0x000000000000011a                __ctors_start = .
 *(.ctors)
                0x000000000000011a                __ctors_end = .
                0x000000000000011a                __dtors_start = .
 *(.dtors)
                0x000000000000011a                __dtors_end = .
 SORT(*)(.ctors)
 SORT(*)(.dtors)
 *(.init0)
 .init0         0x000000000000011a        0x0 /usr/lib/gcc/avr/4.8.2/../../../avr/lib/avr6/crtm2560.o
                0x000000000000011a                __init
 *(.init0)
 *(.init1)
 *(.init1)
 *(.init2)
 .init2         0x000000000000011a       0x10 /usr/lib/gcc/avr/4.8.2/../../../avr/lib/avr6/crtm2560.o
 *(.init2)
 *(.init3)
 *(.init3)
 *(.init4)
 .init4         0x000000000000012a       0x1a /usr/lib/gcc/avr/4.8.2/avr6/libgcc.a(_copy_data.o)
                0x000000000000012a                __do_copy_data
 .init4         0x0000000000000144       0x10 /usr/lib/gcc/avr/4.8.2/avr6/libgcc.a(_clear_bss.o)
                0x0000000000000144                __do_clear_bss
 *(.init4)
 *(.init5)
 *(.init5)
 *(.init6)
 *(.init6)
 *(.init7)
 *(.init7)
 *(.init8)
 *(.init8)
 *(.init9)
 .init9         0x0000000000000154        0x8 /usr/lib/gcc/avr/4.8.2/../../../avr/lib/avr6/crtm2560.o
 *(.init9)
 *(.text)
 .text          0x000000000000015c        0x4 /usr/lib/gcc/avr/4.8.2/../../../avr/lib/avr6/crtm2560.o
                0x000000000000015c                __vector_38
                0x000000000000015c                __vector_22
                0x000000000000015c                __vector_28
                0x000000000000015c                __vector_1
                0x000000000000015c                __vector_32
                0x000000000000015c                __vector_34
                0x000000000000015c                __vector_24
                0x000000000000015c                __vector_12
                0x000000000000015c                __vector_55
                0x000000000000015c                __vector_46
                0x000000000000015c                __bad_interrupt
                0x000000000000015c                __vector_31
                0x000000000000015c                __vector_35
                0x000000000000015c                __vector_39
                0x000000000000015c                __vector_3
                0x000000000000015c                __vector_23
                0x000000000000015c                __vector_30
                0x000000000000015c                __vector_45
                0x000000000000015c                __vector_25
                0x000000000000015c                __vector_11
                0x000000000000015c                __vector_54
                0x000000000000015c                __vector_13
                0x000000000000015c                __vector_17
                0x000000000000015c                __vector_19
                0x000000000000015c                __vector_56
                0x000000000000015c                __vector_7
                0x000000000000015c                __vector_49
                0x000000000000015c                __vector_41
                0x000000000000015c                __vector_43
                0x000000000000015c                __vector_27
                0x000000000000015c                __vector_33
                0x000000000000015c                __vector_47
                0x000000000000015c                __vector_52
                0x000000000000015c                __vector_37
                0x000000000000015c                __vector_4
                0x000000000000015c                __vector_44
                0x000000000000015c                __vector_51
                0x000000000000015c                __vector_9
                0x000000000000015c                __vector_2
                0x000000000000015c                __vector_21
                0x000000000000015c                __vector_15
                0x000000000000015c                __vector_36
                0x000000000000015c                __vector_29
                0x000000000000015c                __vector_40
                0x000000000000015c                __vector_8
                0x000000000000015c                __vector_26
                0x000000000000015c                __vector_48
                0x000000000000015c                __vector_14
                0x000000000000015c                __vector_53
                0x000000000000015c                __vector_10
                0x000000000000015c                __vector_50
                0x000000000000015c                __vector_16
                0x000000000000015c                __vector_18
                0x000000000000015c                __vector_20
                0x000000000000015c                __vector_42
 .text          0x0000000000000160      0x44c hardware_control.o
                0x0000000000000160                CurveTowards
                0x00000000000002d0                MoveBotToNode
 .text          0x00000000000005ac        0x0 app.o
 .text          0x00000000000005ac     0x12f0 ../map/map.o
                0x00000000000005ac                CheckNodeName
                0x00000000000005da                CreateNode
                0x00000000000006aa                ConnectNodes
                0x000000000000072e                InitGraph
                0x000000000000157c                GetCurrentNode
                0x0000000000001590                DFSEval
                0x00000000000015fa                GetNodeByName
                0x0000000000001664                IndexOfNode
                0x000000000000167e                UpdateNodeInArray
                0x00000000000016c6                GetCurveInfo
                0x00000000000016d0                GetGraph
                0x00000000000016da                GetRotationCost
                0x00000000000016ea                GetShortestDeg
                0x0000000000001706                RadToDeg
                0x0000000000001720                MakePositiveDeg
                0x000000000000175c                MakePositiveRad
                0x00000000000017a2                GetAngularVelocity
                0x0000000000001882                GetCurveDirection
 .text          0x000000000000189c      0x426 ../move_bot/move_bot.o
                0x000000000000189c                MoveBotInitDevices
                0x00000000000018a8                IsBlack
                0x00000000000018bc                AngleRotate
                0x00000000000019cc                MoveBot
                0x0000000000001bd8                MoveBotForward
                0x0000000000001c08                RotateBot
                0x0000000000001c92                MoveBotReverse
 .text          0x0000000000001cc2       0xb0 ../bl_sensor/bl_sensor.o
                0x0000000000001cc2                BlSensorAdcPinConfig
                0x0000000000001cd0                BlSensorPortInit
                0x0000000000001cd4                BlSensorTimer5Init
                0x0000000000001d0a                BlSensorAdcInit
                0x0000000000001d24                BlSensorAdcConversion
                0x0000000000001d5c                BlSensorGet
                0x0000000000001d60                BlSensorInitDevices
 .text          0x0000000000001d72      0x4a0 ../dijkstra/dijkstra.o
                0x0000000000001d72                InitNodesDijkstra
                0x0000000000001d8a                GetLowestUndone
                0x0000000000001e2e                Dijkstra
                0x00000000000021fa                DijkstraFree
 .text          0x0000000000002212       0xb6 ../bot_memory/bot_memory.o
                0x0000000000002212                InitBotInfo
                0x00000000000022be                GetBotInfo
 .text          0x00000000000022c8      0x3e2 ../pos_encoder/pos_encoder.o
                0x00000000000022c8                PosEncoderMotionPinConfig
                0x00000000000022ea                LeftEncoderPinConfig
                0x00000000000022f0                RightEncoderPinConfig
                0x00000000000022f6                PosEncoderPortInit
                0x0000000000002302                LeftPositionEncoderInterruptInit
                0x0000000000002314                RightPositionEncoderInterruptInit
                0x0000000000002326                PosEncoderTimer5Init
                0x000000000000235c                __vector_6
                0x00000000000023a6                __vector_5
                0x00000000000023f0                PosEncoderMotionSet
                0x00000000000023fc                PosEncoderVelocity
                0x0000000000002406                PosEncoderForward
                0x000000000000240c                PosEncoderBack
                0x0000000000002412                PosEncoderLeft
                0x0000000000002418                PosEncoderRight
                0x000000000000241e                PosEncoderSoftLeft
                0x0000000000002424                PosEncoderSoftRight
                0x000000000000242a                PosEncoderSoftLeft2
                0x0000000000002430                PosEncoderSoftRight2
                0x0000000000002436                PosEncoderStop
                0x000000000000243c                PosEncoderAngleRotate
                0x00000000000024bc                PosEncoderLinearDistanceMm
                0x0000000000002546                PosEncoderForwardMm
                0x000000000000256a                PosEncoderBackMm
                0x000000000000258e                PosEncoderLeftDegrees
                0x00000000000025b2                PosEncoderRightDegrees
                0x00000000000025d6                PosEncoderSoftLeftDegrees
                0x00000000000025ee                PosEncoderSoftRightDegrees
                0x0000000000002606                PosEncoderSoftLeft2Degrees
                0x000000000000261e                PosEncoderSoftRight2Degrees
                0x0000000000002636                PosEncoderInitDevices
                0x0000000000002648                PosEncoderRotateBot
                0x0000000000002662                ResetRightShaft
                0x0000000000002674                ResetLeftShaft
                0x0000000000002686                GetShaftCountRight
                0x0000000000002698                GetShaftCountLeft
 .text          0x00000000000026aa      0x33e ../lcd/lcd.o
                0x00000000000026aa                LcdPortConfig
                0x00000000000026b8                LcdPortInit
                0x00000000000026bc                LcdInitDevices
                0x00000000000026c6                LcdSet4Bit
                0x000000000000274e                LcdWrCommand
                0x0000000000002798                LcdInit
                0x00000000000027c8                LcdWrChar
                0x0000000000002812                LcdHome
                0x0000000000002818                LcdString
                0x0000000000002856                LcdPrintf
                0x00000000000028ac                LcdCursor
                0x00000000000028d8                LcdPrint
 .text          0x00000000000029e8       0x5c ../fake_gcc_fns/fake_gcc_fns.o
                0x00000000000029e8                printf
                0x0000000000002a42                sleep
 .text          0x0000000000002a44        0x0 /usr/lib/gcc/avr/4.8.2/../../../avr/lib/avr6/libm.a(addsf3.o)
 .text          0x0000000000002a44        0x0 /usr/lib/gcc/avr/4.8.2/../../../avr/lib/avr6/libm.a(addsf3x.o)
 .text          0x0000000000002a44        0x0 /usr/lib/gcc/avr/4.8.2/../../../avr/lib/avr6/libm.a(atan2.o)
 .text          0x0000000000002a44        0x0 /usr/lib/gcc/avr/4.8.2/../../../avr/lib/avr6/libm.a(atan.o)
 .text          0x0000000000002a44        0x0 /usr/lib/gcc/avr/4.8.2/../../../avr/lib/avr6/libm.a(cmpsf2.o)
 .text          0x0000000000002a44        0x0 /usr/lib/gcc/avr/4.8.2/../../../avr/lib/avr6/libm.a(divsf3.o)
 .text          0x0000000000002a44        0x0 /usr/lib/gcc/avr/4.8.2/../../../avr/lib/avr6/libm.a(divsf3x.o)
 .text          0x0000000000002a44        0x0 /usr/lib/gcc/avr/4.8.2/../../../avr/lib/avr6/libm.a(fixsfsi.o)
 .text          0x0000000000002a44        0x0 /usr/lib/gcc/avr/4.8.2/../../../avr/lib/avr6/libm.a(fixunssfsi.o)
 .text          0x0000000000002a44        0x0 /usr/lib/gcc/avr/4.8.2/../../../avr/lib/avr6/libm.a(floatsisf.o)
 .text          0x0000000000002a44        0x0 /usr/lib/gcc/avr/4.8.2/../../../avr/lib/avr6/libm.a(fmod.o)
 .text          0x0000000000002a44        0x0 /usr/lib/gcc/avr/4.8.2/../../../avr/lib/avr6/libm.a(fp_cmp.o)
 .text          0x0000000000002a44        0x0 /usr/lib/gcc/avr/4.8.2/../../../avr/lib/avr6/libm.a(fp_inf.o)
 .text          0x0000000000002a44        0x0 /usr/lib/gcc/avr/4.8.2/../../../avr/lib/avr6/libm.a(fp_mpack.o)
 .text          0x0000000000002a44        0x0 /usr/lib/gcc/avr/4.8.2/../../../avr/lib/avr6/libm.a(fp_nan.o)
 .text          0x0000000000002a44        0x0 /usr/lib/gcc/avr/4.8.2/../../../avr/lib/avr6/libm.a(fp_powser.o)
 .text          0x0000000000002a44        0x0 /usr/lib/gcc/avr/4.8.2/../../../avr/lib/avr6/libm.a(fp_pscA.o)
 .text          0x0000000000002a44        0x0 /usr/lib/gcc/avr/4.8.2/../../../avr/lib/avr6/libm.a(fp_pscB.o)
 .text          0x0000000000002a44        0x0 /usr/lib/gcc/avr/4.8.2/../../../avr/lib/avr6/libm.a(fp_round.o)
 .text          0x0000000000002a44        0x0 /usr/lib/gcc/avr/4.8.2/../../../avr/lib/avr6/libm.a(fp_split3.o)
 .text          0x0000000000002a44        0x0 /usr/lib/gcc/avr/4.8.2/../../../avr/lib/avr6/libm.a(fp_zero.o)
 .text          0x0000000000002a44        0x0 /usr/lib/gcc/avr/4.8.2/../../../avr/lib/avr6/libm.a(gesf2.o)
 .text          0x0000000000002a44        0x0 /usr/lib/gcc/avr/4.8.2/../../../avr/lib/avr6/libm.a(inverse.o)
 .text          0x0000000000002a44        0x0 /usr/lib/gcc/avr/4.8.2/../../../avr/lib/avr6/libm.a(mulsf3.o)
 .text          0x0000000000002a44        0x0 /usr/lib/gcc/avr/4.8.2/../../../avr/lib/avr6/libm.a(mulsf3x.o)
 .text          0x0000000000002a44        0x0 /usr/lib/gcc/avr/4.8.2/../../../avr/lib/avr6/libm.a(sqrt.o)
 .text          0x0000000000002a44        0x0 /usr/lib/gcc/avr/4.8.2/../../../avr/lib/avr6/libm.a(square.o)
 .text          0x0000000000002a44        0x0 /usr/lib/gcc/avr/4.8.2/../../../avr/lib/avr6/libm.a(fp_norm2.o)
 .text          0x0000000000002a44        0x0 /usr/lib/gcc/avr/4.8.2/avr6/libgcc.a(_udivmodqi4.o)
 .text          0x0000000000002a44        0x0 /usr/lib/gcc/avr/4.8.2/avr6/libgcc.a(_udivmodhi4.o)
 .text          0x0000000000002a44        0x0 /usr/lib/gcc/avr/4.8.2/avr6/libgcc.a(_exit.o)
 .text          0x0000000000002a44        0x0 /usr/lib/gcc/avr/4.8.2/avr6/libgcc.a(_copy_data.o)
 .text          0x0000000000002a44        0x0 /usr/lib/gcc/avr/4.8.2/avr6/libgcc.a(_clear_bss.o)
 .text          0x0000000000002a44        0x0 /usr/lib/gcc/avr/4.8.2/../../../avr/lib/avr6/libc.a(malloc.o)
 .text          0x0000000000002a44        0x0 /usr/lib/gcc/avr/4.8.2/../../../avr/lib/avr6/libc.a(strcmp.o)
 .text          0x0000000000002a44        0x0 /usr/lib/gcc/avr/4.8.2/../../../avr/lib/avr6/libc.a(puts.o)
 .text          0x0000000000002a44        0x0 /usr/lib/gcc/avr/4.8.2/../../../avr/lib/avr6/libc.a(vsnprintf.o)
 .text          0x0000000000002a44        0x0 /usr/lib/gcc/avr/4.8.2/../../../avr/lib/avr6/libc.a(vfprintf_std.o)
 .text          0x0000000000002a44        0x0 /usr/lib/gcc/avr/4.8.2/../../../avr/lib/avr6/libc.a(strnlen_P.o)
 .text          0x0000000000002a44        0x0 /usr/lib/gcc/avr/4.8.2/../../../avr/lib/avr6/libc.a(strnlen.o)
 .text          0x0000000000002a44        0x0 /usr/lib/gcc/avr/4.8.2/../../../avr/lib/avr6/libc.a(fputc.o)
 .text          0x0000000000002a44        0x0 /usr/lib/gcc/avr/4.8.2/../../../avr/lib/avr6/libc.a(iob.o)
 .text          0x0000000000002a44        0x0 /usr/lib/gcc/avr/4.8.2/../../../avr/lib/avr6/libc.a(ultoa_invert.o)
                0x0000000000002a44                . = ALIGN (0x2)
 *(.text.*)
 .text.startup  0x0000000000002a44       0x78 app.o
                0x0000000000002a44                main
 .text.avr-libc.fplib
                0x0000000000002abc        0xa /usr/lib/gcc/avr/4.8.2/../../../avr/lib/avr6/libm.a(addsf3.o)
                0x0000000000002abc                __subsf3
                0x0000000000002abe                __addsf3
 .text.avr-libc.fplib
                0x0000000000002ac6       0xc0 /usr/lib/gcc/avr/4.8.2/../../../avr/lib/avr6/libm.a(addsf3x.o)
                0x0000000000002ae0                __addsf3x
 .text.avr-libc.fplib
                0x0000000000002b86       0x74 /usr/lib/gcc/avr/4.8.2/../../../avr/lib/avr6/libm.a(atan2.o)
                0x0000000000002ba4                atan2
 .text.avr-libc.fplib
                0x0000000000002bfa       0x50 /usr/lib/gcc/avr/4.8.2/../../../avr/lib/avr6/libm.a(atan.o)
                0x0000000000002bfa                atan
 .text.avr-libc.fplib
                0x0000000000002c4a        0x8 /usr/lib/gcc/avr/4.8.2/../../../avr/lib/avr6/libm.a(cmpsf2.o)
                0x0000000000002c4a                __lesf2
                0x0000000000002c4a                __nesf2
                0x0000000000002c4a                __eqsf2
                0x0000000000002c4a                __cmpsf2
                0x0000000000002c4a                __ltsf2
 .text.avr-libc.fplib
                0x0000000000002c52        0x4 /usr/lib/gcc/avr/4.8.2/../../../avr/lib/avr6/libm.a(divsf3.o)
                0x0000000000002c52                __divsf3
 .text.avr-libc.fplib
                0x0000000000002c56       0xcc /usr/lib/gcc/avr/4.8.2/../../../avr/lib/avr6/libm.a(divsf3x.o)
                0x0000000000002c6c                __divsf3x
                0x0000000000002c70                __divsf3_pse
 .text.avr-libc.fplib
                0x0000000000002d22        0xa /usr/lib/gcc/avr/4.8.2/../../../avr/lib/avr6/libm.a(fixsfsi.o)
                0x0000000000002d22                __fixsfsi
 .text.avr-libc.fplib
                0x0000000000002d2c       0x58 /usr/lib/gcc/avr/4.8.2/../../../avr/lib/avr6/libm.a(fixunssfsi.o)
                0x0000000000002d2c                __fixunssfsi
 .text.avr-libc.fplib
                0x0000000000002d84       0x7a /usr/lib/gcc/avr/4.8.2/../../../avr/lib/avr6/libm.a(floatsisf.o)
                0x0000000000002d84                __floatunsisf
                0x0000000000002d88                __floatsisf
 .text.avr-libc.fplib
                0x0000000000002dfe       0x9c /usr/lib/gcc/avr/4.8.2/../../../avr/lib/avr6/libm.a(fmod.o)
                0x0000000000002e0c                fmod
 .text.avr-libc.fplib
                0x0000000000002e9a       0x48 /usr/lib/gcc/avr/4.8.2/../../../avr/lib/avr6/libm.a(fp_cmp.o)
                0x0000000000002e9a                __fp_cmp
 .text.avr-libc.fplib
                0x0000000000002ee2        0xc /usr/lib/gcc/avr/4.8.2/../../../avr/lib/avr6/libm.a(fp_inf.o)
                0x0000000000002ee2                __fp_inf
 .text.avr-libc.fplib
                0x0000000000002eee       0x1c /usr/lib/gcc/avr/4.8.2/../../../avr/lib/avr6/libm.a(fp_mpack.o)
                0x0000000000002eee                __fp_mpack
                0x0000000000002ef2                __fp_mpack_finite
 .text.avr-libc.fplib
                0x0000000000002f0a        0x6 /usr/lib/gcc/avr/4.8.2/../../../avr/lib/avr6/libm.a(fp_nan.o)
                0x0000000000002f0a                __fp_nan
 .text.avr-libc.fplib
                0x0000000000002f10       0x4a /usr/lib/gcc/avr/4.8.2/../../../avr/lib/avr6/libm.a(fp_powser.o)
                0x0000000000002f10                __fp_powser
 .text.avr-libc.fplib
                0x0000000000002f5a        0xe /usr/lib/gcc/avr/4.8.2/../../../avr/lib/avr6/libm.a(fp_pscA.o)
                0x0000000000002f5a                __fp_pscA
 .text.avr-libc.fplib
                0x0000000000002f68        0xe /usr/lib/gcc/avr/4.8.2/../../../avr/lib/avr6/libm.a(fp_pscB.o)
                0x0000000000002f68                __fp_pscB
 .text.avr-libc.fplib
                0x0000000000002f76       0x22 /usr/lib/gcc/avr/4.8.2/../../../avr/lib/avr6/libm.a(fp_round.o)
                0x0000000000002f76                __fp_round
 .text.avr-libc.fplib
                0x0000000000002f98       0x44 /usr/lib/gcc/avr/4.8.2/../../../avr/lib/avr6/libm.a(fp_split3.o)
                0x0000000000002f98                __fp_split3
                0x0000000000002fa8                __fp_splitA
 .text.avr-libc.fplib
                0x0000000000002fdc        0xe /usr/lib/gcc/avr/4.8.2/../../../avr/lib/avr6/libm.a(fp_zero.o)
                0x0000000000002fdc                __fp_zero
                0x0000000000002fde                __fp_szero
 .text.avr-libc.fplib
                0x0000000000002fea        0x8 /usr/lib/gcc/avr/4.8.2/../../../avr/lib/avr6/libm.a(gesf2.o)
                0x0000000000002fea                __gtsf2
                0x0000000000002fea                __gesf2
 .text.avr-libc.fplib
                0x0000000000002ff2        0xe /usr/lib/gcc/avr/4.8.2/../../../avr/lib/avr6/libm.a(inverse.o)
                0x0000000000002ff2                inverse
 .text.avr-libc.fplib
                0x0000000000003000        0x4 /usr/lib/gcc/avr/4.8.2/../../../avr/lib/avr6/libm.a(mulsf3.o)
                0x0000000000003000                __mulsf3
 .text.avr-libc.fplib
                0x0000000000003004       0xc2 /usr/lib/gcc/avr/4.8.2/../../../avr/lib/avr6/libm.a(mulsf3x.o)
                0x0000000000003018                __mulsf3x
                0x000000000000301c                __mulsf3_pse
 .text.avr-libc.fplib
                0x00000000000030c6       0x84 /usr/lib/gcc/avr/4.8.2/../../../avr/lib/avr6/libm.a(sqrt.o)
                0x00000000000030ce                sqrt
 .text.avr-libc.fplib
                0x000000000000314a        0x6 /usr/lib/gcc/avr/4.8.2/../../../avr/lib/avr6/libm.a(square.o)
                0x000000000000314a                square
 .text.avr-libc.fplib
                0x0000000000003150        0xe /usr/lib/gcc/avr/4.8.2/../../../avr/lib/avr6/libm.a(fp_norm2.o)
                0x0000000000003150                __fp_norm2
 .text.libgcc.mul
                0x000000000000315e        0x0 /usr/lib/gcc/avr/4.8.2/avr6/libgcc.a(_udivmodqi4.o)
 .text.libgcc.div
                0x000000000000315e       0x18 /usr/lib/gcc/avr/4.8.2/avr6/libgcc.a(_udivmodqi4.o)
                0x000000000000315e                __udivmodqi4
 .text.libgcc   0x0000000000003176        0x0 /usr/lib/gcc/avr/4.8.2/avr6/libgcc.a(_udivmodqi4.o)
 .text.libgcc.prologue
                0x0000000000003176        0x0 /usr/lib/gcc/avr/4.8.2/avr6/libgcc.a(_udivmodqi4.o)
 .text.libgcc.builtins
                0x0000000000003176        0x0 /usr/lib/gcc/avr/4.8.2/avr6/libgcc.a(_udivmodqi4.o)
 .text.libgcc.fmul
                0x0000000000003176        0x0 /usr/lib/gcc/avr/4.8.2/avr6/libgcc.a(_udivmodqi4.o)
 .text.libgcc.fixed
                0x0000000000003176        0x0 /usr/lib/gcc/avr/4.8.2/avr6/libgcc.a(_udivmodqi4.o)
 .text.libgcc.mul
                0x0000000000003176        0x0 /usr/lib/gcc/avr/4.8.2/avr6/libgcc.a(_udivmodhi4.o)
 .text.libgcc.div
                0x0000000000003176       0x28 /usr/lib/gcc/avr/4.8.2/avr6/libgcc.a(_udivmodhi4.o)
                0x0000000000003176                __udivmodhi4
 .text.libgcc   0x000000000000319e        0x0 /usr/lib/gcc/avr/4.8.2/avr6/libgcc.a(_udivmodhi4.o)
 .text.libgcc.prologue
                0x000000000000319e        0x0 /usr/lib/gcc/avr/4.8.2/avr6/libgcc.a(_udivmodhi4.o)
 .text.libgcc.builtins
                0x000000000000319e        0x0 /usr/lib/gcc/avr/4.8.2/avr6/libgcc.a(_udivmodhi4.o)
 .text.libgcc.fmul
                0x000000000000319e        0x0 /usr/lib/gcc/avr/4.8.2/avr6/libgcc.a(_udivmodhi4.o)
 .text.libgcc.fixed
                0x000000000000319e        0x0 /usr/lib/gcc/avr/4.8.2/avr6/libgcc.a(_udivmodhi4.o)
 .text.libgcc.mul
                0x000000000000319e        0x0 /usr/lib/gcc/avr/4.8.2/avr6/libgcc.a(_exit.o)
 .text.libgcc.div
                0x000000000000319e        0x0 /usr/lib/gcc/avr/4.8.2/avr6/libgcc.a(_exit.o)
 .text.libgcc   0x000000000000319e        0x0 /usr/lib/gcc/avr/4.8.2/avr6/libgcc.a(_exit.o)
 .text.libgcc.prologue
                0x000000000000319e        0x0 /usr/lib/gcc/avr/4.8.2/avr6/libgcc.a(_exit.o)
 .text.libgcc.builtins
                0x000000000000319e        0x0 /usr/lib/gcc/avr/4.8.2/avr6/libgcc.a(_exit.o)
 .text.libgcc.fmul
                0x000000000000319e        0x0 /usr/lib/gcc/avr/4.8.2/avr6/libgcc.a(_exit.o)
 .text.libgcc.fixed
                0x000000000000319e        0x0 /usr/lib/gcc/avr/4.8.2/avr6/libgcc.a(_exit.o)
 .text.libgcc.mul
                0x000000000000319e        0x0 /usr/lib/gcc/avr/4.8.2/avr6/libgcc.a(_copy_data.o)
 .text.libgcc.div
                0x000000000000319e        0x0 /usr/lib/gcc/avr/4.8.2/avr6/libgcc.a(_copy_data.o)
 .text.libgcc   0x000000000000319e        0x0 /usr/lib/gcc/avr/4.8.2/avr6/libgcc.a(_copy_data.o)
 .text.libgcc.prologue
                0x000000000000319e        0x0 /usr/lib/gcc/avr/4.8.2/avr6/libgcc.a(_copy_data.o)
 .text.libgcc.builtins
                0x000000000000319e        0x0 /usr/lib/gcc/avr/4.8.2/avr6/libgcc.a(_copy_data.o)
 .text.libgcc.fmul
                0x000000000000319e        0x0 /usr/lib/gcc/avr/4.8.2/avr6/libgcc.a(_copy_data.o)
 .text.libgcc.fixed
                0x000000000000319e        0x0 /usr/lib/gcc/avr/4.8.2/avr6/libgcc.a(_copy_data.o)
 .text.libgcc.mul
                0x000000000000319e        0x0 /usr/lib/gcc/avr/4.8.2/avr6/libgcc.a(_clear_bss.o)
 .text.libgcc.div
                0x000000000000319e        0x0 /usr/lib/gcc/avr/4.8.2/avr6/libgcc.a(_clear_bss.o)
 .text.libgcc   0x000000000000319e        0x0 /usr/lib/gcc/avr/4.8.2/avr6/libgcc.a(_clear_bss.o)
 .text.libgcc.prologue
                0x000000000000319e        0x0 /usr/lib/gcc/avr/4.8.2/avr6/libgcc.a(_clear_bss.o)
 .text.libgcc.builtins
                0x000000000000319e        0x0 /usr/lib/gcc/avr/4.8.2/avr6/libgcc.a(_clear_bss.o)
 .text.libgcc.fmul
                0x000000000000319e        0x0 /usr/lib/gcc/avr/4.8.2/avr6/libgcc.a(_clear_bss.o)
 .text.libgcc.fixed
                0x000000000000319e        0x0 /usr/lib/gcc/avr/4.8.2/avr6/libgcc.a(_clear_bss.o)
 .text.avr-libc
                0x000000000000319e      0x24e /usr/lib/gcc/avr/4.8.2/../../../avr/lib/avr6/libc.a(malloc.o)
                0x000000000000319e                malloc
                0x00000000000032ce                free
 .text.avr-libc
                0x00000000000033ec       0x12 /usr/lib/gcc/avr/4.8.2/../../../avr/lib/avr6/libc.a(strcmp.o)
                0x00000000000033ec                strcmp
 .text.avr-libc
                0x00000000000033fe       0x5a /usr/lib/gcc/avr/4.8.2/../../../avr/lib/avr6/libc.a(puts.o)
                0x00000000000033fe                puts
 .text.avr-libc
                0x0000000000003458       0x72 /usr/lib/gcc/avr/4.8.2/../../../avr/lib/avr6/libc.a(vsnprintf.o)
                0x0000000000003458                vsnprintf
 .text.avr-libc
                0x00000000000034ca      0x3f6 /usr/lib/gcc/avr/4.8.2/../../../avr/lib/avr6/libc.a(vfprintf_std.o)
                0x00000000000034ca                vfprintf
 .text.avr-libc
                0x00000000000038c0       0x16 /usr/lib/gcc/avr/4.8.2/../../../avr/lib/avr6/libc.a(strnlen_P.o)
                0x00000000000038c0                strnlen_P
 .text.avr-libc
                0x00000000000038d6       0x16 /usr/lib/gcc/avr/4.8.2/../../../avr/lib/avr6/libc.a(strnlen.o)
                0x00000000000038d6                strnlen
 .text.avr-libc
                0x00000000000038ec       0x64 /usr/lib/gcc/avr/4.8.2/../../../avr/lib/avr6/libc.a(fputc.o)
                0x00000000000038ec                fputc
 .text.avr-libc
                0x0000000000003950       0xbc /usr/lib/gcc/avr/4.8.2/../../../avr/lib/avr6/libc.a(ultoa_invert.o)
                0x0000000000003950                __ultoa_invert
                0x0000000000003a0c                . = ALIGN (0x2)
 *(.fini9)
 .fini9         0x0000000000003a0c        0x0 /usr/lib/gcc/avr/4.8.2/avr6/libgcc.a(_exit.o)
                0x0000000000003a0c                exit
                0x0000000000003a0c                _exit
 *(.fini9)
 *(.fini8)
 *(.fini8)
 *(.fini7)
 *(.fini7)
 *(.fini6)
 *(.fini6)
 *(.fini5)
 *(.fini5)
 *(.fini4)
 *(.fini4)
 *(.fini3)
 *(.fini3)
 *(.fini2)
 *(.fini2)
 *(.fini1)
 *(.fini1)
 *(.fini0)
 .fini0         0x0000000000003a0c        0x4 /usr/lib/gcc/avr/4.8.2/avr6/libgcc.a(_exit.o)
 *(.fini0)
                0x0000000000003a10                _etext = .

.data           0x0000000000800200      0x194 load address 0x0000000000003a10
                0x0000000000800200                PROVIDE (__data_start, .)
 *(.data)
 .data          0x0000000000800200        0x0 /usr/lib/gcc/avr/4.8.2/../../../avr/lib/avr6/crtm2560.o
 .data          0x0000000000800200        0x0 hardware_control.o
 .data          0x0000000000800200        0x0 app.o
 .data          0x0000000000800200        0x0 ../map/map.o
 .data          0x0000000000800200        0x1 ../move_bot/move_bot.o
                0x0000000000800200                correction_val
 .data          0x0000000000800201        0x0 ../bl_sensor/bl_sensor.o
 .data          0x0000000000800201        0x0 ../dijkstra/dijkstra.o
 .data          0x0000000000800201        0x0 ../bot_memory/bot_memory.o
 .data          0x0000000000800201        0x0 ../pos_encoder/pos_encoder.o
 .data          0x0000000000800201        0x0 ../lcd/lcd.o
 .data          0x0000000000800201        0x0 ../fake_gcc_fns/fake_gcc_fns.o
 .data          0x0000000000800201        0x0 /usr/lib/gcc/avr/4.8.2/../../../avr/lib/avr6/libm.a(addsf3.o)
 .data          0x0000000000800201        0x0 /usr/lib/gcc/avr/4.8.2/../../../avr/lib/avr6/libm.a(addsf3x.o)
 .data          0x0000000000800201        0x0 /usr/lib/gcc/avr/4.8.2/../../../avr/lib/avr6/libm.a(atan2.o)
 .data          0x0000000000800201        0x0 /usr/lib/gcc/avr/4.8.2/../../../avr/lib/avr6/libm.a(atan.o)
 .data          0x0000000000800201        0x0 /usr/lib/gcc/avr/4.8.2/../../../avr/lib/avr6/libm.a(cmpsf2.o)
 .data          0x0000000000800201        0x0 /usr/lib/gcc/avr/4.8.2/../../../avr/lib/avr6/libm.a(divsf3.o)
 .data          0x0000000000800201        0x0 /usr/lib/gcc/avr/4.8.2/../../../avr/lib/avr6/libm.a(divsf3x.o)
 .data          0x0000000000800201        0x0 /usr/lib/gcc/avr/4.8.2/../../../avr/lib/avr6/libm.a(fixsfsi.o)
 .data          0x0000000000800201        0x0 /usr/lib/gcc/avr/4.8.2/../../../avr/lib/avr6/libm.a(fixunssfsi.o)
 .data          0x0000000000800201        0x0 /usr/lib/gcc/avr/4.8.2/../../../avr/lib/avr6/libm.a(floatsisf.o)
 .data          0x0000000000800201        0x0 /usr/lib/gcc/avr/4.8.2/../../../avr/lib/avr6/libm.a(fmod.o)
 .data          0x0000000000800201        0x0 /usr/lib/gcc/avr/4.8.2/../../../avr/lib/avr6/libm.a(fp_cmp.o)
 .data          0x0000000000800201        0x0 /usr/lib/gcc/avr/4.8.2/../../../avr/lib/avr6/libm.a(fp_inf.o)
 .data          0x0000000000800201        0x0 /usr/lib/gcc/avr/4.8.2/../../../avr/lib/avr6/libm.a(fp_mpack.o)
 .data          0x0000000000800201        0x0 /usr/lib/gcc/avr/4.8.2/../../../avr/lib/avr6/libm.a(fp_nan.o)
 .data          0x0000000000800201        0x0 /usr/lib/gcc/avr/4.8.2/../../../avr/lib/avr6/libm.a(fp_powser.o)
 .data          0x0000000000800201        0x0 /usr/lib/gcc/avr/4.8.2/../../../avr/lib/avr6/libm.a(fp_pscA.o)
 .data          0x0000000000800201        0x0 /usr/lib/gcc/avr/4.8.2/../../../avr/lib/avr6/libm.a(fp_pscB.o)
 .data          0x0000000000800201        0x0 /usr/lib/gcc/avr/4.8.2/../../../avr/lib/avr6/libm.a(fp_round.o)
 .data          0x0000000000800201        0x0 /usr/lib/gcc/avr/4.8.2/../../../avr/lib/avr6/libm.a(fp_split3.o)
 .data          0x0000000000800201        0x0 /usr/lib/gcc/avr/4.8.2/../../../avr/lib/avr6/libm.a(fp_zero.o)
 .data          0x0000000000800201        0x0 /usr/lib/gcc/avr/4.8.2/../../../avr/lib/avr6/libm.a(gesf2.o)
 .data          0x0000000000800201        0x0 /usr/lib/gcc/avr/4.8.2/../../../avr/lib/avr6/libm.a(inverse.o)
 .data          0x0000000000800201        0x0 /usr/lib/gcc/avr/4.8.2/../../../avr/lib/avr6/libm.a(mulsf3.o)
 .data          0x0000000000800201        0x0 /usr/lib/gcc/avr/4.8.2/../../../avr/lib/avr6/libm.a(mulsf3x.o)
 .data          0x0000000000800201        0x0 /usr/lib/gcc/avr/4.8.2/../../../avr/lib/avr6/libm.a(sqrt.o)
 .data          0x0000000000800201        0x0 /usr/lib/gcc/avr/4.8.2/../../../avr/lib/avr6/libm.a(square.o)
 .data          0x0000000000800201        0x0 /usr/lib/gcc/avr/4.8.2/../../../avr/lib/avr6/libm.a(fp_norm2.o)
 .data          0x0000000000800201        0x0 /usr/lib/gcc/avr/4.8.2/avr6/libgcc.a(_udivmodqi4.o)
 .data          0x0000000000800201        0x0 /usr/lib/gcc/avr/4.8.2/avr6/libgcc.a(_udivmodhi4.o)
 .data          0x0000000000800201        0x0 /usr/lib/gcc/avr/4.8.2/avr6/libgcc.a(_exit.o)
 .data          0x0000000000800201        0x0 /usr/lib/gcc/avr/4.8.2/avr6/libgcc.a(_copy_data.o)
 .data          0x0000000000800201        0x0 /usr/lib/gcc/avr/4.8.2/avr6/libgcc.a(_clear_bss.o)
 .data          0x0000000000800201        0x6 /usr/lib/gcc/avr/4.8.2/../../../avr/lib/avr6/libc.a(malloc.o)
                0x0000000000800201                __malloc_heap_end
                0x0000000000800203                __malloc_heap_start
                0x0000000000800205                __malloc_margin
 .data          0x0000000000800207        0x0 /usr/lib/gcc/avr/4.8.2/../../../avr/lib/avr6/libc.a(strcmp.o)
 .data          0x0000000000800207        0x0 /usr/lib/gcc/avr/4.8.2/../../../avr/lib/avr6/libc.a(puts.o)
 .data          0x0000000000800207        0x0 /usr/lib/gcc/avr/4.8.2/../../../avr/lib/avr6/libc.a(vsnprintf.o)
 .data          0x0000000000800207        0x0 /usr/lib/gcc/avr/4.8.2/../../../avr/lib/avr6/libc.a(vfprintf_std.o)
 .data          0x0000000000800207        0x0 /usr/lib/gcc/avr/4.8.2/../../../avr/lib/avr6/libc.a(strnlen_P.o)
 .data          0x0000000000800207        0x0 /usr/lib/gcc/avr/4.8.2/../../../avr/lib/avr6/libc.a(strnlen.o)
 .data          0x0000000000800207        0x0 /usr/lib/gcc/avr/4.8.2/../../../avr/lib/avr6/libc.a(fputc.o)
 .data          0x0000000000800207        0x0 /usr/lib/gcc/avr/4.8.2/../../../avr/lib/avr6/libc.a(iob.o)
 .data          0x0000000000800207        0x0 /usr/lib/gcc/avr/4.8.2/../../../avr/lib/avr6/libc.a(ultoa_invert.o)
 *(.data*)
 *(.rodata)
 .rodata        0x0000000000800207        0x6 ../move_bot/move_bot.o
                0x0000000000800207                distance_to_fix
                0x0000000000800209                dist_threshold
                0x000000000080020b                rotation_threshold
 *(.rodata*)
 .rodata.str1.1
                0x000000000080020d        0xd hardware_control.o
 .rodata.str1.1
                0x000000000080021a       0x1e app.o
 .rodata.str1.1
                0x0000000000800238      0x10e ../map/map.o
                                        0x11a (size before relaxing)
 .rodata.str1.1
                0x0000000000800346       0x4d ../dijkstra/dijkstra.o
 *(.gnu.linkonce.d*)
                0x0000000000800394                . = ALIGN (0x2)
 *fill*         0x0000000000800393        0x1 
                0x0000000000800394                _edata = .
                0x0000000000800394                PROVIDE (__data_end, .)

.bss            0x0000000000800394       0x3d
                0x0000000000800394                PROVIDE (__bss_start, .)
 *(.bss)
 .bss           0x0000000000800394        0x0 /usr/lib/gcc/avr/4.8.2/../../../avr/lib/avr6/crtm2560.o
 .bss           0x0000000000800394        0x0 hardware_control.o
 .bss           0x0000000000800394        0x0 app.o
 .bss           0x0000000000800394        0x0 ../map/map.o
 .bss           0x0000000000800394        0x9 ../move_bot/move_bot.o
                0x0000000000800394                last_right
                0x0000000000800396                last_center
                0x0000000000800398                last_left
                0x000000000080039a                right_black_line
                0x000000000080039b                center_black_line
                0x000000000080039c                left_black_line
 .bss           0x000000000080039d        0x4 ../bl_sensor/bl_sensor.o
                0x000000000080039d                Right_black_line
                0x000000000080039e                Center_black_line
                0x000000000080039f                Left_black_line
                0x00000000008003a0                flag
 .bss           0x00000000008003a1        0x0 ../dijkstra/dijkstra.o
 .bss           0x00000000008003a1        0x0 ../bot_memory/bot_memory.o
 .bss           0x00000000008003a1        0x8 ../pos_encoder/pos_encoder.o
                0x00000000008003a1                ShaftCountRight
                0x00000000008003a5                ShaftCountLeft
 .bss           0x00000000008003a9        0x0 ../lcd/lcd.o
 .bss           0x00000000008003a9        0x0 ../fake_gcc_fns/fake_gcc_fns.o
 .bss           0x00000000008003a9        0x0 /usr/lib/gcc/avr/4.8.2/../../../avr/lib/avr6/libm.a(addsf3.o)
 .bss           0x00000000008003a9        0x0 /usr/lib/gcc/avr/4.8.2/../../../avr/lib/avr6/libm.a(addsf3x.o)
 .bss           0x00000000008003a9        0x0 /usr/lib/gcc/avr/4.8.2/../../../avr/lib/avr6/libm.a(atan2.o)
 .bss           0x00000000008003a9        0x0 /usr/lib/gcc/avr/4.8.2/../../../avr/lib/avr6/libm.a(atan.o)
 .bss           0x00000000008003a9        0x0 /usr/lib/gcc/avr/4.8.2/../../../avr/lib/avr6/libm.a(cmpsf2.o)
 .bss           0x00000000008003a9        0x0 /usr/lib/gcc/avr/4.8.2/../../../avr/lib/avr6/libm.a(divsf3.o)
 .bss           0x00000000008003a9        0x0 /usr/lib/gcc/avr/4.8.2/../../../avr/lib/avr6/libm.a(divsf3x.o)
 .bss           0x00000000008003a9        0x0 /usr/lib/gcc/avr/4.8.2/../../../avr/lib/avr6/libm.a(fixsfsi.o)
 .bss           0x00000000008003a9        0x0 /usr/lib/gcc/avr/4.8.2/../../../avr/lib/avr6/libm.a(fixunssfsi.o)
 .bss           0x00000000008003a9        0x0 /usr/lib/gcc/avr/4.8.2/../../../avr/lib/avr6/libm.a(floatsisf.o)
 .bss           0x00000000008003a9        0x0 /usr/lib/gcc/avr/4.8.2/../../../avr/lib/avr6/libm.a(fmod.o)
 .bss           0x00000000008003a9        0x0 /usr/lib/gcc/avr/4.8.2/../../../avr/lib/avr6/libm.a(fp_cmp.o)
 .bss           0x00000000008003a9        0x0 /usr/lib/gcc/avr/4.8.2/../../../avr/lib/avr6/libm.a(fp_inf.o)
 .bss           0x00000000008003a9        0x0 /usr/lib/gcc/avr/4.8.2/../../../avr/lib/avr6/libm.a(fp_mpack.o)
 .bss           0x00000000008003a9        0x0 /usr/lib/gcc/avr/4.8.2/../../../avr/lib/avr6/libm.a(fp_nan.o)
 .bss           0x00000000008003a9        0x0 /usr/lib/gcc/avr/4.8.2/../../../avr/lib/avr6/libm.a(fp_powser.o)
 .bss           0x00000000008003a9        0x0 /usr/lib/gcc/avr/4.8.2/../../../avr/lib/avr6/libm.a(fp_pscA.o)
 .bss           0x00000000008003a9        0x0 /usr/lib/gcc/avr/4.8.2/../../../avr/lib/avr6/libm.a(fp_pscB.o)
 .bss           0x00000000008003a9        0x0 /usr/lib/gcc/avr/4.8.2/../../../avr/lib/avr6/libm.a(fp_round.o)
 .bss           0x00000000008003a9        0x0 /usr/lib/gcc/avr/4.8.2/../../../avr/lib/avr6/libm.a(fp_split3.o)
 .bss           0x00000000008003a9        0x0 /usr/lib/gcc/avr/4.8.2/../../../avr/lib/avr6/libm.a(fp_zero.o)
 .bss           0x00000000008003a9        0x0 /usr/lib/gcc/avr/4.8.2/../../../avr/lib/avr6/libm.a(gesf2.o)
 .bss           0x00000000008003a9        0x0 /usr/lib/gcc/avr/4.8.2/../../../avr/lib/avr6/libm.a(inverse.o)
 .bss           0x00000000008003a9        0x0 /usr/lib/gcc/avr/4.8.2/../../../avr/lib/avr6/libm.a(mulsf3.o)
 .bss           0x00000000008003a9        0x0 /usr/lib/gcc/avr/4.8.2/../../../avr/lib/avr6/libm.a(mulsf3x.o)
 .bss           0x00000000008003a9        0x0 /usr/lib/gcc/avr/4.8.2/../../../avr/lib/avr6/libm.a(sqrt.o)
 .bss           0x00000000008003a9        0x0 /usr/lib/gcc/avr/4.8.2/../../../avr/lib/avr6/libm.a(square.o)
 .bss           0x00000000008003a9        0x0 /usr/lib/gcc/avr/4.8.2/../../../avr/lib/avr6/libm.a(fp_norm2.o)
 .bss           0x00000000008003a9        0x0 /usr/lib/gcc/avr/4.8.2/avr6/libgcc.a(_udivmodqi4.o)
 .bss           0x00000000008003a9        0x0 /usr/lib/gcc/avr/4.8.2/avr6/libgcc.a(_udivmodhi4.o)
 .bss           0x00000000008003a9        0x0 /usr/lib/gcc/avr/4.8.2/avr6/libgcc.a(_exit.o)
 .bss           0x00000000008003a9        0x0 /usr/lib/gcc/avr/4.8.2/avr6/libgcc.a(_copy_data.o)
 .bss           0x00000000008003a9        0x0 /usr/lib/gcc/avr/4.8.2/avr6/libgcc.a(_clear_bss.o)
 .bss           0x00000000008003a9        0x0 /usr/lib/gcc/avr/4.8.2/../../../avr/lib/avr6/libc.a(malloc.o)
 .bss           0x00000000008003a9        0x0 /usr/lib/gcc/avr/4.8.2/../../../avr/lib/avr6/libc.a(strcmp.o)
 .bss           0x00000000008003a9        0x0 /usr/lib/gcc/avr/4.8.2/../../../avr/lib/avr6/libc.a(puts.o)
 .bss           0x00000000008003a9        0x0 /usr/lib/gcc/avr/4.8.2/../../../avr/lib/avr6/libc.a(vsnprintf.o)
 .bss           0x00000000008003a9        0x0 /usr/lib/gcc/avr/4.8.2/../../../avr/lib/avr6/libc.a(vfprintf_std.o)
 .bss           0x00000000008003a9        0x0 /usr/lib/gcc/avr/4.8.2/../../../avr/lib/avr6/libc.a(strnlen_P.o)
 .bss           0x00000000008003a9        0x0 /usr/lib/gcc/avr/4.8.2/../../../avr/lib/avr6/libc.a(strnlen.o)
 .bss           0x00000000008003a9        0x0 /usr/lib/gcc/avr/4.8.2/../../../avr/lib/avr6/libc.a(fputc.o)
 .bss           0x00000000008003a9        0x0 /usr/lib/gcc/avr/4.8.2/../../../avr/lib/avr6/libc.a(iob.o)
 .bss           0x00000000008003a9        0x0 /usr/lib/gcc/avr/4.8.2/../../../avr/lib/avr6/libc.a(ultoa_invert.o)
 *(.bss*)
 *(COMMON)
 COMMON         0x00000000008003a9        0xa ../map/map.o
                0x00000000008003a9                curve_info
                0x00000000008003ab                found_node
                0x00000000008003ad                current_search_name
                0x00000000008003af                our_graph
                0x00000000008003b1                bot_info
 COMMON         0x00000000008003b3        0x3 ../move_bot/move_bot.o
                0x00000000008003b3                degrees
                0x00000000008003b5                ADC_value
 COMMON         0x00000000008003b6        0x1 ../bl_sensor/bl_sensor.o
                0x00000000008003b6                ADC_Value
 COMMON         0x00000000008003b7        0x2 ../bot_memory/bot_memory.o
                0x00000000008003b7                our_bot
 COMMON         0x00000000008003b9        0x2 ../pos_encoder/pos_encoder.o
                0x00000000008003b9                Degrees
 COMMON         0x00000000008003bb        0xc ../lcd/lcd.o
                0x00000000008003bb                million
                0x00000000008003bd                temp
                0x00000000008003bf                tens
                0x00000000008003c1                hundred
                0x00000000008003c3                unit
                0x00000000008003c5                thousand
 COMMON         0x00000000008003c7        0x4 /usr/lib/gcc/avr/4.8.2/../../../avr/lib/avr6/libc.a(malloc.o)
                0x00000000008003c7                __brkval
                0x00000000008003c9                __flp
 COMMON         0x00000000008003cb        0x6 /usr/lib/gcc/avr/4.8.2/../../../avr/lib/avr6/libc.a(iob.o)
                0x00000000008003cb                __iob
                0x00000000008003d1                PROVIDE (__bss_end, .)
                0x0000000000003a10                __data_load_start = LOADADDR (.data)
                0x0000000000003ba4                __data_load_end = (__data_load_start + SIZEOF (.data))

.noinit         0x00000000008003d1        0x0
                0x00000000008003d1                PROVIDE (__noinit_start, .)
 *(.noinit*)
                0x00000000008003d1                PROVIDE (__noinit_end, .)
                0x00000000008003d1                _end = .
                0x00000000008003d1                PROVIDE (__heap_start, .)

.eeprom         0x0000000000810000        0x0
 *(.eeprom*)
                0x0000000000810000                __eeprom_end = .

.fuse
 *(.fuse)
 *(.lfuse)
 *(.hfuse)
 *(.efuse)

.lock
 *(.lock*)

.signature
 *(.signature*)

.user_signatures
 *(.user_signatures*)

.stab           0x0000000000000000     0xc6e4
 *(.stab)
 .stab          0x0000000000000000      0x6e4 /usr/lib/gcc/avr/4.8.2/../../../avr/lib/avr6/crtm2560.o
 .stab          0x00000000000006e4      0xad4 hardware_control.o
                                        0xae0 (size before relaxing)
 .stab          0x00000000000011b8      0x588 app.o
                                        0x780 (size before relaxing)
 .stab          0x0000000000001740     0x18e4 ../map/map.o
                                       0x1b18 (size before relaxing)
 .stab          0x0000000000003024      0x9f0 ../move_bot/move_bot.o
                                        0xc0c (size before relaxing)
 .stab          0x0000000000003a14      0x684 ../bl_sensor/bl_sensor.o
                                        0x84c (size before relaxing)
 .stab          0x0000000000004098      0x90c ../dijkstra/dijkstra.o
                                        0xb40 (size before relaxing)
 .stab          0x00000000000049a4      0x57c ../bot_memory/bot_memory.o
                                        0x7b0 (size before relaxing)
 .stab          0x0000000000004f20     0x117c ../pos_encoder/pos_encoder.o
                                       0x1398 (size before relaxing)
 .stab          0x000000000000609c      0xd38 ../lcd/lcd.o
                                        0xf54 (size before relaxing)
 .stab          0x0000000000006dd4      0x3b4 ../fake_gcc_fns/fake_gcc_fns.o
                                        0x5d0 (size before relaxing)
 .stab          0x0000000000007188       0x78 /usr/lib/gcc/avr/4.8.2/../../../avr/lib/avr6/libm.a(addsf3.o)
                                         0x84 (size before relaxing)
 .stab          0x0000000000007200      0x4bc /usr/lib/gcc/avr/4.8.2/../../../avr/lib/avr6/libm.a(addsf3x.o)
                                        0x4c8 (size before relaxing)
 .stab          0x00000000000076bc      0x2f4 /usr/lib/gcc/avr/4.8.2/../../../avr/lib/avr6/libm.a(atan2.o)
                                        0x300 (size before relaxing)
 .stab          0x00000000000079b0      0x210 /usr/lib/gcc/avr/4.8.2/../../../avr/lib/avr6/libm.a(atan.o)
                                        0x21c (size before relaxing)
 .stab          0x0000000000007bc0       0x90 /usr/lib/gcc/avr/4.8.2/../../../avr/lib/avr6/libm.a(cmpsf2.o)
                                         0x9c (size before relaxing)
 .stab          0x0000000000007c50       0x48 /usr/lib/gcc/avr/4.8.2/../../../avr/lib/avr6/libm.a(divsf3.o)
                                         0x54 (size before relaxing)
 .stab          0x0000000000007c98      0x510 /usr/lib/gcc/avr/4.8.2/../../../avr/lib/avr6/libm.a(divsf3x.o)
                                        0x51c (size before relaxing)
 .stab          0x00000000000081a8       0x6c /usr/lib/gcc/avr/4.8.2/../../../avr/lib/avr6/libm.a(fixsfsi.o)
                                         0x78 (size before relaxing)
 .stab          0x0000000000008214      0x240 /usr/lib/gcc/avr/4.8.2/../../../avr/lib/avr6/libm.a(fixunssfsi.o)
                                        0x24c (size before relaxing)
 .stab          0x0000000000008454      0x318 /usr/lib/gcc/avr/4.8.2/../../../avr/lib/avr6/libm.a(floatsisf.o)
                                        0x324 (size before relaxing)
 .stab          0x000000000000876c      0x3e4 /usr/lib/gcc/avr/4.8.2/../../../avr/lib/avr6/libm.a(fmod.o)
                                        0x3f0 (size before relaxing)
 .stab          0x0000000000008b50      0x1e0 /usr/lib/gcc/avr/4.8.2/../../../avr/lib/avr6/libm.a(fp_cmp.o)
                                        0x1ec (size before relaxing)
 .stab          0x0000000000008d30       0x78 /usr/lib/gcc/avr/4.8.2/../../../avr/lib/avr6/libm.a(fp_inf.o)
                                         0x84 (size before relaxing)
 .stab          0x0000000000008da8       0xe4 /usr/lib/gcc/avr/4.8.2/../../../avr/lib/avr6/libm.a(fp_mpack.o)
                                         0xf0 (size before relaxing)
 .stab          0x0000000000008e8c       0x54 /usr/lib/gcc/avr/4.8.2/../../../avr/lib/avr6/libm.a(fp_nan.o)
                                         0x60 (size before relaxing)
 .stab          0x0000000000008ee0      0x1ec /usr/lib/gcc/avr/4.8.2/../../../avr/lib/avr6/libm.a(fp_powser.o)
                                        0x1f8 (size before relaxing)
 .stab          0x00000000000090cc       0x84 /usr/lib/gcc/avr/4.8.2/../../../avr/lib/avr6/libm.a(fp_pscA.o)
                                         0x90 (size before relaxing)
 .stab          0x0000000000009150       0x84 /usr/lib/gcc/avr/4.8.2/../../../avr/lib/avr6/libm.a(fp_pscB.o)
                                         0x90 (size before relaxing)
 .stab          0x00000000000091d4       0xfc /usr/lib/gcc/avr/4.8.2/../../../avr/lib/avr6/libm.a(fp_round.o)
                                        0x108 (size before relaxing)
 .stab          0x00000000000092d0      0x1d4 /usr/lib/gcc/avr/4.8.2/../../../avr/lib/avr6/libm.a(fp_split3.o)
                                        0x1e0 (size before relaxing)
 .stab          0x00000000000094a4       0x90 /usr/lib/gcc/avr/4.8.2/../../../avr/lib/avr6/libm.a(fp_zero.o)
                                         0x9c (size before relaxing)
 .stab          0x0000000000009534       0x6c /usr/lib/gcc/avr/4.8.2/../../../avr/lib/avr6/libm.a(gesf2.o)
                                         0x78 (size before relaxing)
 .stab          0x00000000000095a0       0x84 /usr/lib/gcc/avr/4.8.2/../../../avr/lib/avr6/libm.a(inverse.o)
                                         0x90 (size before relaxing)
 .stab          0x0000000000009624       0x48 /usr/lib/gcc/avr/4.8.2/../../../avr/lib/avr6/libm.a(mulsf3.o)
                                         0x54 (size before relaxing)
 .stab          0x000000000000966c      0x4d4 /usr/lib/gcc/avr/4.8.2/../../../avr/lib/avr6/libm.a(mulsf3x.o)
                                        0x4e0 (size before relaxing)
 .stab          0x0000000000009b40      0x354 /usr/lib/gcc/avr/4.8.2/../../../avr/lib/avr6/libm.a(sqrt.o)
                                        0x360 (size before relaxing)
 .stab          0x0000000000009e94       0x54 /usr/lib/gcc/avr/4.8.2/../../../avr/lib/avr6/libm.a(square.o)
                                         0x60 (size before relaxing)
 .stab          0x0000000000009ee8       0x84 /usr/lib/gcc/avr/4.8.2/../../../avr/lib/avr6/libm.a(fp_norm2.o)
                                         0x90 (size before relaxing)
 .stab          0x0000000000009f6c      0x8b8 /usr/lib/gcc/avr/4.8.2/../../../avr/lib/avr6/libc.a(malloc.o)
                                        0x8e8 (size before relaxing)
 .stab          0x000000000000a824       0x84 /usr/lib/gcc/avr/4.8.2/../../../avr/lib/avr6/libc.a(strcmp.o)
                                         0x90 (size before relaxing)
 .stab          0x000000000000a8a8      0x384 /usr/lib/gcc/avr/4.8.2/../../../avr/lib/avr6/libc.a(puts.o)
                                        0x54c (size before relaxing)
 .stab          0x000000000000ac2c      0x3a8 /usr/lib/gcc/avr/4.8.2/../../../avr/lib/avr6/libc.a(vsnprintf.o)
                                        0x588 (size before relaxing)
 .stab          0x000000000000afd4      0xb58 /usr/lib/gcc/avr/4.8.2/../../../avr/lib/avr6/libc.a(vfprintf_std.o)
                                        0xd80 (size before relaxing)
 .stab          0x000000000000bb2c       0x9c /usr/lib/gcc/avr/4.8.2/../../../avr/lib/avr6/libc.a(strnlen_P.o)
                                         0xa8 (size before relaxing)
 .stab          0x000000000000bbc8       0x9c /usr/lib/gcc/avr/4.8.2/../../../avr/lib/avr6/libc.a(strnlen.o)
                                         0xa8 (size before relaxing)
 .stab          0x000000000000bc64      0x354 /usr/lib/gcc/avr/4.8.2/../../../avr/lib/avr6/libc.a(fputc.o)
                                        0x534 (size before relaxing)
 .stab          0x000000000000bfb8      0x2ac /usr/lib/gcc/avr/4.8.2/../../../avr/lib/avr6/libc.a(iob.o)
                                        0x48c (size before relaxing)
 .stab          0x000000000000c264      0x480 /usr/lib/gcc/avr/4.8.2/../../../avr/lib/avr6/libc.a(ultoa_invert.o)
                                        0x48c (size before relaxing)

.stabstr        0x0000000000000000     0x4dae
 *(.stabstr)
 .stabstr       0x0000000000000000     0x4dae /usr/lib/gcc/avr/4.8.2/../../../avr/lib/avr6/crtm2560.o

.stab.excl
 *(.stab.excl)

.stab.exclstr
 *(.stab.exclstr)

.stab.index
 *(.stab.index)

.stab.indexstr
 *(.stab.indexstr)

.comment        0x0000000000000000       0x11
 *(.comment)
 .comment       0x0000000000000000       0x11 hardware_control.o
                                         0x12 (size before relaxing)
 .comment       0x0000000000000000       0x12 app.o
 .comment       0x0000000000000000       0x12 ../map/map.o
 .comment       0x0000000000000000       0x12 ../move_bot/move_bot.o
 .comment       0x0000000000000000       0x12 ../bl_sensor/bl_sensor.o
 .comment       0x0000000000000000       0x12 ../dijkstra/dijkstra.o
 .comment       0x0000000000000000       0x12 ../bot_memory/bot_memory.o
 .comment       0x0000000000000000       0x12 ../pos_encoder/pos_encoder.o
 .comment       0x0000000000000000       0x12 ../lcd/lcd.o
 .comment       0x0000000000000000       0x12 ../fake_gcc_fns/fake_gcc_fns.o
 .comment       0x0000000000000000       0x12 /usr/lib/gcc/avr/4.8.2/../../../avr/lib/avr6/libc.a(malloc.o)
 .comment       0x0000000000000000       0x12 /usr/lib/gcc/avr/4.8.2/../../../avr/lib/avr6/libc.a(puts.o)
 .comment       0x0000000000000000       0x12 /usr/lib/gcc/avr/4.8.2/../../../avr/lib/avr6/libc.a(vsnprintf.o)
 .comment       0x0000000000000000       0x12 /usr/lib/gcc/avr/4.8.2/../../../avr/lib/avr6/libc.a(vfprintf_std.o)
 .comment       0x0000000000000000       0x12 /usr/lib/gcc/avr/4.8.2/../../../avr/lib/avr6/libc.a(fputc.o)
 .comment       0x0000000000000000       0x12 /usr/lib/gcc/avr/4.8.2/../../../avr/lib/avr6/libc.a(iob.o)

.debug
 *(.debug)

.line
 *(.line)

.debug_srcinfo
 *(.debug_srcinfo)

.debug_sfnames
 *(.debug_sfnames)

.debug_aranges
 *(.debug_aranges)

.debug_pubnames
 *(.debug_pubnames)

.debug_info
 *(.debug_info)
 *(.gnu.linkonce.wi.*)

.debug_abbrev
 *(.debug_abbrev)

.debug_line
 *(.debug_line)

.debug_frame
 *(.debug_frame)

.debug_str
 *(.debug_str)

.debug_loc
 *(.debug_loc)

.debug_macinfo
 *(.debug_macinfo)

.debug_pubtypes
 *(.debug_pubtypes)

.debug_ranges
 *(.debug_ranges)

.debug_macro
 *(.debug_macro)
OUTPUT(app.out elf32-avr)
LOAD linker stubs
