Archive member included because of file (symbol)

/usr/local/CrossPack-AVR-20131216/lib/gcc/avr/4.8.1/avr6/libgcc.a(_exit.o)
                              /usr/local/CrossPack-AVR-20131216/lib/gcc/avr/4.8.1/../../../../avr/lib/avr6/crtm2560.o (exit)
/usr/local/CrossPack-AVR-20131216/lib/gcc/avr/4.8.1/avr6/libgcc.a(_clear_bss.o)
                              ../pos_encoder/pos_encoder.o (__do_clear_bss)
/usr/local/CrossPack-AVR-20131216/lib/gcc/avr/4.8.1/../../../../avr/lib/avr6/libm.a(divsf3.o)
                              ../pos_encoder/pos_encoder.o (__divsf3)
/usr/local/CrossPack-AVR-20131216/lib/gcc/avr/4.8.1/../../../../avr/lib/avr6/libm.a(divsf3x.o)
                              /usr/local/CrossPack-AVR-20131216/lib/gcc/avr/4.8.1/../../../../avr/lib/avr6/libm.a(divsf3.o) (__divsf3x)
/usr/local/CrossPack-AVR-20131216/lib/gcc/avr/4.8.1/../../../../avr/lib/avr6/libm.a(fixunssfsi.o)
                              ../pos_encoder/pos_encoder.o (__fixunssfsi)
/usr/local/CrossPack-AVR-20131216/lib/gcc/avr/4.8.1/../../../../avr/lib/avr6/libm.a(floatsisf.o)
                              ../pos_encoder/pos_encoder.o (__floatunsisf)
/usr/local/CrossPack-AVR-20131216/lib/gcc/avr/4.8.1/../../../../avr/lib/avr6/libm.a(fp_inf.o)
                              /usr/local/CrossPack-AVR-20131216/lib/gcc/avr/4.8.1/../../../../avr/lib/avr6/libm.a(divsf3x.o) (__fp_inf)
/usr/local/CrossPack-AVR-20131216/lib/gcc/avr/4.8.1/../../../../avr/lib/avr6/libm.a(fp_nan.o)
                              /usr/local/CrossPack-AVR-20131216/lib/gcc/avr/4.8.1/../../../../avr/lib/avr6/libm.a(divsf3x.o) (__fp_nan)
/usr/local/CrossPack-AVR-20131216/lib/gcc/avr/4.8.1/../../../../avr/lib/avr6/libm.a(fp_pscA.o)
                              /usr/local/CrossPack-AVR-20131216/lib/gcc/avr/4.8.1/../../../../avr/lib/avr6/libm.a(divsf3x.o) (__fp_pscA)
/usr/local/CrossPack-AVR-20131216/lib/gcc/avr/4.8.1/../../../../avr/lib/avr6/libm.a(fp_pscB.o)
                              /usr/local/CrossPack-AVR-20131216/lib/gcc/avr/4.8.1/../../../../avr/lib/avr6/libm.a(divsf3x.o) (__fp_pscB)
/usr/local/CrossPack-AVR-20131216/lib/gcc/avr/4.8.1/../../../../avr/lib/avr6/libm.a(fp_round.o)
                              /usr/local/CrossPack-AVR-20131216/lib/gcc/avr/4.8.1/../../../../avr/lib/avr6/libm.a(divsf3.o) (__fp_round)
/usr/local/CrossPack-AVR-20131216/lib/gcc/avr/4.8.1/../../../../avr/lib/avr6/libm.a(fp_split3.o)
                              /usr/local/CrossPack-AVR-20131216/lib/gcc/avr/4.8.1/../../../../avr/lib/avr6/libm.a(divsf3x.o) (__fp_split3)
/usr/local/CrossPack-AVR-20131216/lib/gcc/avr/4.8.1/../../../../avr/lib/avr6/libm.a(fp_zero.o)
                              /usr/local/CrossPack-AVR-20131216/lib/gcc/avr/4.8.1/../../../../avr/lib/avr6/libm.a(fixunssfsi.o) (__fp_zero)

Allocating common symbols
Common symbol       size              file

Degrees             0x2               ../pos_encoder/pos_encoder.o

Memory Configuration

Name             Origin             Length             Attributes
text             0x00000000         0x00100000         xr
data             0x00800200         0x0000fe00         rw !x
eeprom           0x00810000         0x00010000         rw !x
fuse             0x00820000         0x00000400         rw !x
lock             0x00830000         0x00000400         rw !x
signature        0x00840000         0x00000400         rw !x
user_signatures  0x00850000         0x00000400         rw !x
*default*        0x00000000         0xffffffff

Linker script and memory map

Address of section .data set to 0x800200
LOAD /usr/local/CrossPack-AVR-20131216/lib/gcc/avr/4.8.1/../../../../avr/lib/avr6/crtm2560.o
LOAD motor.o
LOAD app.o
LOAD ../buzzer/buzzer.o
LOAD ../custom_delay/custom_delay.o
LOAD ../pos_encoder/pos_encoder.o
START GROUP
LOAD /usr/local/CrossPack-AVR-20131216/lib/gcc/avr/4.8.1/avr6/libgcc.a
LOAD /usr/local/CrossPack-AVR-20131216/lib/gcc/avr/4.8.1/../../../../avr/lib/avr6/libm.a
LOAD /usr/local/CrossPack-AVR-20131216/lib/gcc/avr/4.8.1/../../../../avr/lib/avr6/libc.a
END GROUP

.hash
 *(.hash)

.dynsym
 *(.dynsym)

.dynstr
 *(.dynstr)

.gnu.version
 *(.gnu.version)

.gnu.version_d
 *(.gnu.version_d)

.gnu.version_r
 *(.gnu.version_r)

.rel.init
 *(.rel.init)

.rela.init
 *(.rela.init)

.rel.text
 *(.rel.text)
 *(.rel.text.*)
 *(.rel.gnu.linkonce.t*)

.rela.text
 *(.rela.text)
 *(.rela.text.*)
 *(.rela.gnu.linkonce.t*)

.rel.fini
 *(.rel.fini)

.rela.fini
 *(.rela.fini)

.rel.rodata
 *(.rel.rodata)
 *(.rel.rodata.*)
 *(.rel.gnu.linkonce.r*)

.rela.rodata
 *(.rela.rodata)
 *(.rela.rodata.*)
 *(.rela.gnu.linkonce.r*)

.rel.data
 *(.rel.data)
 *(.rel.data.*)
 *(.rel.gnu.linkonce.d*)

.rela.data
 *(.rela.data)
 *(.rela.data.*)
 *(.rela.gnu.linkonce.d*)

.rel.ctors
 *(.rel.ctors)

.rela.ctors
 *(.rela.ctors)

.rel.dtors
 *(.rel.dtors)

.rela.dtors
 *(.rela.dtors)

.rel.got
 *(.rel.got)

.rela.got
 *(.rela.got)

.rel.bss
 *(.rel.bss)

.rela.bss
 *(.rela.bss)

.rel.plt
 *(.rel.plt)

.rela.plt
 *(.rela.plt)

.text           0x00000000      0x708
 *(.vectors)
 .vectors       0x00000000       0xe4 /usr/local/CrossPack-AVR-20131216/lib/gcc/avr/4.8.1/../../../../avr/lib/avr6/crtm2560.o
                0x00000000                __vectors
                0x00000000                __vector_default
 *(.vectors)
 *(.progmem.gcc*)
                0x000000e4                . = ALIGN (0x2)
                0x000000e4                __trampolines_start = .
 *(.trampolines)
 .trampolines   0x000000e4        0x0 linker stubs
 *(.trampolines*)
                0x000000e4                __trampolines_end = .
 *(.progmem*)
                0x000000e4                . = ALIGN (0x2)
 *(.jumptables)
 *(.jumptables*)
 *(.lowtext)
 *(.lowtext*)
                0x000000e4                __ctors_start = .
 *(.ctors)
                0x000000e4                __ctors_end = .
                0x000000e4                __dtors_start = .
 *(.dtors)
                0x000000e4                __dtors_end = .
 SORT(*)(.ctors)
 SORT(*)(.dtors)
 *(.init0)
 .init0         0x000000e4        0x0 /usr/local/CrossPack-AVR-20131216/lib/gcc/avr/4.8.1/../../../../avr/lib/avr6/crtm2560.o
                0x000000e4                __init
 *(.init0)
 *(.init1)
 *(.init1)
 *(.init2)
 .init2         0x000000e4       0x10 /usr/local/CrossPack-AVR-20131216/lib/gcc/avr/4.8.1/../../../../avr/lib/avr6/crtm2560.o
 *(.init2)
 *(.init3)
 *(.init3)
 *(.init4)
 .init4         0x000000f4       0x10 /usr/local/CrossPack-AVR-20131216/lib/gcc/avr/4.8.1/avr6/libgcc.a(_clear_bss.o)
                0x000000f4                __do_clear_bss
 *(.init4)
 *(.init5)
 *(.init5)
 *(.init6)
 *(.init6)
 *(.init7)
 *(.init7)
 *(.init8)
 *(.init8)
 *(.init9)
 .init9         0x00000104        0x8 /usr/local/CrossPack-AVR-20131216/lib/gcc/avr/4.8.1/../../../../avr/lib/avr6/crtm2560.o
 *(.init9)
 *(.text)
 .text          0x0000010c        0x4 /usr/local/CrossPack-AVR-20131216/lib/gcc/avr/4.8.1/../../../../avr/lib/avr6/crtm2560.o
                0x0000010c                __vector_42
                0x0000010c                __vector_22
                0x0000010c                __vector_28
                0x0000010c                __vector_1
                0x0000010c                __vector_32
                0x0000010c                __vector_34
                0x0000010c                __vector_24
                0x0000010c                __vector_12
                0x0000010c                __vector_55
                0x0000010c                __vector_46
                0x0000010c                __bad_interrupt
                0x0000010c                __vector_31
                0x0000010c                __vector_35
                0x0000010c                __vector_39
                0x0000010c                __vector_3
                0x0000010c                __vector_23
                0x0000010c                __vector_30
                0x0000010c                __vector_45
                0x0000010c                __vector_25
                0x0000010c                __vector_11
                0x0000010c                __vector_54
                0x0000010c                __vector_13
                0x0000010c                __vector_17
                0x0000010c                __vector_19
                0x0000010c                __vector_56
                0x0000010c                __vector_7
                0x0000010c                __vector_49
                0x0000010c                __vector_41
                0x0000010c                __vector_43
                0x0000010c                __vector_27
                0x0000010c                __vector_33
                0x0000010c                __vector_47
                0x0000010c                __vector_52
                0x0000010c                __vector_37
                0x0000010c                __vector_4
                0x0000010c                __vector_44
                0x0000010c                __vector_51
                0x0000010c                __vector_9
                0x0000010c                __vector_2
                0x0000010c                __vector_21
                0x0000010c                __vector_15
                0x0000010c                __vector_36
                0x0000010c                __vector_29
                0x0000010c                __vector_40
                0x0000010c                __vector_8
                0x0000010c                __vector_26
                0x0000010c                __vector_48
                0x0000010c                __vector_14
                0x0000010c                __vector_53
                0x0000010c                __vector_10
                0x0000010c                __vector_50
                0x0000010c                __vector_16
                0x0000010c                __vector_18
                0x0000010c                __vector_20
                0x0000010c                __vector_38
 .text          0x00000110       0x9e motor.o
                0x00000110                motion_pin_config
                0x00000132                init_ports
                0x00000136                timer5_init
                0x0000016c                velocity
                0x00000176                motion_set
                0x00000182                forward
                0x00000188                back
                0x0000018e                left
                0x00000194                right
                0x0000019a                stop
                0x000001a0                init_devices
 .text          0x000001ae        0x0 app.o
 .text          0x000001ae       0x42 ../buzzer/buzzer.o
                0x000001ae                buzzer_pin_config
                0x000001b4                buzzer_port_init
                0x000001b8                buzzer_on
                0x000001c0                buzzer_off
                0x000001c8                buzzer_beep
                0x000001e6                buzzer_init_devices
 .text          0x000001f0       0x16 ../custom_delay/custom_delay.o
                0x000001f0                custom_delay
 .text          0x00000206      0x270 ../pos_encoder/pos_encoder.o
                0x00000206                pos_encoder_motion_pin_config
                0x00000228                left_encoder_pin_config
                0x0000022e                right_encoder_pin_config
                0x00000234                pos_encoder_port_init
                0x00000240                left_position_encoder_interrupt_init
                0x00000252                right_position_encoder_interrupt_init
                0x00000264                __vector_6
                0x000002ae                __vector_5
                0x000002f8                pos_encoder_motion_set
                0x00000304                pos_encoder_forward
                0x0000030a                pos_encoder_back
                0x00000310                pos_encoder_left
                0x00000316                pos_encoder_right
                0x0000031c                pos_encoder_soft_left
                0x00000322                pos_encoder_soft_right
                0x00000328                pos_encoder_soft_left_2
                0x0000032e                pos_encoder_soft_right_2
                0x00000334                pos_encoder_stop
                0x0000033a                pos_encoder_angle_rotate
                0x0000037e                pos_encoder_linear_distance_mm
                0x00000390                pos_encoder_forward_mm
                0x000003a6                pos_encoder_back_mm
                0x000003bc                pos_encoder_left_degrees
                0x000003e0                pos_encoder_right_degrees
                0x00000404                pos_encoder_soft_left_degrees
                0x0000041c                pos_encoder_soft_right_degrees
                0x00000434                pos_encoder_soft_left_2_degrees
                0x0000044c                pos_encoder_soft_right_2_degrees
                0x00000464                pos_encoder_init_devices
 .text          0x00000476        0x0 /usr/local/CrossPack-AVR-20131216/lib/gcc/avr/4.8.1/avr6/libgcc.a(_exit.o)
 .text          0x00000476        0x0 /usr/local/CrossPack-AVR-20131216/lib/gcc/avr/4.8.1/avr6/libgcc.a(_clear_bss.o)
 .text          0x00000476        0x0 /usr/local/CrossPack-AVR-20131216/lib/gcc/avr/4.8.1/../../../../avr/lib/avr6/libm.a(divsf3.o)
 .text          0x00000476        0x0 /usr/local/CrossPack-AVR-20131216/lib/gcc/avr/4.8.1/../../../../avr/lib/avr6/libm.a(divsf3x.o)
 .text          0x00000476        0x0 /usr/local/CrossPack-AVR-20131216/lib/gcc/avr/4.8.1/../../../../avr/lib/avr6/libm.a(fixunssfsi.o)
 .text          0x00000476        0x0 /usr/local/CrossPack-AVR-20131216/lib/gcc/avr/4.8.1/../../../../avr/lib/avr6/libm.a(floatsisf.o)
 .text          0x00000476        0x0 /usr/local/CrossPack-AVR-20131216/lib/gcc/avr/4.8.1/../../../../avr/lib/avr6/libm.a(fp_inf.o)
 .text          0x00000476        0x0 /usr/local/CrossPack-AVR-20131216/lib/gcc/avr/4.8.1/../../../../avr/lib/avr6/libm.a(fp_nan.o)
 .text          0x00000476        0x0 /usr/local/CrossPack-AVR-20131216/lib/gcc/avr/4.8.1/../../../../avr/lib/avr6/libm.a(fp_pscA.o)
 .text          0x00000476        0x0 /usr/local/CrossPack-AVR-20131216/lib/gcc/avr/4.8.1/../../../../avr/lib/avr6/libm.a(fp_pscB.o)
 .text          0x00000476        0x0 /usr/local/CrossPack-AVR-20131216/lib/gcc/avr/4.8.1/../../../../avr/lib/avr6/libm.a(fp_round.o)
 .text          0x00000476        0x0 /usr/local/CrossPack-AVR-20131216/lib/gcc/avr/4.8.1/../../../../avr/lib/avr6/libm.a(fp_split3.o)
 .text          0x00000476        0x0 /usr/local/CrossPack-AVR-20131216/lib/gcc/avr/4.8.1/../../../../avr/lib/avr6/libm.a(fp_zero.o)
                0x00000476                . = ALIGN (0x2)
 *(.text.*)
 .text.startup  0x00000476       0x4a app.o
                0x00000476                main
 .text.libgcc.mul
                0x000004c0        0x0 /usr/local/CrossPack-AVR-20131216/lib/gcc/avr/4.8.1/avr6/libgcc.a(_exit.o)
 .text.libgcc.div
                0x000004c0        0x0 /usr/local/CrossPack-AVR-20131216/lib/gcc/avr/4.8.1/avr6/libgcc.a(_exit.o)
 .text.libgcc   0x000004c0        0x0 /usr/local/CrossPack-AVR-20131216/lib/gcc/avr/4.8.1/avr6/libgcc.a(_exit.o)
 .text.libgcc.prologue
                0x000004c0        0x0 /usr/local/CrossPack-AVR-20131216/lib/gcc/avr/4.8.1/avr6/libgcc.a(_exit.o)
 .text.libgcc.builtins
                0x000004c0        0x0 /usr/local/CrossPack-AVR-20131216/lib/gcc/avr/4.8.1/avr6/libgcc.a(_exit.o)
 .text.libgcc.fmul
                0x000004c0        0x0 /usr/local/CrossPack-AVR-20131216/lib/gcc/avr/4.8.1/avr6/libgcc.a(_exit.o)
 .text.libgcc.fixed
                0x000004c0        0x0 /usr/local/CrossPack-AVR-20131216/lib/gcc/avr/4.8.1/avr6/libgcc.a(_exit.o)
 .text.libgcc.mul
                0x000004c0        0x0 /usr/local/CrossPack-AVR-20131216/lib/gcc/avr/4.8.1/avr6/libgcc.a(_clear_bss.o)
 .text.libgcc.div
                0x000004c0        0x0 /usr/local/CrossPack-AVR-20131216/lib/gcc/avr/4.8.1/avr6/libgcc.a(_clear_bss.o)
 .text.libgcc   0x000004c0        0x0 /usr/local/CrossPack-AVR-20131216/lib/gcc/avr/4.8.1/avr6/libgcc.a(_clear_bss.o)
 .text.libgcc.prologue
                0x000004c0        0x0 /usr/local/CrossPack-AVR-20131216/lib/gcc/avr/4.8.1/avr6/libgcc.a(_clear_bss.o)
 .text.libgcc.builtins
                0x000004c0        0x0 /usr/local/CrossPack-AVR-20131216/lib/gcc/avr/4.8.1/avr6/libgcc.a(_clear_bss.o)
 .text.libgcc.fmul
                0x000004c0        0x0 /usr/local/CrossPack-AVR-20131216/lib/gcc/avr/4.8.1/avr6/libgcc.a(_clear_bss.o)
 .text.libgcc.fixed
                0x000004c0        0x0 /usr/local/CrossPack-AVR-20131216/lib/gcc/avr/4.8.1/avr6/libgcc.a(_clear_bss.o)
 .text.avr-libc.fplib
                0x000004c0        0x4 /usr/local/CrossPack-AVR-20131216/lib/gcc/avr/4.8.1/../../../../avr/lib/avr6/libm.a(divsf3.o)
                0x000004c0                __divsf3
 .text.avr-libc.fplib
                0x000004c4       0xcc /usr/local/CrossPack-AVR-20131216/lib/gcc/avr/4.8.1/../../../../avr/lib/avr6/libm.a(divsf3x.o)
                0x000004da                __divsf3x
                0x000004de                __divsf3_pse
 .text.avr-libc.fplib
                0x00000590       0x58 /usr/local/CrossPack-AVR-20131216/lib/gcc/avr/4.8.1/../../../../avr/lib/avr6/libm.a(fixunssfsi.o)
                0x00000590                __fixunssfsi
 .text.avr-libc.fplib
                0x000005e8       0x7a /usr/local/CrossPack-AVR-20131216/lib/gcc/avr/4.8.1/../../../../avr/lib/avr6/libm.a(floatsisf.o)
                0x000005e8                __floatunsisf
                0x000005ec                __floatsisf
 .text.avr-libc.fplib
                0x00000662        0xc /usr/local/CrossPack-AVR-20131216/lib/gcc/avr/4.8.1/../../../../avr/lib/avr6/libm.a(fp_inf.o)
                0x00000662                __fp_inf
 .text.avr-libc.fplib
                0x0000066e        0x6 /usr/local/CrossPack-AVR-20131216/lib/gcc/avr/4.8.1/../../../../avr/lib/avr6/libm.a(fp_nan.o)
                0x0000066e                __fp_nan
 .text.avr-libc.fplib
                0x00000674        0xe /usr/local/CrossPack-AVR-20131216/lib/gcc/avr/4.8.1/../../../../avr/lib/avr6/libm.a(fp_pscA.o)
                0x00000674                __fp_pscA
 .text.avr-libc.fplib
                0x00000682        0xe /usr/local/CrossPack-AVR-20131216/lib/gcc/avr/4.8.1/../../../../avr/lib/avr6/libm.a(fp_pscB.o)
                0x00000682                __fp_pscB
 .text.avr-libc.fplib
                0x00000690       0x22 /usr/local/CrossPack-AVR-20131216/lib/gcc/avr/4.8.1/../../../../avr/lib/avr6/libm.a(fp_round.o)
                0x00000690                __fp_round
 .text.avr-libc.fplib
                0x000006b2       0x44 /usr/local/CrossPack-AVR-20131216/lib/gcc/avr/4.8.1/../../../../avr/lib/avr6/libm.a(fp_split3.o)
                0x000006b2                __fp_split3
                0x000006c2                __fp_splitA
 .text.avr-libc.fplib
                0x000006f6        0xe /usr/local/CrossPack-AVR-20131216/lib/gcc/avr/4.8.1/../../../../avr/lib/avr6/libm.a(fp_zero.o)
                0x000006f6                __fp_zero
                0x000006f8                __fp_szero
                0x00000704                . = ALIGN (0x2)
 *(.fini9)
 .fini9         0x00000704        0x0 /usr/local/CrossPack-AVR-20131216/lib/gcc/avr/4.8.1/avr6/libgcc.a(_exit.o)
                0x00000704                exit
                0x00000704                _exit
 *(.fini9)
 *(.fini8)
 *(.fini8)
 *(.fini7)
 *(.fini7)
 *(.fini6)
 *(.fini6)
 *(.fini5)
 *(.fini5)
 *(.fini4)
 *(.fini4)
 *(.fini3)
 *(.fini3)
 *(.fini2)
 *(.fini2)
 *(.fini1)
 *(.fini1)
 *(.fini0)
 .fini0         0x00000704        0x4 /usr/local/CrossPack-AVR-20131216/lib/gcc/avr/4.8.1/avr6/libgcc.a(_exit.o)
 *(.fini0)
                0x00000708                _etext = .

.data           0x00800200        0x0 load address 0x00000708
                0x00800200                PROVIDE (__data_start, .)
 *(.data)
 .data          0x00800200        0x0 /usr/local/CrossPack-AVR-20131216/lib/gcc/avr/4.8.1/../../../../avr/lib/avr6/crtm2560.o
 .data          0x00800200        0x0 motor.o
 .data          0x00800200        0x0 app.o
 .data          0x00800200        0x0 ../buzzer/buzzer.o
 .data          0x00800200        0x0 ../custom_delay/custom_delay.o
 .data          0x00800200        0x0 ../pos_encoder/pos_encoder.o
 .data          0x00800200        0x0 /usr/local/CrossPack-AVR-20131216/lib/gcc/avr/4.8.1/avr6/libgcc.a(_exit.o)
 .data          0x00800200        0x0 /usr/local/CrossPack-AVR-20131216/lib/gcc/avr/4.8.1/avr6/libgcc.a(_clear_bss.o)
 .data          0x00800200        0x0 /usr/local/CrossPack-AVR-20131216/lib/gcc/avr/4.8.1/../../../../avr/lib/avr6/libm.a(divsf3.o)
 .data          0x00800200        0x0 /usr/local/CrossPack-AVR-20131216/lib/gcc/avr/4.8.1/../../../../avr/lib/avr6/libm.a(divsf3x.o)
 .data          0x00800200        0x0 /usr/local/CrossPack-AVR-20131216/lib/gcc/avr/4.8.1/../../../../avr/lib/avr6/libm.a(fixunssfsi.o)
 .data          0x00800200        0x0 /usr/local/CrossPack-AVR-20131216/lib/gcc/avr/4.8.1/../../../../avr/lib/avr6/libm.a(floatsisf.o)
 .data          0x00800200        0x0 /usr/local/CrossPack-AVR-20131216/lib/gcc/avr/4.8.1/../../../../avr/lib/avr6/libm.a(fp_inf.o)
 .data          0x00800200        0x0 /usr/local/CrossPack-AVR-20131216/lib/gcc/avr/4.8.1/../../../../avr/lib/avr6/libm.a(fp_nan.o)
 .data          0x00800200        0x0 /usr/local/CrossPack-AVR-20131216/lib/gcc/avr/4.8.1/../../../../avr/lib/avr6/libm.a(fp_pscA.o)
 .data          0x00800200        0x0 /usr/local/CrossPack-AVR-20131216/lib/gcc/avr/4.8.1/../../../../avr/lib/avr6/libm.a(fp_pscB.o)
 .data          0x00800200        0x0 /usr/local/CrossPack-AVR-20131216/lib/gcc/avr/4.8.1/../../../../avr/lib/avr6/libm.a(fp_round.o)
 .data          0x00800200        0x0 /usr/local/CrossPack-AVR-20131216/lib/gcc/avr/4.8.1/../../../../avr/lib/avr6/libm.a(fp_split3.o)
 .data          0x00800200        0x0 /usr/local/CrossPack-AVR-20131216/lib/gcc/avr/4.8.1/../../../../avr/lib/avr6/libm.a(fp_zero.o)
 *(.data*)
 *(.rodata)
 *(.rodata*)
 *(.gnu.linkonce.d*)
                0x00800200                . = ALIGN (0x2)
                0x00800200                _edata = .
                0x00800200                PROVIDE (__data_end, .)

.bss            0x00800200        0xa
                0x00800200                PROVIDE (__bss_start, .)
 *(.bss)
 .bss           0x00800200        0x0 /usr/local/CrossPack-AVR-20131216/lib/gcc/avr/4.8.1/../../../../avr/lib/avr6/crtm2560.o
 .bss           0x00800200        0x0 motor.o
 .bss           0x00800200        0x0 app.o
 .bss           0x00800200        0x0 ../buzzer/buzzer.o
 .bss           0x00800200        0x0 ../custom_delay/custom_delay.o
 .bss           0x00800200        0x8 ../pos_encoder/pos_encoder.o
                0x00800200                ShaftCountRight
                0x00800204                ShaftCountLeft
 .bss           0x00800208        0x0 /usr/local/CrossPack-AVR-20131216/lib/gcc/avr/4.8.1/avr6/libgcc.a(_exit.o)
 .bss           0x00800208        0x0 /usr/local/CrossPack-AVR-20131216/lib/gcc/avr/4.8.1/avr6/libgcc.a(_clear_bss.o)
 .bss           0x00800208        0x0 /usr/local/CrossPack-AVR-20131216/lib/gcc/avr/4.8.1/../../../../avr/lib/avr6/libm.a(divsf3.o)
 .bss           0x00800208        0x0 /usr/local/CrossPack-AVR-20131216/lib/gcc/avr/4.8.1/../../../../avr/lib/avr6/libm.a(divsf3x.o)
 .bss           0x00800208        0x0 /usr/local/CrossPack-AVR-20131216/lib/gcc/avr/4.8.1/../../../../avr/lib/avr6/libm.a(fixunssfsi.o)
 .bss           0x00800208        0x0 /usr/local/CrossPack-AVR-20131216/lib/gcc/avr/4.8.1/../../../../avr/lib/avr6/libm.a(floatsisf.o)
 .bss           0x00800208        0x0 /usr/local/CrossPack-AVR-20131216/lib/gcc/avr/4.8.1/../../../../avr/lib/avr6/libm.a(fp_inf.o)
 .bss           0x00800208        0x0 /usr/local/CrossPack-AVR-20131216/lib/gcc/avr/4.8.1/../../../../avr/lib/avr6/libm.a(fp_nan.o)
 .bss           0x00800208        0x0 /usr/local/CrossPack-AVR-20131216/lib/gcc/avr/4.8.1/../../../../avr/lib/avr6/libm.a(fp_pscA.o)
 .bss           0x00800208        0x0 /usr/local/CrossPack-AVR-20131216/lib/gcc/avr/4.8.1/../../../../avr/lib/avr6/libm.a(fp_pscB.o)
 .bss           0x00800208        0x0 /usr/local/CrossPack-AVR-20131216/lib/gcc/avr/4.8.1/../../../../avr/lib/avr6/libm.a(fp_round.o)
 .bss           0x00800208        0x0 /usr/local/CrossPack-AVR-20131216/lib/gcc/avr/4.8.1/../../../../avr/lib/avr6/libm.a(fp_split3.o)
 .bss           0x00800208        0x0 /usr/local/CrossPack-AVR-20131216/lib/gcc/avr/4.8.1/../../../../avr/lib/avr6/libm.a(fp_zero.o)
 *(.bss*)
 *(COMMON)
 COMMON         0x00800208        0x2 ../pos_encoder/pos_encoder.o
                0x00800208                Degrees
                0x0080020a                PROVIDE (__bss_end, .)
                0x00000708                __data_load_start = LOADADDR (.data)
                0x00000708                __data_load_end = (__data_load_start + SIZEOF (.data))

.noinit         0x0080020a        0x0
                0x0080020a                PROVIDE (__noinit_start, .)
 *(.noinit*)
                0x0080020a                PROVIDE (__noinit_end, .)
                0x0080020a                _end = .
                0x0080020a                PROVIDE (__heap_start, .)

.eeprom         0x00810000        0x0
 *(.eeprom*)
                0x00810000                __eeprom_end = .

.fuse
 *(.fuse)
 *(.lfuse)
 *(.hfuse)
 *(.efuse)

.lock
 *(.lock*)

.signature
 *(.signature*)

.user_signatures
 *(.user_signatures*)

.stab
 *(.stab)

.stabstr
 *(.stabstr)

.stab.excl
 *(.stab.excl)

.stab.exclstr
 *(.stab.exclstr)

.stab.index
 *(.stab.index)

.stab.indexstr
 *(.stab.indexstr)

.comment        0x00000000       0x11
 *(.comment)
 .comment       0x00000000       0x11 motor.o
                                 0x12 (size before relaxing)
 .comment       0x00000000       0x12 app.o
 .comment       0x00000000       0x12 ../buzzer/buzzer.o
 .comment       0x00000000       0x12 ../custom_delay/custom_delay.o
 .comment       0x00000000       0x12 ../pos_encoder/pos_encoder.o

.debug
 *(.debug)

.line
 *(.line)

.debug_srcinfo
 *(.debug_srcinfo)

.debug_sfnames
 *(.debug_sfnames)

.debug_aranges  0x00000000       0xe0
 *(.debug_aranges)
 .debug_aranges
                0x00000000       0x20 motor.o
 .debug_aranges
                0x00000020       0x20 app.o
 .debug_aranges
                0x00000040       0x20 ../buzzer/buzzer.o
 .debug_aranges
                0x00000060       0x20 ../custom_delay/custom_delay.o
 .debug_aranges
                0x00000080       0x20 ../pos_encoder/pos_encoder.o
 .debug_aranges
                0x000000a0       0x20 /usr/local/CrossPack-AVR-20131216/lib/gcc/avr/4.8.1/avr6/libgcc.a(_exit.o)
 .debug_aranges
                0x000000c0       0x20 /usr/local/CrossPack-AVR-20131216/lib/gcc/avr/4.8.1/avr6/libgcc.a(_clear_bss.o)

.debug_pubnames
 *(.debug_pubnames)

.debug_info     0x00000000      0xf72
 *(.debug_info)
 .debug_info    0x00000000      0x240 motor.o
 .debug_info    0x00000240      0x212 app.o
 .debug_info    0x00000452      0x1ad ../buzzer/buzzer.o
 .debug_info    0x000005ff      0x103 ../custom_delay/custom_delay.o
 .debug_info    0x00000702      0x6f4 ../pos_encoder/pos_encoder.o
 .debug_info    0x00000df6       0xbe /usr/local/CrossPack-AVR-20131216/lib/gcc/avr/4.8.1/avr6/libgcc.a(_exit.o)
 .debug_info    0x00000eb4       0xbe /usr/local/CrossPack-AVR-20131216/lib/gcc/avr/4.8.1/avr6/libgcc.a(_clear_bss.o)
 *(.gnu.linkonce.wi.*)

.debug_abbrev   0x00000000      0x601
 *(.debug_abbrev)
 .debug_abbrev  0x00000000      0x129 motor.o
 .debug_abbrev  0x00000129      0x127 app.o
 .debug_abbrev  0x00000250      0x12b ../buzzer/buzzer.o
 .debug_abbrev  0x0000037b       0xc4 ../custom_delay/custom_delay.o
 .debug_abbrev  0x0000043f      0x19a ../pos_encoder/pos_encoder.o
 .debug_abbrev  0x000005d9       0x14 /usr/local/CrossPack-AVR-20131216/lib/gcc/avr/4.8.1/avr6/libgcc.a(_exit.o)
 .debug_abbrev  0x000005ed       0x14 /usr/local/CrossPack-AVR-20131216/lib/gcc/avr/4.8.1/avr6/libgcc.a(_clear_bss.o)

.debug_line     0x00000000      0x4c4
 *(.debug_line)
 .debug_line    0x00000000       0x9c motor.o
 .debug_line    0x0000009c      0x11a app.o
 .debug_line    0x000001b6       0xac ../buzzer/buzzer.o
 .debug_line    0x00000262       0xc3 ../custom_delay/custom_delay.o
 .debug_line    0x00000325       0xe9 ../pos_encoder/pos_encoder.o
 .debug_line    0x0000040e       0x58 /usr/local/CrossPack-AVR-20131216/lib/gcc/avr/4.8.1/avr6/libgcc.a(_exit.o)
 .debug_line    0x00000466       0x5e /usr/local/CrossPack-AVR-20131216/lib/gcc/avr/4.8.1/avr6/libgcc.a(_clear_bss.o)

.debug_frame    0x00000000      0x400
 *(.debug_frame)
 .debug_frame   0x00000000       0xc4 motor.o
 .debug_frame   0x000000c4       0x24 app.o
 .debug_frame   0x000000e8       0x80 ../buzzer/buzzer.o
 .debug_frame   0x00000168       0x24 ../custom_delay/custom_delay.o
 .debug_frame   0x0000018c      0x274 ../pos_encoder/pos_encoder.o

.debug_str      0x00000000      0x564
 *(.debug_str)
 .debug_str     0x00000000       0xde motor.o
                                0x159 (size before relaxing)
 .debug_str     0x000000de       0x8a app.o
                                0x159 (size before relaxing)
 .debug_str     0x00000168       0x8c ../buzzer/buzzer.o
                                0x138 (size before relaxing)
 .debug_str     0x000001f4       0x3f ../custom_delay/custom_delay.o
                                0x122 (size before relaxing)
 .debug_str     0x00000233      0x331 ../pos_encoder/pos_encoder.o
                                0x403 (size before relaxing)

.debug_loc      0x00000000      0x6eb
 *(.debug_loc)
 .debug_loc     0x00000000       0x67 motor.o
 .debug_loc     0x00000067       0xb3 ../buzzer/buzzer.o
 .debug_loc     0x0000011a       0x6e ../custom_delay/custom_delay.o
 .debug_loc     0x00000188      0x563 ../pos_encoder/pos_encoder.o

.debug_macinfo
 *(.debug_macinfo)

.debug_pubtypes
 *(.debug_pubtypes)

.debug_ranges   0x00000000       0x10
 *(.debug_ranges)
 .debug_ranges  0x00000000       0x10 app.o

.debug_macro
 *(.debug_macro)
OUTPUT(app.out elf32-avr)
LOAD linker stubs
