Archive member included because of file (symbol)

/usr/lib/gcc/avr/4.8.2/avr6/libgcc.a(_udivmodhi4.o)
                              ../lcd/lcd.o (__udivmodhi4)
/usr/lib/gcc/avr/4.8.2/avr6/libgcc.a(_exit.o)
                              /usr/lib/gcc/avr/4.8.2/../../../avr/lib/avr6/crtm2560.o (exit)
/usr/lib/gcc/avr/4.8.2/avr6/libgcc.a(_copy_data.o)
                              map.o (__do_copy_data)
/usr/lib/gcc/avr/4.8.2/avr6/libgcc.a(_clear_bss.o)
                              map.o (__do_clear_bss)
/usr/lib/gcc/avr/4.8.2/../../../avr/lib/avr6/libm.a(addsf3.o)
                              map.o (__subsf3)
/usr/lib/gcc/avr/4.8.2/../../../avr/lib/avr6/libm.a(addsf3x.o)
                              /usr/lib/gcc/avr/4.8.2/../../../avr/lib/avr6/libm.a(addsf3.o) (__addsf3x)
/usr/lib/gcc/avr/4.8.2/../../../avr/lib/avr6/libm.a(atan2.o)
                              map.o (atan2)
/usr/lib/gcc/avr/4.8.2/../../../avr/lib/avr6/libm.a(atan.o)
                              /usr/lib/gcc/avr/4.8.2/../../../avr/lib/avr6/libm.a(atan2.o) (atan)
/usr/lib/gcc/avr/4.8.2/../../../avr/lib/avr6/libm.a(cmpsf2.o)
                              map.o (__ltsf2)
/usr/lib/gcc/avr/4.8.2/../../../avr/lib/avr6/libm.a(divsf3.o)
                              map.o (__divsf3)
/usr/lib/gcc/avr/4.8.2/../../../avr/lib/avr6/libm.a(divsf3x.o)
                              /usr/lib/gcc/avr/4.8.2/../../../avr/lib/avr6/libm.a(divsf3.o) (__divsf3x)
/usr/lib/gcc/avr/4.8.2/../../../avr/lib/avr6/libm.a(fixsfsi.o)
                              map.o (__fixsfsi)
/usr/lib/gcc/avr/4.8.2/../../../avr/lib/avr6/libm.a(fixunssfsi.o)
                              map.o (__fixunssfsi)
/usr/lib/gcc/avr/4.8.2/../../../avr/lib/avr6/libm.a(floatsisf.o)
                              ../pos_encoder/pos_encoder.o (__floatunsisf)
/usr/lib/gcc/avr/4.8.2/../../../avr/lib/avr6/libm.a(fp_cmp.o)
                              /usr/lib/gcc/avr/4.8.2/../../../avr/lib/avr6/libm.a(cmpsf2.o) (__fp_cmp)
/usr/lib/gcc/avr/4.8.2/../../../avr/lib/avr6/libm.a(fp_inf.o)
                              /usr/lib/gcc/avr/4.8.2/../../../avr/lib/avr6/libm.a(addsf3x.o) (__fp_inf)
/usr/lib/gcc/avr/4.8.2/../../../avr/lib/avr6/libm.a(fp_nan.o)
                              /usr/lib/gcc/avr/4.8.2/../../../avr/lib/avr6/libm.a(addsf3x.o) (__fp_nan)
/usr/lib/gcc/avr/4.8.2/../../../avr/lib/avr6/libm.a(fp_powser.o)
                              /usr/lib/gcc/avr/4.8.2/../../../avr/lib/avr6/libm.a(atan.o) (__fp_powser)
/usr/lib/gcc/avr/4.8.2/../../../avr/lib/avr6/libm.a(fp_pscA.o)
                              /usr/lib/gcc/avr/4.8.2/../../../avr/lib/avr6/libm.a(addsf3x.o) (__fp_pscA)
/usr/lib/gcc/avr/4.8.2/../../../avr/lib/avr6/libm.a(fp_pscB.o)
                              /usr/lib/gcc/avr/4.8.2/../../../avr/lib/avr6/libm.a(addsf3x.o) (__fp_pscB)
/usr/lib/gcc/avr/4.8.2/../../../avr/lib/avr6/libm.a(fp_round.o)
                              /usr/lib/gcc/avr/4.8.2/../../../avr/lib/avr6/libm.a(addsf3.o) (__fp_round)
/usr/lib/gcc/avr/4.8.2/../../../avr/lib/avr6/libm.a(fp_split3.o)
                              /usr/lib/gcc/avr/4.8.2/../../../avr/lib/avr6/libm.a(addsf3x.o) (__fp_split3)
/usr/lib/gcc/avr/4.8.2/../../../avr/lib/avr6/libm.a(fp_zero.o)
                              /usr/lib/gcc/avr/4.8.2/../../../avr/lib/avr6/libm.a(addsf3x.o) (__fp_zero)
/usr/lib/gcc/avr/4.8.2/../../../avr/lib/avr6/libm.a(gesf2.o)
                              map.o (__gtsf2)
/usr/lib/gcc/avr/4.8.2/../../../avr/lib/avr6/libm.a(inverse.o)
                              /usr/lib/gcc/avr/4.8.2/../../../avr/lib/avr6/libm.a(atan.o) (inverse)
/usr/lib/gcc/avr/4.8.2/../../../avr/lib/avr6/libm.a(mulsf3.o)
                              map.o (__mulsf3)
/usr/lib/gcc/avr/4.8.2/../../../avr/lib/avr6/libm.a(mulsf3x.o)
                              /usr/lib/gcc/avr/4.8.2/../../../avr/lib/avr6/libm.a(atan.o) (__mulsf3x)
/usr/lib/gcc/avr/4.8.2/../../../avr/lib/avr6/libm.a(sqrt.o)
                              map.o (sqrt)
/usr/lib/gcc/avr/4.8.2/../../../avr/lib/avr6/libm.a(square.o)
                              /usr/lib/gcc/avr/4.8.2/../../../avr/lib/avr6/libm.a(atan.o) (square)
/usr/lib/gcc/avr/4.8.2/../../../avr/lib/avr6/libm.a(fp_mpack.o)
                              /usr/lib/gcc/avr/4.8.2/../../../avr/lib/avr6/libm.a(sqrt.o) (__fp_mpack)
/usr/lib/gcc/avr/4.8.2/../../../avr/lib/avr6/libm.a(fp_norm2.o)
                              /usr/lib/gcc/avr/4.8.2/../../../avr/lib/avr6/libm.a(sqrt.o) (__fp_norm2)
/usr/lib/gcc/avr/4.8.2/../../../avr/lib/avr6/libc.a(malloc.o)
                              map.o (malloc)
/usr/lib/gcc/avr/4.8.2/../../../avr/lib/avr6/libc.a(printf.o)
                              map.o (printf)
/usr/lib/gcc/avr/4.8.2/../../../avr/lib/avr6/libc.a(puts.o)
                              map.o (puts)
/usr/lib/gcc/avr/4.8.2/../../../avr/lib/avr6/libc.a(vsnprintf.o)
                              ../lcd/lcd.o (vsnprintf)
/usr/lib/gcc/avr/4.8.2/../../../avr/lib/avr6/libc.a(vfprintf_std.o)
                              /usr/lib/gcc/avr/4.8.2/../../../avr/lib/avr6/libc.a(printf.o) (vfprintf)
/usr/lib/gcc/avr/4.8.2/../../../avr/lib/avr6/libc.a(strnlen_P.o)
                              /usr/lib/gcc/avr/4.8.2/../../../avr/lib/avr6/libc.a(vfprintf_std.o) (strnlen_P)
/usr/lib/gcc/avr/4.8.2/../../../avr/lib/avr6/libc.a(strnlen.o)
                              /usr/lib/gcc/avr/4.8.2/../../../avr/lib/avr6/libc.a(vfprintf_std.o) (strnlen)
/usr/lib/gcc/avr/4.8.2/../../../avr/lib/avr6/libc.a(fputc.o)
                              /usr/lib/gcc/avr/4.8.2/../../../avr/lib/avr6/libc.a(vfprintf_std.o) (fputc)
/usr/lib/gcc/avr/4.8.2/../../../avr/lib/avr6/libc.a(iob.o)
                              /usr/lib/gcc/avr/4.8.2/../../../avr/lib/avr6/libc.a(printf.o) (__iob)
/usr/lib/gcc/avr/4.8.2/../../../avr/lib/avr6/libc.a(ultoa_invert.o)
                              /usr/lib/gcc/avr/4.8.2/../../../avr/lib/avr6/libc.a(vfprintf_std.o) (__ultoa_invert)

Allocating common symbols
Common symbol       size              file

Degrees             0x2               ../pos_encoder/pos_encoder.o
million             0x2               ../lcd/lcd.o
temp                0x2               ../lcd/lcd.o
__brkval            0x2               /usr/lib/gcc/avr/4.8.2/../../../avr/lib/avr6/libc.a(malloc.o)
tens                0x2               ../lcd/lcd.o
hundred             0x2               ../lcd/lcd.o
__flp               0x2               /usr/lib/gcc/avr/4.8.2/../../../avr/lib/avr6/libc.a(malloc.o)
curve_nodes         0x2               map.o
unit                0x2               ../lcd/lcd.o
thousand            0x2               ../lcd/lcd.o
__iob               0x6               /usr/lib/gcc/avr/4.8.2/../../../avr/lib/avr6/libc.a(iob.o)
bot_position        0x2               map.o

Memory Configuration

Name             Origin             Length             Attributes
text             0x0000000000000000 0x0000000000100000 xr
data             0x0000000000800200 0x000000000000fe00 rw !x
eeprom           0x0000000000810000 0x0000000000010000 rw !x
fuse             0x0000000000820000 0x0000000000000400 rw !x
lock             0x0000000000830000 0x0000000000000400 rw !x
signature        0x0000000000840000 0x0000000000000400 rw !x
user_signatures  0x0000000000850000 0x0000000000000400 rw !x
*default*        0x0000000000000000 0xffffffffffffffff

Linker script and memory map

Address of section .data set to 0x800200
LOAD /usr/lib/gcc/avr/4.8.2/../../../avr/lib/avr6/crtm2560.o
LOAD map.o
LOAD app.o
LOAD ../pos_encoder/pos_encoder.o
LOAD ../lcd/lcd.o
START GROUP
LOAD /usr/lib/gcc/avr/4.8.2/avr6/libgcc.a
LOAD /usr/lib/gcc/avr/4.8.2/../../../avr/lib/avr6/libm.a
LOAD /usr/lib/gcc/avr/4.8.2/../../../avr/lib/avr6/libc.a
END GROUP

.hash
 *(.hash)

.dynsym
 *(.dynsym)

.dynstr
 *(.dynstr)

.gnu.version
 *(.gnu.version)

.gnu.version_d
 *(.gnu.version_d)

.gnu.version_r
 *(.gnu.version_r)

.rel.init
 *(.rel.init)

.rela.init
 *(.rela.init)

.rel.text
 *(.rel.text)
 *(.rel.text.*)
 *(.rel.gnu.linkonce.t*)

.rela.text
 *(.rela.text)
 *(.rela.text.*)
 *(.rela.gnu.linkonce.t*)

.rel.fini
 *(.rel.fini)

.rela.fini
 *(.rela.fini)

.rel.rodata
 *(.rel.rodata)
 *(.rel.rodata.*)
 *(.rel.gnu.linkonce.r*)

.rela.rodata
 *(.rela.rodata)
 *(.rela.rodata.*)
 *(.rela.gnu.linkonce.r*)

.rel.data
 *(.rel.data)
 *(.rel.data.*)
 *(.rel.gnu.linkonce.d*)

.rela.data
 *(.rela.data)
 *(.rela.data.*)
 *(.rela.gnu.linkonce.d*)

.rel.ctors
 *(.rel.ctors)

.rela.ctors
 *(.rela.ctors)

.rel.dtors
 *(.rel.dtors)

.rela.dtors
 *(.rela.dtors)

.rel.got
 *(.rel.got)

.rela.got
 *(.rela.got)

.rel.bss
 *(.rel.bss)

.rela.bss
 *(.rela.bss)

.rel.plt
 *(.rel.plt)

.rela.plt
 *(.rela.plt)

.text           0x0000000000000000     0x2bb4
 *(.vectors)
 .vectors       0x0000000000000000       0xe4 /usr/lib/gcc/avr/4.8.2/../../../avr/lib/avr6/crtm2560.o
                0x0000000000000000                __vectors
                0x0000000000000000                __vector_default
 *(.vectors)
 *(.progmem.gcc*)
 .progmem.gcc_fplib
                0x00000000000000e4       0x2d /usr/lib/gcc/avr/4.8.2/../../../avr/lib/avr6/libm.a(atan.o)
 *(.progmem*)
                0x0000000000000112                . = ALIGN (0x2)
 *fill*         0x0000000000000111        0x1 
                0x0000000000000112                __trampolines_start = .
 *(.trampolines)
 .trampolines   0x0000000000000112        0x4 linker stubs
 *(.trampolines*)
                0x0000000000000116                __trampolines_end = .
 *(.jumptables)
 *(.jumptables*)
 *(.lowtext)
 *(.lowtext*)
                0x0000000000000116                __ctors_start = .
 *(.ctors)
                0x0000000000000116                __ctors_end = .
                0x0000000000000116                __dtors_start = .
 *(.dtors)
                0x0000000000000116                __dtors_end = .
 SORT(*)(.ctors)
 SORT(*)(.dtors)
 *(.init0)
 .init0         0x0000000000000116        0x0 /usr/lib/gcc/avr/4.8.2/../../../avr/lib/avr6/crtm2560.o
                0x0000000000000116                __init
 *(.init0)
 *(.init1)
 *(.init1)
 *(.init2)
 .init2         0x0000000000000116       0x10 /usr/lib/gcc/avr/4.8.2/../../../avr/lib/avr6/crtm2560.o
 *(.init2)
 *(.init3)
 *(.init3)
 *(.init4)
 .init4         0x0000000000000126       0x1a /usr/lib/gcc/avr/4.8.2/avr6/libgcc.a(_copy_data.o)
                0x0000000000000126                __do_copy_data
 .init4         0x0000000000000140       0x10 /usr/lib/gcc/avr/4.8.2/avr6/libgcc.a(_clear_bss.o)
                0x0000000000000140                __do_clear_bss
 *(.init4)
 *(.init5)
 *(.init5)
 *(.init6)
 *(.init6)
 *(.init7)
 *(.init7)
 *(.init8)
 *(.init8)
 *(.init9)
 .init9         0x0000000000000150        0x8 /usr/lib/gcc/avr/4.8.2/../../../avr/lib/avr6/crtm2560.o
 *(.init9)
 *(.text)
 .text          0x0000000000000158        0x4 /usr/lib/gcc/avr/4.8.2/../../../avr/lib/avr6/crtm2560.o
                0x0000000000000158                __vector_38
                0x0000000000000158                __vector_22
                0x0000000000000158                __vector_28
                0x0000000000000158                __vector_1
                0x0000000000000158                __vector_32
                0x0000000000000158                __vector_34
                0x0000000000000158                __vector_24
                0x0000000000000158                __vector_12
                0x0000000000000158                __vector_55
                0x0000000000000158                __vector_46
                0x0000000000000158                __bad_interrupt
                0x0000000000000158                __vector_31
                0x0000000000000158                __vector_35
                0x0000000000000158                __vector_39
                0x0000000000000158                __vector_3
                0x0000000000000158                __vector_23
                0x0000000000000158                __vector_30
                0x0000000000000158                __vector_45
                0x0000000000000158                __vector_25
                0x0000000000000158                __vector_11
                0x0000000000000158                __vector_54
                0x0000000000000158                __vector_13
                0x0000000000000158                __vector_17
                0x0000000000000158                __vector_19
                0x0000000000000158                __vector_56
                0x0000000000000158                __vector_7
                0x0000000000000158                __vector_49
                0x0000000000000158                __vector_41
                0x0000000000000158                __vector_43
                0x0000000000000158                __vector_27
                0x0000000000000158                __vector_33
                0x0000000000000158                __vector_47
                0x0000000000000158                __vector_52
                0x0000000000000158                __vector_37
                0x0000000000000158                __vector_4
                0x0000000000000158                __vector_44
                0x0000000000000158                __vector_51
                0x0000000000000158                __vector_9
                0x0000000000000158                __vector_2
                0x0000000000000158                __vector_21
                0x0000000000000158                __vector_15
                0x0000000000000158                __vector_36
                0x0000000000000158                __vector_29
                0x0000000000000158                __vector_40
                0x0000000000000158                __vector_8
                0x0000000000000158                __vector_26
                0x0000000000000158                __vector_48
                0x0000000000000158                __vector_14
                0x0000000000000158                __vector_53
                0x0000000000000158                __vector_10
                0x0000000000000158                __vector_50
                0x0000000000000158                __vector_16
                0x0000000000000158                __vector_18
                0x0000000000000158                __vector_20
                0x0000000000000158                __vector_42
 .text          0x000000000000015c     0x14e2 map.o
                0x000000000000015c                InitNodesDijkstra
                0x0000000000000174                CreateNode
                0x0000000000000204                ConnectNodes
                0x00000000000002a0                GetCurrentNode
                0x00000000000002ae                DFSEval
                0x0000000000000368                IndexOfNode
                0x0000000000000388                UpdateNodeInArray
                0x00000000000003d6                GetLowestUndone
                0x0000000000000478                GetRotationCost
                0x0000000000000488                Dijkstra
                0x0000000000000788                CurveTowards
                0x0000000000000858                MoveBotToNode
                0x0000000000000a8c                InitGraph
 .text          0x000000000000163e        0x0 app.o
 .text          0x000000000000163e      0x360 ../pos_encoder/pos_encoder.o
                0x000000000000163e                pos_encoder_motion_pin_config
                0x0000000000001660                left_encoder_pin_config
                0x0000000000001666                right_encoder_pin_config
                0x000000000000166c                pos_encoder_port_init
                0x0000000000001678                left_position_encoder_interrupt_init
                0x000000000000168a                right_position_encoder_interrupt_init
                0x000000000000169c                pos_encoder_timer5_init
                0x00000000000016d2                __vector_6
                0x000000000000171c                __vector_5
                0x0000000000001766                pos_encoder_motion_set
                0x0000000000001772                pos_encoder_velocity
                0x000000000000177c                pos_encoder_forward
                0x0000000000001782                pos_encoder_back
                0x0000000000001788                pos_encoder_left
                0x000000000000178e                pos_encoder_right
                0x0000000000001794                pos_encoder_soft_left
                0x000000000000179a                pos_encoder_soft_right
                0x00000000000017a0                pos_encoder_soft_left_2
                0x00000000000017a6                pos_encoder_soft_right_2
                0x00000000000017ac                pos_encoder_stop
                0x00000000000017b2                pos_encoder_angle_rotate
                0x0000000000001832                pos_encoder_linear_distance_mm
                0x0000000000001882                pos_encoder_forward_mm
                0x00000000000018a6                pos_encoder_back_mm
                0x00000000000018ca                pos_encoder_left_degrees
                0x00000000000018ee                pos_encoder_right_degrees
                0x0000000000001912                pos_encoder_soft_left_degrees
                0x000000000000192a                pos_encoder_soft_right_degrees
                0x0000000000001942                pos_encoder_soft_left_2_degrees
                0x000000000000195a                pos_encoder_soft_right_2_degrees
                0x0000000000001972                pos_encoder_init_devices
                0x0000000000001984                pos_encoder_rotate_bot
 .text          0x000000000000199e      0x324 ../lcd/lcd.o
                0x000000000000199e                lcd_port_config
                0x00000000000019ac                lcd_port_init
                0x00000000000019b0                lcd_init_devices
                0x00000000000019ba                lcd_set_4bit
                0x0000000000001a42                lcd_wr_command
                0x0000000000001a8c                lcd_init
                0x0000000000001ab4                lcd_wr_char
                0x0000000000001afe                lcd_home
                0x0000000000001b04                lcd_string
                0x0000000000001b42                lcd_printf
                0x0000000000001b86                lcd_cursor
                0x0000000000001bb2                lcd_print
 .text          0x0000000000001cc2        0x0 /usr/lib/gcc/avr/4.8.2/avr6/libgcc.a(_udivmodhi4.o)
 .text          0x0000000000001cc2        0x0 /usr/lib/gcc/avr/4.8.2/avr6/libgcc.a(_exit.o)
 .text          0x0000000000001cc2        0x0 /usr/lib/gcc/avr/4.8.2/avr6/libgcc.a(_copy_data.o)
 .text          0x0000000000001cc2        0x0 /usr/lib/gcc/avr/4.8.2/avr6/libgcc.a(_clear_bss.o)
 .text          0x0000000000001cc2        0x0 /usr/lib/gcc/avr/4.8.2/../../../avr/lib/avr6/libm.a(addsf3.o)
 .text          0x0000000000001cc2        0x0 /usr/lib/gcc/avr/4.8.2/../../../avr/lib/avr6/libm.a(addsf3x.o)
 .text          0x0000000000001cc2        0x0 /usr/lib/gcc/avr/4.8.2/../../../avr/lib/avr6/libm.a(atan2.o)
 .text          0x0000000000001cc2        0x0 /usr/lib/gcc/avr/4.8.2/../../../avr/lib/avr6/libm.a(atan.o)
 .text          0x0000000000001cc2        0x0 /usr/lib/gcc/avr/4.8.2/../../../avr/lib/avr6/libm.a(cmpsf2.o)
 .text          0x0000000000001cc2        0x0 /usr/lib/gcc/avr/4.8.2/../../../avr/lib/avr6/libm.a(divsf3.o)
 .text          0x0000000000001cc2        0x0 /usr/lib/gcc/avr/4.8.2/../../../avr/lib/avr6/libm.a(divsf3x.o)
 .text          0x0000000000001cc2        0x0 /usr/lib/gcc/avr/4.8.2/../../../avr/lib/avr6/libm.a(fixsfsi.o)
 .text          0x0000000000001cc2        0x0 /usr/lib/gcc/avr/4.8.2/../../../avr/lib/avr6/libm.a(fixunssfsi.o)
 .text          0x0000000000001cc2        0x0 /usr/lib/gcc/avr/4.8.2/../../../avr/lib/avr6/libm.a(floatsisf.o)
 .text          0x0000000000001cc2        0x0 /usr/lib/gcc/avr/4.8.2/../../../avr/lib/avr6/libm.a(fp_cmp.o)
 .text          0x0000000000001cc2        0x0 /usr/lib/gcc/avr/4.8.2/../../../avr/lib/avr6/libm.a(fp_inf.o)
 .text          0x0000000000001cc2        0x0 /usr/lib/gcc/avr/4.8.2/../../../avr/lib/avr6/libm.a(fp_nan.o)
 .text          0x0000000000001cc2        0x0 /usr/lib/gcc/avr/4.8.2/../../../avr/lib/avr6/libm.a(fp_powser.o)
 .text          0x0000000000001cc2        0x0 /usr/lib/gcc/avr/4.8.2/../../../avr/lib/avr6/libm.a(fp_pscA.o)
 .text          0x0000000000001cc2        0x0 /usr/lib/gcc/avr/4.8.2/../../../avr/lib/avr6/libm.a(fp_pscB.o)
 .text          0x0000000000001cc2        0x0 /usr/lib/gcc/avr/4.8.2/../../../avr/lib/avr6/libm.a(fp_round.o)
 .text          0x0000000000001cc2        0x0 /usr/lib/gcc/avr/4.8.2/../../../avr/lib/avr6/libm.a(fp_split3.o)
 .text          0x0000000000001cc2        0x0 /usr/lib/gcc/avr/4.8.2/../../../avr/lib/avr6/libm.a(fp_zero.o)
 .text          0x0000000000001cc2        0x0 /usr/lib/gcc/avr/4.8.2/../../../avr/lib/avr6/libm.a(gesf2.o)
 .text          0x0000000000001cc2        0x0 /usr/lib/gcc/avr/4.8.2/../../../avr/lib/avr6/libm.a(inverse.o)
 .text          0x0000000000001cc2        0x0 /usr/lib/gcc/avr/4.8.2/../../../avr/lib/avr6/libm.a(mulsf3.o)
 .text          0x0000000000001cc2        0x0 /usr/lib/gcc/avr/4.8.2/../../../avr/lib/avr6/libm.a(mulsf3x.o)
 .text          0x0000000000001cc2        0x0 /usr/lib/gcc/avr/4.8.2/../../../avr/lib/avr6/libm.a(sqrt.o)
 .text          0x0000000000001cc2        0x0 /usr/lib/gcc/avr/4.8.2/../../../avr/lib/avr6/libm.a(square.o)
 .text          0x0000000000001cc2        0x0 /usr/lib/gcc/avr/4.8.2/../../../avr/lib/avr6/libm.a(fp_mpack.o)
 .text          0x0000000000001cc2        0x0 /usr/lib/gcc/avr/4.8.2/../../../avr/lib/avr6/libm.a(fp_norm2.o)
 .text          0x0000000000001cc2        0x0 /usr/lib/gcc/avr/4.8.2/../../../avr/lib/avr6/libc.a(malloc.o)
 .text          0x0000000000001cc2        0x0 /usr/lib/gcc/avr/4.8.2/../../../avr/lib/avr6/libc.a(printf.o)
 .text          0x0000000000001cc2        0x0 /usr/lib/gcc/avr/4.8.2/../../../avr/lib/avr6/libc.a(puts.o)
 .text          0x0000000000001cc2        0x0 /usr/lib/gcc/avr/4.8.2/../../../avr/lib/avr6/libc.a(vsnprintf.o)
 .text          0x0000000000001cc2        0x0 /usr/lib/gcc/avr/4.8.2/../../../avr/lib/avr6/libc.a(vfprintf_std.o)
 .text          0x0000000000001cc2        0x0 /usr/lib/gcc/avr/4.8.2/../../../avr/lib/avr6/libc.a(strnlen_P.o)
 .text          0x0000000000001cc2        0x0 /usr/lib/gcc/avr/4.8.2/../../../avr/lib/avr6/libc.a(strnlen.o)
 .text          0x0000000000001cc2        0x0 /usr/lib/gcc/avr/4.8.2/../../../avr/lib/avr6/libc.a(fputc.o)
 .text          0x0000000000001cc2        0x0 /usr/lib/gcc/avr/4.8.2/../../../avr/lib/avr6/libc.a(iob.o)
 .text          0x0000000000001cc2        0x0 /usr/lib/gcc/avr/4.8.2/../../../avr/lib/avr6/libc.a(ultoa_invert.o)
                0x0000000000001cc2                . = ALIGN (0x2)
 *(.text.*)
 .text.startup  0x0000000000001cc2       0x40 app.o
                0x0000000000001cc2                main
 .text.libgcc.mul
                0x0000000000001d02        0x0 /usr/lib/gcc/avr/4.8.2/avr6/libgcc.a(_udivmodhi4.o)
 .text.libgcc.div
                0x0000000000001d02       0x28 /usr/lib/gcc/avr/4.8.2/avr6/libgcc.a(_udivmodhi4.o)
                0x0000000000001d02                __udivmodhi4
 .text.libgcc   0x0000000000001d2a        0x0 /usr/lib/gcc/avr/4.8.2/avr6/libgcc.a(_udivmodhi4.o)
 .text.libgcc.prologue
                0x0000000000001d2a        0x0 /usr/lib/gcc/avr/4.8.2/avr6/libgcc.a(_udivmodhi4.o)
 .text.libgcc.builtins
                0x0000000000001d2a        0x0 /usr/lib/gcc/avr/4.8.2/avr6/libgcc.a(_udivmodhi4.o)
 .text.libgcc.fmul
                0x0000000000001d2a        0x0 /usr/lib/gcc/avr/4.8.2/avr6/libgcc.a(_udivmodhi4.o)
 .text.libgcc.fixed
                0x0000000000001d2a        0x0 /usr/lib/gcc/avr/4.8.2/avr6/libgcc.a(_udivmodhi4.o)
 .text.libgcc.mul
                0x0000000000001d2a        0x0 /usr/lib/gcc/avr/4.8.2/avr6/libgcc.a(_exit.o)
 .text.libgcc.div
                0x0000000000001d2a        0x0 /usr/lib/gcc/avr/4.8.2/avr6/libgcc.a(_exit.o)
 .text.libgcc   0x0000000000001d2a        0x0 /usr/lib/gcc/avr/4.8.2/avr6/libgcc.a(_exit.o)
 .text.libgcc.prologue
                0x0000000000001d2a        0x0 /usr/lib/gcc/avr/4.8.2/avr6/libgcc.a(_exit.o)
 .text.libgcc.builtins
                0x0000000000001d2a        0x0 /usr/lib/gcc/avr/4.8.2/avr6/libgcc.a(_exit.o)
 .text.libgcc.fmul
                0x0000000000001d2a        0x0 /usr/lib/gcc/avr/4.8.2/avr6/libgcc.a(_exit.o)
 .text.libgcc.fixed
                0x0000000000001d2a        0x0 /usr/lib/gcc/avr/4.8.2/avr6/libgcc.a(_exit.o)
 .text.libgcc.mul
                0x0000000000001d2a        0x0 /usr/lib/gcc/avr/4.8.2/avr6/libgcc.a(_copy_data.o)
 .text.libgcc.div
                0x0000000000001d2a        0x0 /usr/lib/gcc/avr/4.8.2/avr6/libgcc.a(_copy_data.o)
 .text.libgcc   0x0000000000001d2a        0x0 /usr/lib/gcc/avr/4.8.2/avr6/libgcc.a(_copy_data.o)
 .text.libgcc.prologue
                0x0000000000001d2a        0x0 /usr/lib/gcc/avr/4.8.2/avr6/libgcc.a(_copy_data.o)
 .text.libgcc.builtins
                0x0000000000001d2a        0x0 /usr/lib/gcc/avr/4.8.2/avr6/libgcc.a(_copy_data.o)
 .text.libgcc.fmul
                0x0000000000001d2a        0x0 /usr/lib/gcc/avr/4.8.2/avr6/libgcc.a(_copy_data.o)
 .text.libgcc.fixed
                0x0000000000001d2a        0x0 /usr/lib/gcc/avr/4.8.2/avr6/libgcc.a(_copy_data.o)
 .text.libgcc.mul
                0x0000000000001d2a        0x0 /usr/lib/gcc/avr/4.8.2/avr6/libgcc.a(_clear_bss.o)
 .text.libgcc.div
                0x0000000000001d2a        0x0 /usr/lib/gcc/avr/4.8.2/avr6/libgcc.a(_clear_bss.o)
 .text.libgcc   0x0000000000001d2a        0x0 /usr/lib/gcc/avr/4.8.2/avr6/libgcc.a(_clear_bss.o)
 .text.libgcc.prologue
                0x0000000000001d2a        0x0 /usr/lib/gcc/avr/4.8.2/avr6/libgcc.a(_clear_bss.o)
 .text.libgcc.builtins
                0x0000000000001d2a        0x0 /usr/lib/gcc/avr/4.8.2/avr6/libgcc.a(_clear_bss.o)
 .text.libgcc.fmul
                0x0000000000001d2a        0x0 /usr/lib/gcc/avr/4.8.2/avr6/libgcc.a(_clear_bss.o)
 .text.libgcc.fixed
                0x0000000000001d2a        0x0 /usr/lib/gcc/avr/4.8.2/avr6/libgcc.a(_clear_bss.o)
 .text.avr-libc.fplib
                0x0000000000001d2a        0xa /usr/lib/gcc/avr/4.8.2/../../../avr/lib/avr6/libm.a(addsf3.o)
                0x0000000000001d2a                __subsf3
                0x0000000000001d2c                __addsf3
 .text.avr-libc.fplib
                0x0000000000001d34       0xc0 /usr/lib/gcc/avr/4.8.2/../../../avr/lib/avr6/libm.a(addsf3x.o)
                0x0000000000001d4e                __addsf3x
 .text.avr-libc.fplib
                0x0000000000001df4       0x74 /usr/lib/gcc/avr/4.8.2/../../../avr/lib/avr6/libm.a(atan2.o)
                0x0000000000001e12                atan2
 .text.avr-libc.fplib
                0x0000000000001e68       0x50 /usr/lib/gcc/avr/4.8.2/../../../avr/lib/avr6/libm.a(atan.o)
                0x0000000000001e68                atan
 .text.avr-libc.fplib
                0x0000000000001eb8        0x8 /usr/lib/gcc/avr/4.8.2/../../../avr/lib/avr6/libm.a(cmpsf2.o)
                0x0000000000001eb8                __lesf2
                0x0000000000001eb8                __nesf2
                0x0000000000001eb8                __eqsf2
                0x0000000000001eb8                __cmpsf2
                0x0000000000001eb8                __ltsf2
 .text.avr-libc.fplib
                0x0000000000001ec0        0x4 /usr/lib/gcc/avr/4.8.2/../../../avr/lib/avr6/libm.a(divsf3.o)
                0x0000000000001ec0                __divsf3
 .text.avr-libc.fplib
                0x0000000000001ec4       0xcc /usr/lib/gcc/avr/4.8.2/../../../avr/lib/avr6/libm.a(divsf3x.o)
                0x0000000000001eda                __divsf3x
                0x0000000000001ede                __divsf3_pse
 .text.avr-libc.fplib
                0x0000000000001f90        0xa /usr/lib/gcc/avr/4.8.2/../../../avr/lib/avr6/libm.a(fixsfsi.o)
                0x0000000000001f90                __fixsfsi
 .text.avr-libc.fplib
                0x0000000000001f9a       0x58 /usr/lib/gcc/avr/4.8.2/../../../avr/lib/avr6/libm.a(fixunssfsi.o)
                0x0000000000001f9a                __fixunssfsi
 .text.avr-libc.fplib
                0x0000000000001ff2       0x7a /usr/lib/gcc/avr/4.8.2/../../../avr/lib/avr6/libm.a(floatsisf.o)
                0x0000000000001ff2                __floatunsisf
                0x0000000000001ff6                __floatsisf
 .text.avr-libc.fplib
                0x000000000000206c       0x48 /usr/lib/gcc/avr/4.8.2/../../../avr/lib/avr6/libm.a(fp_cmp.o)
                0x000000000000206c                __fp_cmp
 .text.avr-libc.fplib
                0x00000000000020b4        0xc /usr/lib/gcc/avr/4.8.2/../../../avr/lib/avr6/libm.a(fp_inf.o)
                0x00000000000020b4                __fp_inf
 .text.avr-libc.fplib
                0x00000000000020c0        0x6 /usr/lib/gcc/avr/4.8.2/../../../avr/lib/avr6/libm.a(fp_nan.o)
                0x00000000000020c0                __fp_nan
 .text.avr-libc.fplib
                0x00000000000020c6       0x4a /usr/lib/gcc/avr/4.8.2/../../../avr/lib/avr6/libm.a(fp_powser.o)
                0x00000000000020c6                __fp_powser
 .text.avr-libc.fplib
                0x0000000000002110        0xe /usr/lib/gcc/avr/4.8.2/../../../avr/lib/avr6/libm.a(fp_pscA.o)
                0x0000000000002110                __fp_pscA
 .text.avr-libc.fplib
                0x000000000000211e        0xe /usr/lib/gcc/avr/4.8.2/../../../avr/lib/avr6/libm.a(fp_pscB.o)
                0x000000000000211e                __fp_pscB
 .text.avr-libc.fplib
                0x000000000000212c       0x22 /usr/lib/gcc/avr/4.8.2/../../../avr/lib/avr6/libm.a(fp_round.o)
                0x000000000000212c                __fp_round
 .text.avr-libc.fplib
                0x000000000000214e       0x44 /usr/lib/gcc/avr/4.8.2/../../../avr/lib/avr6/libm.a(fp_split3.o)
                0x000000000000214e                __fp_split3
                0x000000000000215e                __fp_splitA
 .text.avr-libc.fplib
                0x0000000000002192        0xe /usr/lib/gcc/avr/4.8.2/../../../avr/lib/avr6/libm.a(fp_zero.o)
                0x0000000000002192                __fp_zero
                0x0000000000002194                __fp_szero
 .text.avr-libc.fplib
                0x00000000000021a0        0x8 /usr/lib/gcc/avr/4.8.2/../../../avr/lib/avr6/libm.a(gesf2.o)
                0x00000000000021a0                __gtsf2
                0x00000000000021a0                __gesf2
 .text.avr-libc.fplib
                0x00000000000021a8        0xe /usr/lib/gcc/avr/4.8.2/../../../avr/lib/avr6/libm.a(inverse.o)
                0x00000000000021a8                inverse
 .text.avr-libc.fplib
                0x00000000000021b6        0x4 /usr/lib/gcc/avr/4.8.2/../../../avr/lib/avr6/libm.a(mulsf3.o)
                0x00000000000021b6                __mulsf3
 .text.avr-libc.fplib
                0x00000000000021ba       0xc2 /usr/lib/gcc/avr/4.8.2/../../../avr/lib/avr6/libm.a(mulsf3x.o)
                0x00000000000021ce                __mulsf3x
                0x00000000000021d2                __mulsf3_pse
 .text.avr-libc.fplib
                0x000000000000227c       0x84 /usr/lib/gcc/avr/4.8.2/../../../avr/lib/avr6/libm.a(sqrt.o)
                0x0000000000002284                sqrt
 .text.avr-libc.fplib
                0x0000000000002300        0x6 /usr/lib/gcc/avr/4.8.2/../../../avr/lib/avr6/libm.a(square.o)
                0x0000000000002300                square
 .text.avr-libc.fplib
                0x0000000000002306       0x1c /usr/lib/gcc/avr/4.8.2/../../../avr/lib/avr6/libm.a(fp_mpack.o)
                0x0000000000002306                __fp_mpack
                0x000000000000230a                __fp_mpack_finite
 .text.avr-libc.fplib
                0x0000000000002322        0xe /usr/lib/gcc/avr/4.8.2/../../../avr/lib/avr6/libm.a(fp_norm2.o)
                0x0000000000002322                __fp_norm2
 .text.avr-libc
                0x0000000000002330      0x24e /usr/lib/gcc/avr/4.8.2/../../../avr/lib/avr6/libc.a(malloc.o)
                0x0000000000002330                malloc
                0x0000000000002460                free
 .text.avr-libc
                0x000000000000257e       0x24 /usr/lib/gcc/avr/4.8.2/../../../avr/lib/avr6/libc.a(printf.o)
                0x000000000000257e                printf
 .text.avr-libc
                0x00000000000025a2       0x5a /usr/lib/gcc/avr/4.8.2/../../../avr/lib/avr6/libc.a(puts.o)
                0x00000000000025a2                puts
 .text.avr-libc
                0x00000000000025fc       0x72 /usr/lib/gcc/avr/4.8.2/../../../avr/lib/avr6/libc.a(vsnprintf.o)
                0x00000000000025fc                vsnprintf
 .text.avr-libc
                0x000000000000266e      0x3f6 /usr/lib/gcc/avr/4.8.2/../../../avr/lib/avr6/libc.a(vfprintf_std.o)
                0x000000000000266e                vfprintf
 .text.avr-libc
                0x0000000000002a64       0x16 /usr/lib/gcc/avr/4.8.2/../../../avr/lib/avr6/libc.a(strnlen_P.o)
                0x0000000000002a64                strnlen_P
 .text.avr-libc
                0x0000000000002a7a       0x16 /usr/lib/gcc/avr/4.8.2/../../../avr/lib/avr6/libc.a(strnlen.o)
                0x0000000000002a7a                strnlen
 .text.avr-libc
                0x0000000000002a90       0x64 /usr/lib/gcc/avr/4.8.2/../../../avr/lib/avr6/libc.a(fputc.o)
                0x0000000000002a90                fputc
 .text.avr-libc
                0x0000000000002af4       0xbc /usr/lib/gcc/avr/4.8.2/../../../avr/lib/avr6/libc.a(ultoa_invert.o)
                0x0000000000002af4                __ultoa_invert
                0x0000000000002bb0                . = ALIGN (0x2)
 *(.fini9)
 .fini9         0x0000000000002bb0        0x0 /usr/lib/gcc/avr/4.8.2/avr6/libgcc.a(_exit.o)
                0x0000000000002bb0                exit
                0x0000000000002bb0                _exit
 *(.fini9)
 *(.fini8)
 *(.fini8)
 *(.fini7)
 *(.fini7)
 *(.fini6)
 *(.fini6)
 *(.fini5)
 *(.fini5)
 *(.fini4)
 *(.fini4)
 *(.fini3)
 *(.fini3)
 *(.fini2)
 *(.fini2)
 *(.fini1)
 *(.fini1)
 *(.fini0)
 .fini0         0x0000000000002bb0        0x4 /usr/lib/gcc/avr/4.8.2/avr6/libgcc.a(_exit.o)
 *(.fini0)
                0x0000000000002bb4                _etext = .

.data           0x0000000000800200      0x158 load address 0x0000000000002bb4
                0x0000000000800200                PROVIDE (__data_start, .)
 *(.data)
 .data          0x0000000000800200        0x0 /usr/lib/gcc/avr/4.8.2/../../../avr/lib/avr6/crtm2560.o
 .data          0x0000000000800200        0x0 map.o
 .data          0x0000000000800200        0x0 app.o
 .data          0x0000000000800200        0x0 ../pos_encoder/pos_encoder.o
 .data          0x0000000000800200        0x0 ../lcd/lcd.o
 .data          0x0000000000800200        0x0 /usr/lib/gcc/avr/4.8.2/avr6/libgcc.a(_udivmodhi4.o)
 .data          0x0000000000800200        0x0 /usr/lib/gcc/avr/4.8.2/avr6/libgcc.a(_exit.o)
 .data          0x0000000000800200        0x0 /usr/lib/gcc/avr/4.8.2/avr6/libgcc.a(_copy_data.o)
 .data          0x0000000000800200        0x0 /usr/lib/gcc/avr/4.8.2/avr6/libgcc.a(_clear_bss.o)
 .data          0x0000000000800200        0x0 /usr/lib/gcc/avr/4.8.2/../../../avr/lib/avr6/libm.a(addsf3.o)
 .data          0x0000000000800200        0x0 /usr/lib/gcc/avr/4.8.2/../../../avr/lib/avr6/libm.a(addsf3x.o)
 .data          0x0000000000800200        0x0 /usr/lib/gcc/avr/4.8.2/../../../avr/lib/avr6/libm.a(atan2.o)
 .data          0x0000000000800200        0x0 /usr/lib/gcc/avr/4.8.2/../../../avr/lib/avr6/libm.a(atan.o)
 .data          0x0000000000800200        0x0 /usr/lib/gcc/avr/4.8.2/../../../avr/lib/avr6/libm.a(cmpsf2.o)
 .data          0x0000000000800200        0x0 /usr/lib/gcc/avr/4.8.2/../../../avr/lib/avr6/libm.a(divsf3.o)
 .data          0x0000000000800200        0x0 /usr/lib/gcc/avr/4.8.2/../../../avr/lib/avr6/libm.a(divsf3x.o)
 .data          0x0000000000800200        0x0 /usr/lib/gcc/avr/4.8.2/../../../avr/lib/avr6/libm.a(fixsfsi.o)
 .data          0x0000000000800200        0x0 /usr/lib/gcc/avr/4.8.2/../../../avr/lib/avr6/libm.a(fixunssfsi.o)
 .data          0x0000000000800200        0x0 /usr/lib/gcc/avr/4.8.2/../../../avr/lib/avr6/libm.a(floatsisf.o)
 .data          0x0000000000800200        0x0 /usr/lib/gcc/avr/4.8.2/../../../avr/lib/avr6/libm.a(fp_cmp.o)
 .data          0x0000000000800200        0x0 /usr/lib/gcc/avr/4.8.2/../../../avr/lib/avr6/libm.a(fp_inf.o)
 .data          0x0000000000800200        0x0 /usr/lib/gcc/avr/4.8.2/../../../avr/lib/avr6/libm.a(fp_nan.o)
 .data          0x0000000000800200        0x0 /usr/lib/gcc/avr/4.8.2/../../../avr/lib/avr6/libm.a(fp_powser.o)
 .data          0x0000000000800200        0x0 /usr/lib/gcc/avr/4.8.2/../../../avr/lib/avr6/libm.a(fp_pscA.o)
 .data          0x0000000000800200        0x0 /usr/lib/gcc/avr/4.8.2/../../../avr/lib/avr6/libm.a(fp_pscB.o)
 .data          0x0000000000800200        0x0 /usr/lib/gcc/avr/4.8.2/../../../avr/lib/avr6/libm.a(fp_round.o)
 .data          0x0000000000800200        0x0 /usr/lib/gcc/avr/4.8.2/../../../avr/lib/avr6/libm.a(fp_split3.o)
 .data          0x0000000000800200        0x0 /usr/lib/gcc/avr/4.8.2/../../../avr/lib/avr6/libm.a(fp_zero.o)
 .data          0x0000000000800200        0x0 /usr/lib/gcc/avr/4.8.2/../../../avr/lib/avr6/libm.a(gesf2.o)
 .data          0x0000000000800200        0x0 /usr/lib/gcc/avr/4.8.2/../../../avr/lib/avr6/libm.a(inverse.o)
 .data          0x0000000000800200        0x0 /usr/lib/gcc/avr/4.8.2/../../../avr/lib/avr6/libm.a(mulsf3.o)
 .data          0x0000000000800200        0x0 /usr/lib/gcc/avr/4.8.2/../../../avr/lib/avr6/libm.a(mulsf3x.o)
 .data          0x0000000000800200        0x0 /usr/lib/gcc/avr/4.8.2/../../../avr/lib/avr6/libm.a(sqrt.o)
 .data          0x0000000000800200        0x0 /usr/lib/gcc/avr/4.8.2/../../../avr/lib/avr6/libm.a(square.o)
 .data          0x0000000000800200        0x0 /usr/lib/gcc/avr/4.8.2/../../../avr/lib/avr6/libm.a(fp_mpack.o)
 .data          0x0000000000800200        0x0 /usr/lib/gcc/avr/4.8.2/../../../avr/lib/avr6/libm.a(fp_norm2.o)
 .data          0x0000000000800200        0x6 /usr/lib/gcc/avr/4.8.2/../../../avr/lib/avr6/libc.a(malloc.o)
                0x0000000000800200                __malloc_heap_end
                0x0000000000800202                __malloc_heap_start
                0x0000000000800204                __malloc_margin
 .data          0x0000000000800206        0x0 /usr/lib/gcc/avr/4.8.2/../../../avr/lib/avr6/libc.a(printf.o)
 .data          0x0000000000800206        0x0 /usr/lib/gcc/avr/4.8.2/../../../avr/lib/avr6/libc.a(puts.o)
 .data          0x0000000000800206        0x0 /usr/lib/gcc/avr/4.8.2/../../../avr/lib/avr6/libc.a(vsnprintf.o)
 .data          0x0000000000800206        0x0 /usr/lib/gcc/avr/4.8.2/../../../avr/lib/avr6/libc.a(vfprintf_std.o)
 .data          0x0000000000800206        0x0 /usr/lib/gcc/avr/4.8.2/../../../avr/lib/avr6/libc.a(strnlen_P.o)
 .data          0x0000000000800206        0x0 /usr/lib/gcc/avr/4.8.2/../../../avr/lib/avr6/libc.a(strnlen.o)
 .data          0x0000000000800206        0x0 /usr/lib/gcc/avr/4.8.2/../../../avr/lib/avr6/libc.a(fputc.o)
 .data          0x0000000000800206        0x0 /usr/lib/gcc/avr/4.8.2/../../../avr/lib/avr6/libc.a(iob.o)
 .data          0x0000000000800206        0x0 /usr/lib/gcc/avr/4.8.2/../../../avr/lib/avr6/libc.a(ultoa_invert.o)
 *(.data*)
 *(.rodata)
 .rodata        0x0000000000800206        0x2 map.o
                0x0000000000800206                curve_nodes_len
 *(.rodata*)
 .rodata.str1.1
                0x0000000000800208      0x146 map.o
 .rodata.str1.1
                0x000000000080034e        0x9 app.o
 *(.gnu.linkonce.d*)
                0x0000000000800358                . = ALIGN (0x2)
 *fill*         0x0000000000800357        0x1 
                0x0000000000800358                _edata = .
                0x0000000000800358                PROVIDE (__data_end, .)

.bss            0x0000000000800358       0x26
                0x0000000000800358                PROVIDE (__bss_start, .)
 *(.bss)
 .bss           0x0000000000800358        0x0 /usr/lib/gcc/avr/4.8.2/../../../avr/lib/avr6/crtm2560.o
 .bss           0x0000000000800358        0x2 map.o
                0x0000000000800358                num_nodes
 .bss           0x000000000080035a        0x0 app.o
 .bss           0x000000000080035a        0x8 ../pos_encoder/pos_encoder.o
                0x000000000080035a                ShaftCountRight
                0x000000000080035e                ShaftCountLeft
 .bss           0x0000000000800362        0x0 ../lcd/lcd.o
 .bss           0x0000000000800362        0x0 /usr/lib/gcc/avr/4.8.2/avr6/libgcc.a(_udivmodhi4.o)
 .bss           0x0000000000800362        0x0 /usr/lib/gcc/avr/4.8.2/avr6/libgcc.a(_exit.o)
 .bss           0x0000000000800362        0x0 /usr/lib/gcc/avr/4.8.2/avr6/libgcc.a(_copy_data.o)
 .bss           0x0000000000800362        0x0 /usr/lib/gcc/avr/4.8.2/avr6/libgcc.a(_clear_bss.o)
 .bss           0x0000000000800362        0x0 /usr/lib/gcc/avr/4.8.2/../../../avr/lib/avr6/libm.a(addsf3.o)
 .bss           0x0000000000800362        0x0 /usr/lib/gcc/avr/4.8.2/../../../avr/lib/avr6/libm.a(addsf3x.o)
 .bss           0x0000000000800362        0x0 /usr/lib/gcc/avr/4.8.2/../../../avr/lib/avr6/libm.a(atan2.o)
 .bss           0x0000000000800362        0x0 /usr/lib/gcc/avr/4.8.2/../../../avr/lib/avr6/libm.a(atan.o)
 .bss           0x0000000000800362        0x0 /usr/lib/gcc/avr/4.8.2/../../../avr/lib/avr6/libm.a(cmpsf2.o)
 .bss           0x0000000000800362        0x0 /usr/lib/gcc/avr/4.8.2/../../../avr/lib/avr6/libm.a(divsf3.o)
 .bss           0x0000000000800362        0x0 /usr/lib/gcc/avr/4.8.2/../../../avr/lib/avr6/libm.a(divsf3x.o)
 .bss           0x0000000000800362        0x0 /usr/lib/gcc/avr/4.8.2/../../../avr/lib/avr6/libm.a(fixsfsi.o)
 .bss           0x0000000000800362        0x0 /usr/lib/gcc/avr/4.8.2/../../../avr/lib/avr6/libm.a(fixunssfsi.o)
 .bss           0x0000000000800362        0x0 /usr/lib/gcc/avr/4.8.2/../../../avr/lib/avr6/libm.a(floatsisf.o)
 .bss           0x0000000000800362        0x0 /usr/lib/gcc/avr/4.8.2/../../../avr/lib/avr6/libm.a(fp_cmp.o)
 .bss           0x0000000000800362        0x0 /usr/lib/gcc/avr/4.8.2/../../../avr/lib/avr6/libm.a(fp_inf.o)
 .bss           0x0000000000800362        0x0 /usr/lib/gcc/avr/4.8.2/../../../avr/lib/avr6/libm.a(fp_nan.o)
 .bss           0x0000000000800362        0x0 /usr/lib/gcc/avr/4.8.2/../../../avr/lib/avr6/libm.a(fp_powser.o)
 .bss           0x0000000000800362        0x0 /usr/lib/gcc/avr/4.8.2/../../../avr/lib/avr6/libm.a(fp_pscA.o)
 .bss           0x0000000000800362        0x0 /usr/lib/gcc/avr/4.8.2/../../../avr/lib/avr6/libm.a(fp_pscB.o)
 .bss           0x0000000000800362        0x0 /usr/lib/gcc/avr/4.8.2/../../../avr/lib/avr6/libm.a(fp_round.o)
 .bss           0x0000000000800362        0x0 /usr/lib/gcc/avr/4.8.2/../../../avr/lib/avr6/libm.a(fp_split3.o)
 .bss           0x0000000000800362        0x0 /usr/lib/gcc/avr/4.8.2/../../../avr/lib/avr6/libm.a(fp_zero.o)
 .bss           0x0000000000800362        0x0 /usr/lib/gcc/avr/4.8.2/../../../avr/lib/avr6/libm.a(gesf2.o)
 .bss           0x0000000000800362        0x0 /usr/lib/gcc/avr/4.8.2/../../../avr/lib/avr6/libm.a(inverse.o)
 .bss           0x0000000000800362        0x0 /usr/lib/gcc/avr/4.8.2/../../../avr/lib/avr6/libm.a(mulsf3.o)
 .bss           0x0000000000800362        0x0 /usr/lib/gcc/avr/4.8.2/../../../avr/lib/avr6/libm.a(mulsf3x.o)
 .bss           0x0000000000800362        0x0 /usr/lib/gcc/avr/4.8.2/../../../avr/lib/avr6/libm.a(sqrt.o)
 .bss           0x0000000000800362        0x0 /usr/lib/gcc/avr/4.8.2/../../../avr/lib/avr6/libm.a(square.o)
 .bss           0x0000000000800362        0x0 /usr/lib/gcc/avr/4.8.2/../../../avr/lib/avr6/libm.a(fp_mpack.o)
 .bss           0x0000000000800362        0x0 /usr/lib/gcc/avr/4.8.2/../../../avr/lib/avr6/libm.a(fp_norm2.o)
 .bss           0x0000000000800362        0x0 /usr/lib/gcc/avr/4.8.2/../../../avr/lib/avr6/libc.a(malloc.o)
 .bss           0x0000000000800362        0x0 /usr/lib/gcc/avr/4.8.2/../../../avr/lib/avr6/libc.a(printf.o)
 .bss           0x0000000000800362        0x0 /usr/lib/gcc/avr/4.8.2/../../../avr/lib/avr6/libc.a(puts.o)
 .bss           0x0000000000800362        0x0 /usr/lib/gcc/avr/4.8.2/../../../avr/lib/avr6/libc.a(vsnprintf.o)
 .bss           0x0000000000800362        0x0 /usr/lib/gcc/avr/4.8.2/../../../avr/lib/avr6/libc.a(vfprintf_std.o)
 .bss           0x0000000000800362        0x0 /usr/lib/gcc/avr/4.8.2/../../../avr/lib/avr6/libc.a(strnlen_P.o)
 .bss           0x0000000000800362        0x0 /usr/lib/gcc/avr/4.8.2/../../../avr/lib/avr6/libc.a(strnlen.o)
 .bss           0x0000000000800362        0x0 /usr/lib/gcc/avr/4.8.2/../../../avr/lib/avr6/libc.a(fputc.o)
 .bss           0x0000000000800362        0x0 /usr/lib/gcc/avr/4.8.2/../../../avr/lib/avr6/libc.a(iob.o)
 .bss           0x0000000000800362        0x0 /usr/lib/gcc/avr/4.8.2/../../../avr/lib/avr6/libc.a(ultoa_invert.o)
 *(.bss*)
 *(COMMON)
 COMMON         0x0000000000800362        0x4 map.o
                0x0000000000800362                curve_nodes
                0x0000000000800364                bot_position
 COMMON         0x0000000000800366        0x2 ../pos_encoder/pos_encoder.o
                0x0000000000800366                Degrees
 COMMON         0x0000000000800368        0xc ../lcd/lcd.o
                0x0000000000800368                million
                0x000000000080036a                temp
                0x000000000080036c                tens
                0x000000000080036e                hundred
                0x0000000000800370                unit
                0x0000000000800372                thousand
 COMMON         0x0000000000800374        0x4 /usr/lib/gcc/avr/4.8.2/../../../avr/lib/avr6/libc.a(malloc.o)
                0x0000000000800374                __brkval
                0x0000000000800376                __flp
 COMMON         0x0000000000800378        0x6 /usr/lib/gcc/avr/4.8.2/../../../avr/lib/avr6/libc.a(iob.o)
                0x0000000000800378                __iob
                0x000000000080037e                PROVIDE (__bss_end, .)
                0x0000000000002bb4                __data_load_start = LOADADDR (.data)
                0x0000000000002d0c                __data_load_end = (__data_load_start + SIZEOF (.data))

.noinit         0x000000000080037e        0x0
                0x000000000080037e                PROVIDE (__noinit_start, .)
 *(.noinit*)
                0x000000000080037e                PROVIDE (__noinit_end, .)
                0x000000000080037e                _end = .
                0x000000000080037e                PROVIDE (__heap_start, .)

.eeprom         0x0000000000810000        0x0
 *(.eeprom*)
                0x0000000000810000                __eeprom_end = .

.fuse
 *(.fuse)
 *(.lfuse)
 *(.hfuse)
 *(.efuse)

.lock
 *(.lock*)

.signature
 *(.signature*)

.user_signatures
 *(.user_signatures*)

.stab           0x0000000000000000     0x9708
 *(.stab)
 .stab          0x0000000000000000      0x6e4 /usr/lib/gcc/avr/4.8.2/../../../avr/lib/avr6/crtm2560.o
 .stab          0x00000000000006e4     0x1b3c map.o
                                       0x1b48 (size before relaxing)
 .stab          0x0000000000002220      0x3c0 app.o
                                        0x690 (size before relaxing)
 .stab          0x00000000000025e0     0x1020 ../pos_encoder/pos_encoder.o
                                       0x11e8 (size before relaxing)
 .stab          0x0000000000003600      0xce4 ../lcd/lcd.o
                                        0xed0 (size before relaxing)
 .stab          0x00000000000042e4       0x78 /usr/lib/gcc/avr/4.8.2/../../../avr/lib/avr6/libm.a(addsf3.o)
                                         0x84 (size before relaxing)
 .stab          0x000000000000435c      0x4bc /usr/lib/gcc/avr/4.8.2/../../../avr/lib/avr6/libm.a(addsf3x.o)
                                        0x4c8 (size before relaxing)
 .stab          0x0000000000004818      0x2f4 /usr/lib/gcc/avr/4.8.2/../../../avr/lib/avr6/libm.a(atan2.o)
                                        0x300 (size before relaxing)
 .stab          0x0000000000004b0c      0x210 /usr/lib/gcc/avr/4.8.2/../../../avr/lib/avr6/libm.a(atan.o)
                                        0x21c (size before relaxing)
 .stab          0x0000000000004d1c       0x90 /usr/lib/gcc/avr/4.8.2/../../../avr/lib/avr6/libm.a(cmpsf2.o)
                                         0x9c (size before relaxing)
 .stab          0x0000000000004dac       0x48 /usr/lib/gcc/avr/4.8.2/../../../avr/lib/avr6/libm.a(divsf3.o)
                                         0x54 (size before relaxing)
 .stab          0x0000000000004df4      0x510 /usr/lib/gcc/avr/4.8.2/../../../avr/lib/avr6/libm.a(divsf3x.o)
                                        0x51c (size before relaxing)
 .stab          0x0000000000005304       0x6c /usr/lib/gcc/avr/4.8.2/../../../avr/lib/avr6/libm.a(fixsfsi.o)
                                         0x78 (size before relaxing)
 .stab          0x0000000000005370      0x240 /usr/lib/gcc/avr/4.8.2/../../../avr/lib/avr6/libm.a(fixunssfsi.o)
                                        0x24c (size before relaxing)
 .stab          0x00000000000055b0      0x318 /usr/lib/gcc/avr/4.8.2/../../../avr/lib/avr6/libm.a(floatsisf.o)
                                        0x324 (size before relaxing)
 .stab          0x00000000000058c8      0x1e0 /usr/lib/gcc/avr/4.8.2/../../../avr/lib/avr6/libm.a(fp_cmp.o)
                                        0x1ec (size before relaxing)
 .stab          0x0000000000005aa8       0x78 /usr/lib/gcc/avr/4.8.2/../../../avr/lib/avr6/libm.a(fp_inf.o)
                                         0x84 (size before relaxing)
 .stab          0x0000000000005b20       0x54 /usr/lib/gcc/avr/4.8.2/../../../avr/lib/avr6/libm.a(fp_nan.o)
                                         0x60 (size before relaxing)
 .stab          0x0000000000005b74      0x1ec /usr/lib/gcc/avr/4.8.2/../../../avr/lib/avr6/libm.a(fp_powser.o)
                                        0x1f8 (size before relaxing)
 .stab          0x0000000000005d60       0x84 /usr/lib/gcc/avr/4.8.2/../../../avr/lib/avr6/libm.a(fp_pscA.o)
                                         0x90 (size before relaxing)
 .stab          0x0000000000005de4       0x84 /usr/lib/gcc/avr/4.8.2/../../../avr/lib/avr6/libm.a(fp_pscB.o)
                                         0x90 (size before relaxing)
 .stab          0x0000000000005e68       0xfc /usr/lib/gcc/avr/4.8.2/../../../avr/lib/avr6/libm.a(fp_round.o)
                                        0x108 (size before relaxing)
 .stab          0x0000000000005f64      0x1d4 /usr/lib/gcc/avr/4.8.2/../../../avr/lib/avr6/libm.a(fp_split3.o)
                                        0x1e0 (size before relaxing)
 .stab          0x0000000000006138       0x90 /usr/lib/gcc/avr/4.8.2/../../../avr/lib/avr6/libm.a(fp_zero.o)
                                         0x9c (size before relaxing)
 .stab          0x00000000000061c8       0x6c /usr/lib/gcc/avr/4.8.2/../../../avr/lib/avr6/libm.a(gesf2.o)
                                         0x78 (size before relaxing)
 .stab          0x0000000000006234       0x84 /usr/lib/gcc/avr/4.8.2/../../../avr/lib/avr6/libm.a(inverse.o)
                                         0x90 (size before relaxing)
 .stab          0x00000000000062b8       0x48 /usr/lib/gcc/avr/4.8.2/../../../avr/lib/avr6/libm.a(mulsf3.o)
                                         0x54 (size before relaxing)
 .stab          0x0000000000006300      0x4d4 /usr/lib/gcc/avr/4.8.2/../../../avr/lib/avr6/libm.a(mulsf3x.o)
                                        0x4e0 (size before relaxing)
 .stab          0x00000000000067d4      0x354 /usr/lib/gcc/avr/4.8.2/../../../avr/lib/avr6/libm.a(sqrt.o)
                                        0x360 (size before relaxing)
 .stab          0x0000000000006b28       0x54 /usr/lib/gcc/avr/4.8.2/../../../avr/lib/avr6/libm.a(square.o)
                                         0x60 (size before relaxing)
 .stab          0x0000000000006b7c       0xe4 /usr/lib/gcc/avr/4.8.2/../../../avr/lib/avr6/libm.a(fp_mpack.o)
                                         0xf0 (size before relaxing)
 .stab          0x0000000000006c60       0x84 /usr/lib/gcc/avr/4.8.2/../../../avr/lib/avr6/libm.a(fp_norm2.o)
                                         0x90 (size before relaxing)
 .stab          0x0000000000006ce4      0x8dc /usr/lib/gcc/avr/4.8.2/../../../avr/lib/avr6/libc.a(malloc.o)
                                        0x8e8 (size before relaxing)
 .stab          0x00000000000075c0      0x324 /usr/lib/gcc/avr/4.8.2/../../../avr/lib/avr6/libc.a(printf.o)
                                        0x4ec (size before relaxing)
 .stab          0x00000000000078e4      0x36c /usr/lib/gcc/avr/4.8.2/../../../avr/lib/avr6/libc.a(puts.o)
                                        0x54c (size before relaxing)
 .stab          0x0000000000007c50      0x3a8 /usr/lib/gcc/avr/4.8.2/../../../avr/lib/avr6/libc.a(vsnprintf.o)
                                        0x588 (size before relaxing)
 .stab          0x0000000000007ff8      0xb58 /usr/lib/gcc/avr/4.8.2/../../../avr/lib/avr6/libc.a(vfprintf_std.o)
                                        0xd80 (size before relaxing)
 .stab          0x0000000000008b50       0x9c /usr/lib/gcc/avr/4.8.2/../../../avr/lib/avr6/libc.a(strnlen_P.o)
                                         0xa8 (size before relaxing)
 .stab          0x0000000000008bec       0x9c /usr/lib/gcc/avr/4.8.2/../../../avr/lib/avr6/libc.a(strnlen.o)
                                         0xa8 (size before relaxing)
 .stab          0x0000000000008c88      0x354 /usr/lib/gcc/avr/4.8.2/../../../avr/lib/avr6/libc.a(fputc.o)
                                        0x534 (size before relaxing)
 .stab          0x0000000000008fdc      0x2ac /usr/lib/gcc/avr/4.8.2/../../../avr/lib/avr6/libc.a(iob.o)
                                        0x48c (size before relaxing)
 .stab          0x0000000000009288      0x480 /usr/lib/gcc/avr/4.8.2/../../../avr/lib/avr6/libc.a(ultoa_invert.o)
                                        0x48c (size before relaxing)

.stabstr        0x0000000000000000     0x28fb
 *(.stabstr)
 .stabstr       0x0000000000000000     0x28fb /usr/lib/gcc/avr/4.8.2/../../../avr/lib/avr6/crtm2560.o

.stab.excl
 *(.stab.excl)

.stab.exclstr
 *(.stab.exclstr)

.stab.index
 *(.stab.index)

.stab.indexstr
 *(.stab.indexstr)

.comment        0x0000000000000000       0x11
 *(.comment)
 .comment       0x0000000000000000       0x11 map.o
                                         0x12 (size before relaxing)
 .comment       0x0000000000000000       0x12 app.o
 .comment       0x0000000000000000       0x12 ../pos_encoder/pos_encoder.o
 .comment       0x0000000000000000       0x12 ../lcd/lcd.o
 .comment       0x0000000000000000       0x12 /usr/lib/gcc/avr/4.8.2/../../../avr/lib/avr6/libc.a(malloc.o)
 .comment       0x0000000000000000       0x12 /usr/lib/gcc/avr/4.8.2/../../../avr/lib/avr6/libc.a(printf.o)
 .comment       0x0000000000000000       0x12 /usr/lib/gcc/avr/4.8.2/../../../avr/lib/avr6/libc.a(puts.o)
 .comment       0x0000000000000000       0x12 /usr/lib/gcc/avr/4.8.2/../../../avr/lib/avr6/libc.a(vsnprintf.o)
 .comment       0x0000000000000000       0x12 /usr/lib/gcc/avr/4.8.2/../../../avr/lib/avr6/libc.a(vfprintf_std.o)
 .comment       0x0000000000000000       0x12 /usr/lib/gcc/avr/4.8.2/../../../avr/lib/avr6/libc.a(fputc.o)
 .comment       0x0000000000000000       0x12 /usr/lib/gcc/avr/4.8.2/../../../avr/lib/avr6/libc.a(iob.o)

.debug
 *(.debug)

.line
 *(.line)

.debug_srcinfo
 *(.debug_srcinfo)

.debug_sfnames
 *(.debug_sfnames)

.debug_aranges
 *(.debug_aranges)

.debug_pubnames
 *(.debug_pubnames)

.debug_info
 *(.debug_info)
 *(.gnu.linkonce.wi.*)

.debug_abbrev
 *(.debug_abbrev)

.debug_line
 *(.debug_line)

.debug_frame
 *(.debug_frame)

.debug_str
 *(.debug_str)

.debug_loc
 *(.debug_loc)

.debug_macinfo
 *(.debug_macinfo)

.debug_pubtypes
 *(.debug_pubtypes)

.debug_ranges
 *(.debug_ranges)

.debug_macro
 *(.debug_macro)
OUTPUT(app.out elf32-avr)
LOAD linker stubs
