Archive member included because of file (symbol)

/usr/lib/gcc/avr/4.8.2/avr6/libgcc.a(_exit.o)
                              /usr/lib/gcc/avr/4.8.2/../../../avr/lib/avr6/crtm2560.o (exit)
/usr/lib/gcc/avr/4.8.2/avr6/libgcc.a(_copy_data.o)
                              map.o (__do_copy_data)
/usr/lib/gcc/avr/4.8.2/avr6/libgcc.a(_clear_bss.o)
                              map.o (__do_clear_bss)
/usr/lib/gcc/avr/4.8.2/../../../avr/lib/avr6/libm.a(addsf3.o)
                              map.o (__subsf3)
/usr/lib/gcc/avr/4.8.2/../../../avr/lib/avr6/libm.a(addsf3x.o)
                              /usr/lib/gcc/avr/4.8.2/../../../avr/lib/avr6/libm.a(addsf3.o) (__addsf3x)
/usr/lib/gcc/avr/4.8.2/../../../avr/lib/avr6/libm.a(atan2.o)
                              map.o (atan2)
/usr/lib/gcc/avr/4.8.2/../../../avr/lib/avr6/libm.a(atan.o)
                              /usr/lib/gcc/avr/4.8.2/../../../avr/lib/avr6/libm.a(atan2.o) (atan)
/usr/lib/gcc/avr/4.8.2/../../../avr/lib/avr6/libm.a(cmpsf2.o)
                              map.o (__ltsf2)
/usr/lib/gcc/avr/4.8.2/../../../avr/lib/avr6/libm.a(divsf3.o)
                              map.o (__divsf3)
/usr/lib/gcc/avr/4.8.2/../../../avr/lib/avr6/libm.a(divsf3x.o)
                              /usr/lib/gcc/avr/4.8.2/../../../avr/lib/avr6/libm.a(divsf3.o) (__divsf3x)
/usr/lib/gcc/avr/4.8.2/../../../avr/lib/avr6/libm.a(floatsisf.o)
                              ../dijkstra-avr/dijkstra.o (__floatsisf)
/usr/lib/gcc/avr/4.8.2/../../../avr/lib/avr6/libm.a(fmod.o)
                              map.o (fmod)
/usr/lib/gcc/avr/4.8.2/../../../avr/lib/avr6/libm.a(fp_cmp.o)
                              /usr/lib/gcc/avr/4.8.2/../../../avr/lib/avr6/libm.a(cmpsf2.o) (__fp_cmp)
/usr/lib/gcc/avr/4.8.2/../../../avr/lib/avr6/libm.a(fp_inf.o)
                              /usr/lib/gcc/avr/4.8.2/../../../avr/lib/avr6/libm.a(addsf3x.o) (__fp_inf)
/usr/lib/gcc/avr/4.8.2/../../../avr/lib/avr6/libm.a(fp_mpack.o)
                              /usr/lib/gcc/avr/4.8.2/../../../avr/lib/avr6/libm.a(fmod.o) (__fp_mpack)
/usr/lib/gcc/avr/4.8.2/../../../avr/lib/avr6/libm.a(fp_nan.o)
                              /usr/lib/gcc/avr/4.8.2/../../../avr/lib/avr6/libm.a(addsf3x.o) (__fp_nan)
/usr/lib/gcc/avr/4.8.2/../../../avr/lib/avr6/libm.a(fp_powser.o)
                              /usr/lib/gcc/avr/4.8.2/../../../avr/lib/avr6/libm.a(atan.o) (__fp_powser)
/usr/lib/gcc/avr/4.8.2/../../../avr/lib/avr6/libm.a(fp_pscA.o)
                              /usr/lib/gcc/avr/4.8.2/../../../avr/lib/avr6/libm.a(addsf3x.o) (__fp_pscA)
/usr/lib/gcc/avr/4.8.2/../../../avr/lib/avr6/libm.a(fp_pscB.o)
                              /usr/lib/gcc/avr/4.8.2/../../../avr/lib/avr6/libm.a(addsf3x.o) (__fp_pscB)
/usr/lib/gcc/avr/4.8.2/../../../avr/lib/avr6/libm.a(fp_round.o)
                              /usr/lib/gcc/avr/4.8.2/../../../avr/lib/avr6/libm.a(addsf3.o) (__fp_round)
/usr/lib/gcc/avr/4.8.2/../../../avr/lib/avr6/libm.a(fp_split3.o)
                              /usr/lib/gcc/avr/4.8.2/../../../avr/lib/avr6/libm.a(addsf3x.o) (__fp_split3)
/usr/lib/gcc/avr/4.8.2/../../../avr/lib/avr6/libm.a(fp_zero.o)
                              /usr/lib/gcc/avr/4.8.2/../../../avr/lib/avr6/libm.a(addsf3x.o) (__fp_zero)
/usr/lib/gcc/avr/4.8.2/../../../avr/lib/avr6/libm.a(gesf2.o)
                              map.o (__gesf2)
/usr/lib/gcc/avr/4.8.2/../../../avr/lib/avr6/libm.a(inverse.o)
                              /usr/lib/gcc/avr/4.8.2/../../../avr/lib/avr6/libm.a(atan.o) (inverse)
/usr/lib/gcc/avr/4.8.2/../../../avr/lib/avr6/libm.a(mulsf3.o)
                              map.o (__mulsf3)
/usr/lib/gcc/avr/4.8.2/../../../avr/lib/avr6/libm.a(mulsf3x.o)
                              /usr/lib/gcc/avr/4.8.2/../../../avr/lib/avr6/libm.a(atan.o) (__mulsf3x)
/usr/lib/gcc/avr/4.8.2/../../../avr/lib/avr6/libm.a(square.o)
                              /usr/lib/gcc/avr/4.8.2/../../../avr/lib/avr6/libm.a(atan.o) (square)
/usr/lib/gcc/avr/4.8.2/../../../avr/lib/avr6/libc.a(malloc.o)
                              map.o (malloc)
/usr/lib/gcc/avr/4.8.2/../../../avr/lib/avr6/libc.a(strcmp.o)
                              map.o (strcmp)
/usr/lib/gcc/avr/4.8.2/../../../avr/lib/avr6/libc.a(printf.o)
                              map.o (printf)
/usr/lib/gcc/avr/4.8.2/../../../avr/lib/avr6/libc.a(puts.o)
                              ../dijkstra-avr/dijkstra.o (puts)
/usr/lib/gcc/avr/4.8.2/../../../avr/lib/avr6/libc.a(vfprintf_std.o)
                              /usr/lib/gcc/avr/4.8.2/../../../avr/lib/avr6/libc.a(printf.o) (vfprintf)
/usr/lib/gcc/avr/4.8.2/../../../avr/lib/avr6/libc.a(strnlen_P.o)
                              /usr/lib/gcc/avr/4.8.2/../../../avr/lib/avr6/libc.a(vfprintf_std.o) (strnlen_P)
/usr/lib/gcc/avr/4.8.2/../../../avr/lib/avr6/libc.a(strnlen.o)
                              /usr/lib/gcc/avr/4.8.2/../../../avr/lib/avr6/libc.a(vfprintf_std.o) (strnlen)
/usr/lib/gcc/avr/4.8.2/../../../avr/lib/avr6/libc.a(fputc.o)
                              /usr/lib/gcc/avr/4.8.2/../../../avr/lib/avr6/libc.a(vfprintf_std.o) (fputc)
/usr/lib/gcc/avr/4.8.2/../../../avr/lib/avr6/libc.a(iob.o)
                              /usr/lib/gcc/avr/4.8.2/../../../avr/lib/avr6/libc.a(printf.o) (__iob)
/usr/lib/gcc/avr/4.8.2/../../../avr/lib/avr6/libc.a(ultoa_invert.o)
                              /usr/lib/gcc/avr/4.8.2/../../../avr/lib/avr6/libc.a(vfprintf_std.o) (__ultoa_invert)

Allocating common symbols
Common symbol       size              file

curve_info          0x2               map.o
__brkval            0x2               /usr/lib/gcc/avr/4.8.2/../../../avr/lib/avr6/libc.a(malloc.o)
found_node          0x2               map.o
current_search_name
                    0x2               map.o
our_bot             0x2               ../bot_memory-avr/bot_memory.o
our_graph           0x2               map.o
bot_info            0x2               map.o
__flp               0x2               /usr/lib/gcc/avr/4.8.2/../../../avr/lib/avr6/libc.a(malloc.o)
__iob               0x6               /usr/lib/gcc/avr/4.8.2/../../../avr/lib/avr6/libc.a(iob.o)

Memory Configuration

Name             Origin             Length             Attributes
text             0x0000000000000000 0x0000000000100000 xr
data             0x0000000000800200 0x000000000000fe00 rw !x
eeprom           0x0000000000810000 0x0000000000010000 rw !x
fuse             0x0000000000820000 0x0000000000000400 rw !x
lock             0x0000000000830000 0x0000000000000400 rw !x
signature        0x0000000000840000 0x0000000000000400 rw !x
user_signatures  0x0000000000850000 0x0000000000000400 rw !x
*default*        0x0000000000000000 0xffffffffffffffff

Linker script and memory map

Address of section .data set to 0x800200
LOAD /usr/lib/gcc/avr/4.8.2/../../../avr/lib/avr6/crtm2560.o
LOAD map.o
LOAD app.o
LOAD ../dijkstra-avr/dijkstra.o
LOAD ../bot_memory-avr/bot_memory.o
LOAD ../hardware_control-avr/hardware_control.o
START GROUP
LOAD /usr/lib/gcc/avr/4.8.2/avr6/libgcc.a
LOAD /usr/lib/gcc/avr/4.8.2/../../../avr/lib/avr6/libm.a
LOAD /usr/lib/gcc/avr/4.8.2/../../../avr/lib/avr6/libc.a
END GROUP

.hash
 *(.hash)

.dynsym
 *(.dynsym)

.dynstr
 *(.dynstr)

.gnu.version
 *(.gnu.version)

.gnu.version_d
 *(.gnu.version_d)

.gnu.version_r
 *(.gnu.version_r)

.rel.init
 *(.rel.init)

.rela.init
 *(.rela.init)

.rel.text
 *(.rel.text)
 *(.rel.text.*)
 *(.rel.gnu.linkonce.t*)

.rela.text
 *(.rela.text)
 *(.rela.text.*)
 *(.rela.gnu.linkonce.t*)

.rel.fini
 *(.rel.fini)

.rela.fini
 *(.rela.fini)

.rel.rodata
 *(.rel.rodata)
 *(.rel.rodata.*)
 *(.rel.gnu.linkonce.r*)

.rela.rodata
 *(.rela.rodata)
 *(.rela.rodata.*)
 *(.rela.gnu.linkonce.r*)

.rel.data
 *(.rel.data)
 *(.rel.data.*)
 *(.rel.gnu.linkonce.d*)

.rela.data
 *(.rela.data)
 *(.rela.data.*)
 *(.rela.gnu.linkonce.d*)

.rel.ctors
 *(.rel.ctors)

.rela.ctors
 *(.rela.ctors)

.rel.dtors
 *(.rel.dtors)

.rela.dtors
 *(.rela.dtors)

.rel.got
 *(.rel.got)

.rela.got
 *(.rela.got)

.rel.bss
 *(.rel.bss)

.rela.bss
 *(.rela.bss)

.rel.plt
 *(.rel.plt)

.rela.plt
 *(.rela.plt)

.text           0x0000000000000000     0x29ea
 *(.vectors)
 .vectors       0x0000000000000000       0xe4 /usr/lib/gcc/avr/4.8.2/../../../avr/lib/avr6/crtm2560.o
                0x0000000000000000                __vectors
                0x0000000000000000                __vector_default
 *(.vectors)
 *(.progmem.gcc*)
 .progmem.gcc_fplib
                0x00000000000000e4       0x2d /usr/lib/gcc/avr/4.8.2/../../../avr/lib/avr6/libm.a(atan.o)
 *(.progmem*)
                0x0000000000000112                . = ALIGN (0x2)
 *fill*         0x0000000000000111        0x1 
                0x0000000000000112                __trampolines_start = .
 *(.trampolines)
 .trampolines   0x0000000000000112        0x8 linker stubs
 *(.trampolines*)
                0x000000000000011a                __trampolines_end = .
 *(.jumptables)
 *(.jumptables*)
 *(.lowtext)
 *(.lowtext*)
                0x000000000000011a                __ctors_start = .
 *(.ctors)
                0x000000000000011a                __ctors_end = .
                0x000000000000011a                __dtors_start = .
 *(.dtors)
                0x000000000000011a                __dtors_end = .
 SORT(*)(.ctors)
 SORT(*)(.dtors)
 *(.init0)
 .init0         0x000000000000011a        0x0 /usr/lib/gcc/avr/4.8.2/../../../avr/lib/avr6/crtm2560.o
                0x000000000000011a                __init
 *(.init0)
 *(.init1)
 *(.init1)
 *(.init2)
 .init2         0x000000000000011a       0x10 /usr/lib/gcc/avr/4.8.2/../../../avr/lib/avr6/crtm2560.o
 *(.init2)
 *(.init3)
 *(.init3)
 *(.init4)
 .init4         0x000000000000012a       0x1a /usr/lib/gcc/avr/4.8.2/avr6/libgcc.a(_copy_data.o)
                0x000000000000012a                __do_copy_data
 .init4         0x0000000000000144       0x10 /usr/lib/gcc/avr/4.8.2/avr6/libgcc.a(_clear_bss.o)
                0x0000000000000144                __do_clear_bss
 *(.init4)
 *(.init5)
 *(.init5)
 *(.init6)
 *(.init6)
 *(.init7)
 *(.init7)
 *(.init8)
 *(.init8)
 *(.init9)
 .init9         0x0000000000000154        0x8 /usr/lib/gcc/avr/4.8.2/../../../avr/lib/avr6/crtm2560.o
 *(.init9)
 *(.text)
 .text          0x000000000000015c        0x4 /usr/lib/gcc/avr/4.8.2/../../../avr/lib/avr6/crtm2560.o
                0x000000000000015c                __vector_38
                0x000000000000015c                __vector_22
                0x000000000000015c                __vector_28
                0x000000000000015c                __vector_1
                0x000000000000015c                __vector_32
                0x000000000000015c                __vector_34
                0x000000000000015c                __vector_24
                0x000000000000015c                __vector_12
                0x000000000000015c                __vector_55
                0x000000000000015c                __vector_46
                0x000000000000015c                __bad_interrupt
                0x000000000000015c                __vector_6
                0x000000000000015c                __vector_31
                0x000000000000015c                __vector_35
                0x000000000000015c                __vector_39
                0x000000000000015c                __vector_3
                0x000000000000015c                __vector_23
                0x000000000000015c                __vector_30
                0x000000000000015c                __vector_45
                0x000000000000015c                __vector_25
                0x000000000000015c                __vector_11
                0x000000000000015c                __vector_54
                0x000000000000015c                __vector_13
                0x000000000000015c                __vector_17
                0x000000000000015c                __vector_19
                0x000000000000015c                __vector_56
                0x000000000000015c                __vector_7
                0x000000000000015c                __vector_49
                0x000000000000015c                __vector_41
                0x000000000000015c                __vector_43
                0x000000000000015c                __vector_27
                0x000000000000015c                __vector_5
                0x000000000000015c                __vector_33
                0x000000000000015c                __vector_47
                0x000000000000015c                __vector_52
                0x000000000000015c                __vector_37
                0x000000000000015c                __vector_4
                0x000000000000015c                __vector_44
                0x000000000000015c                __vector_51
                0x000000000000015c                __vector_9
                0x000000000000015c                __vector_2
                0x000000000000015c                __vector_21
                0x000000000000015c                __vector_15
                0x000000000000015c                __vector_36
                0x000000000000015c                __vector_29
                0x000000000000015c                __vector_40
                0x000000000000015c                __vector_8
                0x000000000000015c                __vector_26
                0x000000000000015c                __vector_48
                0x000000000000015c                __vector_14
                0x000000000000015c                __vector_53
                0x000000000000015c                __vector_10
                0x000000000000015c                __vector_50
                0x000000000000015c                __vector_16
                0x000000000000015c                __vector_18
                0x000000000000015c                __vector_20
                0x000000000000015c                __vector_42
 .text          0x0000000000000160     0x1340 map.o
                0x0000000000000160                CheckNodeName
                0x0000000000000192                CreateNode
                0x000000000000026c                ConnectNodes
                0x0000000000000308                InitGraph
                0x0000000000001176                GetCurrentNode
                0x000000000000118a                DFSEval
                0x0000000000001208                GetNodeByName
                0x0000000000001274                IndexOfNode
                0x0000000000001294                UpdateNodeInArray
                0x00000000000012e2                GetCurveInfo
                0x00000000000012ec                GetGraph
                0x00000000000012f6                GetRotationCost
                0x0000000000001306                RadToDeg
                0x0000000000001320                MakePositiveDeg
                0x000000000000135c                MakePositiveRad
                0x00000000000013a2                GetAngularVelocity
                0x0000000000001482                GetCurveDirection
 .text          0x00000000000014a0        0x0 app.o
 .text          0x00000000000014a0      0x4a2 ../dijkstra-avr/dijkstra.o
                0x00000000000014a0                InitNodesDijkstra
                0x00000000000014bc                GetLowestUndone
                0x000000000000155e                Dijkstra
 .text          0x0000000000001942       0x5a ../bot_memory-avr/bot_memory.o
                0x0000000000001942                InitBotInfo
                0x0000000000001992                GetBotInfo
 .text          0x000000000000199c      0x202 ../hardware_control-avr/hardware_control.o
                0x000000000000199c                CurveTowards
                0x00000000000019cc                MoveBotToNode
 .text          0x0000000000001b9e        0x0 /usr/lib/gcc/avr/4.8.2/avr6/libgcc.a(_exit.o)
 .text          0x0000000000001b9e        0x0 /usr/lib/gcc/avr/4.8.2/avr6/libgcc.a(_copy_data.o)
 .text          0x0000000000001b9e        0x0 /usr/lib/gcc/avr/4.8.2/avr6/libgcc.a(_clear_bss.o)
 .text          0x0000000000001b9e        0x0 /usr/lib/gcc/avr/4.8.2/../../../avr/lib/avr6/libm.a(addsf3.o)
 .text          0x0000000000001b9e        0x0 /usr/lib/gcc/avr/4.8.2/../../../avr/lib/avr6/libm.a(addsf3x.o)
 .text          0x0000000000001b9e        0x0 /usr/lib/gcc/avr/4.8.2/../../../avr/lib/avr6/libm.a(atan2.o)
 .text          0x0000000000001b9e        0x0 /usr/lib/gcc/avr/4.8.2/../../../avr/lib/avr6/libm.a(atan.o)
 .text          0x0000000000001b9e        0x0 /usr/lib/gcc/avr/4.8.2/../../../avr/lib/avr6/libm.a(cmpsf2.o)
 .text          0x0000000000001b9e        0x0 /usr/lib/gcc/avr/4.8.2/../../../avr/lib/avr6/libm.a(divsf3.o)
 .text          0x0000000000001b9e        0x0 /usr/lib/gcc/avr/4.8.2/../../../avr/lib/avr6/libm.a(divsf3x.o)
 .text          0x0000000000001b9e        0x0 /usr/lib/gcc/avr/4.8.2/../../../avr/lib/avr6/libm.a(floatsisf.o)
 .text          0x0000000000001b9e        0x0 /usr/lib/gcc/avr/4.8.2/../../../avr/lib/avr6/libm.a(fmod.o)
 .text          0x0000000000001b9e        0x0 /usr/lib/gcc/avr/4.8.2/../../../avr/lib/avr6/libm.a(fp_cmp.o)
 .text          0x0000000000001b9e        0x0 /usr/lib/gcc/avr/4.8.2/../../../avr/lib/avr6/libm.a(fp_inf.o)
 .text          0x0000000000001b9e        0x0 /usr/lib/gcc/avr/4.8.2/../../../avr/lib/avr6/libm.a(fp_mpack.o)
 .text          0x0000000000001b9e        0x0 /usr/lib/gcc/avr/4.8.2/../../../avr/lib/avr6/libm.a(fp_nan.o)
 .text          0x0000000000001b9e        0x0 /usr/lib/gcc/avr/4.8.2/../../../avr/lib/avr6/libm.a(fp_powser.o)
 .text          0x0000000000001b9e        0x0 /usr/lib/gcc/avr/4.8.2/../../../avr/lib/avr6/libm.a(fp_pscA.o)
 .text          0x0000000000001b9e        0x0 /usr/lib/gcc/avr/4.8.2/../../../avr/lib/avr6/libm.a(fp_pscB.o)
 .text          0x0000000000001b9e        0x0 /usr/lib/gcc/avr/4.8.2/../../../avr/lib/avr6/libm.a(fp_round.o)
 .text          0x0000000000001b9e        0x0 /usr/lib/gcc/avr/4.8.2/../../../avr/lib/avr6/libm.a(fp_split3.o)
 .text          0x0000000000001b9e        0x0 /usr/lib/gcc/avr/4.8.2/../../../avr/lib/avr6/libm.a(fp_zero.o)
 .text          0x0000000000001b9e        0x0 /usr/lib/gcc/avr/4.8.2/../../../avr/lib/avr6/libm.a(gesf2.o)
 .text          0x0000000000001b9e        0x0 /usr/lib/gcc/avr/4.8.2/../../../avr/lib/avr6/libm.a(inverse.o)
 .text          0x0000000000001b9e        0x0 /usr/lib/gcc/avr/4.8.2/../../../avr/lib/avr6/libm.a(mulsf3.o)
 .text          0x0000000000001b9e        0x0 /usr/lib/gcc/avr/4.8.2/../../../avr/lib/avr6/libm.a(mulsf3x.o)
 .text          0x0000000000001b9e        0x0 /usr/lib/gcc/avr/4.8.2/../../../avr/lib/avr6/libm.a(square.o)
 .text          0x0000000000001b9e        0x0 /usr/lib/gcc/avr/4.8.2/../../../avr/lib/avr6/libc.a(malloc.o)
 .text          0x0000000000001b9e        0x0 /usr/lib/gcc/avr/4.8.2/../../../avr/lib/avr6/libc.a(strcmp.o)
 .text          0x0000000000001b9e        0x0 /usr/lib/gcc/avr/4.8.2/../../../avr/lib/avr6/libc.a(printf.o)
 .text          0x0000000000001b9e        0x0 /usr/lib/gcc/avr/4.8.2/../../../avr/lib/avr6/libc.a(puts.o)
 .text          0x0000000000001b9e        0x0 /usr/lib/gcc/avr/4.8.2/../../../avr/lib/avr6/libc.a(vfprintf_std.o)
 .text          0x0000000000001b9e        0x0 /usr/lib/gcc/avr/4.8.2/../../../avr/lib/avr6/libc.a(strnlen_P.o)
 .text          0x0000000000001b9e        0x0 /usr/lib/gcc/avr/4.8.2/../../../avr/lib/avr6/libc.a(strnlen.o)
 .text          0x0000000000001b9e        0x0 /usr/lib/gcc/avr/4.8.2/../../../avr/lib/avr6/libc.a(fputc.o)
 .text          0x0000000000001b9e        0x0 /usr/lib/gcc/avr/4.8.2/../../../avr/lib/avr6/libc.a(iob.o)
 .text          0x0000000000001b9e        0x0 /usr/lib/gcc/avr/4.8.2/../../../avr/lib/avr6/libc.a(ultoa_invert.o)
                0x0000000000001b9e                . = ALIGN (0x2)
 *(.text.*)
 .text.startup  0x0000000000001b9e       0x7a app.o
                0x0000000000001b9e                main
 .text.libgcc.mul
                0x0000000000001c18        0x0 /usr/lib/gcc/avr/4.8.2/avr6/libgcc.a(_exit.o)
 .text.libgcc.div
                0x0000000000001c18        0x0 /usr/lib/gcc/avr/4.8.2/avr6/libgcc.a(_exit.o)
 .text.libgcc   0x0000000000001c18        0x0 /usr/lib/gcc/avr/4.8.2/avr6/libgcc.a(_exit.o)
 .text.libgcc.prologue
                0x0000000000001c18        0x0 /usr/lib/gcc/avr/4.8.2/avr6/libgcc.a(_exit.o)
 .text.libgcc.builtins
                0x0000000000001c18        0x0 /usr/lib/gcc/avr/4.8.2/avr6/libgcc.a(_exit.o)
 .text.libgcc.fmul
                0x0000000000001c18        0x0 /usr/lib/gcc/avr/4.8.2/avr6/libgcc.a(_exit.o)
 .text.libgcc.fixed
                0x0000000000001c18        0x0 /usr/lib/gcc/avr/4.8.2/avr6/libgcc.a(_exit.o)
 .text.libgcc.mul
                0x0000000000001c18        0x0 /usr/lib/gcc/avr/4.8.2/avr6/libgcc.a(_copy_data.o)
 .text.libgcc.div
                0x0000000000001c18        0x0 /usr/lib/gcc/avr/4.8.2/avr6/libgcc.a(_copy_data.o)
 .text.libgcc   0x0000000000001c18        0x0 /usr/lib/gcc/avr/4.8.2/avr6/libgcc.a(_copy_data.o)
 .text.libgcc.prologue
                0x0000000000001c18        0x0 /usr/lib/gcc/avr/4.8.2/avr6/libgcc.a(_copy_data.o)
 .text.libgcc.builtins
                0x0000000000001c18        0x0 /usr/lib/gcc/avr/4.8.2/avr6/libgcc.a(_copy_data.o)
 .text.libgcc.fmul
                0x0000000000001c18        0x0 /usr/lib/gcc/avr/4.8.2/avr6/libgcc.a(_copy_data.o)
 .text.libgcc.fixed
                0x0000000000001c18        0x0 /usr/lib/gcc/avr/4.8.2/avr6/libgcc.a(_copy_data.o)
 .text.libgcc.mul
                0x0000000000001c18        0x0 /usr/lib/gcc/avr/4.8.2/avr6/libgcc.a(_clear_bss.o)
 .text.libgcc.div
                0x0000000000001c18        0x0 /usr/lib/gcc/avr/4.8.2/avr6/libgcc.a(_clear_bss.o)
 .text.libgcc   0x0000000000001c18        0x0 /usr/lib/gcc/avr/4.8.2/avr6/libgcc.a(_clear_bss.o)
 .text.libgcc.prologue
                0x0000000000001c18        0x0 /usr/lib/gcc/avr/4.8.2/avr6/libgcc.a(_clear_bss.o)
 .text.libgcc.builtins
                0x0000000000001c18        0x0 /usr/lib/gcc/avr/4.8.2/avr6/libgcc.a(_clear_bss.o)
 .text.libgcc.fmul
                0x0000000000001c18        0x0 /usr/lib/gcc/avr/4.8.2/avr6/libgcc.a(_clear_bss.o)
 .text.libgcc.fixed
                0x0000000000001c18        0x0 /usr/lib/gcc/avr/4.8.2/avr6/libgcc.a(_clear_bss.o)
 .text.avr-libc.fplib
                0x0000000000001c18        0xa /usr/lib/gcc/avr/4.8.2/../../../avr/lib/avr6/libm.a(addsf3.o)
                0x0000000000001c18                __subsf3
                0x0000000000001c1a                __addsf3
 .text.avr-libc.fplib
                0x0000000000001c22       0xc0 /usr/lib/gcc/avr/4.8.2/../../../avr/lib/avr6/libm.a(addsf3x.o)
                0x0000000000001c3c                __addsf3x
 .text.avr-libc.fplib
                0x0000000000001ce2       0x74 /usr/lib/gcc/avr/4.8.2/../../../avr/lib/avr6/libm.a(atan2.o)
                0x0000000000001d00                atan2
 .text.avr-libc.fplib
                0x0000000000001d56       0x50 /usr/lib/gcc/avr/4.8.2/../../../avr/lib/avr6/libm.a(atan.o)
                0x0000000000001d56                atan
 .text.avr-libc.fplib
                0x0000000000001da6        0x8 /usr/lib/gcc/avr/4.8.2/../../../avr/lib/avr6/libm.a(cmpsf2.o)
                0x0000000000001da6                __lesf2
                0x0000000000001da6                __nesf2
                0x0000000000001da6                __eqsf2
                0x0000000000001da6                __cmpsf2
                0x0000000000001da6                __ltsf2
 .text.avr-libc.fplib
                0x0000000000001dae        0x4 /usr/lib/gcc/avr/4.8.2/../../../avr/lib/avr6/libm.a(divsf3.o)
                0x0000000000001dae                __divsf3
 .text.avr-libc.fplib
                0x0000000000001db2       0xcc /usr/lib/gcc/avr/4.8.2/../../../avr/lib/avr6/libm.a(divsf3x.o)
                0x0000000000001dc8                __divsf3x
                0x0000000000001dcc                __divsf3_pse
 .text.avr-libc.fplib
                0x0000000000001e7e       0x7a /usr/lib/gcc/avr/4.8.2/../../../avr/lib/avr6/libm.a(floatsisf.o)
                0x0000000000001e7e                __floatunsisf
                0x0000000000001e82                __floatsisf
 .text.avr-libc.fplib
                0x0000000000001ef8       0x9c /usr/lib/gcc/avr/4.8.2/../../../avr/lib/avr6/libm.a(fmod.o)
                0x0000000000001f06                fmod
 .text.avr-libc.fplib
                0x0000000000001f94       0x48 /usr/lib/gcc/avr/4.8.2/../../../avr/lib/avr6/libm.a(fp_cmp.o)
                0x0000000000001f94                __fp_cmp
 .text.avr-libc.fplib
                0x0000000000001fdc        0xc /usr/lib/gcc/avr/4.8.2/../../../avr/lib/avr6/libm.a(fp_inf.o)
                0x0000000000001fdc                __fp_inf
 .text.avr-libc.fplib
                0x0000000000001fe8       0x1c /usr/lib/gcc/avr/4.8.2/../../../avr/lib/avr6/libm.a(fp_mpack.o)
                0x0000000000001fe8                __fp_mpack
                0x0000000000001fec                __fp_mpack_finite
 .text.avr-libc.fplib
                0x0000000000002004        0x6 /usr/lib/gcc/avr/4.8.2/../../../avr/lib/avr6/libm.a(fp_nan.o)
                0x0000000000002004                __fp_nan
 .text.avr-libc.fplib
                0x000000000000200a       0x4a /usr/lib/gcc/avr/4.8.2/../../../avr/lib/avr6/libm.a(fp_powser.o)
                0x000000000000200a                __fp_powser
 .text.avr-libc.fplib
                0x0000000000002054        0xe /usr/lib/gcc/avr/4.8.2/../../../avr/lib/avr6/libm.a(fp_pscA.o)
                0x0000000000002054                __fp_pscA
 .text.avr-libc.fplib
                0x0000000000002062        0xe /usr/lib/gcc/avr/4.8.2/../../../avr/lib/avr6/libm.a(fp_pscB.o)
                0x0000000000002062                __fp_pscB
 .text.avr-libc.fplib
                0x0000000000002070       0x22 /usr/lib/gcc/avr/4.8.2/../../../avr/lib/avr6/libm.a(fp_round.o)
                0x0000000000002070                __fp_round
 .text.avr-libc.fplib
                0x0000000000002092       0x44 /usr/lib/gcc/avr/4.8.2/../../../avr/lib/avr6/libm.a(fp_split3.o)
                0x0000000000002092                __fp_split3
                0x00000000000020a2                __fp_splitA
 .text.avr-libc.fplib
                0x00000000000020d6        0xe /usr/lib/gcc/avr/4.8.2/../../../avr/lib/avr6/libm.a(fp_zero.o)
                0x00000000000020d6                __fp_zero
                0x00000000000020d8                __fp_szero
 .text.avr-libc.fplib
                0x00000000000020e4        0x8 /usr/lib/gcc/avr/4.8.2/../../../avr/lib/avr6/libm.a(gesf2.o)
                0x00000000000020e4                __gtsf2
                0x00000000000020e4                __gesf2
 .text.avr-libc.fplib
                0x00000000000020ec        0xe /usr/lib/gcc/avr/4.8.2/../../../avr/lib/avr6/libm.a(inverse.o)
                0x00000000000020ec                inverse
 .text.avr-libc.fplib
                0x00000000000020fa        0x4 /usr/lib/gcc/avr/4.8.2/../../../avr/lib/avr6/libm.a(mulsf3.o)
                0x00000000000020fa                __mulsf3
 .text.avr-libc.fplib
                0x00000000000020fe       0xc2 /usr/lib/gcc/avr/4.8.2/../../../avr/lib/avr6/libm.a(mulsf3x.o)
                0x0000000000002112                __mulsf3x
                0x0000000000002116                __mulsf3_pse
 .text.avr-libc.fplib
                0x00000000000021c0        0x6 /usr/lib/gcc/avr/4.8.2/../../../avr/lib/avr6/libm.a(square.o)
                0x00000000000021c0                square
 .text.avr-libc
                0x00000000000021c6      0x24e /usr/lib/gcc/avr/4.8.2/../../../avr/lib/avr6/libc.a(malloc.o)
                0x00000000000021c6                malloc
                0x00000000000022f6                free
 .text.avr-libc
                0x0000000000002414       0x12 /usr/lib/gcc/avr/4.8.2/../../../avr/lib/avr6/libc.a(strcmp.o)
                0x0000000000002414                strcmp
 .text.avr-libc
                0x0000000000002426       0x24 /usr/lib/gcc/avr/4.8.2/../../../avr/lib/avr6/libc.a(printf.o)
                0x0000000000002426                printf
 .text.avr-libc
                0x000000000000244a       0x5a /usr/lib/gcc/avr/4.8.2/../../../avr/lib/avr6/libc.a(puts.o)
                0x000000000000244a                puts
 .text.avr-libc
                0x00000000000024a4      0x3f6 /usr/lib/gcc/avr/4.8.2/../../../avr/lib/avr6/libc.a(vfprintf_std.o)
                0x00000000000024a4                vfprintf
 .text.avr-libc
                0x000000000000289a       0x16 /usr/lib/gcc/avr/4.8.2/../../../avr/lib/avr6/libc.a(strnlen_P.o)
                0x000000000000289a                strnlen_P
 .text.avr-libc
                0x00000000000028b0       0x16 /usr/lib/gcc/avr/4.8.2/../../../avr/lib/avr6/libc.a(strnlen.o)
                0x00000000000028b0                strnlen
 .text.avr-libc
                0x00000000000028c6       0x64 /usr/lib/gcc/avr/4.8.2/../../../avr/lib/avr6/libc.a(fputc.o)
                0x00000000000028c6                fputc
 .text.avr-libc
                0x000000000000292a       0xbc /usr/lib/gcc/avr/4.8.2/../../../avr/lib/avr6/libc.a(ultoa_invert.o)
                0x000000000000292a                __ultoa_invert
                0x00000000000029e6                . = ALIGN (0x2)
 *(.fini9)
 .fini9         0x00000000000029e6        0x0 /usr/lib/gcc/avr/4.8.2/avr6/libgcc.a(_exit.o)
                0x00000000000029e6                exit
                0x00000000000029e6                _exit
 *(.fini9)
 *(.fini8)
 *(.fini8)
 *(.fini7)
 *(.fini7)
 *(.fini6)
 *(.fini6)
 *(.fini5)
 *(.fini5)
 *(.fini4)
 *(.fini4)
 *(.fini3)
 *(.fini3)
 *(.fini2)
 *(.fini2)
 *(.fini1)
 *(.fini1)
 *(.fini0)
 .fini0         0x00000000000029e6        0x4 /usr/lib/gcc/avr/4.8.2/avr6/libgcc.a(_exit.o)
 *(.fini0)
                0x00000000000029ea                _etext = .

.data           0x0000000000800200      0x1b4 load address 0x00000000000029ea
                0x0000000000800200                PROVIDE (__data_start, .)
 *(.data)
 .data          0x0000000000800200        0x0 /usr/lib/gcc/avr/4.8.2/../../../avr/lib/avr6/crtm2560.o
 .data          0x0000000000800200        0x0 map.o
 .data          0x0000000000800200        0x0 app.o
 .data          0x0000000000800200        0x0 ../dijkstra-avr/dijkstra.o
 .data          0x0000000000800200        0x0 ../bot_memory-avr/bot_memory.o
 .data          0x0000000000800200        0x0 ../hardware_control-avr/hardware_control.o
 .data          0x0000000000800200        0x0 /usr/lib/gcc/avr/4.8.2/avr6/libgcc.a(_exit.o)
 .data          0x0000000000800200        0x0 /usr/lib/gcc/avr/4.8.2/avr6/libgcc.a(_copy_data.o)
 .data          0x0000000000800200        0x0 /usr/lib/gcc/avr/4.8.2/avr6/libgcc.a(_clear_bss.o)
 .data          0x0000000000800200        0x0 /usr/lib/gcc/avr/4.8.2/../../../avr/lib/avr6/libm.a(addsf3.o)
 .data          0x0000000000800200        0x0 /usr/lib/gcc/avr/4.8.2/../../../avr/lib/avr6/libm.a(addsf3x.o)
 .data          0x0000000000800200        0x0 /usr/lib/gcc/avr/4.8.2/../../../avr/lib/avr6/libm.a(atan2.o)
 .data          0x0000000000800200        0x0 /usr/lib/gcc/avr/4.8.2/../../../avr/lib/avr6/libm.a(atan.o)
 .data          0x0000000000800200        0x0 /usr/lib/gcc/avr/4.8.2/../../../avr/lib/avr6/libm.a(cmpsf2.o)
 .data          0x0000000000800200        0x0 /usr/lib/gcc/avr/4.8.2/../../../avr/lib/avr6/libm.a(divsf3.o)
 .data          0x0000000000800200        0x0 /usr/lib/gcc/avr/4.8.2/../../../avr/lib/avr6/libm.a(divsf3x.o)
 .data          0x0000000000800200        0x0 /usr/lib/gcc/avr/4.8.2/../../../avr/lib/avr6/libm.a(floatsisf.o)
 .data          0x0000000000800200        0x0 /usr/lib/gcc/avr/4.8.2/../../../avr/lib/avr6/libm.a(fmod.o)
 .data          0x0000000000800200        0x0 /usr/lib/gcc/avr/4.8.2/../../../avr/lib/avr6/libm.a(fp_cmp.o)
 .data          0x0000000000800200        0x0 /usr/lib/gcc/avr/4.8.2/../../../avr/lib/avr6/libm.a(fp_inf.o)
 .data          0x0000000000800200        0x0 /usr/lib/gcc/avr/4.8.2/../../../avr/lib/avr6/libm.a(fp_mpack.o)
 .data          0x0000000000800200        0x0 /usr/lib/gcc/avr/4.8.2/../../../avr/lib/avr6/libm.a(fp_nan.o)
 .data          0x0000000000800200        0x0 /usr/lib/gcc/avr/4.8.2/../../../avr/lib/avr6/libm.a(fp_powser.o)
 .data          0x0000000000800200        0x0 /usr/lib/gcc/avr/4.8.2/../../../avr/lib/avr6/libm.a(fp_pscA.o)
 .data          0x0000000000800200        0x0 /usr/lib/gcc/avr/4.8.2/../../../avr/lib/avr6/libm.a(fp_pscB.o)
 .data          0x0000000000800200        0x0 /usr/lib/gcc/avr/4.8.2/../../../avr/lib/avr6/libm.a(fp_round.o)
 .data          0x0000000000800200        0x0 /usr/lib/gcc/avr/4.8.2/../../../avr/lib/avr6/libm.a(fp_split3.o)
 .data          0x0000000000800200        0x0 /usr/lib/gcc/avr/4.8.2/../../../avr/lib/avr6/libm.a(fp_zero.o)
 .data          0x0000000000800200        0x0 /usr/lib/gcc/avr/4.8.2/../../../avr/lib/avr6/libm.a(gesf2.o)
 .data          0x0000000000800200        0x0 /usr/lib/gcc/avr/4.8.2/../../../avr/lib/avr6/libm.a(inverse.o)
 .data          0x0000000000800200        0x0 /usr/lib/gcc/avr/4.8.2/../../../avr/lib/avr6/libm.a(mulsf3.o)
 .data          0x0000000000800200        0x0 /usr/lib/gcc/avr/4.8.2/../../../avr/lib/avr6/libm.a(mulsf3x.o)
 .data          0x0000000000800200        0x0 /usr/lib/gcc/avr/4.8.2/../../../avr/lib/avr6/libm.a(square.o)
 .data          0x0000000000800200        0x6 /usr/lib/gcc/avr/4.8.2/../../../avr/lib/avr6/libc.a(malloc.o)
                0x0000000000800200                __malloc_heap_end
                0x0000000000800202                __malloc_heap_start
                0x0000000000800204                __malloc_margin
 .data          0x0000000000800206        0x0 /usr/lib/gcc/avr/4.8.2/../../../avr/lib/avr6/libc.a(strcmp.o)
 .data          0x0000000000800206        0x0 /usr/lib/gcc/avr/4.8.2/../../../avr/lib/avr6/libc.a(printf.o)
 .data          0x0000000000800206        0x0 /usr/lib/gcc/avr/4.8.2/../../../avr/lib/avr6/libc.a(puts.o)
 .data          0x0000000000800206        0x0 /usr/lib/gcc/avr/4.8.2/../../../avr/lib/avr6/libc.a(vfprintf_std.o)
 .data          0x0000000000800206        0x0 /usr/lib/gcc/avr/4.8.2/../../../avr/lib/avr6/libc.a(strnlen_P.o)
 .data          0x0000000000800206        0x0 /usr/lib/gcc/avr/4.8.2/../../../avr/lib/avr6/libc.a(strnlen.o)
 .data          0x0000000000800206        0x0 /usr/lib/gcc/avr/4.8.2/../../../avr/lib/avr6/libc.a(fputc.o)
 .data          0x0000000000800206        0x0 /usr/lib/gcc/avr/4.8.2/../../../avr/lib/avr6/libc.a(iob.o)
 .data          0x0000000000800206        0x0 /usr/lib/gcc/avr/4.8.2/../../../avr/lib/avr6/libc.a(ultoa_invert.o)
 *(.data*)
 *(.rodata)
 *(.rodata*)
 .rodata.str1.1
                0x0000000000800206      0x11a map.o
 .rodata.str1.1
                0x0000000000800320       0x1e app.o
                                         0x2a (size before relaxing)
 .rodata.str1.1
                0x000000000080033e       0x4d ../dijkstra-avr/dijkstra.o
 .rodata.str1.1
                0x000000000080038b       0x28 ../hardware_control-avr/hardware_control.o
 *(.gnu.linkonce.d*)
                0x00000000008003b4                . = ALIGN (0x2)
 *fill*         0x00000000008003b3        0x1 
                0x00000000008003b4                _edata = .
                0x00000000008003b4                PROVIDE (__data_end, .)

.bss            0x00000000008003b4       0x16
                0x00000000008003b4                PROVIDE (__bss_start, .)
 *(.bss)
 .bss           0x00000000008003b4        0x0 /usr/lib/gcc/avr/4.8.2/../../../avr/lib/avr6/crtm2560.o
 .bss           0x00000000008003b4        0x0 map.o
 .bss           0x00000000008003b4        0x0 app.o
 .bss           0x00000000008003b4        0x0 ../dijkstra-avr/dijkstra.o
 .bss           0x00000000008003b4        0x0 ../bot_memory-avr/bot_memory.o
 .bss           0x00000000008003b4        0x0 ../hardware_control-avr/hardware_control.o
 .bss           0x00000000008003b4        0x0 /usr/lib/gcc/avr/4.8.2/avr6/libgcc.a(_exit.o)
 .bss           0x00000000008003b4        0x0 /usr/lib/gcc/avr/4.8.2/avr6/libgcc.a(_copy_data.o)
 .bss           0x00000000008003b4        0x0 /usr/lib/gcc/avr/4.8.2/avr6/libgcc.a(_clear_bss.o)
 .bss           0x00000000008003b4        0x0 /usr/lib/gcc/avr/4.8.2/../../../avr/lib/avr6/libm.a(addsf3.o)
 .bss           0x00000000008003b4        0x0 /usr/lib/gcc/avr/4.8.2/../../../avr/lib/avr6/libm.a(addsf3x.o)
 .bss           0x00000000008003b4        0x0 /usr/lib/gcc/avr/4.8.2/../../../avr/lib/avr6/libm.a(atan2.o)
 .bss           0x00000000008003b4        0x0 /usr/lib/gcc/avr/4.8.2/../../../avr/lib/avr6/libm.a(atan.o)
 .bss           0x00000000008003b4        0x0 /usr/lib/gcc/avr/4.8.2/../../../avr/lib/avr6/libm.a(cmpsf2.o)
 .bss           0x00000000008003b4        0x0 /usr/lib/gcc/avr/4.8.2/../../../avr/lib/avr6/libm.a(divsf3.o)
 .bss           0x00000000008003b4        0x0 /usr/lib/gcc/avr/4.8.2/../../../avr/lib/avr6/libm.a(divsf3x.o)
 .bss           0x00000000008003b4        0x0 /usr/lib/gcc/avr/4.8.2/../../../avr/lib/avr6/libm.a(floatsisf.o)
 .bss           0x00000000008003b4        0x0 /usr/lib/gcc/avr/4.8.2/../../../avr/lib/avr6/libm.a(fmod.o)
 .bss           0x00000000008003b4        0x0 /usr/lib/gcc/avr/4.8.2/../../../avr/lib/avr6/libm.a(fp_cmp.o)
 .bss           0x00000000008003b4        0x0 /usr/lib/gcc/avr/4.8.2/../../../avr/lib/avr6/libm.a(fp_inf.o)
 .bss           0x00000000008003b4        0x0 /usr/lib/gcc/avr/4.8.2/../../../avr/lib/avr6/libm.a(fp_mpack.o)
 .bss           0x00000000008003b4        0x0 /usr/lib/gcc/avr/4.8.2/../../../avr/lib/avr6/libm.a(fp_nan.o)
 .bss           0x00000000008003b4        0x0 /usr/lib/gcc/avr/4.8.2/../../../avr/lib/avr6/libm.a(fp_powser.o)
 .bss           0x00000000008003b4        0x0 /usr/lib/gcc/avr/4.8.2/../../../avr/lib/avr6/libm.a(fp_pscA.o)
 .bss           0x00000000008003b4        0x0 /usr/lib/gcc/avr/4.8.2/../../../avr/lib/avr6/libm.a(fp_pscB.o)
 .bss           0x00000000008003b4        0x0 /usr/lib/gcc/avr/4.8.2/../../../avr/lib/avr6/libm.a(fp_round.o)
 .bss           0x00000000008003b4        0x0 /usr/lib/gcc/avr/4.8.2/../../../avr/lib/avr6/libm.a(fp_split3.o)
 .bss           0x00000000008003b4        0x0 /usr/lib/gcc/avr/4.8.2/../../../avr/lib/avr6/libm.a(fp_zero.o)
 .bss           0x00000000008003b4        0x0 /usr/lib/gcc/avr/4.8.2/../../../avr/lib/avr6/libm.a(gesf2.o)
 .bss           0x00000000008003b4        0x0 /usr/lib/gcc/avr/4.8.2/../../../avr/lib/avr6/libm.a(inverse.o)
 .bss           0x00000000008003b4        0x0 /usr/lib/gcc/avr/4.8.2/../../../avr/lib/avr6/libm.a(mulsf3.o)
 .bss           0x00000000008003b4        0x0 /usr/lib/gcc/avr/4.8.2/../../../avr/lib/avr6/libm.a(mulsf3x.o)
 .bss           0x00000000008003b4        0x0 /usr/lib/gcc/avr/4.8.2/../../../avr/lib/avr6/libm.a(square.o)
 .bss           0x00000000008003b4        0x0 /usr/lib/gcc/avr/4.8.2/../../../avr/lib/avr6/libc.a(malloc.o)
 .bss           0x00000000008003b4        0x0 /usr/lib/gcc/avr/4.8.2/../../../avr/lib/avr6/libc.a(strcmp.o)
 .bss           0x00000000008003b4        0x0 /usr/lib/gcc/avr/4.8.2/../../../avr/lib/avr6/libc.a(printf.o)
 .bss           0x00000000008003b4        0x0 /usr/lib/gcc/avr/4.8.2/../../../avr/lib/avr6/libc.a(puts.o)
 .bss           0x00000000008003b4        0x0 /usr/lib/gcc/avr/4.8.2/../../../avr/lib/avr6/libc.a(vfprintf_std.o)
 .bss           0x00000000008003b4        0x0 /usr/lib/gcc/avr/4.8.2/../../../avr/lib/avr6/libc.a(strnlen_P.o)
 .bss           0x00000000008003b4        0x0 /usr/lib/gcc/avr/4.8.2/../../../avr/lib/avr6/libc.a(strnlen.o)
 .bss           0x00000000008003b4        0x0 /usr/lib/gcc/avr/4.8.2/../../../avr/lib/avr6/libc.a(fputc.o)
 .bss           0x00000000008003b4        0x0 /usr/lib/gcc/avr/4.8.2/../../../avr/lib/avr6/libc.a(iob.o)
 .bss           0x00000000008003b4        0x0 /usr/lib/gcc/avr/4.8.2/../../../avr/lib/avr6/libc.a(ultoa_invert.o)
 *(.bss*)
 *(COMMON)
 COMMON         0x00000000008003b4        0xa map.o
                0x00000000008003b4                curve_info
                0x00000000008003b6                found_node
                0x00000000008003b8                current_search_name
                0x00000000008003ba                our_graph
                0x00000000008003bc                bot_info
 COMMON         0x00000000008003be        0x2 ../bot_memory-avr/bot_memory.o
                0x00000000008003be                our_bot
 COMMON         0x00000000008003c0        0x4 /usr/lib/gcc/avr/4.8.2/../../../avr/lib/avr6/libc.a(malloc.o)
                0x00000000008003c0                __brkval
                0x00000000008003c2                __flp
 COMMON         0x00000000008003c4        0x6 /usr/lib/gcc/avr/4.8.2/../../../avr/lib/avr6/libc.a(iob.o)
                0x00000000008003c4                __iob
                0x00000000008003ca                PROVIDE (__bss_end, .)
                0x00000000000029ea                __data_load_start = LOADADDR (.data)
                0x0000000000002b9e                __data_load_end = (__data_load_start + SIZEOF (.data))

.noinit         0x00000000008003ca        0x0
                0x00000000008003ca                PROVIDE (__noinit_start, .)
 *(.noinit*)
                0x00000000008003ca                PROVIDE (__noinit_end, .)
                0x00000000008003ca                _end = .
                0x00000000008003ca                PROVIDE (__heap_start, .)

.eeprom         0x0000000000810000        0x0
 *(.eeprom*)
                0x0000000000810000                __eeprom_end = .

.fuse
 *(.fuse)
 *(.lfuse)
 *(.hfuse)
 *(.efuse)

.lock
 *(.lock*)

.signature
 *(.signature*)

.user_signatures
 *(.user_signatures*)

.stab           0x0000000000000000     0x8628
 *(.stab)
 .stab          0x0000000000000000      0x6e4 /usr/lib/gcc/avr/4.8.2/../../../avr/lib/avr6/crtm2560.o
 .stab          0x00000000000006e4     0x1ad0 map.o
                                       0x1adc (size before relaxing)
 .stab          0x00000000000021b4      0x39c app.o
                                        0x750 (size before relaxing)
 .stab          0x0000000000002550      0x834 ../dijkstra-avr/dijkstra.o
                                        0xa68 (size before relaxing)
 .stab          0x0000000000002d84      0x51c ../bot_memory-avr/bot_memory.o
                                        0x750 (size before relaxing)
 .stab          0x00000000000032a0      0x528 ../hardware_control-avr/hardware_control.o
                                        0x8dc (size before relaxing)
 .stab          0x00000000000037c8       0x78 /usr/lib/gcc/avr/4.8.2/../../../avr/lib/avr6/libm.a(addsf3.o)
                                         0x84 (size before relaxing)
 .stab          0x0000000000003840      0x4bc /usr/lib/gcc/avr/4.8.2/../../../avr/lib/avr6/libm.a(addsf3x.o)
                                        0x4c8 (size before relaxing)
 .stab          0x0000000000003cfc      0x2f4 /usr/lib/gcc/avr/4.8.2/../../../avr/lib/avr6/libm.a(atan2.o)
                                        0x300 (size before relaxing)
 .stab          0x0000000000003ff0      0x210 /usr/lib/gcc/avr/4.8.2/../../../avr/lib/avr6/libm.a(atan.o)
                                        0x21c (size before relaxing)
 .stab          0x0000000000004200       0x90 /usr/lib/gcc/avr/4.8.2/../../../avr/lib/avr6/libm.a(cmpsf2.o)
                                         0x9c (size before relaxing)
 .stab          0x0000000000004290       0x48 /usr/lib/gcc/avr/4.8.2/../../../avr/lib/avr6/libm.a(divsf3.o)
                                         0x54 (size before relaxing)
 .stab          0x00000000000042d8      0x510 /usr/lib/gcc/avr/4.8.2/../../../avr/lib/avr6/libm.a(divsf3x.o)
                                        0x51c (size before relaxing)
 .stab          0x00000000000047e8      0x318 /usr/lib/gcc/avr/4.8.2/../../../avr/lib/avr6/libm.a(floatsisf.o)
                                        0x324 (size before relaxing)
 .stab          0x0000000000004b00      0x3e4 /usr/lib/gcc/avr/4.8.2/../../../avr/lib/avr6/libm.a(fmod.o)
                                        0x3f0 (size before relaxing)
 .stab          0x0000000000004ee4      0x1e0 /usr/lib/gcc/avr/4.8.2/../../../avr/lib/avr6/libm.a(fp_cmp.o)
                                        0x1ec (size before relaxing)
 .stab          0x00000000000050c4       0x78 /usr/lib/gcc/avr/4.8.2/../../../avr/lib/avr6/libm.a(fp_inf.o)
                                         0x84 (size before relaxing)
 .stab          0x000000000000513c       0xe4 /usr/lib/gcc/avr/4.8.2/../../../avr/lib/avr6/libm.a(fp_mpack.o)
                                         0xf0 (size before relaxing)
 .stab          0x0000000000005220       0x54 /usr/lib/gcc/avr/4.8.2/../../../avr/lib/avr6/libm.a(fp_nan.o)
                                         0x60 (size before relaxing)
 .stab          0x0000000000005274      0x1ec /usr/lib/gcc/avr/4.8.2/../../../avr/lib/avr6/libm.a(fp_powser.o)
                                        0x1f8 (size before relaxing)
 .stab          0x0000000000005460       0x84 /usr/lib/gcc/avr/4.8.2/../../../avr/lib/avr6/libm.a(fp_pscA.o)
                                         0x90 (size before relaxing)
 .stab          0x00000000000054e4       0x84 /usr/lib/gcc/avr/4.8.2/../../../avr/lib/avr6/libm.a(fp_pscB.o)
                                         0x90 (size before relaxing)
 .stab          0x0000000000005568       0xfc /usr/lib/gcc/avr/4.8.2/../../../avr/lib/avr6/libm.a(fp_round.o)
                                        0x108 (size before relaxing)
 .stab          0x0000000000005664      0x1d4 /usr/lib/gcc/avr/4.8.2/../../../avr/lib/avr6/libm.a(fp_split3.o)
                                        0x1e0 (size before relaxing)
 .stab          0x0000000000005838       0x90 /usr/lib/gcc/avr/4.8.2/../../../avr/lib/avr6/libm.a(fp_zero.o)
                                         0x9c (size before relaxing)
 .stab          0x00000000000058c8       0x6c /usr/lib/gcc/avr/4.8.2/../../../avr/lib/avr6/libm.a(gesf2.o)
                                         0x78 (size before relaxing)
 .stab          0x0000000000005934       0x84 /usr/lib/gcc/avr/4.8.2/../../../avr/lib/avr6/libm.a(inverse.o)
                                         0x90 (size before relaxing)
 .stab          0x00000000000059b8       0x48 /usr/lib/gcc/avr/4.8.2/../../../avr/lib/avr6/libm.a(mulsf3.o)
                                         0x54 (size before relaxing)
 .stab          0x0000000000005a00      0x4d4 /usr/lib/gcc/avr/4.8.2/../../../avr/lib/avr6/libm.a(mulsf3x.o)
                                        0x4e0 (size before relaxing)
 .stab          0x0000000000005ed4       0x54 /usr/lib/gcc/avr/4.8.2/../../../avr/lib/avr6/libm.a(square.o)
                                         0x60 (size before relaxing)
 .stab          0x0000000000005f28      0x8dc /usr/lib/gcc/avr/4.8.2/../../../avr/lib/avr6/libc.a(malloc.o)
                                        0x8e8 (size before relaxing)
 .stab          0x0000000000006804       0x84 /usr/lib/gcc/avr/4.8.2/../../../avr/lib/avr6/libc.a(strcmp.o)
                                         0x90 (size before relaxing)
 .stab          0x0000000000006888      0x324 /usr/lib/gcc/avr/4.8.2/../../../avr/lib/avr6/libc.a(printf.o)
                                        0x4ec (size before relaxing)
 .stab          0x0000000000006bac      0x36c /usr/lib/gcc/avr/4.8.2/../../../avr/lib/avr6/libc.a(puts.o)
                                        0x54c (size before relaxing)
 .stab          0x0000000000006f18      0xb58 /usr/lib/gcc/avr/4.8.2/../../../avr/lib/avr6/libc.a(vfprintf_std.o)
                                        0xd80 (size before relaxing)
 .stab          0x0000000000007a70       0x9c /usr/lib/gcc/avr/4.8.2/../../../avr/lib/avr6/libc.a(strnlen_P.o)
                                         0xa8 (size before relaxing)
 .stab          0x0000000000007b0c       0x9c /usr/lib/gcc/avr/4.8.2/../../../avr/lib/avr6/libc.a(strnlen.o)
                                         0xa8 (size before relaxing)
 .stab          0x0000000000007ba8      0x354 /usr/lib/gcc/avr/4.8.2/../../../avr/lib/avr6/libc.a(fputc.o)
                                        0x534 (size before relaxing)
 .stab          0x0000000000007efc      0x2ac /usr/lib/gcc/avr/4.8.2/../../../avr/lib/avr6/libc.a(iob.o)
                                        0x48c (size before relaxing)
 .stab          0x00000000000081a8      0x480 /usr/lib/gcc/avr/4.8.2/../../../avr/lib/avr6/libc.a(ultoa_invert.o)
                                        0x48c (size before relaxing)

.stabstr        0x0000000000000000     0x35b3
 *(.stabstr)
 .stabstr       0x0000000000000000     0x35b3 /usr/lib/gcc/avr/4.8.2/../../../avr/lib/avr6/crtm2560.o

.stab.excl
 *(.stab.excl)

.stab.exclstr
 *(.stab.exclstr)

.stab.index
 *(.stab.index)

.stab.indexstr
 *(.stab.indexstr)

.comment        0x0000000000000000       0x11
 *(.comment)
 .comment       0x0000000000000000       0x11 map.o
                                         0x12 (size before relaxing)
 .comment       0x0000000000000000       0x12 app.o
 .comment       0x0000000000000000       0x12 ../dijkstra-avr/dijkstra.o
 .comment       0x0000000000000000       0x12 ../bot_memory-avr/bot_memory.o
 .comment       0x0000000000000000       0x12 ../hardware_control-avr/hardware_control.o
 .comment       0x0000000000000000       0x12 /usr/lib/gcc/avr/4.8.2/../../../avr/lib/avr6/libc.a(malloc.o)
 .comment       0x0000000000000000       0x12 /usr/lib/gcc/avr/4.8.2/../../../avr/lib/avr6/libc.a(printf.o)
 .comment       0x0000000000000000       0x12 /usr/lib/gcc/avr/4.8.2/../../../avr/lib/avr6/libc.a(puts.o)
 .comment       0x0000000000000000       0x12 /usr/lib/gcc/avr/4.8.2/../../../avr/lib/avr6/libc.a(vfprintf_std.o)
 .comment       0x0000000000000000       0x12 /usr/lib/gcc/avr/4.8.2/../../../avr/lib/avr6/libc.a(fputc.o)
 .comment       0x0000000000000000       0x12 /usr/lib/gcc/avr/4.8.2/../../../avr/lib/avr6/libc.a(iob.o)

.debug
 *(.debug)

.line
 *(.line)

.debug_srcinfo
 *(.debug_srcinfo)

.debug_sfnames
 *(.debug_sfnames)

.debug_aranges
 *(.debug_aranges)

.debug_pubnames
 *(.debug_pubnames)

.debug_info
 *(.debug_info)
 *(.gnu.linkonce.wi.*)

.debug_abbrev
 *(.debug_abbrev)

.debug_line
 *(.debug_line)

.debug_frame
 *(.debug_frame)

.debug_str
 *(.debug_str)

.debug_loc
 *(.debug_loc)

.debug_macinfo
 *(.debug_macinfo)

.debug_pubtypes
 *(.debug_pubtypes)

.debug_ranges
 *(.debug_ranges)

.debug_macro
 *(.debug_macro)
OUTPUT(app.out elf32-avr)
LOAD linker stubs
