Archive member included because of file (symbol)

/usr/local/CrossPack-AVR-20131216/lib/gcc/avr/4.8.1/../../../../avr/lib/avr6/libm.a(cmpsf2.o)
                              ../sharp_sensor/sharp_sensor.o (__ltsf2)
/usr/local/CrossPack-AVR-20131216/lib/gcc/avr/4.8.1/../../../../avr/lib/avr6/libm.a(divsf3.o)
                              ../sharp_sensor/sharp_sensor.o (__divsf3)
/usr/local/CrossPack-AVR-20131216/lib/gcc/avr/4.8.1/../../../../avr/lib/avr6/libm.a(divsf3x.o)
                              /usr/local/CrossPack-AVR-20131216/lib/gcc/avr/4.8.1/../../../../avr/lib/avr6/libm.a(divsf3.o) (__divsf3x)
/usr/local/CrossPack-AVR-20131216/lib/gcc/avr/4.8.1/../../../../avr/lib/avr6/libm.a(fixsfsi.o)
                              ../sharp_sensor/sharp_sensor.o (__fixsfsi)
/usr/local/CrossPack-AVR-20131216/lib/gcc/avr/4.8.1/../../../../avr/lib/avr6/libm.a(fixunssfsi.o)
                              /usr/local/CrossPack-AVR-20131216/lib/gcc/avr/4.8.1/../../../../avr/lib/avr6/libm.a(fixsfsi.o) (__fixunssfsi)
/usr/local/CrossPack-AVR-20131216/lib/gcc/avr/4.8.1/../../../../avr/lib/avr6/libm.a(floatsisf.o)
                              ../sharp_sensor/sharp_sensor.o (__floatunsisf)
/usr/local/CrossPack-AVR-20131216/lib/gcc/avr/4.8.1/../../../../avr/lib/avr6/libm.a(fp_cmp.o)
                              /usr/local/CrossPack-AVR-20131216/lib/gcc/avr/4.8.1/../../../../avr/lib/avr6/libm.a(cmpsf2.o) (__fp_cmp)
/usr/local/CrossPack-AVR-20131216/lib/gcc/avr/4.8.1/../../../../avr/lib/avr6/libm.a(fp_inf.o)
                              /usr/local/CrossPack-AVR-20131216/lib/gcc/avr/4.8.1/../../../../avr/lib/avr6/libm.a(divsf3x.o) (__fp_inf)
/usr/local/CrossPack-AVR-20131216/lib/gcc/avr/4.8.1/../../../../avr/lib/avr6/libm.a(fp_nan.o)
                              /usr/local/CrossPack-AVR-20131216/lib/gcc/avr/4.8.1/../../../../avr/lib/avr6/libm.a(divsf3x.o) (__fp_nan)
/usr/local/CrossPack-AVR-20131216/lib/gcc/avr/4.8.1/../../../../avr/lib/avr6/libm.a(fp_pscA.o)
                              /usr/local/CrossPack-AVR-20131216/lib/gcc/avr/4.8.1/../../../../avr/lib/avr6/libm.a(divsf3x.o) (__fp_pscA)
/usr/local/CrossPack-AVR-20131216/lib/gcc/avr/4.8.1/../../../../avr/lib/avr6/libm.a(fp_pscB.o)
                              /usr/local/CrossPack-AVR-20131216/lib/gcc/avr/4.8.1/../../../../avr/lib/avr6/libm.a(divsf3x.o) (__fp_pscB)
/usr/local/CrossPack-AVR-20131216/lib/gcc/avr/4.8.1/../../../../avr/lib/avr6/libm.a(fp_round.o)
                              /usr/local/CrossPack-AVR-20131216/lib/gcc/avr/4.8.1/../../../../avr/lib/avr6/libm.a(divsf3.o) (__fp_round)
/usr/local/CrossPack-AVR-20131216/lib/gcc/avr/4.8.1/../../../../avr/lib/avr6/libm.a(fp_split3.o)
                              /usr/local/CrossPack-AVR-20131216/lib/gcc/avr/4.8.1/../../../../avr/lib/avr6/libm.a(divsf3x.o) (__fp_split3)
/usr/local/CrossPack-AVR-20131216/lib/gcc/avr/4.8.1/../../../../avr/lib/avr6/libm.a(fp_zero.o)
                              /usr/local/CrossPack-AVR-20131216/lib/gcc/avr/4.8.1/../../../../avr/lib/avr6/libm.a(fixunssfsi.o) (__fp_zero)
/usr/local/CrossPack-AVR-20131216/lib/gcc/avr/4.8.1/../../../../avr/lib/avr6/libm.a(mulsf3.o)
                              ../sharp_sensor/sharp_sensor.o (__mulsf3)
/usr/local/CrossPack-AVR-20131216/lib/gcc/avr/4.8.1/../../../../avr/lib/avr6/libm.a(mulsf3x.o)
                              /usr/local/CrossPack-AVR-20131216/lib/gcc/avr/4.8.1/../../../../avr/lib/avr6/libm.a(mulsf3.o) (__mulsf3x)
/usr/local/CrossPack-AVR-20131216/lib/gcc/avr/4.8.1/../../../../avr/lib/avr6/libm.a(pow.o)
                              ../sharp_sensor/sharp_sensor.o (pow)
/usr/local/CrossPack-AVR-20131216/lib/gcc/avr/4.8.1/../../../../avr/lib/avr6/libm.a(exp.o)
                              /usr/local/CrossPack-AVR-20131216/lib/gcc/avr/4.8.1/../../../../avr/lib/avr6/libm.a(pow.o) (exp)
/usr/local/CrossPack-AVR-20131216/lib/gcc/avr/4.8.1/../../../../avr/lib/avr6/libm.a(fp_powser.o)
                              /usr/local/CrossPack-AVR-20131216/lib/gcc/avr/4.8.1/../../../../avr/lib/avr6/libm.a(exp.o) (__fp_powser)
/usr/local/CrossPack-AVR-20131216/lib/gcc/avr/4.8.1/../../../../avr/lib/avr6/libm.a(inverse.o)
                              /usr/local/CrossPack-AVR-20131216/lib/gcc/avr/4.8.1/../../../../avr/lib/avr6/libm.a(exp.o) (inverse)
/usr/local/CrossPack-AVR-20131216/lib/gcc/avr/4.8.1/../../../../avr/lib/avr6/libm.a(ldexp.o)
                              /usr/local/CrossPack-AVR-20131216/lib/gcc/avr/4.8.1/../../../../avr/lib/avr6/libm.a(exp.o) (ldexp)
/usr/local/CrossPack-AVR-20131216/lib/gcc/avr/4.8.1/../../../../avr/lib/avr6/libm.a(log.o)
                              /usr/local/CrossPack-AVR-20131216/lib/gcc/avr/4.8.1/../../../../avr/lib/avr6/libm.a(pow.o) (log)
/usr/local/CrossPack-AVR-20131216/lib/gcc/avr/4.8.1/../../../../avr/lib/avr6/libm.a(modf.o)
                              /usr/local/CrossPack-AVR-20131216/lib/gcc/avr/4.8.1/../../../../avr/lib/avr6/libm.a(exp.o) (modf)
/usr/local/CrossPack-AVR-20131216/lib/gcc/avr/4.8.1/../../../../avr/lib/avr6/libm.a(addsf3.o)
                              /usr/local/CrossPack-AVR-20131216/lib/gcc/avr/4.8.1/../../../../avr/lib/avr6/libm.a(modf.o) (__subsf3)
/usr/local/CrossPack-AVR-20131216/lib/gcc/avr/4.8.1/../../../../avr/lib/avr6/libm.a(addsf3x.o)
                              /usr/local/CrossPack-AVR-20131216/lib/gcc/avr/4.8.1/../../../../avr/lib/avr6/libm.a(fp_powser.o) (__addsf3x)
/usr/local/CrossPack-AVR-20131216/lib/gcc/avr/4.8.1/../../../../avr/lib/avr6/libm.a(fp_mpack.o)
                              /usr/local/CrossPack-AVR-20131216/lib/gcc/avr/4.8.1/../../../../avr/lib/avr6/libm.a(ldexp.o) (__fp_mpack)
/usr/local/CrossPack-AVR-20131216/lib/gcc/avr/4.8.1/avr6/libgcc.a(_exit.o)
                              /usr/local/CrossPack-AVR-20131216/lib/gcc/avr/4.8.1/../../../../avr/lib/avr6/crtm2560.o (exit)
/usr/local/CrossPack-AVR-20131216/lib/gcc/avr/4.8.1/avr6/libgcc.a(_copy_data.o)
                              app.o (__do_copy_data)
/usr/local/CrossPack-AVR-20131216/lib/gcc/avr/4.8.1/avr6/libgcc.a(_clear_bss.o)
                              ../color_sensor/color_sensor.o (__do_clear_bss)
/usr/local/CrossPack-AVR-20131216/lib/gcc/avr/4.8.1/avr6/libgcc.a(_umulhisi3.o)
                              ../lcd/lcd.o (__umulhisi3)
/usr/local/CrossPack-AVR-20131216/lib/gcc/avr/4.8.1/../../../../avr/lib/avr6/libc.a(vsnprintf.o)
                              ../lcd/lcd.o (vsnprintf)
/usr/local/CrossPack-AVR-20131216/lib/gcc/avr/4.8.1/../../../../avr/lib/avr6/libc.a(vfprintf_std.o)
                              /usr/local/CrossPack-AVR-20131216/lib/gcc/avr/4.8.1/../../../../avr/lib/avr6/libc.a(vsnprintf.o) (vfprintf)
/usr/local/CrossPack-AVR-20131216/lib/gcc/avr/4.8.1/../../../../avr/lib/avr6/libc.a(strnlen_P.o)
                              /usr/local/CrossPack-AVR-20131216/lib/gcc/avr/4.8.1/../../../../avr/lib/avr6/libc.a(vfprintf_std.o) (strnlen_P)
/usr/local/CrossPack-AVR-20131216/lib/gcc/avr/4.8.1/../../../../avr/lib/avr6/libc.a(strnlen.o)
                              /usr/local/CrossPack-AVR-20131216/lib/gcc/avr/4.8.1/../../../../avr/lib/avr6/libc.a(vfprintf_std.o) (strnlen)
/usr/local/CrossPack-AVR-20131216/lib/gcc/avr/4.8.1/../../../../avr/lib/avr6/libc.a(fputc.o)
                              /usr/local/CrossPack-AVR-20131216/lib/gcc/avr/4.8.1/../../../../avr/lib/avr6/libc.a(vfprintf_std.o) (fputc)
/usr/local/CrossPack-AVR-20131216/lib/gcc/avr/4.8.1/../../../../avr/lib/avr6/libc.a(ultoa_invert.o)
                              /usr/local/CrossPack-AVR-20131216/lib/gcc/avr/4.8.1/../../../../avr/lib/avr6/libc.a(vfprintf_std.o) (__ultoa_invert)

Allocating common symbols
Common symbol       size              file

million             0x2               ../lcd/lcd.o
temp                0x2               ../lcd/lcd.o
tens                0x2               ../lcd/lcd.o
hundred             0x2               ../lcd/lcd.o
unit                0x2               ../lcd/lcd.o
thousand            0x2               ../lcd/lcd.o

Memory Configuration

Name             Origin             Length             Attributes
text             0x00000000         0x00100000         xr
data             0x00800200         0x0000fe00         rw !x
eeprom           0x00810000         0x00010000         rw !x
fuse             0x00820000         0x00000400         rw !x
lock             0x00830000         0x00000400         rw !x
signature        0x00840000         0x00000400         rw !x
user_signatures  0x00850000         0x00000400         rw !x
*default*        0x00000000         0xffffffff

Linker script and memory map

Address of section .data set to 0x800200
LOAD /usr/local/CrossPack-AVR-20131216/lib/gcc/avr/4.8.1/../../../../avr/lib/avr6/crtm2560.o
LOAD sense_pizza.o
LOAD app.o
LOAD ../color_sensor/color_sensor.o
LOAD ../sharp_sensor/sharp_sensor.o
LOAD ../lcd/lcd.o
LOAD /usr/local/CrossPack-AVR-20131216/lib/gcc/avr/4.8.1/../../../../avr/lib/avr6/libm.a
START GROUP
LOAD /usr/local/CrossPack-AVR-20131216/lib/gcc/avr/4.8.1/avr6/libgcc.a
LOAD /usr/local/CrossPack-AVR-20131216/lib/gcc/avr/4.8.1/../../../../avr/lib/avr6/libm.a
LOAD /usr/local/CrossPack-AVR-20131216/lib/gcc/avr/4.8.1/../../../../avr/lib/avr6/libc.a
END GROUP

.hash
 *(.hash)

.dynsym
 *(.dynsym)

.dynstr
 *(.dynstr)

.gnu.version
 *(.gnu.version)

.gnu.version_d
 *(.gnu.version_d)

.gnu.version_r
 *(.gnu.version_r)

.rel.init
 *(.rel.init)

.rela.init
 *(.rela.init)

.rel.text
 *(.rel.text)
 *(.rel.text.*)
 *(.rel.gnu.linkonce.t*)

.rela.text
 *(.rela.text)
 *(.rela.text.*)
 *(.rela.gnu.linkonce.t*)

.rel.fini
 *(.rel.fini)

.rela.fini
 *(.rela.fini)

.rel.rodata
 *(.rel.rodata)
 *(.rel.rodata.*)
 *(.rel.gnu.linkonce.r*)

.rela.rodata
 *(.rela.rodata)
 *(.rela.rodata.*)
 *(.rela.gnu.linkonce.r*)

.rel.data
 *(.rel.data)
 *(.rel.data.*)
 *(.rel.gnu.linkonce.d*)

.rela.data
 *(.rela.data)
 *(.rela.data.*)
 *(.rela.gnu.linkonce.d*)

.rel.ctors
 *(.rel.ctors)

.rela.ctors
 *(.rela.ctors)

.rel.dtors
 *(.rel.dtors)

.rela.dtors
 *(.rela.dtors)

.rel.got
 *(.rel.got)

.rela.got
 *(.rela.got)

.rel.bss
 *(.rel.bss)

.rela.bss
 *(.rela.bss)

.rel.plt
 *(.rel.plt)

.rela.plt
 *(.rela.plt)

.text           0x00000000     0x1d66
 *(.vectors)
 .vectors       0x00000000       0xe4 /usr/local/CrossPack-AVR-20131216/lib/gcc/avr/4.8.1/../../../../avr/lib/avr6/crtm2560.o
                0x00000000                __vectors
                0x00000000                __vector_default
 *(.vectors)
 *(.progmem.gcc*)
 .progmem.gcc_fplib
                0x000000e4       0x28 /usr/local/CrossPack-AVR-20131216/lib/gcc/avr/4.8.1/../../../../avr/lib/avr6/libm.a(exp.o)
 .progmem.gcc_fplib
                0x0000010c       0x5a /usr/local/CrossPack-AVR-20131216/lib/gcc/avr/4.8.1/../../../../avr/lib/avr6/libm.a(log.o)
                0x00000166                . = ALIGN (0x2)
                0x00000166                __trampolines_start = .
 *(.trampolines)
 .trampolines   0x00000166        0x0 linker stubs
 *(.trampolines*)
                0x00000166                __trampolines_end = .
 *(.progmem*)
                0x00000166                . = ALIGN (0x2)
 *(.jumptables)
 *(.jumptables*)
 *(.lowtext)
 *(.lowtext*)
                0x00000166                __ctors_start = .
 *(.ctors)
                0x00000166                __ctors_end = .
                0x00000166                __dtors_start = .
 *(.dtors)
                0x00000166                __dtors_end = .
 SORT(*)(.ctors)
 SORT(*)(.dtors)
 *(.init0)
 .init0         0x00000166        0x0 /usr/local/CrossPack-AVR-20131216/lib/gcc/avr/4.8.1/../../../../avr/lib/avr6/crtm2560.o
                0x00000166                __init
 *(.init0)
 *(.init1)
 *(.init1)
 *(.init2)
 .init2         0x00000166       0x10 /usr/local/CrossPack-AVR-20131216/lib/gcc/avr/4.8.1/../../../../avr/lib/avr6/crtm2560.o
 *(.init2)
 *(.init3)
 *(.init3)
 *(.init4)
 .init4         0x00000176       0x1a /usr/local/CrossPack-AVR-20131216/lib/gcc/avr/4.8.1/avr6/libgcc.a(_copy_data.o)
                0x00000176                __do_copy_data
 .init4         0x00000190       0x10 /usr/local/CrossPack-AVR-20131216/lib/gcc/avr/4.8.1/avr6/libgcc.a(_clear_bss.o)
                0x00000190                __do_clear_bss
 *(.init4)
 *(.init5)
 *(.init5)
 *(.init6)
 *(.init6)
 *(.init7)
 *(.init7)
 *(.init8)
 *(.init8)
 *(.init9)
 .init9         0x000001a0        0x8 /usr/local/CrossPack-AVR-20131216/lib/gcc/avr/4.8.1/../../../../avr/lib/avr6/crtm2560.o
 *(.init9)
 *(.text)
 .text          0x000001a8        0x4 /usr/local/CrossPack-AVR-20131216/lib/gcc/avr/4.8.1/../../../../avr/lib/avr6/crtm2560.o
                0x000001a8                __vector_42
                0x000001a8                __vector_22
                0x000001a8                __vector_28
                0x000001a8                __vector_32
                0x000001a8                __vector_34
                0x000001a8                __vector_24
                0x000001a8                __vector_12
                0x000001a8                __vector_55
                0x000001a8                __vector_46
                0x000001a8                __bad_interrupt
                0x000001a8                __vector_6
                0x000001a8                __vector_31
                0x000001a8                __vector_35
                0x000001a8                __vector_39
                0x000001a8                __vector_3
                0x000001a8                __vector_23
                0x000001a8                __vector_30
                0x000001a8                __vector_45
                0x000001a8                __vector_25
                0x000001a8                __vector_11
                0x000001a8                __vector_54
                0x000001a8                __vector_13
                0x000001a8                __vector_17
                0x000001a8                __vector_19
                0x000001a8                __vector_56
                0x000001a8                __vector_7
                0x000001a8                __vector_49
                0x000001a8                __vector_41
                0x000001a8                __vector_43
                0x000001a8                __vector_27
                0x000001a8                __vector_5
                0x000001a8                __vector_33
                0x000001a8                __vector_47
                0x000001a8                __vector_52
                0x000001a8                __vector_37
                0x000001a8                __vector_4
                0x000001a8                __vector_44
                0x000001a8                __vector_51
                0x000001a8                __vector_9
                0x000001a8                __vector_2
                0x000001a8                __vector_21
                0x000001a8                __vector_15
                0x000001a8                __vector_36
                0x000001a8                __vector_29
                0x000001a8                __vector_40
                0x000001a8                __vector_8
                0x000001a8                __vector_26
                0x000001a8                __vector_48
                0x000001a8                __vector_14
                0x000001a8                __vector_53
                0x000001a8                __vector_10
                0x000001a8                __vector_50
                0x000001a8                __vector_16
                0x000001a8                __vector_18
                0x000001a8                __vector_20
                0x000001a8                __vector_38
 .text          0x000001ac        0x8 sense_pizza.o
                0x000001ac                InitSenses
 .text          0x000001b4        0x0 app.o
 .text          0x000001b4      0x1d2 ../color_sensor/color_sensor.o
                0x000001b4                ColorPinConfig
                0x000001cc                ColorInterruptInit
                0x000001de                __vector_1
                0x00000228                ColorCollectPulses
                0x0000025a                ColorGetRed
                0x0000026e                ColorGetGreen
                0x00000282                ColorGetBlue
                0x00000296                ColorSensorScaling
                0x000002ac                ColorInitDevices
                0x000002b8                GetPizzaColor
 .text          0x00000386      0x3f4 ../sharp_sensor/sharp_sensor.o
                0x00000386                SharpAdcPinConfig
                0x00000394                SharpPortInit
                0x000003a2                SharpAdcInit
                0x000003bc                SharpInitDevices
                0x000003e6                SharpAdcConversion
                0x0000041e                SharpGp2d12Estimation
                0x00000472                SharpGetBlockSize
                0x00000544                SharpGetBlockType
 .text          0x0000077a      0x8b8 ../lcd/lcd.o
                0x0000077a                LcdPortConfig
                0x00000788                LcdPortInit
                0x00000796                LcdInitDevices
                0x000007a8                LcdSet4Bit
                0x00000830                LcdInit
                0x00000978                LcdWrCommand
                0x000009c2                LcdWrChar
                0x00000a0c                LcdHome
                0x00000a48                LcdPrintf
                0x00000b28                LcdString
                0x00000bbc                LcdCursor
                0x00000c2a                LcdPrint
 .text          0x00001032        0x0 /usr/local/CrossPack-AVR-20131216/lib/gcc/avr/4.8.1/../../../../avr/lib/avr6/libm.a(cmpsf2.o)
 .text          0x00001032        0x0 /usr/local/CrossPack-AVR-20131216/lib/gcc/avr/4.8.1/../../../../avr/lib/avr6/libm.a(divsf3.o)
 .text          0x00001032        0x0 /usr/local/CrossPack-AVR-20131216/lib/gcc/avr/4.8.1/../../../../avr/lib/avr6/libm.a(divsf3x.o)
 .text          0x00001032        0x0 /usr/local/CrossPack-AVR-20131216/lib/gcc/avr/4.8.1/../../../../avr/lib/avr6/libm.a(fixsfsi.o)
 .text          0x00001032        0x0 /usr/local/CrossPack-AVR-20131216/lib/gcc/avr/4.8.1/../../../../avr/lib/avr6/libm.a(fixunssfsi.o)
 .text          0x00001032        0x0 /usr/local/CrossPack-AVR-20131216/lib/gcc/avr/4.8.1/../../../../avr/lib/avr6/libm.a(floatsisf.o)
 .text          0x00001032        0x0 /usr/local/CrossPack-AVR-20131216/lib/gcc/avr/4.8.1/../../../../avr/lib/avr6/libm.a(fp_cmp.o)
 .text          0x00001032        0x0 /usr/local/CrossPack-AVR-20131216/lib/gcc/avr/4.8.1/../../../../avr/lib/avr6/libm.a(fp_inf.o)
 .text          0x00001032        0x0 /usr/local/CrossPack-AVR-20131216/lib/gcc/avr/4.8.1/../../../../avr/lib/avr6/libm.a(fp_nan.o)
 .text          0x00001032        0x0 /usr/local/CrossPack-AVR-20131216/lib/gcc/avr/4.8.1/../../../../avr/lib/avr6/libm.a(fp_pscA.o)
 .text          0x00001032        0x0 /usr/local/CrossPack-AVR-20131216/lib/gcc/avr/4.8.1/../../../../avr/lib/avr6/libm.a(fp_pscB.o)
 .text          0x00001032        0x0 /usr/local/CrossPack-AVR-20131216/lib/gcc/avr/4.8.1/../../../../avr/lib/avr6/libm.a(fp_round.o)
 .text          0x00001032        0x0 /usr/local/CrossPack-AVR-20131216/lib/gcc/avr/4.8.1/../../../../avr/lib/avr6/libm.a(fp_split3.o)
 .text          0x00001032        0x0 /usr/local/CrossPack-AVR-20131216/lib/gcc/avr/4.8.1/../../../../avr/lib/avr6/libm.a(fp_zero.o)
 .text          0x00001032        0x0 /usr/local/CrossPack-AVR-20131216/lib/gcc/avr/4.8.1/../../../../avr/lib/avr6/libm.a(mulsf3.o)
 .text          0x00001032        0x0 /usr/local/CrossPack-AVR-20131216/lib/gcc/avr/4.8.1/../../../../avr/lib/avr6/libm.a(mulsf3x.o)
 .text          0x00001032        0x0 /usr/local/CrossPack-AVR-20131216/lib/gcc/avr/4.8.1/../../../../avr/lib/avr6/libm.a(pow.o)
 .text          0x00001032        0x0 /usr/local/CrossPack-AVR-20131216/lib/gcc/avr/4.8.1/../../../../avr/lib/avr6/libm.a(exp.o)
 .text          0x00001032        0x0 /usr/local/CrossPack-AVR-20131216/lib/gcc/avr/4.8.1/../../../../avr/lib/avr6/libm.a(fp_powser.o)
 .text          0x00001032        0x0 /usr/local/CrossPack-AVR-20131216/lib/gcc/avr/4.8.1/../../../../avr/lib/avr6/libm.a(inverse.o)
 .text          0x00001032        0x0 /usr/local/CrossPack-AVR-20131216/lib/gcc/avr/4.8.1/../../../../avr/lib/avr6/libm.a(ldexp.o)
 .text          0x00001032        0x0 /usr/local/CrossPack-AVR-20131216/lib/gcc/avr/4.8.1/../../../../avr/lib/avr6/libm.a(log.o)
 .text          0x00001032        0x0 /usr/local/CrossPack-AVR-20131216/lib/gcc/avr/4.8.1/../../../../avr/lib/avr6/libm.a(modf.o)
 .text          0x00001032        0x0 /usr/local/CrossPack-AVR-20131216/lib/gcc/avr/4.8.1/../../../../avr/lib/avr6/libm.a(addsf3.o)
 .text          0x00001032        0x0 /usr/local/CrossPack-AVR-20131216/lib/gcc/avr/4.8.1/../../../../avr/lib/avr6/libm.a(addsf3x.o)
 .text          0x00001032        0x0 /usr/local/CrossPack-AVR-20131216/lib/gcc/avr/4.8.1/../../../../avr/lib/avr6/libm.a(fp_mpack.o)
 .text          0x00001032        0x0 /usr/local/CrossPack-AVR-20131216/lib/gcc/avr/4.8.1/avr6/libgcc.a(_exit.o)
 .text          0x00001032        0x0 /usr/local/CrossPack-AVR-20131216/lib/gcc/avr/4.8.1/avr6/libgcc.a(_copy_data.o)
 .text          0x00001032        0x0 /usr/local/CrossPack-AVR-20131216/lib/gcc/avr/4.8.1/avr6/libgcc.a(_clear_bss.o)
 .text          0x00001032        0x0 /usr/local/CrossPack-AVR-20131216/lib/gcc/avr/4.8.1/avr6/libgcc.a(_umulhisi3.o)
 .text          0x00001032        0x0 /usr/local/CrossPack-AVR-20131216/lib/gcc/avr/4.8.1/../../../../avr/lib/avr6/libc.a(vsnprintf.o)
 .text          0x00001032        0x0 /usr/local/CrossPack-AVR-20131216/lib/gcc/avr/4.8.1/../../../../avr/lib/avr6/libc.a(vfprintf_std.o)
 .text          0x00001032        0x0 /usr/local/CrossPack-AVR-20131216/lib/gcc/avr/4.8.1/../../../../avr/lib/avr6/libc.a(strnlen_P.o)
 .text          0x00001032        0x0 /usr/local/CrossPack-AVR-20131216/lib/gcc/avr/4.8.1/../../../../avr/lib/avr6/libc.a(strnlen.o)
 .text          0x00001032        0x0 /usr/local/CrossPack-AVR-20131216/lib/gcc/avr/4.8.1/../../../../avr/lib/avr6/libc.a(fputc.o)
 .text          0x00001032        0x0 /usr/local/CrossPack-AVR-20131216/lib/gcc/avr/4.8.1/../../../../avr/lib/avr6/libc.a(ultoa_invert.o)
                0x00001032                . = ALIGN (0x2)
 *(.text.*)
 .text.startup  0x00001032       0x66 app.o
                0x00001032                main
 .text.avr-libc.fplib
                0x00001098        0x8 /usr/local/CrossPack-AVR-20131216/lib/gcc/avr/4.8.1/../../../../avr/lib/avr6/libm.a(cmpsf2.o)
                0x00001098                __lesf2
                0x00001098                __nesf2
                0x00001098                __eqsf2
                0x00001098                __cmpsf2
                0x00001098                __ltsf2
 .text.avr-libc.fplib
                0x000010a0        0x4 /usr/local/CrossPack-AVR-20131216/lib/gcc/avr/4.8.1/../../../../avr/lib/avr6/libm.a(divsf3.o)
                0x000010a0                __divsf3
 .text.avr-libc.fplib
                0x000010a4       0xcc /usr/local/CrossPack-AVR-20131216/lib/gcc/avr/4.8.1/../../../../avr/lib/avr6/libm.a(divsf3x.o)
                0x000010ba                __divsf3x
                0x000010be                __divsf3_pse
 .text.avr-libc.fplib
                0x00001170        0xa /usr/local/CrossPack-AVR-20131216/lib/gcc/avr/4.8.1/../../../../avr/lib/avr6/libm.a(fixsfsi.o)
                0x00001170                __fixsfsi
 .text.avr-libc.fplib
                0x0000117a       0x58 /usr/local/CrossPack-AVR-20131216/lib/gcc/avr/4.8.1/../../../../avr/lib/avr6/libm.a(fixunssfsi.o)
                0x0000117a                __fixunssfsi
 .text.avr-libc.fplib
                0x000011d2       0x7a /usr/local/CrossPack-AVR-20131216/lib/gcc/avr/4.8.1/../../../../avr/lib/avr6/libm.a(floatsisf.o)
                0x000011d2                __floatunsisf
                0x000011d6                __floatsisf
 .text.avr-libc.fplib
                0x0000124c       0x48 /usr/local/CrossPack-AVR-20131216/lib/gcc/avr/4.8.1/../../../../avr/lib/avr6/libm.a(fp_cmp.o)
                0x0000124c                __fp_cmp
 .text.avr-libc.fplib
                0x00001294        0xc /usr/local/CrossPack-AVR-20131216/lib/gcc/avr/4.8.1/../../../../avr/lib/avr6/libm.a(fp_inf.o)
                0x00001294                __fp_inf
 .text.avr-libc.fplib
                0x000012a0        0x6 /usr/local/CrossPack-AVR-20131216/lib/gcc/avr/4.8.1/../../../../avr/lib/avr6/libm.a(fp_nan.o)
                0x000012a0                __fp_nan
 .text.avr-libc.fplib
                0x000012a6        0xe /usr/local/CrossPack-AVR-20131216/lib/gcc/avr/4.8.1/../../../../avr/lib/avr6/libm.a(fp_pscA.o)
                0x000012a6                __fp_pscA
 .text.avr-libc.fplib
                0x000012b4        0xe /usr/local/CrossPack-AVR-20131216/lib/gcc/avr/4.8.1/../../../../avr/lib/avr6/libm.a(fp_pscB.o)
                0x000012b4                __fp_pscB
 .text.avr-libc.fplib
                0x000012c2       0x22 /usr/local/CrossPack-AVR-20131216/lib/gcc/avr/4.8.1/../../../../avr/lib/avr6/libm.a(fp_round.o)
                0x000012c2                __fp_round
 .text.avr-libc.fplib
                0x000012e4       0x44 /usr/local/CrossPack-AVR-20131216/lib/gcc/avr/4.8.1/../../../../avr/lib/avr6/libm.a(fp_split3.o)
                0x000012e4                __fp_split3
                0x000012f4                __fp_splitA
 .text.avr-libc.fplib
                0x00001328        0xe /usr/local/CrossPack-AVR-20131216/lib/gcc/avr/4.8.1/../../../../avr/lib/avr6/libm.a(fp_zero.o)
                0x00001328                __fp_zero
                0x0000132a                __fp_szero
 .text.avr-libc.fplib
                0x00001336        0x4 /usr/local/CrossPack-AVR-20131216/lib/gcc/avr/4.8.1/../../../../avr/lib/avr6/libm.a(mulsf3.o)
                0x00001336                __mulsf3
 .text.avr-libc.fplib
                0x0000133a       0xc2 /usr/local/CrossPack-AVR-20131216/lib/gcc/avr/4.8.1/../../../../avr/lib/avr6/libm.a(mulsf3x.o)
                0x0000134e                __mulsf3x
                0x00001352                __mulsf3_pse
 .text.avr-libc.fplib
                0x000013fc       0x98 /usr/local/CrossPack-AVR-20131216/lib/gcc/avr/4.8.1/../../../../avr/lib/avr6/libm.a(pow.o)
                0x000013fc                pow
 .text.avr-libc.fplib
                0x00001494       0x62 /usr/local/CrossPack-AVR-20131216/lib/gcc/avr/4.8.1/../../../../avr/lib/avr6/libm.a(exp.o)
                0x0000149e                exp
 .text.avr-libc.fplib
                0x000014f6       0x4a /usr/local/CrossPack-AVR-20131216/lib/gcc/avr/4.8.1/../../../../avr/lib/avr6/libm.a(fp_powser.o)
                0x000014f6                __fp_powser
 .text.avr-libc.fplib
                0x00001540        0xe /usr/local/CrossPack-AVR-20131216/lib/gcc/avr/4.8.1/../../../../avr/lib/avr6/libm.a(inverse.o)
                0x00001540                inverse
 .text.avr-libc.fplib
                0x0000154e       0x6c /usr/local/CrossPack-AVR-20131216/lib/gcc/avr/4.8.1/../../../../avr/lib/avr6/libm.a(ldexp.o)
                0x00001552                ldexp
 .text.avr-libc.fplib
                0x000015ba       0x8a /usr/local/CrossPack-AVR-20131216/lib/gcc/avr/4.8.1/../../../../avr/lib/avr6/libm.a(log.o)
                0x000015c4                log
 .text.avr-libc.fplib
                0x00001644       0x66 /usr/local/CrossPack-AVR-20131216/lib/gcc/avr/4.8.1/../../../../avr/lib/avr6/libm.a(modf.o)
                0x00001644                modff
                0x00001644                modf
 .text.avr-libc.fplib
                0x000016aa        0xa /usr/local/CrossPack-AVR-20131216/lib/gcc/avr/4.8.1/../../../../avr/lib/avr6/libm.a(addsf3.o)
                0x000016aa                __subsf3
                0x000016ac                __addsf3
 .text.avr-libc.fplib
                0x000016b4       0xc0 /usr/local/CrossPack-AVR-20131216/lib/gcc/avr/4.8.1/../../../../avr/lib/avr6/libm.a(addsf3x.o)
                0x000016ce                __addsf3x
 .text.avr-libc.fplib
                0x00001774       0x1c /usr/local/CrossPack-AVR-20131216/lib/gcc/avr/4.8.1/../../../../avr/lib/avr6/libm.a(fp_mpack.o)
                0x00001774                __fp_mpack
                0x00001778                __fp_mpack_finite
 .text.libgcc.mul
                0x00001790        0x0 /usr/local/CrossPack-AVR-20131216/lib/gcc/avr/4.8.1/avr6/libgcc.a(_exit.o)
 .text.libgcc.div
                0x00001790        0x0 /usr/local/CrossPack-AVR-20131216/lib/gcc/avr/4.8.1/avr6/libgcc.a(_exit.o)
 .text.libgcc   0x00001790        0x0 /usr/local/CrossPack-AVR-20131216/lib/gcc/avr/4.8.1/avr6/libgcc.a(_exit.o)
 .text.libgcc.prologue
                0x00001790        0x0 /usr/local/CrossPack-AVR-20131216/lib/gcc/avr/4.8.1/avr6/libgcc.a(_exit.o)
 .text.libgcc.builtins
                0x00001790        0x0 /usr/local/CrossPack-AVR-20131216/lib/gcc/avr/4.8.1/avr6/libgcc.a(_exit.o)
 .text.libgcc.fmul
                0x00001790        0x0 /usr/local/CrossPack-AVR-20131216/lib/gcc/avr/4.8.1/avr6/libgcc.a(_exit.o)
 .text.libgcc.fixed
                0x00001790        0x0 /usr/local/CrossPack-AVR-20131216/lib/gcc/avr/4.8.1/avr6/libgcc.a(_exit.o)
 .text.libgcc.mul
                0x00001790        0x0 /usr/local/CrossPack-AVR-20131216/lib/gcc/avr/4.8.1/avr6/libgcc.a(_copy_data.o)
 .text.libgcc.div
                0x00001790        0x0 /usr/local/CrossPack-AVR-20131216/lib/gcc/avr/4.8.1/avr6/libgcc.a(_copy_data.o)
 .text.libgcc   0x00001790        0x0 /usr/local/CrossPack-AVR-20131216/lib/gcc/avr/4.8.1/avr6/libgcc.a(_copy_data.o)
 .text.libgcc.prologue
                0x00001790        0x0 /usr/local/CrossPack-AVR-20131216/lib/gcc/avr/4.8.1/avr6/libgcc.a(_copy_data.o)
 .text.libgcc.builtins
                0x00001790        0x0 /usr/local/CrossPack-AVR-20131216/lib/gcc/avr/4.8.1/avr6/libgcc.a(_copy_data.o)
 .text.libgcc.fmul
                0x00001790        0x0 /usr/local/CrossPack-AVR-20131216/lib/gcc/avr/4.8.1/avr6/libgcc.a(_copy_data.o)
 .text.libgcc.fixed
                0x00001790        0x0 /usr/local/CrossPack-AVR-20131216/lib/gcc/avr/4.8.1/avr6/libgcc.a(_copy_data.o)
 .text.libgcc.mul
                0x00001790        0x0 /usr/local/CrossPack-AVR-20131216/lib/gcc/avr/4.8.1/avr6/libgcc.a(_clear_bss.o)
 .text.libgcc.div
                0x00001790        0x0 /usr/local/CrossPack-AVR-20131216/lib/gcc/avr/4.8.1/avr6/libgcc.a(_clear_bss.o)
 .text.libgcc   0x00001790        0x0 /usr/local/CrossPack-AVR-20131216/lib/gcc/avr/4.8.1/avr6/libgcc.a(_clear_bss.o)
 .text.libgcc.prologue
                0x00001790        0x0 /usr/local/CrossPack-AVR-20131216/lib/gcc/avr/4.8.1/avr6/libgcc.a(_clear_bss.o)
 .text.libgcc.builtins
                0x00001790        0x0 /usr/local/CrossPack-AVR-20131216/lib/gcc/avr/4.8.1/avr6/libgcc.a(_clear_bss.o)
 .text.libgcc.fmul
                0x00001790        0x0 /usr/local/CrossPack-AVR-20131216/lib/gcc/avr/4.8.1/avr6/libgcc.a(_clear_bss.o)
 .text.libgcc.fixed
                0x00001790        0x0 /usr/local/CrossPack-AVR-20131216/lib/gcc/avr/4.8.1/avr6/libgcc.a(_clear_bss.o)
 .text.libgcc.mul
                0x00001790       0x1e /usr/local/CrossPack-AVR-20131216/lib/gcc/avr/4.8.1/avr6/libgcc.a(_umulhisi3.o)
                0x00001790                __umulhisi3
 .text.libgcc.div
                0x000017ae        0x0 /usr/local/CrossPack-AVR-20131216/lib/gcc/avr/4.8.1/avr6/libgcc.a(_umulhisi3.o)
 .text.libgcc   0x000017ae        0x0 /usr/local/CrossPack-AVR-20131216/lib/gcc/avr/4.8.1/avr6/libgcc.a(_umulhisi3.o)
 .text.libgcc.prologue
                0x000017ae        0x0 /usr/local/CrossPack-AVR-20131216/lib/gcc/avr/4.8.1/avr6/libgcc.a(_umulhisi3.o)
 .text.libgcc.builtins
                0x000017ae        0x0 /usr/local/CrossPack-AVR-20131216/lib/gcc/avr/4.8.1/avr6/libgcc.a(_umulhisi3.o)
 .text.libgcc.fmul
                0x000017ae        0x0 /usr/local/CrossPack-AVR-20131216/lib/gcc/avr/4.8.1/avr6/libgcc.a(_umulhisi3.o)
 .text.libgcc.fixed
                0x000017ae        0x0 /usr/local/CrossPack-AVR-20131216/lib/gcc/avr/4.8.1/avr6/libgcc.a(_umulhisi3.o)
 .text.avr-libc
                0x000017ae       0x72 /usr/local/CrossPack-AVR-20131216/lib/gcc/avr/4.8.1/../../../../avr/lib/avr6/libc.a(vsnprintf.o)
                0x000017ae                vsnprintf
 .text.avr-libc
                0x00001820      0x3f6 /usr/local/CrossPack-AVR-20131216/lib/gcc/avr/4.8.1/../../../../avr/lib/avr6/libc.a(vfprintf_std.o)
                0x00001820                vfprintf
 .text.avr-libc
                0x00001c16       0x16 /usr/local/CrossPack-AVR-20131216/lib/gcc/avr/4.8.1/../../../../avr/lib/avr6/libc.a(strnlen_P.o)
                0x00001c16                strnlen_P
 .text.avr-libc
                0x00001c2c       0x16 /usr/local/CrossPack-AVR-20131216/lib/gcc/avr/4.8.1/../../../../avr/lib/avr6/libc.a(strnlen.o)
                0x00001c2c                strnlen
 .text.avr-libc
                0x00001c42       0x64 /usr/local/CrossPack-AVR-20131216/lib/gcc/avr/4.8.1/../../../../avr/lib/avr6/libc.a(fputc.o)
                0x00001c42                fputc
 .text.avr-libc
                0x00001ca6       0xbc /usr/local/CrossPack-AVR-20131216/lib/gcc/avr/4.8.1/../../../../avr/lib/avr6/libc.a(ultoa_invert.o)
                0x00001ca6                __ultoa_invert
                0x00001d62                . = ALIGN (0x2)
 *(.fini9)
 .fini9         0x00001d62        0x0 /usr/local/CrossPack-AVR-20131216/lib/gcc/avr/4.8.1/avr6/libgcc.a(_exit.o)
                0x00001d62                exit
                0x00001d62                _exit
 *(.fini9)
 *(.fini8)
 *(.fini8)
 *(.fini7)
 *(.fini7)
 *(.fini6)
 *(.fini6)
 *(.fini5)
 *(.fini5)
 *(.fini4)
 *(.fini4)
 *(.fini3)
 *(.fini3)
 *(.fini2)
 *(.fini2)
 *(.fini1)
 *(.fini1)
 *(.fini0)
 .fini0         0x00001d62        0x4 /usr/local/CrossPack-AVR-20131216/lib/gcc/avr/4.8.1/avr6/libgcc.a(_exit.o)
 *(.fini0)
                0x00001d66                _etext = .

.data           0x00800200       0x22 load address 0x00001d66
                0x00800200                PROVIDE (__data_start, .)
 *(.data)
 .data          0x00800200        0x0 /usr/local/CrossPack-AVR-20131216/lib/gcc/avr/4.8.1/../../../../avr/lib/avr6/crtm2560.o
 .data          0x00800200        0x0 sense_pizza.o
 .data          0x00800200        0x0 app.o
 .data          0x00800200        0x0 ../color_sensor/color_sensor.o
 .data          0x00800200        0x0 ../sharp_sensor/sharp_sensor.o
 .data          0x00800200        0x0 ../lcd/lcd.o
 .data          0x00800200        0x0 /usr/local/CrossPack-AVR-20131216/lib/gcc/avr/4.8.1/../../../../avr/lib/avr6/libm.a(cmpsf2.o)
 .data          0x00800200        0x0 /usr/local/CrossPack-AVR-20131216/lib/gcc/avr/4.8.1/../../../../avr/lib/avr6/libm.a(divsf3.o)
 .data          0x00800200        0x0 /usr/local/CrossPack-AVR-20131216/lib/gcc/avr/4.8.1/../../../../avr/lib/avr6/libm.a(divsf3x.o)
 .data          0x00800200        0x0 /usr/local/CrossPack-AVR-20131216/lib/gcc/avr/4.8.1/../../../../avr/lib/avr6/libm.a(fixsfsi.o)
 .data          0x00800200        0x0 /usr/local/CrossPack-AVR-20131216/lib/gcc/avr/4.8.1/../../../../avr/lib/avr6/libm.a(fixunssfsi.o)
 .data          0x00800200        0x0 /usr/local/CrossPack-AVR-20131216/lib/gcc/avr/4.8.1/../../../../avr/lib/avr6/libm.a(floatsisf.o)
 .data          0x00800200        0x0 /usr/local/CrossPack-AVR-20131216/lib/gcc/avr/4.8.1/../../../../avr/lib/avr6/libm.a(fp_cmp.o)
 .data          0x00800200        0x0 /usr/local/CrossPack-AVR-20131216/lib/gcc/avr/4.8.1/../../../../avr/lib/avr6/libm.a(fp_inf.o)
 .data          0x00800200        0x0 /usr/local/CrossPack-AVR-20131216/lib/gcc/avr/4.8.1/../../../../avr/lib/avr6/libm.a(fp_nan.o)
 .data          0x00800200        0x0 /usr/local/CrossPack-AVR-20131216/lib/gcc/avr/4.8.1/../../../../avr/lib/avr6/libm.a(fp_pscA.o)
 .data          0x00800200        0x0 /usr/local/CrossPack-AVR-20131216/lib/gcc/avr/4.8.1/../../../../avr/lib/avr6/libm.a(fp_pscB.o)
 .data          0x00800200        0x0 /usr/local/CrossPack-AVR-20131216/lib/gcc/avr/4.8.1/../../../../avr/lib/avr6/libm.a(fp_round.o)
 .data          0x00800200        0x0 /usr/local/CrossPack-AVR-20131216/lib/gcc/avr/4.8.1/../../../../avr/lib/avr6/libm.a(fp_split3.o)
 .data          0x00800200        0x0 /usr/local/CrossPack-AVR-20131216/lib/gcc/avr/4.8.1/../../../../avr/lib/avr6/libm.a(fp_zero.o)
 .data          0x00800200        0x0 /usr/local/CrossPack-AVR-20131216/lib/gcc/avr/4.8.1/../../../../avr/lib/avr6/libm.a(mulsf3.o)
 .data          0x00800200        0x0 /usr/local/CrossPack-AVR-20131216/lib/gcc/avr/4.8.1/../../../../avr/lib/avr6/libm.a(mulsf3x.o)
 .data          0x00800200        0x0 /usr/local/CrossPack-AVR-20131216/lib/gcc/avr/4.8.1/../../../../avr/lib/avr6/libm.a(pow.o)
 .data          0x00800200        0x0 /usr/local/CrossPack-AVR-20131216/lib/gcc/avr/4.8.1/../../../../avr/lib/avr6/libm.a(exp.o)
 .data          0x00800200        0x0 /usr/local/CrossPack-AVR-20131216/lib/gcc/avr/4.8.1/../../../../avr/lib/avr6/libm.a(fp_powser.o)
 .data          0x00800200        0x0 /usr/local/CrossPack-AVR-20131216/lib/gcc/avr/4.8.1/../../../../avr/lib/avr6/libm.a(inverse.o)
 .data          0x00800200        0x0 /usr/local/CrossPack-AVR-20131216/lib/gcc/avr/4.8.1/../../../../avr/lib/avr6/libm.a(ldexp.o)
 .data          0x00800200        0x0 /usr/local/CrossPack-AVR-20131216/lib/gcc/avr/4.8.1/../../../../avr/lib/avr6/libm.a(log.o)
 .data          0x00800200        0x0 /usr/local/CrossPack-AVR-20131216/lib/gcc/avr/4.8.1/../../../../avr/lib/avr6/libm.a(modf.o)
 .data          0x00800200        0x0 /usr/local/CrossPack-AVR-20131216/lib/gcc/avr/4.8.1/../../../../avr/lib/avr6/libm.a(addsf3.o)
 .data          0x00800200        0x0 /usr/local/CrossPack-AVR-20131216/lib/gcc/avr/4.8.1/../../../../avr/lib/avr6/libm.a(addsf3x.o)
 .data          0x00800200        0x0 /usr/local/CrossPack-AVR-20131216/lib/gcc/avr/4.8.1/../../../../avr/lib/avr6/libm.a(fp_mpack.o)
 .data          0x00800200        0x0 /usr/local/CrossPack-AVR-20131216/lib/gcc/avr/4.8.1/avr6/libgcc.a(_exit.o)
 .data          0x00800200        0x0 /usr/local/CrossPack-AVR-20131216/lib/gcc/avr/4.8.1/avr6/libgcc.a(_copy_data.o)
 .data          0x00800200        0x0 /usr/local/CrossPack-AVR-20131216/lib/gcc/avr/4.8.1/avr6/libgcc.a(_clear_bss.o)
 .data          0x00800200        0x0 /usr/local/CrossPack-AVR-20131216/lib/gcc/avr/4.8.1/avr6/libgcc.a(_umulhisi3.o)
 .data          0x00800200        0x0 /usr/local/CrossPack-AVR-20131216/lib/gcc/avr/4.8.1/../../../../avr/lib/avr6/libc.a(vsnprintf.o)
 .data          0x00800200        0x0 /usr/local/CrossPack-AVR-20131216/lib/gcc/avr/4.8.1/../../../../avr/lib/avr6/libc.a(vfprintf_std.o)
 .data          0x00800200        0x0 /usr/local/CrossPack-AVR-20131216/lib/gcc/avr/4.8.1/../../../../avr/lib/avr6/libc.a(strnlen_P.o)
 .data          0x00800200        0x0 /usr/local/CrossPack-AVR-20131216/lib/gcc/avr/4.8.1/../../../../avr/lib/avr6/libc.a(strnlen.o)
 .data          0x00800200        0x0 /usr/local/CrossPack-AVR-20131216/lib/gcc/avr/4.8.1/../../../../avr/lib/avr6/libc.a(fputc.o)
 .data          0x00800200        0x0 /usr/local/CrossPack-AVR-20131216/lib/gcc/avr/4.8.1/../../../../avr/lib/avr6/libc.a(ultoa_invert.o)
 *(.data*)
 *(.rodata)
 .rodata        0x00800200        0x2 ../color_sensor/color_sensor.o
                0x00800200                color_data_time
 *(.rodata*)
 .rodata.str1.1
                0x00800202       0x1f app.o
 *(.gnu.linkonce.d*)
                0x00800222                . = ALIGN (0x2)
 *fill*         0x00800221        0x1 
                0x00800222                _edata = .
                0x00800222                PROVIDE (__data_end, .)

.bss            0x00800222       0x10
                0x00800222                PROVIDE (__bss_start, .)
 *(.bss)
 .bss           0x00800222        0x0 /usr/local/CrossPack-AVR-20131216/lib/gcc/avr/4.8.1/../../../../avr/lib/avr6/crtm2560.o
 .bss           0x00800222        0x0 sense_pizza.o
 .bss           0x00800222        0x0 app.o
 .bss           0x00800222        0x4 ../color_sensor/color_sensor.o
                0x00800222                color_pulse
 .bss           0x00800226        0x0 ../sharp_sensor/sharp_sensor.o
 .bss           0x00800226        0x0 ../lcd/lcd.o
 .bss           0x00800226        0x0 /usr/local/CrossPack-AVR-20131216/lib/gcc/avr/4.8.1/../../../../avr/lib/avr6/libm.a(cmpsf2.o)
 .bss           0x00800226        0x0 /usr/local/CrossPack-AVR-20131216/lib/gcc/avr/4.8.1/../../../../avr/lib/avr6/libm.a(divsf3.o)
 .bss           0x00800226        0x0 /usr/local/CrossPack-AVR-20131216/lib/gcc/avr/4.8.1/../../../../avr/lib/avr6/libm.a(divsf3x.o)
 .bss           0x00800226        0x0 /usr/local/CrossPack-AVR-20131216/lib/gcc/avr/4.8.1/../../../../avr/lib/avr6/libm.a(fixsfsi.o)
 .bss           0x00800226        0x0 /usr/local/CrossPack-AVR-20131216/lib/gcc/avr/4.8.1/../../../../avr/lib/avr6/libm.a(fixunssfsi.o)
 .bss           0x00800226        0x0 /usr/local/CrossPack-AVR-20131216/lib/gcc/avr/4.8.1/../../../../avr/lib/avr6/libm.a(floatsisf.o)
 .bss           0x00800226        0x0 /usr/local/CrossPack-AVR-20131216/lib/gcc/avr/4.8.1/../../../../avr/lib/avr6/libm.a(fp_cmp.o)
 .bss           0x00800226        0x0 /usr/local/CrossPack-AVR-20131216/lib/gcc/avr/4.8.1/../../../../avr/lib/avr6/libm.a(fp_inf.o)
 .bss           0x00800226        0x0 /usr/local/CrossPack-AVR-20131216/lib/gcc/avr/4.8.1/../../../../avr/lib/avr6/libm.a(fp_nan.o)
 .bss           0x00800226        0x0 /usr/local/CrossPack-AVR-20131216/lib/gcc/avr/4.8.1/../../../../avr/lib/avr6/libm.a(fp_pscA.o)
 .bss           0x00800226        0x0 /usr/local/CrossPack-AVR-20131216/lib/gcc/avr/4.8.1/../../../../avr/lib/avr6/libm.a(fp_pscB.o)
 .bss           0x00800226        0x0 /usr/local/CrossPack-AVR-20131216/lib/gcc/avr/4.8.1/../../../../avr/lib/avr6/libm.a(fp_round.o)
 .bss           0x00800226        0x0 /usr/local/CrossPack-AVR-20131216/lib/gcc/avr/4.8.1/../../../../avr/lib/avr6/libm.a(fp_split3.o)
 .bss           0x00800226        0x0 /usr/local/CrossPack-AVR-20131216/lib/gcc/avr/4.8.1/../../../../avr/lib/avr6/libm.a(fp_zero.o)
 .bss           0x00800226        0x0 /usr/local/CrossPack-AVR-20131216/lib/gcc/avr/4.8.1/../../../../avr/lib/avr6/libm.a(mulsf3.o)
 .bss           0x00800226        0x0 /usr/local/CrossPack-AVR-20131216/lib/gcc/avr/4.8.1/../../../../avr/lib/avr6/libm.a(mulsf3x.o)
 .bss           0x00800226        0x0 /usr/local/CrossPack-AVR-20131216/lib/gcc/avr/4.8.1/../../../../avr/lib/avr6/libm.a(pow.o)
 .bss           0x00800226        0x0 /usr/local/CrossPack-AVR-20131216/lib/gcc/avr/4.8.1/../../../../avr/lib/avr6/libm.a(exp.o)
 .bss           0x00800226        0x0 /usr/local/CrossPack-AVR-20131216/lib/gcc/avr/4.8.1/../../../../avr/lib/avr6/libm.a(fp_powser.o)
 .bss           0x00800226        0x0 /usr/local/CrossPack-AVR-20131216/lib/gcc/avr/4.8.1/../../../../avr/lib/avr6/libm.a(inverse.o)
 .bss           0x00800226        0x0 /usr/local/CrossPack-AVR-20131216/lib/gcc/avr/4.8.1/../../../../avr/lib/avr6/libm.a(ldexp.o)
 .bss           0x00800226        0x0 /usr/local/CrossPack-AVR-20131216/lib/gcc/avr/4.8.1/../../../../avr/lib/avr6/libm.a(log.o)
 .bss           0x00800226        0x0 /usr/local/CrossPack-AVR-20131216/lib/gcc/avr/4.8.1/../../../../avr/lib/avr6/libm.a(modf.o)
 .bss           0x00800226        0x0 /usr/local/CrossPack-AVR-20131216/lib/gcc/avr/4.8.1/../../../../avr/lib/avr6/libm.a(addsf3.o)
 .bss           0x00800226        0x0 /usr/local/CrossPack-AVR-20131216/lib/gcc/avr/4.8.1/../../../../avr/lib/avr6/libm.a(addsf3x.o)
 .bss           0x00800226        0x0 /usr/local/CrossPack-AVR-20131216/lib/gcc/avr/4.8.1/../../../../avr/lib/avr6/libm.a(fp_mpack.o)
 .bss           0x00800226        0x0 /usr/local/CrossPack-AVR-20131216/lib/gcc/avr/4.8.1/avr6/libgcc.a(_exit.o)
 .bss           0x00800226        0x0 /usr/local/CrossPack-AVR-20131216/lib/gcc/avr/4.8.1/avr6/libgcc.a(_copy_data.o)
 .bss           0x00800226        0x0 /usr/local/CrossPack-AVR-20131216/lib/gcc/avr/4.8.1/avr6/libgcc.a(_clear_bss.o)
 .bss           0x00800226        0x0 /usr/local/CrossPack-AVR-20131216/lib/gcc/avr/4.8.1/avr6/libgcc.a(_umulhisi3.o)
 .bss           0x00800226        0x0 /usr/local/CrossPack-AVR-20131216/lib/gcc/avr/4.8.1/../../../../avr/lib/avr6/libc.a(vsnprintf.o)
 .bss           0x00800226        0x0 /usr/local/CrossPack-AVR-20131216/lib/gcc/avr/4.8.1/../../../../avr/lib/avr6/libc.a(vfprintf_std.o)
 .bss           0x00800226        0x0 /usr/local/CrossPack-AVR-20131216/lib/gcc/avr/4.8.1/../../../../avr/lib/avr6/libc.a(strnlen_P.o)
 .bss           0x00800226        0x0 /usr/local/CrossPack-AVR-20131216/lib/gcc/avr/4.8.1/../../../../avr/lib/avr6/libc.a(strnlen.o)
 .bss           0x00800226        0x0 /usr/local/CrossPack-AVR-20131216/lib/gcc/avr/4.8.1/../../../../avr/lib/avr6/libc.a(fputc.o)
 .bss           0x00800226        0x0 /usr/local/CrossPack-AVR-20131216/lib/gcc/avr/4.8.1/../../../../avr/lib/avr6/libc.a(ultoa_invert.o)
 *(.bss*)
 *(COMMON)
 COMMON         0x00800226        0xc ../lcd/lcd.o
                0x00800226                million
                0x00800228                temp
                0x0080022a                tens
                0x0080022c                hundred
                0x0080022e                unit
                0x00800230                thousand
                0x00800232                PROVIDE (__bss_end, .)
                0x00001d66                __data_load_start = LOADADDR (.data)
                0x00001d88                __data_load_end = (__data_load_start + SIZEOF (.data))

.noinit         0x00800232        0x0
                0x00800232                PROVIDE (__noinit_start, .)
 *(.noinit*)
                0x00800232                PROVIDE (__noinit_end, .)
                0x00800232                _end = .
                0x00800232                PROVIDE (__heap_start, .)

.eeprom         0x00810000        0x0
 *(.eeprom*)
                0x00810000                __eeprom_end = .

.fuse
 *(.fuse)
 *(.lfuse)
 *(.hfuse)
 *(.efuse)

.lock
 *(.lock*)

.signature
 *(.signature*)

.user_signatures
 *(.user_signatures*)

.stab
 *(.stab)

.stabstr
 *(.stabstr)

.stab.excl
 *(.stab.excl)

.stab.exclstr
 *(.stab.exclstr)

.stab.index
 *(.stab.index)

.stab.indexstr
 *(.stab.indexstr)

.comment        0x00000000       0x11
 *(.comment)
 .comment       0x00000000       0x11 sense_pizza.o
                                 0x12 (size before relaxing)
 .comment       0x00000000       0x12 app.o
 .comment       0x00000000       0x12 ../color_sensor/color_sensor.o
 .comment       0x00000000       0x12 ../sharp_sensor/sharp_sensor.o
 .comment       0x00000000       0x12 ../lcd/lcd.o
 .comment       0x00000000       0x12 /usr/local/CrossPack-AVR-20131216/lib/gcc/avr/4.8.1/../../../../avr/lib/avr6/libc.a(vsnprintf.o)
 .comment       0x00000000       0x12 /usr/local/CrossPack-AVR-20131216/lib/gcc/avr/4.8.1/../../../../avr/lib/avr6/libc.a(vfprintf_std.o)
 .comment       0x00000000       0x12 /usr/local/CrossPack-AVR-20131216/lib/gcc/avr/4.8.1/../../../../avr/lib/avr6/libc.a(fputc.o)

.debug
 *(.debug)

.line
 *(.line)

.debug_srcinfo
 *(.debug_srcinfo)

.debug_sfnames
 *(.debug_sfnames)

.debug_aranges  0x00000000      0x120
 *(.debug_aranges)
 .debug_aranges
                0x00000000       0x20 sense_pizza.o
 .debug_aranges
                0x00000020       0x20 app.o
 .debug_aranges
                0x00000040       0x20 ../color_sensor/color_sensor.o
 .debug_aranges
                0x00000060       0x20 ../sharp_sensor/sharp_sensor.o
 .debug_aranges
                0x00000080       0x20 ../lcd/lcd.o
 .debug_aranges
                0x000000a0       0x20 /usr/local/CrossPack-AVR-20131216/lib/gcc/avr/4.8.1/avr6/libgcc.a(_exit.o)
 .debug_aranges
                0x000000c0       0x20 /usr/local/CrossPack-AVR-20131216/lib/gcc/avr/4.8.1/avr6/libgcc.a(_copy_data.o)
 .debug_aranges
                0x000000e0       0x20 /usr/local/CrossPack-AVR-20131216/lib/gcc/avr/4.8.1/avr6/libgcc.a(_clear_bss.o)
 .debug_aranges
                0x00000100       0x20 /usr/local/CrossPack-AVR-20131216/lib/gcc/avr/4.8.1/avr6/libgcc.a(_umulhisi3.o)

.debug_pubnames
 *(.debug_pubnames)

.debug_info     0x00000000     0x1fff
 *(.debug_info)
 .debug_info    0x00000000       0xa5 sense_pizza.o
 .debug_info    0x000000a5      0x128 app.o
 .debug_info    0x000001cd      0x2fc ../color_sensor/color_sensor.o
 .debug_info    0x000004c9      0x487 ../sharp_sensor/sharp_sensor.o
 .debug_info    0x00000950     0x13b7 ../lcd/lcd.o
 .debug_info    0x00001d07       0xbe /usr/local/CrossPack-AVR-20131216/lib/gcc/avr/4.8.1/avr6/libgcc.a(_exit.o)
 .debug_info    0x00001dc5       0xbe /usr/local/CrossPack-AVR-20131216/lib/gcc/avr/4.8.1/avr6/libgcc.a(_copy_data.o)
 .debug_info    0x00001e83       0xbe /usr/local/CrossPack-AVR-20131216/lib/gcc/avr/4.8.1/avr6/libgcc.a(_clear_bss.o)
 .debug_info    0x00001f41       0xbe /usr/local/CrossPack-AVR-20131216/lib/gcc/avr/4.8.1/avr6/libgcc.a(_umulhisi3.o)
 *(.gnu.linkonce.wi.*)

.debug_abbrev   0x00000000      0x790
 *(.debug_abbrev)
 .debug_abbrev  0x00000000       0x80 sense_pizza.o
 .debug_abbrev  0x00000080       0xdc app.o
 .debug_abbrev  0x0000015c      0x185 ../color_sensor/color_sensor.o
 .debug_abbrev  0x000002e1      0x1c4 ../sharp_sensor/sharp_sensor.o
 .debug_abbrev  0x000004a5      0x29b ../lcd/lcd.o
 .debug_abbrev  0x00000740       0x14 /usr/local/CrossPack-AVR-20131216/lib/gcc/avr/4.8.1/avr6/libgcc.a(_exit.o)
 .debug_abbrev  0x00000754       0x14 /usr/local/CrossPack-AVR-20131216/lib/gcc/avr/4.8.1/avr6/libgcc.a(_copy_data.o)
 .debug_abbrev  0x00000768       0x14 /usr/local/CrossPack-AVR-20131216/lib/gcc/avr/4.8.1/avr6/libgcc.a(_clear_bss.o)
 .debug_abbrev  0x0000077c       0x14 /usr/local/CrossPack-AVR-20131216/lib/gcc/avr/4.8.1/avr6/libgcc.a(_umulhisi3.o)

.debug_line     0x00000000      0x9c0
 *(.debug_line)
 .debug_line    0x00000000       0x80 sense_pizza.o
 .debug_line    0x00000080       0xd1 app.o
 .debug_line    0x00000151      0x132 ../color_sensor/color_sensor.o
 .debug_line    0x00000283      0x143 ../sharp_sensor/sharp_sensor.o
 .debug_line    0x000003c6      0x47c ../lcd/lcd.o
 .debug_line    0x00000842       0x58 /usr/local/CrossPack-AVR-20131216/lib/gcc/avr/4.8.1/avr6/libgcc.a(_exit.o)
 .debug_line    0x0000089a       0x63 /usr/local/CrossPack-AVR-20131216/lib/gcc/avr/4.8.1/avr6/libgcc.a(_copy_data.o)
 .debug_line    0x000008fd       0x5e /usr/local/CrossPack-AVR-20131216/lib/gcc/avr/4.8.1/avr6/libgcc.a(_clear_bss.o)
 .debug_line    0x0000095b       0x65 /usr/local/CrossPack-AVR-20131216/lib/gcc/avr/4.8.1/avr6/libgcc.a(_umulhisi3.o)

.debug_frame    0x00000000      0x35c
 *(.debug_frame)
 .debug_frame   0x00000000       0x24 sense_pizza.o
 .debug_frame   0x00000024       0x40 app.o
 .debug_frame   0x00000064      0x110 ../color_sensor/color_sensor.o
 .debug_frame   0x00000174       0xf8 ../sharp_sensor/sharp_sensor.o
 .debug_frame   0x0000026c       0xf0 ../lcd/lcd.o

.debug_str      0x00000000      0x4fc
 *(.debug_str)
 .debug_str     0x00000000       0xc1 sense_pizza.o
                                 0xf5 (size before relaxing)
 .debug_str     0x000000c1       0x6d app.o
                                0x137 (size before relaxing)
 .debug_str     0x0000012e      0x103 ../color_sensor/color_sensor.o
                                0x21e (size before relaxing)
 .debug_str     0x00000231      0x1ab ../sharp_sensor/sharp_sensor.o
                                0x241 (size before relaxing)
 .debug_str     0x000003dc      0x120 ../lcd/lcd.o
                                0x241 (size before relaxing)

.debug_loc      0x00000000     0x1ac5
 *(.debug_loc)
 .debug_loc     0x00000000       0x8a app.o
 .debug_loc     0x0000008a      0x291 ../color_sensor/color_sensor.o
 .debug_loc     0x0000031b      0x6a4 ../sharp_sensor/sharp_sensor.o
 .debug_loc     0x000009bf     0x1106 ../lcd/lcd.o

.debug_macinfo
 *(.debug_macinfo)

.debug_pubtypes
 *(.debug_pubtypes)

.debug_ranges   0x00000000       0x80
 *(.debug_ranges)
 .debug_ranges  0x00000000       0x10 app.o
 .debug_ranges  0x00000010       0x40 ../sharp_sensor/sharp_sensor.o
 .debug_ranges  0x00000050       0x30 ../lcd/lcd.o

.debug_macro
 *(.debug_macro)
OUTPUT(app.out elf32-avr)
LOAD linker stubs
